+ lead-manager-worker-prosody-5d8fbffd47-4j89x › lead-manager
+ lead-manager-worker-prosody-5d8fbffd47-8gjtk › lead-manager
+ lead-manager-worker-prosody-5d8fbffd47-8tpdd › lead-manager
+ lead-manager-worker-prosody-5d8fbffd47-fphkx › lead-manager
+ lead-manager-worker-prosody-5d8fbffd47-hczbx › lead-manager
+ lead-manager-worker-prosody-5d8fbffd47-h95fk › lead-manager
+ lead-manager-worker-prosody-5d8fbffd47-m49ft › lead-manager
+ lead-manager-worker-prosody-5d8fbffd47-tlqzd › lead-manager
lead-manager-worker-prosody-5d8fbffd47-4j89x lead-manager /usr/local/bundle/gems/httparty-0.21.0/lib/httparty.rb:10: warning: csv was loaded from the standard library, but will no longer be part of the default gems starting from Ruby 3.4.0.
lead-manager-worker-prosody-5d8fbffd47-4j89x lead-manager You can add csv to your Gemfile or gemspec to silence this warning.
lead-manager-worker-prosody-5d8fbffd47-4j89x lead-manager /usr/local/bundle/gems/highline-1.6.21/lib/highline.rb:13: warning: abbrev was loaded from the standard library, but will no longer be part of the default gems starting from Ruby 3.4.0.
lead-manager-worker-prosody-5d8fbffd47-4j89x lead-manager You can add abbrev to your Gemfile or gemspec to silence this warning.
lead-manager-worker-prosody-5d8fbffd47-4j89x lead-manager mysql2://lead_manager:skdisWSJD273SJFHSKssuens@am30-lead-manager-db0.rg-infra.com:3306/lead_management_BRANCH_production
lead-manager-worker-prosody-5d8fbffd47-4j89x lead-manager mysql2://lead_manager:skdisWSJD273SJFHSKssuens@am30-lead-manager-db0.rg-infra.com:3306/lead_management_BRANCH_production
lead-manager-worker-prosody-5d8fbffd47-4j89x lead-manager Starting Prosody Worker...
lead-manager-worker-prosody-5d8fbffd47-4j89x lead-manager D, [2025-09-23T18:47:53.737859 #1] DEBUG -- : Starting async task processor
lead-manager-worker-prosody-5d8fbffd47-4j89x lead-manager I, [2025-09-23T18:47:54.040125 #1]  INFO -- : starting probe server on 0.0.0.0:8000 module=prosody::consumer::probes line=116
lead-manager-worker-prosody-5d8fbffd47-4j89x lead-manager I, [2025-09-23T18:48:00.282835 #1]  INFO -- : assigning realgeeks.lead-manager.agent-events:7 module=prosody::consumer::kafka_context line=154
lead-manager-worker-prosody-5d8fbffd47-4j89x lead-manager I, [2025-09-23T18:48:00.283091 #1]  INFO -- : assigning realgeeks.lead-manager.agent-events:5 module=prosody::consumer::kafka_context line=154
lead-manager-worker-prosody-5d8fbffd47-4j89x lead-manager I, [2025-09-23T18:48:00.283149 #1]  INFO -- : assigning realgeeks.lead-manager.agent-events:3 module=prosody::consumer::kafka_context line=154
lead-manager-worker-prosody-5d8fbffd47-4j89x lead-manager I, [2025-09-23T18:48:00.283192 #1]  INFO -- : assigning realgeeks.lead-manager.agent-events:1 module=prosody::consumer::kafka_context line=154
lead-manager-worker-prosody-5d8fbffd47-4j89x lead-manager I, [2025-09-23T18:48:00.283827 #1]  INFO -- : assigning witco.lead-events:1 module=prosody::consumer::kafka_context line=154
lead-manager-worker-prosody-5d8fbffd47-4j89x lead-manager I, [2025-09-23T18:48:00.283896 #1]  INFO -- : assigning realgeeks.lead-manager.crm-events:2 module=prosody::consumer::kafka_context line=154
lead-manager-worker-prosody-5d8fbffd47-h95fk lead-manager /usr/local/bundle/gems/httparty-0.21.0/lib/httparty.rb:10: warning: csv was loaded from the standard library, but will no longer be part of the default gems starting from Ruby 3.4.0.
lead-manager-worker-prosody-5d8fbffd47-h95fk lead-manager You can add csv to your Gemfile or gemspec to silence this warning.
lead-manager-worker-prosody-5d8fbffd47-h95fk lead-manager /usr/local/bundle/gems/highline-1.6.21/lib/highline.rb:13: warning: abbrev was loaded from the standard library, but will no longer be part of the default gems starting from Ruby 3.4.0.
lead-manager-worker-prosody-5d8fbffd47-fphkx lead-manager /usr/local/bundle/gems/httparty-0.21.0/lib/httparty.rb:10: warning: csv was loaded from the standard library, but will no longer be part of the default gems starting from Ruby 3.4.0.
lead-manager-worker-prosody-5d8fbffd47-fphkx lead-manager You can add csv to your Gemfile or gemspec to silence this warning.
lead-manager-worker-prosody-5d8fbffd47-fphkx lead-manager /usr/local/bundle/gems/highline-1.6.21/lib/highline.rb:13: warning: abbrev was loaded from the standard library, but will no longer be part of the default gems starting from Ruby 3.4.0.
lead-manager-worker-prosody-5d8fbffd47-fphkx lead-manager You can add abbrev to your Gemfile or gemspec to silence this warning.
lead-manager-worker-prosody-5d8fbffd47-fphkx lead-manager mysql2://lead_manager:skdisWSJD273SJFHSKssuens@am30-lead-manager-db0.rg-infra.com:3306/lead_management_BRANCH_production
lead-manager-worker-prosody-5d8fbffd47-fphkx lead-manager mysql2://lead_manager:skdisWSJD273SJFHSKssuens@am30-lead-manager-db0.rg-infra.com:3306/lead_management_BRANCH_production
lead-manager-worker-prosody-5d8fbffd47-h95fk lead-manager You can add abbrev to your Gemfile or gemspec to silence this warning.
lead-manager-worker-prosody-5d8fbffd47-h95fk lead-manager mysql2://lead_manager:skdisWSJD273SJFHSKssuens@am30-lead-manager-db0.rg-infra.com:3306/lead_management_BRANCH_production
lead-manager-worker-prosody-5d8fbffd47-fphkx lead-manager Starting Prosody Worker...
lead-manager-worker-prosody-5d8fbffd47-fphkx lead-manager D, [2025-09-23T18:47:45.371701 #1] DEBUG -- : Starting async task processor
lead-manager-worker-prosody-5d8fbffd47-fphkx lead-manager I, [2025-09-23T18:47:45.732014 #1]  INFO -- : starting probe server on 0.0.0.0:8000 module=prosody::consumer::probes line=116
lead-manager-worker-prosody-5d8fbffd47-fphkx lead-manager I, [2025-09-23T18:47:51.236677 #1]  INFO -- : assigning witco.agent-events:6 module=prosody::consumer::kafka_context line=154
lead-manager-worker-prosody-5d8fbffd47-fphkx lead-manager I, [2025-09-23T18:47:51.236944 #1]  INFO -- : assigning witco.agent-events:1 module=prosody::consumer::kafka_context line=154
lead-manager-worker-prosody-5d8fbffd47-fphkx lead-manager I, [2025-09-23T18:47:51.237015 #1]  INFO -- : assigning realgeeks.lead-manager.agent-events:4 module=prosody::consumer::kafka_context line=154
lead-manager-worker-prosody-5d8fbffd47-fphkx lead-manager I, [2025-09-23T18:47:51.237086 #1]  INFO -- : assigning realgeeks.lead-manager.crm-events:7 module=prosody::consumer::kafka_context line=154
lead-manager-worker-prosody-5d8fbffd47-fphkx lead-manager I, [2025-09-23T18:47:51.237595 #1]  INFO -- : assigning realgeeks.lead-manager.crm-events:2 module=prosody::consumer::kafka_context line=154
lead-manager-worker-prosody-5d8fbffd47-fphkx lead-manager I, [2025-09-23T18:47:51.237690 #1]  INFO -- : assigning realgeeks.lead-manager.lead-events:5 module=prosody::consumer::kafka_context line=154
lead-manager-worker-prosody-5d8fbffd47-h95fk lead-manager mysql2://lead_manager:skdisWSJD273SJFHSKssuens@am30-lead-manager-db0.rg-infra.com:3306/lead_management_BRANCH_production
lead-manager-worker-prosody-5d8fbffd47-h95fk lead-manager Starting Prosody Worker...
lead-manager-worker-prosody-5d8fbffd47-h95fk lead-manager D, [2025-09-23T18:47:45.234605 #1] DEBUG -- : Starting async task processor
lead-manager-worker-prosody-5d8fbffd47-fphkx lead-manager I, [2025-09-23T18:47:51.237758 #1]  INFO -- : assigning realgeeks.lead-manager.lead-events:0 module=prosody::consumer::kafka_context line=154
lead-manager-worker-prosody-5d8fbffd47-fphkx lead-manager I, [2025-09-23T18:47:51.237823 #1]  INFO -- : assigning witco.crm-events:3 module=prosody::consumer::kafka_context line=154
lead-manager-worker-prosody-5d8fbffd47-fphkx lead-manager D, [2025-09-23T18:47:51.350806 #1] DEBUG -- : Executing task witco.agent-events/6:3148
lead-manager-worker-prosody-5d8fbffd47-fphkx lead-manager D, [2025-09-23T18:47:51.565804 #1] DEBUG -- : Task witco.agent-events/6:3148 completed successfully
lead-manager-worker-prosody-5d8fbffd47-fphkx lead-manager D, [2025-09-23T18:47:51.566398 #1] DEBUG -- : Executing task witco.agent-events/6:3149
lead-manager-worker-prosody-5d8fbffd47-fphkx lead-manager D, [2025-09-23T18:47:51.633007 #1] DEBUG -- : Task witco.agent-events/6:3149 completed successfully
lead-manager-worker-prosody-5d8fbffd47-h95fk lead-manager I, [2025-09-23T18:47:45.623825 #1]  INFO -- : starting probe server on 0.0.0.0:8000 module=prosody::consumer::probes line=116
lead-manager-worker-prosody-5d8fbffd47-fphkx lead-manager D, [2025-09-23T18:47:51.633511 #1] DEBUG -- : Executing task witco.agent-events/6:3150
lead-manager-worker-prosody-5d8fbffd47-fphkx lead-manager D, [2025-09-23T18:47:51.691800 #1] DEBUG -- : Task witco.agent-events/6:3150 completed successfully
lead-manager-worker-prosody-5d8fbffd47-h95fk lead-manager I, [2025-09-23T18:47:51.238348 #1]  INFO -- : assigning witco.agent-events:5 module=prosody::consumer::kafka_context line=154
lead-manager-worker-prosody-5d8fbffd47-h95fk lead-manager I, [2025-09-23T18:47:51.238616 #1]  INFO -- : assigning witco.agent-events:0 module=prosody::consumer::kafka_context line=154
lead-manager-worker-prosody-5d8fbffd47-fphkx lead-manager D, [2025-09-23T18:47:51.692527 #1] DEBUG -- : Executing task witco.agent-events/6:3151
lead-manager-worker-prosody-5d8fbffd47-fphkx lead-manager D, [2025-09-23T18:47:51.727720 #1] DEBUG -- : Task witco.agent-events/6:3151 completed successfully
lead-manager-worker-prosody-5d8fbffd47-fphkx lead-manager D, [2025-09-23T18:47:51.729201 #1] DEBUG -- : Executing task witco.agent-events/6:3152
lead-manager-worker-prosody-5d8fbffd47-h95fk lead-manager I, [2025-09-23T18:47:51.238739 #1]  INFO -- : assigning realgeeks.lead-manager.agent-events:3 module=prosody::consumer::kafka_context line=154
lead-manager-worker-prosody-5d8fbffd47-h95fk lead-manager I, [2025-09-23T18:47:51.238818 #1]  INFO -- : assigning realgeeks.lead-manager.crm-events:6 module=prosody::consumer::kafka_context line=154
lead-manager-worker-prosody-5d8fbffd47-h95fk lead-manager I, [2025-09-23T18:47:51.239261 #1]  INFO -- : assigning realgeeks.lead-manager.crm-events:1 module=prosody::consumer::kafka_context line=154
lead-manager-worker-prosody-5d8fbffd47-h95fk lead-manager I, [2025-09-23T18:47:51.239315 #1]  INFO -- : assigning realgeeks.lead-manager.lead-events:4 module=prosody::consumer::kafka_context line=154
lead-manager-worker-prosody-5d8fbffd47-fphkx lead-manager D, [2025-09-23T18:47:51.771445 #1] DEBUG -- : Task witco.agent-events/6:3152 completed successfully
lead-manager-worker-prosody-5d8fbffd47-fphkx lead-manager D, [2025-09-23T18:47:51.772022 #1] DEBUG -- : Executing task witco.agent-events/6:3153
lead-manager-worker-prosody-5d8fbffd47-fphkx lead-manager D, [2025-09-23T18:47:51.801500 #1] DEBUG -- : Task witco.agent-events/6:3153 completed successfully
lead-manager-worker-prosody-5d8fbffd47-fphkx lead-manager D, [2025-09-23T18:47:51.802406 #1] DEBUG -- : Executing task witco.agent-events/6:3154
lead-manager-worker-prosody-5d8fbffd47-fphkx lead-manager D, [2025-09-23T18:47:51.834881 #1] DEBUG -- : Task witco.agent-events/6:3154 completed successfully
lead-manager-worker-prosody-5d8fbffd47-fphkx lead-manager D, [2025-09-23T18:47:51.835529 #1] DEBUG -- : Executing task witco.agent-events/6:3155
lead-manager-worker-prosody-5d8fbffd47-fphkx lead-manager D, [2025-09-23T18:47:51.864084 #1] DEBUG -- : Task witco.agent-events/6:3155 completed successfully
lead-manager-worker-prosody-5d8fbffd47-fphkx lead-manager D, [2025-09-23T18:47:51.864625 #1] DEBUG -- : Executing task witco.agent-events/6:3156
lead-manager-worker-prosody-5d8fbffd47-h95fk lead-manager I, [2025-09-23T18:47:51.239376 #1]  INFO -- : assigning witco.crm-events:7 module=prosody::consumer::kafka_context line=154
lead-manager-worker-prosody-5d8fbffd47-8tpdd lead-manager /usr/local/bundle/gems/httparty-0.21.0/lib/httparty.rb:10: warning: csv was loaded from the standard library, but will no longer be part of the default gems starting from Ruby 3.4.0.
lead-manager-worker-prosody-5d8fbffd47-8tpdd lead-manager You can add csv to your Gemfile or gemspec to silence this warning.
lead-manager-worker-prosody-5d8fbffd47-fphkx lead-manager D, [2025-09-23T18:47:51.896044 #1] DEBUG -- : Task witco.agent-events/6:3156 completed successfully
lead-manager-worker-prosody-5d8fbffd47-h95fk lead-manager I, [2025-09-23T18:47:51.239417 #1]  INFO -- : assigning witco.crm-events:2 module=prosody::consumer::kafka_context line=154
lead-manager-worker-prosody-5d8fbffd47-8tpdd lead-manager /usr/local/bundle/gems/highline-1.6.21/lib/highline.rb:13: warning: abbrev was loaded from the standard library, but will no longer be part of the default gems starting from Ruby 3.4.0.
lead-manager-worker-prosody-5d8fbffd47-fphkx lead-manager D, [2025-09-23T18:47:51.897446 #1] DEBUG -- : Executing task witco.agent-events/6:3157
lead-manager-worker-prosody-5d8fbffd47-fphkx lead-manager D, [2025-09-23T18:47:51.956906 #1] DEBUG -- : Task witco.agent-events/6:3157 completed successfully
lead-manager-worker-prosody-5d8fbffd47-fphkx lead-manager D, [2025-09-23T18:47:51.957647 #1] DEBUG -- : Executing task witco.agent-events/6:3158
lead-manager-worker-prosody-5d8fbffd47-8tpdd lead-manager You can add abbrev to your Gemfile or gemspec to silence this warning.
lead-manager-worker-prosody-5d8fbffd47-fphkx lead-manager D, [2025-09-23T18:47:51.997549 #1] DEBUG -- : Task witco.agent-events/6:3158 completed successfully
lead-manager-worker-prosody-5d8fbffd47-fphkx lead-manager D, [2025-09-23T18:47:51.998117 #1] DEBUG -- : Executing task witco.agent-events/6:3159
lead-manager-worker-prosody-5d8fbffd47-h95fk lead-manager D, [2025-09-23T18:47:51.350182 #1] DEBUG -- : Executing task witco.agent-events/0:169
lead-manager-worker-prosody-5d8fbffd47-h95fk lead-manager D, [2025-09-23T18:47:51.754573 #1] DEBUG -- : Task witco.agent-events/0:169 completed successfully
lead-manager-worker-prosody-5d8fbffd47-h95fk lead-manager D, [2025-09-23T18:47:51.755555 #1] DEBUG -- : Executing task witco.agent-events/0:170
lead-manager-worker-prosody-5d8fbffd47-h95fk lead-manager D, [2025-09-23T18:47:51.825894 #1] DEBUG -- : Task witco.agent-events/0:170 completed successfully
lead-manager-worker-prosody-5d8fbffd47-fphkx lead-manager D, [2025-09-23T18:47:52.024521 #1] DEBUG -- : Task witco.agent-events/6:3159 completed successfully
lead-manager-worker-prosody-5d8fbffd47-fphkx lead-manager D, [2025-09-23T18:47:52.024946 #1] DEBUG -- : Executing task witco.agent-events/6:3160
lead-manager-worker-prosody-5d8fbffd47-8tpdd lead-manager mysql2://lead_manager:skdisWSJD273SJFHSKssuens@am30-lead-manager-db0.rg-infra.com:3306/lead_management_BRANCH_production
lead-manager-worker-prosody-5d8fbffd47-8tpdd lead-manager mysql2://lead_manager:skdisWSJD273SJFHSKssuens@am30-lead-manager-db0.rg-infra.com:3306/lead_management_BRANCH_production
lead-manager-worker-prosody-5d8fbffd47-h95fk lead-manager D, [2025-09-23T18:47:51.826383 #1] DEBUG -- : Executing task witco.agent-events/0:171
lead-manager-worker-prosody-5d8fbffd47-fphkx lead-manager D, [2025-09-23T18:47:52.049065 #1] DEBUG -- : Task witco.agent-events/6:3160 completed successfully
lead-manager-worker-prosody-5d8fbffd47-fphkx lead-manager D, [2025-09-23T18:47:52.049551 #1] DEBUG -- : Executing task witco.agent-events/6:3161
lead-manager-worker-prosody-5d8fbffd47-fphkx lead-manager D, [2025-09-23T18:47:52.077456 #1] DEBUG -- : Task witco.agent-events/6:3161 completed successfully
lead-manager-worker-prosody-5d8fbffd47-fphkx lead-manager D, [2025-09-23T18:47:52.078449 #1] DEBUG -- : Executing task witco.agent-events/6:3162
lead-manager-worker-prosody-5d8fbffd47-fphkx lead-manager D, [2025-09-23T18:47:52.102235 #1] DEBUG -- : Task witco.agent-events/6:3162 completed successfully
lead-manager-worker-prosody-5d8fbffd47-fphkx lead-manager D, [2025-09-23T18:47:52.102697 #1] DEBUG -- : Executing task witco.agent-events/6:3163
lead-manager-worker-prosody-5d8fbffd47-h95fk lead-manager D, [2025-09-23T18:47:51.880365 #1] DEBUG -- : Task witco.agent-events/0:171 completed successfully
lead-manager-worker-prosody-5d8fbffd47-fphkx lead-manager D, [2025-09-23T18:47:52.123689 #1] DEBUG -- : Task witco.agent-events/6:3163 completed successfully
lead-manager-worker-prosody-5d8fbffd47-fphkx lead-manager D, [2025-09-23T18:47:52.124461 #1] DEBUG -- : Executing task witco.agent-events/6:3164
lead-manager-worker-prosody-5d8fbffd47-fphkx lead-manager D, [2025-09-23T18:47:52.157426 #1] DEBUG -- : Task witco.agent-events/6:3164 completed successfully
lead-manager-worker-prosody-5d8fbffd47-fphkx lead-manager D, [2025-09-23T18:47:52.157860 #1] DEBUG -- : Executing task witco.agent-events/6:3165
lead-manager-worker-prosody-5d8fbffd47-fphkx lead-manager D, [2025-09-23T18:47:52.184742 #1] DEBUG -- : Task witco.agent-events/6:3165 completed successfully
lead-manager-worker-prosody-5d8fbffd47-h95fk lead-manager D, [2025-09-23T18:47:51.881196 #1] DEBUG -- : Executing task witco.agent-events/0:172
lead-manager-worker-prosody-5d8fbffd47-h95fk lead-manager D, [2025-09-23T18:47:51.915707 #1] DEBUG -- : Task witco.agent-events/0:172 completed successfully
lead-manager-worker-prosody-5d8fbffd47-h95fk lead-manager D, [2025-09-23T18:47:51.917030 #1] DEBUG -- : Executing task witco.agent-events/0:173
lead-manager-worker-prosody-5d8fbffd47-h95fk lead-manager D, [2025-09-23T18:47:51.943058 #1] DEBUG -- : Task witco.agent-events/0:173 completed successfully
lead-manager-worker-prosody-5d8fbffd47-fphkx lead-manager D, [2025-09-23T18:47:52.185386 #1] DEBUG -- : Executing task witco.agent-events/6:3166
lead-manager-worker-prosody-5d8fbffd47-h95fk lead-manager D, [2025-09-23T18:47:51.943641 #1] DEBUG -- : Executing task witco.agent-events/0:174
lead-manager-worker-prosody-5d8fbffd47-fphkx lead-manager D, [2025-09-23T18:47:52.207943 #1] DEBUG -- : Task witco.agent-events/6:3166 completed successfully
lead-manager-worker-prosody-5d8fbffd47-h95fk lead-manager D, [2025-09-23T18:47:51.981118 #1] DEBUG -- : Task witco.agent-events/0:174 completed successfully
lead-manager-worker-prosody-5d8fbffd47-fphkx lead-manager D, [2025-09-23T18:47:52.208314 #1] DEBUG -- : Executing task witco.agent-events/6:3167
lead-manager-worker-prosody-5d8fbffd47-h95fk lead-manager D, [2025-09-23T18:47:51.981931 #1] DEBUG -- : Executing task witco.agent-events/0:175
lead-manager-worker-prosody-5d8fbffd47-fphkx lead-manager D, [2025-09-23T18:47:52.244015 #1] DEBUG -- : Task witco.agent-events/6:3167 completed successfully
lead-manager-worker-prosody-5d8fbffd47-h95fk lead-manager I, [2025-09-23T18:47:51.983508 #1]  INFO -- : message with id 2ad01896-e1f8-5cca-bece-9861d055eca9 already processed; skipping module=prosody::consumer::partition line=731
lead-manager-worker-prosody-5d8fbffd47-h95fk lead-manager D, [2025-09-23T18:47:52.018540 #1] DEBUG -- : Task witco.agent-events/0:175 completed successfully
lead-manager-worker-prosody-5d8fbffd47-h95fk lead-manager D, [2025-09-23T18:47:52.018961 #1] DEBUG -- : Executing task witco.agent-events/0:176
lead-manager-worker-prosody-5d8fbffd47-fphkx lead-manager D, [2025-09-23T18:47:52.245241 #1] DEBUG -- : Executing task witco.agent-events/6:3168
lead-manager-worker-prosody-5d8fbffd47-fphkx lead-manager D, [2025-09-23T18:47:52.273176 #1] DEBUG -- : Task witco.agent-events/6:3168 completed successfully
lead-manager-worker-prosody-5d8fbffd47-h95fk lead-manager D, [2025-09-23T18:47:52.044105 #1] DEBUG -- : Task witco.agent-events/0:176 completed successfully
lead-manager-worker-prosody-5d8fbffd47-h95fk lead-manager D, [2025-09-23T18:47:52.044927 #1] DEBUG -- : Executing task witco.agent-events/0:177
lead-manager-worker-prosody-5d8fbffd47-h95fk lead-manager D, [2025-09-23T18:47:52.083018 #1] DEBUG -- : Task witco.agent-events/0:177 completed successfully
lead-manager-worker-prosody-5d8fbffd47-h95fk lead-manager I, [2025-09-23T18:47:52.083938 #1]  INFO -- : message with id dd2bc5d9-316a-5ba2-8a6c-122b3e5bb917 already processed; skipping module=prosody::consumer::partition line=731
lead-manager-worker-prosody-5d8fbffd47-h95fk lead-manager I, [2025-09-23T18:47:52.084427 #1]  INFO -- : message with id dd2bc5d9-316a-5ba2-8a6c-122b3e5bb917 already processed; skipping module=prosody::consumer::partition line=731
lead-manager-worker-prosody-5d8fbffd47-h95fk lead-manager D, [2025-09-23T18:47:52.084119 #1] DEBUG -- : Executing task witco.agent-events/0:178
lead-manager-worker-prosody-5d8fbffd47-h95fk lead-manager D, [2025-09-23T18:47:52.147146 #1] DEBUG -- : Task witco.agent-events/0:178 completed successfully
lead-manager-worker-prosody-5d8fbffd47-h95fk lead-manager I, [2025-09-23T18:47:52.151077 #1]  INFO -- : message with id 59d48fb6-dfc0-516e-9f05-1bd17af1e1cf already processed; skipping module=prosody::consumer::partition line=731
lead-manager-worker-prosody-5d8fbffd47-h95fk lead-manager D, [2025-09-23T18:47:52.151264 #1] DEBUG -- : Executing task witco.agent-events/0:179
lead-manager-worker-prosody-5d8fbffd47-h95fk lead-manager D, [2025-09-23T18:47:52.152377 #1] DEBUG -- : Executing task witco.agent-events/0:191
lead-manager-worker-prosody-5d8fbffd47-h95fk lead-manager E, [2025-09-23T18:47:52.164066 #1] ERROR -- : Error executing task witco.agent-events/0:191: Mysql2::Error: This connection is in use by: #<Fiber:0x00007fe7969071a0 /usr/local/bundle/gems/async-2.32.0/lib/async/task.rb:450 (suspended)>
lead-manager-worker-prosody-5d8fbffd47-h95fk lead-manager E, [2025-09-23T18:47:52.165418 #1] ERROR -- : failed to handle message: handler error: transient error: /usr/local/bundle/gems/mysql2-0.5.5/lib/mysql2/client.rb:151:in `_query': Mysql2::Error: This connection is in use by: #<Fiber:0x00007fe7969071a0 /usr/local/bundle/gems/async-2.32.0/lib/async/task.rb:450 (suspended)> (ActiveRecord::StatementInvalid)
lead-manager-worker-prosody-5d8fbffd47-h95fk lead-manager 	from /usr/local/bundle/gems/mysql2-0.5.5/lib/mysql2/client.rb:151:in `block in query'
lead-manager-worker-prosody-5d8fbffd47-h95fk lead-manager 	from /usr/local/bundle/gems/mysql2-0.5.5/lib/mysql2/client.rb:150:in `handle_interrupt'
lead-manager-worker-prosody-5d8fbffd47-h95fk lead-manager 	from /usr/local/bundle/gems/mysql2-0.5.5/lib/mysql2/client.rb:150:in `query'
lead-manager-worker-prosody-5d8fbffd47-fphkx lead-manager D, [2025-09-23T18:47:52.278055 #1] DEBUG -- : Executing task witco.agent-events/6:3169
lead-manager-worker-prosody-5d8fbffd47-fphkx lead-manager D, [2025-09-23T18:47:52.299531 #1] DEBUG -- : Task witco.agent-events/6:3169 completed successfully
lead-manager-worker-prosody-5d8fbffd47-fphkx lead-manager D, [2025-09-23T18:47:52.300173 #1] DEBUG -- : Executing task witco.agent-events/6:3170
lead-manager-worker-prosody-5d8fbffd47-fphkx lead-manager D, [2025-09-23T18:47:52.323536 #1] DEBUG -- : Task witco.agent-events/6:3170 completed successfully
lead-manager-worker-prosody-5d8fbffd47-fphkx lead-manager D, [2025-09-23T18:47:52.323893 #1] DEBUG -- : Executing task witco.agent-events/6:3171
lead-manager-worker-prosody-5d8fbffd47-fphkx lead-manager D, [2025-09-23T18:47:52.359411 #1] DEBUG -- : Task witco.agent-events/6:3171 completed successfully
lead-manager-worker-prosody-5d8fbffd47-fphkx lead-manager D, [2025-09-23T18:47:52.368777 #1] DEBUG -- : Executing task witco.agent-events/6:3172
lead-manager-worker-prosody-5d8fbffd47-fphkx lead-manager D, [2025-09-23T18:47:52.389634 #1] DEBUG -- : Task witco.agent-events/6:3172 completed successfully
lead-manager-worker-prosody-5d8fbffd47-h95fk lead-manager 	from /usr/local/bundle/gems/prometheus_exporter-2.1.0/lib/prometheus_exporter/instrumentation/method_profiler.rb:80:in `query'
lead-manager-worker-prosody-5d8fbffd47-fphkx lead-manager D, [2025-09-23T18:47:52.390093 #1] DEBUG -- : Executing task witco.agent-events/6:3173
lead-manager-worker-prosody-5d8fbffd47-fphkx lead-manager D, [2025-09-23T18:47:52.408201 #1] DEBUG -- : Task witco.agent-events/6:3173 completed successfully
lead-manager-worker-prosody-5d8fbffd47-h95fk lead-manager 	from /usr/local/bundle/gems/activerecord-8.0.2/lib/active_record/connection_adapters/mysql2/database_statements.rb:54:in `block in perform_query'
lead-manager-worker-prosody-5d8fbffd47-fphkx lead-manager D, [2025-09-23T18:47:52.408550 #1] DEBUG -- : Executing task witco.agent-events/6:3174
lead-manager-worker-prosody-5d8fbffd47-fphkx lead-manager D, [2025-09-23T18:47:52.430886 #1] DEBUG -- : Task witco.agent-events/6:3174 completed successfully
lead-manager-worker-prosody-5d8fbffd47-fphkx lead-manager D, [2025-09-23T18:47:52.431653 #1] DEBUG -- : Executing task witco.agent-events/6:3175
lead-manager-worker-prosody-5d8fbffd47-fphkx lead-manager D, [2025-09-23T18:47:52.451831 #1] DEBUG -- : Task witco.agent-events/6:3175 completed successfully
lead-manager-worker-prosody-5d8fbffd47-fphkx lead-manager D, [2025-09-23T18:47:52.452450 #1] DEBUG -- : Executing task witco.agent-events/6:3176
lead-manager-worker-prosody-5d8fbffd47-fphkx lead-manager D, [2025-09-23T18:47:52.495783 #1] DEBUG -- : Task witco.agent-events/6:3176 completed successfully
lead-manager-worker-prosody-5d8fbffd47-fphkx lead-manager D, [2025-09-23T18:47:52.496770 #1] DEBUG -- : Executing task witco.agent-events/6:3177
lead-manager-worker-prosody-5d8fbffd47-fphkx lead-manager D, [2025-09-23T18:47:52.533448 #1] DEBUG -- : Task witco.agent-events/6:3177 completed successfully
lead-manager-worker-prosody-5d8fbffd47-fphkx lead-manager I, [2025-09-23T18:47:52.534996 #1]  INFO -- : message with id 9e1c1487-b8cd-54cd-ae82-d37569ff0b6f already processed; skipping module=prosody::consumer::partition line=731
lead-manager-worker-prosody-5d8fbffd47-fphkx lead-manager D, [2025-09-23T18:47:52.536120 #1] DEBUG -- : Executing task witco.agent-events/6:3178
lead-manager-worker-prosody-5d8fbffd47-fphkx lead-manager D, [2025-09-23T18:47:52.567760 #1] DEBUG -- : Task witco.agent-events/6:3178 completed successfully
lead-manager-worker-prosody-5d8fbffd47-fphkx lead-manager D, [2025-09-23T18:47:52.568096 #1] DEBUG -- : Executing task witco.agent-events/6:3179
lead-manager-worker-prosody-5d8fbffd47-fphkx lead-manager D, [2025-09-23T18:47:52.590283 #1] DEBUG -- : Task witco.agent-events/6:3179 completed successfully
lead-manager-worker-prosody-5d8fbffd47-fphkx lead-manager D, [2025-09-23T18:47:52.590653 #1] DEBUG -- : Executing task witco.agent-events/6:3180
lead-manager-worker-prosody-5d8fbffd47-fphkx lead-manager D, [2025-09-23T18:47:52.609667 #1] DEBUG -- : Task witco.agent-events/6:3180 completed successfully
lead-manager-worker-prosody-5d8fbffd47-fphkx lead-manager D, [2025-09-23T18:47:52.610168 #1] DEBUG -- : Executing task witco.agent-events/6:3181
lead-manager-worker-prosody-5d8fbffd47-fphkx lead-manager D, [2025-09-23T18:47:52.628747 #1] DEBUG -- : Task witco.agent-events/6:3181 completed successfully
lead-manager-worker-prosody-5d8fbffd47-fphkx lead-manager D, [2025-09-23T18:47:52.629765 #1] DEBUG -- : Executing task witco.agent-events/6:3182
lead-manager-worker-prosody-5d8fbffd47-fphkx lead-manager D, [2025-09-23T18:47:52.650695 #1] DEBUG -- : Task witco.agent-events/6:3182 completed successfully
lead-manager-worker-prosody-5d8fbffd47-fphkx lead-manager D, [2025-09-23T18:47:52.651039 #1] DEBUG -- : Executing task witco.agent-events/6:3183
lead-manager-worker-prosody-5d8fbffd47-fphkx lead-manager D, [2025-09-23T18:47:52.670327 #1] DEBUG -- : Task witco.agent-events/6:3183 completed successfully
lead-manager-worker-prosody-5d8fbffd47-fphkx lead-manager D, [2025-09-23T18:47:52.670869 #1] DEBUG -- : Executing task witco.agent-events/6:3184
lead-manager-worker-prosody-5d8fbffd47-fphkx lead-manager D, [2025-09-23T18:47:52.692616 #1] DEBUG -- : Task witco.agent-events/6:3184 completed successfully
lead-manager-worker-prosody-5d8fbffd47-fphkx lead-manager D, [2025-09-23T18:47:52.693253 #1] DEBUG -- : Executing task witco.agent-events/6:3185
lead-manager-worker-prosody-5d8fbffd47-fphkx lead-manager D, [2025-09-23T18:47:52.756072 #1] DEBUG -- : Task witco.agent-events/6:3185 completed successfully
lead-manager-worker-prosody-5d8fbffd47-fphkx lead-manager D, [2025-09-23T18:47:52.756386 #1] DEBUG -- : Executing task witco.agent-events/6:3186
lead-manager-worker-prosody-5d8fbffd47-fphkx lead-manager D, [2025-09-23T18:47:52.775686 #1] DEBUG -- : Task witco.agent-events/6:3186 completed successfully
lead-manager-worker-prosody-5d8fbffd47-fphkx lead-manager D, [2025-09-23T18:47:52.776779 #1] DEBUG -- : Executing task witco.agent-events/6:3188
lead-manager-worker-prosody-5d8fbffd47-fphkx lead-manager D, [2025-09-23T18:47:52.819850 #1] DEBUG -- : Task witco.agent-events/6:3188 completed successfully
lead-manager-worker-prosody-5d8fbffd47-fphkx lead-manager D, [2025-09-23T18:47:52.822343 #1] DEBUG -- : Executing task witco.agent-events/6:3189
lead-manager-worker-prosody-5d8fbffd47-fphkx lead-manager D, [2025-09-23T18:47:52.862219 #1] DEBUG -- : Task witco.agent-events/6:3189 completed successfully
lead-manager-worker-prosody-5d8fbffd47-8tpdd lead-manager Starting Prosody Worker...
lead-manager-worker-prosody-5d8fbffd47-fphkx lead-manager D, [2025-09-23T18:47:52.862568 #1] DEBUG -- : Executing task witco.agent-events/6:3190
lead-manager-worker-prosody-5d8fbffd47-8tpdd lead-manager D, [2025-09-23T18:47:45.801343 #1] DEBUG -- : Starting async task processor
lead-manager-worker-prosody-5d8fbffd47-8tpdd lead-manager I, [2025-09-23T18:47:46.210096 #1]  INFO -- : starting probe server on 0.0.0.0:8000 module=prosody::consumer::probes line=116
lead-manager-worker-prosody-5d8fbffd47-fphkx lead-manager D, [2025-09-23T18:47:52.884953 #1] DEBUG -- : Task witco.agent-events/6:3190 completed successfully
lead-manager-worker-prosody-5d8fbffd47-8tpdd lead-manager I, [2025-09-23T18:47:51.237269 #1]  INFO -- : assigning witco.agent-events:7 module=prosody::consumer::kafka_context line=154
lead-manager-worker-prosody-5d8fbffd47-fphkx lead-manager D, [2025-09-23T18:47:52.885326 #1] DEBUG -- : Executing task witco.agent-events/6:3191
lead-manager-worker-prosody-5d8fbffd47-fphkx lead-manager D, [2025-09-23T18:47:52.904777 #1] DEBUG -- : Task witco.agent-events/6:3191 completed successfully
lead-manager-worker-prosody-5d8fbffd47-fphkx lead-manager D, [2025-09-23T18:47:52.905105 #1] DEBUG -- : Executing task witco.agent-events/6:3192
lead-manager-worker-prosody-5d8fbffd47-fphkx lead-manager D, [2025-09-23T18:47:52.924666 #1] DEBUG -- : Task witco.agent-events/6:3192 completed successfully
lead-manager-worker-prosody-5d8fbffd47-8tpdd lead-manager I, [2025-09-23T18:47:51.237482 #1]  INFO -- : assigning witco.agent-events:2 module=prosody::consumer::kafka_context line=154
lead-manager-worker-prosody-5d8fbffd47-fphkx lead-manager D, [2025-09-23T18:47:52.925495 #1] DEBUG -- : Executing task witco.agent-events/6:3193
lead-manager-worker-prosody-5d8fbffd47-8tpdd lead-manager I, [2025-09-23T18:47:51.237720 #1]  INFO -- : assigning realgeeks.lead-manager.agent-events:5 module=prosody::consumer::kafka_context line=154
lead-manager-worker-prosody-5d8fbffd47-fphkx lead-manager D, [2025-09-23T18:47:52.948606 #1] DEBUG -- : Task witco.agent-events/6:3193 completed successfully
lead-manager-worker-prosody-5d8fbffd47-h95fk lead-manager 	from /usr/local/bundle/gems/activesupport-8.0.2/lib/active_support/concurrency/share_lock.rb:186:in `yield_shares'
lead-manager-worker-prosody-5d8fbffd47-fphkx lead-manager D, [2025-09-23T18:47:52.949266 #1] DEBUG -- : Executing task witco.agent-events/6:3194
lead-manager-worker-prosody-5d8fbffd47-fphkx lead-manager D, [2025-09-23T18:47:52.970215 #1] DEBUG -- : Task witco.agent-events/6:3194 completed successfully
lead-manager-worker-prosody-5d8fbffd47-h95fk lead-manager 	from /usr/local/bundle/gems/activesupport-8.0.2/lib/active_support/dependencies/interlock.rb:41:in `permit_concurrent_loads'
lead-manager-worker-prosody-5d8fbffd47-fphkx lead-manager D, [2025-09-23T18:47:52.970624 #1] DEBUG -- : Executing task witco.agent-events/6:3195
lead-manager-worker-prosody-5d8fbffd47-h95fk lead-manager 	from /usr/local/bundle/gems/activerecord-8.0.2/lib/active_record/connection_adapters/mysql2/database_statements.rb:53:in `perform_query'
lead-manager-worker-prosody-5d8fbffd47-h95fk lead-manager 	from /usr/local/bundle/gems/activerecord-8.0.2/lib/active_record/connection_adapters/abstract/database_statements.rb:556:in `block (2 levels) in raw_execute'
lead-manager-worker-prosody-5d8fbffd47-h95fk lead-manager 	from /usr/local/bundle/gems/activerecord-8.0.2/lib/active_record/connection_adapters/abstract_adapter.rb:1015:in `block in with_raw_connection'
lead-manager-worker-prosody-5d8fbffd47-fphkx lead-manager D, [2025-09-23T18:47:52.990043 #1] DEBUG -- : Task witco.agent-events/6:3195 completed successfully
lead-manager-worker-prosody-5d8fbffd47-fphkx lead-manager D, [2025-09-23T18:47:52.990537 #1] DEBUG -- : Executing task witco.agent-events/6:3196
lead-manager-worker-prosody-5d8fbffd47-fphkx lead-manager D, [2025-09-23T18:47:53.011774 #1] DEBUG -- : Task witco.agent-events/6:3196 completed successfully
lead-manager-worker-prosody-5d8fbffd47-fphkx lead-manager D, [2025-09-23T18:47:53.013222 #1] DEBUG -- : Executing task witco.agent-events/6:3197
lead-manager-worker-prosody-5d8fbffd47-fphkx lead-manager D, [2025-09-23T18:47:53.032439 #1] DEBUG -- : Task witco.agent-events/6:3197 completed successfully
lead-manager-worker-prosody-5d8fbffd47-fphkx lead-manager D, [2025-09-23T18:47:53.032917 #1] DEBUG -- : Executing task witco.agent-events/6:3198
lead-manager-worker-prosody-5d8fbffd47-h95fk lead-manager 	from /usr/local/bundle/gems/activesupport-8.0.2/lib/active_support/concurrency/null_lock.rb:9:in `synchronize'
lead-manager-worker-prosody-5d8fbffd47-fphkx lead-manager D, [2025-09-23T18:47:53.053829 #1] DEBUG -- : Task witco.agent-events/6:3198 completed successfully
lead-manager-worker-prosody-5d8fbffd47-fphkx lead-manager D, [2025-09-23T18:47:53.054160 #1] DEBUG -- : Executing task witco.agent-events/6:3199
lead-manager-worker-prosody-5d8fbffd47-fphkx lead-manager D, [2025-09-23T18:47:53.074084 #1] DEBUG -- : Task witco.agent-events/6:3199 completed successfully
lead-manager-worker-prosody-5d8fbffd47-fphkx lead-manager D, [2025-09-23T18:47:53.074536 #1] DEBUG -- : Executing task witco.agent-events/6:3200
lead-manager-worker-prosody-5d8fbffd47-fphkx lead-manager D, [2025-09-23T18:47:53.094372 #1] DEBUG -- : Task witco.agent-events/6:3200 completed successfully
lead-manager-worker-prosody-5d8fbffd47-fphkx lead-manager D, [2025-09-23T18:47:53.094702 #1] DEBUG -- : Executing task witco.agent-events/6:3201
lead-manager-worker-prosody-5d8fbffd47-fphkx lead-manager D, [2025-09-23T18:47:53.123483 #1] DEBUG -- : Task witco.agent-events/6:3201 completed successfully
lead-manager-worker-prosody-5d8fbffd47-fphkx lead-manager D, [2025-09-23T18:47:53.124023 #1] DEBUG -- : Executing task witco.agent-events/6:3202
lead-manager-worker-prosody-5d8fbffd47-fphkx lead-manager D, [2025-09-23T18:47:53.145087 #1] DEBUG -- : Task witco.agent-events/6:3202 completed successfully
lead-manager-worker-prosody-5d8fbffd47-fphkx lead-manager D, [2025-09-23T18:47:53.145415 #1] DEBUG -- : Executing task witco.agent-events/6:3203
lead-manager-worker-prosody-5d8fbffd47-fphkx lead-manager D, [2025-09-23T18:47:53.167203 #1] DEBUG -- : Task witco.agent-events/6:3203 completed successfully
lead-manager-worker-prosody-5d8fbffd47-fphkx lead-manager D, [2025-09-23T18:47:53.167527 #1] DEBUG -- : Executing task witco.agent-events/6:3204
lead-manager-worker-prosody-5d8fbffd47-fphkx lead-manager D, [2025-09-23T18:47:53.192405 #1] DEBUG -- : Task witco.agent-events/6:3204 completed successfully
lead-manager-worker-prosody-5d8fbffd47-fphkx lead-manager D, [2025-09-23T18:47:53.192932 #1] DEBUG -- : Executing task witco.agent-events/6:3205
lead-manager-worker-prosody-5d8fbffd47-fphkx lead-manager D, [2025-09-23T18:47:53.213529 #1] DEBUG -- : Task witco.agent-events/6:3205 completed successfully
lead-manager-worker-prosody-5d8fbffd47-fphkx lead-manager D, [2025-09-23T18:47:53.217280 #1] DEBUG -- : Executing task witco.agent-events/6:3206
lead-manager-worker-prosody-5d8fbffd47-fphkx lead-manager D, [2025-09-23T18:47:53.241419 #1] DEBUG -- : Task witco.agent-events/6:3206 completed successfully
lead-manager-worker-prosody-5d8fbffd47-fphkx lead-manager D, [2025-09-23T18:47:53.243004 #1] DEBUG -- : Executing task witco.agent-events/6:3207
lead-manager-worker-prosody-5d8fbffd47-fphkx lead-manager D, [2025-09-23T18:47:53.282390 #1] DEBUG -- : Task witco.agent-events/6:3207 completed successfully
lead-manager-worker-prosody-5d8fbffd47-fphkx lead-manager D, [2025-09-23T18:47:53.282749 #1] DEBUG -- : Executing task witco.agent-events/6:3208
lead-manager-worker-prosody-5d8fbffd47-fphkx lead-manager I, [2025-09-23T18:47:53.351890 #1]  INFO -- : message with id 65f3858d-970b-5606-a8e1-af7f3172e155 already processed; skipping module=prosody::consumer::partition line=731
lead-manager-worker-prosody-5d8fbffd47-fphkx lead-manager I, [2025-09-23T18:47:53.353180 #1]  INFO -- : message with id 65f3858d-970b-5606-a8e1-af7f3172e155 already processed; skipping module=prosody::consumer::partition line=731
lead-manager-worker-prosody-5d8fbffd47-fphkx lead-manager D, [2025-09-23T18:47:53.352926 #1] DEBUG -- : Task witco.agent-events/6:3208 completed successfully
lead-manager-worker-prosody-5d8fbffd47-fphkx lead-manager I, [2025-09-23T18:47:53.360307 #1]  INFO -- : message with id 87c22bee-e85f-5a71-bed6-230c9b663df7 already processed; skipping module=prosody::consumer::partition line=731
lead-manager-worker-prosody-5d8fbffd47-hczbx lead-manager /usr/local/bundle/gems/httparty-0.21.0/lib/httparty.rb:10: warning: csv was loaded from the standard library, but will no longer be part of the default gems starting from Ruby 3.4.0.
lead-manager-worker-prosody-5d8fbffd47-8tpdd lead-manager I, [2025-09-23T18:47:51.237777 #1]  INFO -- : assigning realgeeks.lead-manager.agent-events:0 module=prosody::consumer::kafka_context line=154
lead-manager-worker-prosody-5d8fbffd47-8tpdd lead-manager I, [2025-09-23T18:47:51.237837 #1]  INFO -- : assigning realgeeks.lead-manager.crm-events:3 module=prosody::consumer::kafka_context line=154
lead-manager-worker-prosody-5d8fbffd47-8tpdd lead-manager I, [2025-09-23T18:47:51.237880 #1]  INFO -- : assigning realgeeks.lead-manager.lead-events:6 module=prosody::consumer::kafka_context line=154
lead-manager-worker-prosody-5d8fbffd47-8tpdd lead-manager I, [2025-09-23T18:47:51.239161 #1]  INFO -- : assigning realgeeks.lead-manager.lead-events:1 module=prosody::consumer::kafka_context line=154
lead-manager-worker-prosody-5d8fbffd47-8tpdd lead-manager I, [2025-09-23T18:47:51.239267 #1]  INFO -- : assigning witco.crm-events:4 module=prosody::consumer::kafka_context line=154
lead-manager-worker-prosody-5d8fbffd47-8tpdd lead-manager D, [2025-09-23T18:47:51.851837 #1] DEBUG -- : Executing task realgeeks.lead-manager.agent-events/0:0
lead-manager-worker-prosody-5d8fbffd47-8tpdd lead-manager D, [2025-09-23T18:47:51.852275 #1] DEBUG -- : Executing task realgeeks.lead-manager.agent-events/0:1
lead-manager-worker-prosody-5d8fbffd47-hczbx lead-manager You can add csv to your Gemfile or gemspec to silence this warning.
lead-manager-worker-prosody-5d8fbffd47-hczbx lead-manager /usr/local/bundle/gems/highline-1.6.21/lib/highline.rb:13: warning: abbrev was loaded from the standard library, but will no longer be part of the default gems starting from Ruby 3.4.0.
lead-manager-worker-prosody-5d8fbffd47-hczbx lead-manager You can add abbrev to your Gemfile or gemspec to silence this warning.
lead-manager-worker-prosody-5d8fbffd47-hczbx lead-manager mysql2://lead_manager:skdisWSJD273SJFHSKssuens@am30-lead-manager-db0.rg-infra.com:3306/lead_management_BRANCH_production
lead-manager-worker-prosody-5d8fbffd47-hczbx lead-manager mysql2://lead_manager:skdisWSJD273SJFHSKssuens@am30-lead-manager-db0.rg-infra.com:3306/lead_management_BRANCH_production
lead-manager-worker-prosody-5d8fbffd47-hczbx lead-manager Starting Prosody Worker...
lead-manager-worker-prosody-5d8fbffd47-hczbx lead-manager D, [2025-09-23T18:47:46.633867 #1] DEBUG -- : Starting async task processor
lead-manager-worker-prosody-5d8fbffd47-hczbx lead-manager I, [2025-09-23T18:47:47.042926 #1]  INFO -- : starting probe server on 0.0.0.0:8000 module=prosody::consumer::probes line=116
lead-manager-worker-prosody-5d8fbffd47-hczbx lead-manager I, [2025-09-23T18:47:51.236628 #1]  INFO -- : assigning witco.agent-events:4 module=prosody::consumer::kafka_context line=154
lead-manager-worker-prosody-5d8fbffd47-hczbx lead-manager I, [2025-09-23T18:47:51.237200 #1]  INFO -- : assigning realgeeks.lead-manager.agent-events:7 module=prosody::consumer::kafka_context line=154
lead-manager-worker-prosody-5d8fbffd47-fphkx lead-manager I, [2025-09-23T18:47:53.360414 #1]  INFO -- : message with id 87c22bee-e85f-5a71-bed6-230c9b663df7 already processed; skipping module=prosody::consumer::partition line=731
lead-manager-worker-prosody-5d8fbffd47-hczbx lead-manager I, [2025-09-23T18:47:51.237361 #1]  INFO -- : assigning realgeeks.lead-manager.agent-events:2 module=prosody::consumer::kafka_context line=154
lead-manager-worker-prosody-5d8fbffd47-fphkx lead-manager I, [2025-09-23T18:47:53.360534 #1]  INFO -- : message with id 1b0a804e-2628-5917-9895-f0f28a8a2335 already processed; skipping module=prosody::consumer::partition line=731
lead-manager-worker-prosody-5d8fbffd47-fphkx lead-manager I, [2025-09-23T18:47:53.360886 #1]  INFO -- : message with id 1b0a804e-2628-5917-9895-f0f28a8a2335 already processed; skipping module=prosody::consumer::partition line=731
lead-manager-worker-prosody-5d8fbffd47-h95fk lead-manager 	from /usr/local/bundle/gems/activerecord-8.0.2/lib/active_record/connection_adapters/abstract_adapter.rb:984:in `with_raw_connection'
lead-manager-worker-prosody-5d8fbffd47-h95fk lead-manager 	from /usr/local/bundle/gems/activerecord-8.0.2/lib/active_record/connection_adapters/abstract/database_statements.rb:555:in `block in raw_execute'
lead-manager-worker-prosody-5d8fbffd47-h95fk lead-manager 	from /usr/local/bundle/gems/activesupport-8.0.2/lib/active_support/notifications/instrumenter.rb:58:in `instrument'
lead-manager-worker-prosody-5d8fbffd47-h95fk lead-manager 	from /usr/local/bundle/gems/activerecord-8.0.2/lib/active_record/connection_adapters/abstract_adapter.rb:1135:in `log'
lead-manager-worker-prosody-5d8fbffd47-hczbx lead-manager I, [2025-09-23T18:47:51.237455 #1]  INFO -- : assigning realgeeks.lead-manager.crm-events:5 module=prosody::consumer::kafka_context line=154
lead-manager-worker-prosody-5d8fbffd47-hczbx lead-manager I, [2025-09-23T18:47:51.237530 #1]  INFO -- : assigning realgeeks.lead-manager.crm-events:0 module=prosody::consumer::kafka_context line=154
lead-manager-worker-prosody-5d8fbffd47-hczbx lead-manager I, [2025-09-23T18:47:51.237595 #1]  INFO -- : assigning realgeeks.lead-manager.lead-events:3 module=prosody::consumer::kafka_context line=154
lead-manager-worker-prosody-5d8fbffd47-hczbx lead-manager I, [2025-09-23T18:47:51.239101 #1]  INFO -- : assigning witco.crm-events:6 module=prosody::consumer::kafka_context line=154
lead-manager-worker-prosody-5d8fbffd47-hczbx lead-manager I, [2025-09-23T18:47:51.239188 #1]  INFO -- : assigning witco.crm-events:1 module=prosody::consumer::kafka_context line=154
lead-manager-worker-prosody-5d8fbffd47-hczbx lead-manager I, [2025-09-23T18:47:57.263052 #1]  INFO -- : revoking realgeeks.lead-manager.agent-events:2 module=prosody::consumer::kafka_context line=189
lead-manager-worker-prosody-5d8fbffd47-hczbx lead-manager I, [2025-09-23T18:47:57.263206 #1]  INFO -- : revoking realgeeks.lead-manager.agent-events:7 module=prosody::consumer::kafka_context line=189
lead-manager-worker-prosody-5d8fbffd47-h95fk lead-manager 	from /usr/local/bundle/gems/activerecord-8.0.2/lib/active_record/connection_adapters/abstract/database_statements.rb:554:in `raw_execute'
lead-manager-worker-prosody-5d8fbffd47-h95fk lead-manager 	from /usr/local/bundle/gems/activerecord-8.0.2/lib/active_record/connection_adapters/abstract/database_statements.rb:591:in `internal_execute'
lead-manager-worker-prosody-5d8fbffd47-h95fk lead-manager 	from /usr/local/bundle/gems/activerecord-8.0.2/lib/active_record/connection_adapters/abstract/database_statements.rb:547:in `internal_exec_query'
lead-manager-worker-prosody-5d8fbffd47-h95fk lead-manager 	from /usr/local/bundle/gems/activerecord-8.0.2/lib/active_record/connection_adapters/abstract/database_statements.rb:693:in `select'
lead-manager-worker-prosody-5d8fbffd47-h95fk lead-manager 	from /usr/local/bundle/gems/activerecord-8.0.2/lib/active_record/connection_adapters/abstract/database_statements.rb:73:in `select_all'
lead-manager-worker-prosody-5d8fbffd47-h95fk lead-manager 	from /usr/local/bundle/gems/activerecord-8.0.2/lib/active_record/connection_adapters/abstract/query_cache.rb:251:in `select_all'
lead-manager-worker-prosody-5d8fbffd47-h95fk lead-manager 	from /usr/local/bundle/gems/activerecord-8.0.2/lib/active_record/connection_adapters/mysql2/database_statements.rb:12:in `select_all'
lead-manager-worker-prosody-5d8fbffd47-h95fk lead-manager 	from /usr/local/bundle/gems/activerecord-8.0.2/lib/active_record/querying.rb:68:in `_query_by_sql'
lead-manager-worker-prosody-5d8fbffd47-h95fk lead-manager 	from /usr/local/bundle/gems/activerecord-8.0.2/lib/active_record/querying.rb:53:in `block in find_by_sql'
lead-manager-worker-prosody-5d8fbffd47-h95fk lead-manager 	from /usr/local/bundle/gems/activerecord-8.0.2/lib/active_record/connection_adapters/abstract/connection_pool.rb:412:in `with_connection'
lead-manager-worker-prosody-5d8fbffd47-h95fk lead-manager 	from /usr/local/bundle/gems/activerecord-8.0.2/lib/active_record/connection_handling.rb:310:in `with_connection'
lead-manager-worker-prosody-5d8fbffd47-h95fk lead-manager 	from /usr/local/bundle/gems/activerecord-8.0.2/lib/active_record/querying.rb:52:in `find_by_sql'
lead-manager-worker-prosody-5d8fbffd47-h95fk lead-manager 	from /usr/local/bundle/gems/activerecord-8.0.2/lib/active_record/statement_cache.rb:152:in `execute'
lead-manager-worker-prosody-5d8fbffd47-h95fk lead-manager 	from /usr/local/bundle/gems/activerecord-8.0.2/lib/active_record/core.rb:454:in `block in cached_find_by'
lead-manager-worker-prosody-5d8fbffd47-h95fk lead-manager 	from /usr/local/bundle/gems/activerecord-8.0.2/lib/active_record/connection_adapters/abstract/connection_pool.rb:412:in `with_connection'
lead-manager-worker-prosody-5d8fbffd47-h95fk lead-manager 	from /usr/local/bundle/gems/activerecord-8.0.2/lib/active_record/connection_handling.rb:310:in `with_connection'
lead-manager-worker-prosody-5d8fbffd47-h95fk lead-manager 	from /usr/local/bundle/gems/activerecord-8.0.2/lib/active_record/core.rb:442:in `cached_find_by'
lead-manager-worker-prosody-5d8fbffd47-h95fk lead-manager 	from /usr/local/bundle/gems/activerecord-8.0.2/lib/active_record/core.rb:327:in `find_by'
lead-manager-worker-prosody-5d8fbffd47-h95fk lead-manager 	from /usr/src/app/services/prosody_handlers/crm_agent_asserted.rb:5:in `perform'
lead-manager-worker-prosody-5d8fbffd47-h95fk lead-manager 	from /usr/src/app/services/prosody_handler.rb:9:in `on_message'
lead-manager-worker-prosody-5d8fbffd47-h95fk lead-manager 	from /usr/local/bundle/gems/prosody-1.1.1-x86_64-linux/lib/prosody/processor.rb:281:in `block (2 levels) in start_worker'
lead-manager-worker-prosody-5d8fbffd47-h95fk lead-manager 	from /usr/local/bundle/gems/opentelemetry-api-1.7.0/lib/opentelemetry/trace.rb:70:in `block in with_span'
lead-manager-worker-prosody-5d8fbffd47-h95fk lead-manager 	from /usr/local/bundle/gems/opentelemetry-api-1.7.0/lib/opentelemetry/context.rb:88:in `with_value'
lead-manager-worker-prosody-5d8fbffd47-h95fk lead-manager 	from /usr/local/bundle/gems/opentelemetry-api-1.7.0/lib/opentelemetry/trace.rb:70:in `with_span'
lead-manager-worker-prosody-5d8fbffd47-h95fk lead-manager 	from /usr/local/bundle/gems/prosody-1.1.1-x86_64-linux/lib/prosody/processor.rb:279:in `block in start_worker'
lead-manager-worker-prosody-5d8fbffd47-h95fk lead-manager 	from /usr/local/bundle/gems/async-2.32.0/lib/async/task.rb:207:in `block in run'
lead-manager-worker-prosody-5d8fbffd47-h95fk lead-manager 	from /usr/local/bundle/gems/async-2.32.0/lib/async/task.rb:452:in `block in schedule'
lead-manager-worker-prosody-5d8fbffd47-h95fk lead-manager /usr/local/bundle/gems/mysql2-0.5.5/lib/mysql2/client.rb:151:in `_query': This connection is in use by: #<Fiber:0x00007fe7969071a0 /usr/local/bundle/gems/async-2.32.0/lib/async/task.rb:450 (suspended)> (Mysql2::Error)
lead-manager-worker-prosody-5d8fbffd47-h95fk lead-manager 	from /usr/local/bundle/gems/mysql2-0.5.5/lib/mysql2/client.rb:151:in `block in query'
lead-manager-worker-prosody-5d8fbffd47-h95fk lead-manager 	from /usr/local/bundle/gems/mysql2-0.5.5/lib/mysql2/client.rb:150:in `handle_interrupt'
lead-manager-worker-prosody-5d8fbffd47-h95fk lead-manager 	from /usr/local/bundle/gems/mysql2-0.5.5/lib/mysql2/client.rb:150:in `query'
lead-manager-worker-prosody-5d8fbffd47-h95fk lead-manager 	from /usr/local/bundle/gems/prometheus_exporter-2.1.0/lib/prometheus_exporter/instrumentation/method_profiler.rb:80:in `query'
lead-manager-worker-prosody-5d8fbffd47-h95fk lead-manager 	from /usr/local/bundle/gems/activerecord-8.0.2/lib/active_record/connection_adapters/mysql2/database_statements.rb:54:in `block in perform_query'
lead-manager-worker-prosody-5d8fbffd47-h95fk lead-manager 	from /usr/local/bundle/gems/activesupport-8.0.2/lib/active_support/concurrency/share_lock.rb:186:in `yield_shares'
lead-manager-worker-prosody-5d8fbffd47-h95fk lead-manager 	from /usr/local/bundle/gems/activesupport-8.0.2/lib/active_support/dependencies/interlock.rb:41:in `permit_concurrent_loads'
lead-manager-worker-prosody-5d8fbffd47-h95fk lead-manager 	from /usr/local/bundle/gems/activerecord-8.0.2/lib/active_record/connection_adapters/mysql2/database_statements.rb:53:in `perform_query'
lead-manager-worker-prosody-5d8fbffd47-h95fk lead-manager 	from /usr/local/bundle/gems/activerecord-8.0.2/lib/active_record/connection_adapters/abstract/database_statements.rb:556:in `block (2 levels) in raw_execute'
lead-manager-worker-prosody-5d8fbffd47-h95fk lead-manager 	from /usr/local/bundle/gems/activerecord-8.0.2/lib/active_record/connection_adapters/abstract_adapter.rb:1015:in `block in with_raw_connection'
lead-manager-worker-prosody-5d8fbffd47-h95fk lead-manager 	from /usr/local/bundle/gems/activesupport-8.0.2/lib/active_support/concurrency/null_lock.rb:9:in `synchronize'
lead-manager-worker-prosody-5d8fbffd47-h95fk lead-manager 	from /usr/local/bundle/gems/activerecord-8.0.2/lib/active_record/connection_adapters/abstract_adapter.rb:984:in `with_raw_connection'
lead-manager-worker-prosody-5d8fbffd47-h95fk lead-manager 	from /usr/local/bundle/gems/activerecord-8.0.2/lib/active_record/connection_adapters/abstract/database_statements.rb:555:in `block in raw_execute'
lead-manager-worker-prosody-5d8fbffd47-h95fk lead-manager 	from /usr/local/bundle/gems/activesupport-8.0.2/lib/active_support/notifications/instrumenter.rb:58:in `instrument'
lead-manager-worker-prosody-5d8fbffd47-h95fk lead-manager 	from /usr/local/bundle/gems/activerecord-8.0.2/lib/active_record/connection_adapters/abstract_adapter.rb:1135:in `log'
lead-manager-worker-prosody-5d8fbffd47-h95fk lead-manager 	from /usr/local/bundle/gems/activerecord-8.0.2/lib/active_record/connection_adapters/abstract/database_statements.rb:554:in `raw_execute'
lead-manager-worker-prosody-5d8fbffd47-h95fk lead-manager 	from /usr/local/bundle/gems/activerecord-8.0.2/lib/active_record/connection_adapters/abstract/database_statements.rb:591:in `internal_execute'
lead-manager-worker-prosody-5d8fbffd47-h95fk lead-manager 	from /usr/local/bundle/gems/activerecord-8.0.2/lib/active_record/connection_adapters/abstract/database_statements.rb:547:in `internal_exec_query'
lead-manager-worker-prosody-5d8fbffd47-h95fk lead-manager 	from /usr/local/bundle/gems/activerecord-8.0.2/lib/active_record/connection_adapters/abstract/database_statements.rb:693:in `select'
lead-manager-worker-prosody-5d8fbffd47-h95fk lead-manager 	from /usr/local/bundle/gems/activerecord-8.0.2/lib/active_record/connection_adapters/abstract/database_statements.rb:73:in `select_all'
lead-manager-worker-prosody-5d8fbffd47-h95fk lead-manager 	from /usr/local/bundle/gems/activerecord-8.0.2/lib/active_record/connection_adapters/abstract/query_cache.rb:251:in `select_all'
lead-manager-worker-prosody-5d8fbffd47-h95fk lead-manager 	from /usr/local/bundle/gems/activerecord-8.0.2/lib/active_record/connection_adapters/mysql2/database_statements.rb:12:in `select_all'
lead-manager-worker-prosody-5d8fbffd47-h95fk lead-manager 	from /usr/local/bundle/gems/activerecord-8.0.2/lib/active_record/querying.rb:68:in `_query_by_sql'
lead-manager-worker-prosody-5d8fbffd47-h95fk lead-manager 	from /usr/local/bundle/gems/activerecord-8.0.2/lib/active_record/querying.rb:53:in `block in find_by_sql'
lead-manager-worker-prosody-5d8fbffd47-h95fk lead-manager 	from /usr/local/bundle/gems/activerecord-8.0.2/lib/active_record/connection_adapters/abstract/connection_pool.rb:412:in `with_connection'
lead-manager-worker-prosody-5d8fbffd47-h95fk lead-manager 	from /usr/local/bundle/gems/activerecord-8.0.2/lib/active_record/connection_handling.rb:310:in `with_connection'
lead-manager-worker-prosody-5d8fbffd47-h95fk lead-manager 	from /usr/local/bundle/gems/activerecord-8.0.2/lib/active_record/querying.rb:52:in `find_by_sql'
lead-manager-worker-prosody-5d8fbffd47-h95fk lead-manager 	from /usr/local/bundle/gems/activerecord-8.0.2/lib/active_record/statement_cache.rb:152:in `execute'
lead-manager-worker-prosody-5d8fbffd47-h95fk lead-manager 	from /usr/local/bundle/gems/activerecord-8.0.2/lib/active_record/core.rb:454:in `block in cached_find_by'
lead-manager-worker-prosody-5d8fbffd47-h95fk lead-manager 	from /usr/local/bundle/gems/activerecord-8.0.2/lib/active_record/connection_adapters/abstract/connection_pool.rb:412:in `with_connection'
lead-manager-worker-prosody-5d8fbffd47-h95fk lead-manager 	from /usr/local/bundle/gems/activerecord-8.0.2/lib/active_record/connection_handling.rb:310:in `with_connection'
lead-manager-worker-prosody-5d8fbffd47-h95fk lead-manager 	from /usr/local/bundle/gems/activerecord-8.0.2/lib/active_record/core.rb:442:in `cached_find_by'
lead-manager-worker-prosody-5d8fbffd47-h95fk lead-manager 	from /usr/local/bundle/gems/activerecord-8.0.2/lib/active_record/core.rb:327:in `find_by'
lead-manager-worker-prosody-5d8fbffd47-h95fk lead-manager 	from /usr/src/app/services/prosody_handlers/crm_agent_asserted.rb:5:in `perform'
lead-manager-worker-prosody-5d8fbffd47-h95fk lead-manager 	from /usr/src/app/services/prosody_handler.rb:9:in `on_message'
lead-manager-worker-prosody-5d8fbffd47-h95fk lead-manager 	from /usr/local/bundle/gems/prosody-1.1.1-x86_64-linux/lib/prosody/processor.rb:281:in `block (2 levels) in start_worker'
lead-manager-worker-prosody-5d8fbffd47-h95fk lead-manager 	from /usr/local/bundle/gems/opentelemetry-api-1.7.0/lib/opentelemetry/trace.rb:70:in `block in with_span'
lead-manager-worker-prosody-5d8fbffd47-h95fk lead-manager 	from /usr/local/bundle/gems/opentelemetry-api-1.7.0/lib/opentelemetry/context.rb:88:in `with_value'
lead-manager-worker-prosody-5d8fbffd47-h95fk lead-manager 	from /usr/local/bundle/gems/opentelemetry-api-1.7.0/lib/opentelemetry/trace.rb:70:in `with_span'
lead-manager-worker-prosody-5d8fbffd47-h95fk lead-manager 	from /usr/local/bundle/gems/prosody-1.1.1-x86_64-linux/lib/prosody/processor.rb:279:in `block in start_worker'
lead-manager-worker-prosody-5d8fbffd47-h95fk lead-manager 	from /usr/local/bundle/gems/async-2.32.0/lib/async/task.rb:207:in `block in run'
lead-manager-worker-prosody-5d8fbffd47-h95fk lead-manager 	from /usr/local/bundle/gems/async-2.32.0/lib/async/task.rb:452:in `block in schedule'
lead-manager-worker-prosody-5d8fbffd47-h95fk lead-manager ; retrying after 13ms module=prosody::consumer::failure::retry line=342 partition=0 key=realgeeks:77981 offset=191 attempt=1 topic=witco.agent-events
lead-manager-worker-prosody-5d8fbffd47-h95fk lead-manager D, [2025-09-23T18:47:52.179824 #1] DEBUG -- : Executing task witco.agent-events/0:191
lead-manager-worker-prosody-5d8fbffd47-h95fk lead-manager E, [2025-09-23T18:47:52.181209 #1] ERROR -- : Error executing task witco.agent-events/0:191: Mysql2::Error: This connection is in use by: #<Fiber:0x00007fe7969071a0 /usr/local/bundle/gems/async-2.32.0/lib/async/task.rb:450 (suspended)>
lead-manager-worker-prosody-5d8fbffd47-h95fk lead-manager E, [2025-09-23T18:47:52.182636 #1] ERROR -- : failed to handle message: handler error: transient error: /usr/local/bundle/gems/mysql2-0.5.5/lib/mysql2/client.rb:151:in `_query': Mysql2::Error: This connection is in use by: #<Fiber:0x00007fe7969071a0 /usr/local/bundle/gems/async-2.32.0/lib/async/task.rb:450 (suspended)> (ActiveRecord::StatementInvalid)
lead-manager-worker-prosody-5d8fbffd47-h95fk lead-manager 	from /usr/local/bundle/gems/mysql2-0.5.5/lib/mysql2/client.rb:151:in `block in query'
lead-manager-worker-prosody-5d8fbffd47-h95fk lead-manager 	from /usr/local/bundle/gems/mysql2-0.5.5/lib/mysql2/client.rb:150:in `handle_interrupt'
lead-manager-worker-prosody-5d8fbffd47-h95fk lead-manager 	from /usr/local/bundle/gems/mysql2-0.5.5/lib/mysql2/client.rb:150:in `query'
lead-manager-worker-prosody-5d8fbffd47-h95fk lead-manager 	from /usr/local/bundle/gems/prometheus_exporter-2.1.0/lib/prometheus_exporter/instrumentation/method_profiler.rb:80:in `query'
lead-manager-worker-prosody-5d8fbffd47-h95fk lead-manager 	from /usr/local/bundle/gems/activerecord-8.0.2/lib/active_record/connection_adapters/mysql2/database_statements.rb:54:in `block in perform_query'
lead-manager-worker-prosody-5d8fbffd47-h95fk lead-manager 	from /usr/local/bundle/gems/activesupport-8.0.2/lib/active_support/concurrency/share_lock.rb:186:in `yield_shares'
lead-manager-worker-prosody-5d8fbffd47-h95fk lead-manager 	from /usr/local/bundle/gems/activesupport-8.0.2/lib/active_support/dependencies/interlock.rb:41:in `permit_concurrent_loads'
lead-manager-worker-prosody-5d8fbffd47-h95fk lead-manager 	from /usr/local/bundle/gems/activerecord-8.0.2/lib/active_record/connection_adapters/mysql2/database_statements.rb:53:in `perform_query'
lead-manager-worker-prosody-5d8fbffd47-h95fk lead-manager 	from /usr/local/bundle/gems/activerecord-8.0.2/lib/active_record/connection_adapters/abstract/database_statements.rb:556:in `block (2 levels) in raw_execute'
lead-manager-worker-prosody-5d8fbffd47-h95fk lead-manager 	from /usr/local/bundle/gems/activerecord-8.0.2/lib/active_record/connection_adapters/abstract_adapter.rb:1015:in `block in with_raw_connection'
lead-manager-worker-prosody-5d8fbffd47-h95fk lead-manager 	from /usr/local/bundle/gems/activesupport-8.0.2/lib/active_support/concurrency/null_lock.rb:9:in `synchronize'
lead-manager-worker-prosody-5d8fbffd47-h95fk lead-manager 	from /usr/local/bundle/gems/activerecord-8.0.2/lib/active_record/connection_adapters/abstract_adapter.rb:984:in `with_raw_connection'
lead-manager-worker-prosody-5d8fbffd47-h95fk lead-manager 	from /usr/local/bundle/gems/activerecord-8.0.2/lib/active_record/connection_adapters/abstract/database_statements.rb:555:in `block in raw_execute'
lead-manager-worker-prosody-5d8fbffd47-h95fk lead-manager 	from /usr/local/bundle/gems/activesupport-8.0.2/lib/active_support/notifications/instrumenter.rb:58:in `instrument'
lead-manager-worker-prosody-5d8fbffd47-h95fk lead-manager 	from /usr/local/bundle/gems/activerecord-8.0.2/lib/active_record/connection_adapters/abstract_adapter.rb:1135:in `log'
lead-manager-worker-prosody-5d8fbffd47-h95fk lead-manager 	from /usr/local/bundle/gems/activerecord-8.0.2/lib/active_record/connection_adapters/abstract/database_statements.rb:554:in `raw_execute'
lead-manager-worker-prosody-5d8fbffd47-h95fk lead-manager 	from /usr/local/bundle/gems/activerecord-8.0.2/lib/active_record/connection_adapters/abstract/database_statements.rb:591:in `internal_execute'
lead-manager-worker-prosody-5d8fbffd47-h95fk lead-manager 	from /usr/local/bundle/gems/activerecord-8.0.2/lib/active_record/connection_adapters/abstract/database_statements.rb:547:in `internal_exec_query'
lead-manager-worker-prosody-5d8fbffd47-h95fk lead-manager 	from /usr/local/bundle/gems/activerecord-8.0.2/lib/active_record/connection_adapters/abstract/database_statements.rb:693:in `select'
lead-manager-worker-prosody-5d8fbffd47-h95fk lead-manager 	from /usr/local/bundle/gems/activerecord-8.0.2/lib/active_record/connection_adapters/abstract/database_statements.rb:73:in `select_all'
lead-manager-worker-prosody-5d8fbffd47-h95fk lead-manager 	from /usr/local/bundle/gems/activerecord-8.0.2/lib/active_record/connection_adapters/abstract/query_cache.rb:251:in `select_all'
lead-manager-worker-prosody-5d8fbffd47-h95fk lead-manager 	from /usr/local/bundle/gems/activerecord-8.0.2/lib/active_record/connection_adapters/mysql2/database_statements.rb:12:in `select_all'
lead-manager-worker-prosody-5d8fbffd47-h95fk lead-manager 	from /usr/local/bundle/gems/activerecord-8.0.2/lib/active_record/querying.rb:68:in `_query_by_sql'
lead-manager-worker-prosody-5d8fbffd47-h95fk lead-manager 	from /usr/local/bundle/gems/activerecord-8.0.2/lib/active_record/querying.rb:53:in `block in find_by_sql'
lead-manager-worker-prosody-5d8fbffd47-h95fk lead-manager 	from /usr/local/bundle/gems/activerecord-8.0.2/lib/active_record/connection_adapters/abstract/connection_pool.rb:412:in `with_connection'
lead-manager-worker-prosody-5d8fbffd47-h95fk lead-manager 	from /usr/local/bundle/gems/activerecord-8.0.2/lib/active_record/connection_handling.rb:310:in `with_connection'
lead-manager-worker-prosody-5d8fbffd47-h95fk lead-manager 	from /usr/local/bundle/gems/activerecord-8.0.2/lib/active_record/querying.rb:52:in `find_by_sql'
lead-manager-worker-prosody-5d8fbffd47-h95fk lead-manager 	from /usr/local/bundle/gems/activerecord-8.0.2/lib/active_record/statement_cache.rb:152:in `execute'
lead-manager-worker-prosody-5d8fbffd47-m49ft lead-manager /usr/local/bundle/gems/httparty-0.21.0/lib/httparty.rb:10: warning: csv was loaded from the standard library, but will no longer be part of the default gems starting from Ruby 3.4.0.
lead-manager-worker-prosody-5d8fbffd47-tlqzd lead-manager /usr/local/bundle/gems/httparty-0.21.0/lib/httparty.rb:10: warning: csv was loaded from the standard library, but will no longer be part of the default gems starting from Ruby 3.4.0.
lead-manager-worker-prosody-5d8fbffd47-tlqzd lead-manager You can add csv to your Gemfile or gemspec to silence this warning.
lead-manager-worker-prosody-5d8fbffd47-tlqzd lead-manager /usr/local/bundle/gems/highline-1.6.21/lib/highline.rb:13: warning: abbrev was loaded from the standard library, but will no longer be part of the default gems starting from Ruby 3.4.0.
lead-manager-worker-prosody-5d8fbffd47-tlqzd lead-manager You can add abbrev to your Gemfile or gemspec to silence this warning.
lead-manager-worker-prosody-5d8fbffd47-tlqzd lead-manager mysql2://lead_manager:skdisWSJD273SJFHSKssuens@am30-lead-manager-db0.rg-infra.com:3306/lead_management_BRANCH_production
lead-manager-worker-prosody-5d8fbffd47-tlqzd lead-manager mysql2://lead_manager:skdisWSJD273SJFHSKssuens@am30-lead-manager-db0.rg-infra.com:3306/lead_management_BRANCH_production
lead-manager-worker-prosody-5d8fbffd47-tlqzd lead-manager Starting Prosody Worker...
lead-manager-worker-prosody-5d8fbffd47-tlqzd lead-manager D, [2025-09-23T18:47:47.210981 #1] DEBUG -- : Starting async task processor
lead-manager-worker-prosody-5d8fbffd47-tlqzd lead-manager I, [2025-09-23T18:47:47.614919 #1]  INFO -- : starting probe server on 0.0.0.0:8000 module=prosody::consumer::probes line=116
lead-manager-worker-prosody-5d8fbffd47-tlqzd lead-manager I, [2025-09-23T18:47:51.236573 #1]  INFO -- : assigning witco.agent-events:3 module=prosody::consumer::kafka_context line=154
lead-manager-worker-prosody-5d8fbffd47-tlqzd lead-manager I, [2025-09-23T18:47:51.236847 #1]  INFO -- : assigning realgeeks.lead-manager.agent-events:6 module=prosody::consumer::kafka_context line=154
lead-manager-worker-prosody-5d8fbffd47-tlqzd lead-manager I, [2025-09-23T18:47:51.236963 #1]  INFO -- : assigning realgeeks.lead-manager.agent-events:1 module=prosody::consumer::kafka_context line=154
lead-manager-worker-prosody-5d8fbffd47-tlqzd lead-manager I, [2025-09-23T18:47:51.237019 #1]  INFO -- : assigning realgeeks.lead-manager.crm-events:4 module=prosody::consumer::kafka_context line=154
lead-manager-worker-prosody-5d8fbffd47-tlqzd lead-manager I, [2025-09-23T18:47:51.237057 #1]  INFO -- : assigning realgeeks.lead-manager.lead-events:7 module=prosody::consumer::kafka_context line=154
lead-manager-worker-prosody-5d8fbffd47-tlqzd lead-manager I, [2025-09-23T18:47:51.237126 #1]  INFO -- : assigning realgeeks.lead-manager.lead-events:2 module=prosody::consumer::kafka_context line=154
lead-manager-worker-prosody-5d8fbffd47-tlqzd lead-manager I, [2025-09-23T18:47:51.237590 #1]  INFO -- : assigning witco.crm-events:5 module=prosody::consumer::kafka_context line=154
lead-manager-worker-prosody-5d8fbffd47-tlqzd lead-manager I, [2025-09-23T18:47:51.237688 #1]  INFO -- : assigning witco.crm-events:0 module=prosody::consumer::kafka_context line=154
lead-manager-worker-prosody-5d8fbffd47-tlqzd lead-manager I, [2025-09-23T18:47:57.263236 #1]  INFO -- : revoking realgeeks.lead-manager.agent-events:1 module=prosody::consumer::kafka_context line=189
lead-manager-worker-prosody-5d8fbffd47-tlqzd lead-manager I, [2025-09-23T18:47:57.263436 #1]  INFO -- : revoking realgeeks.lead-manager.agent-events:6 module=prosody::consumer::kafka_context line=189
lead-manager-worker-prosody-5d8fbffd47-h95fk lead-manager 	from /usr/local/bundle/gems/activerecord-8.0.2/lib/active_record/core.rb:454:in `block in cached_find_by'
lead-manager-worker-prosody-5d8fbffd47-h95fk lead-manager 	from /usr/local/bundle/gems/activerecord-8.0.2/lib/active_record/connection_adapters/abstract/connection_pool.rb:412:in `with_connection'
lead-manager-worker-prosody-5d8fbffd47-h95fk lead-manager 	from /usr/local/bundle/gems/activerecord-8.0.2/lib/active_record/connection_handling.rb:310:in `with_connection'
lead-manager-worker-prosody-5d8fbffd47-h95fk lead-manager 	from /usr/local/bundle/gems/activerecord-8.0.2/lib/active_record/core.rb:442:in `cached_find_by'
lead-manager-worker-prosody-5d8fbffd47-h95fk lead-manager 	from /usr/local/bundle/gems/activerecord-8.0.2/lib/active_record/core.rb:327:in `find_by'
lead-manager-worker-prosody-5d8fbffd47-h95fk lead-manager 	from /usr/src/app/services/prosody_handlers/crm_agent_asserted.rb:5:in `perform'
lead-manager-worker-prosody-5d8fbffd47-h95fk lead-manager 	from /usr/src/app/services/prosody_handler.rb:9:in `on_message'
lead-manager-worker-prosody-5d8fbffd47-m49ft lead-manager You can add csv to your Gemfile or gemspec to silence this warning.
lead-manager-worker-prosody-5d8fbffd47-h95fk lead-manager 	from /usr/local/bundle/gems/prosody-1.1.1-x86_64-linux/lib/prosody/processor.rb:281:in `block (2 levels) in start_worker'
lead-manager-worker-prosody-5d8fbffd47-h95fk lead-manager 	from /usr/local/bundle/gems/opentelemetry-api-1.7.0/lib/opentelemetry/trace.rb:70:in `block in with_span'
lead-manager-worker-prosody-5d8fbffd47-m49ft lead-manager /usr/local/bundle/gems/highline-1.6.21/lib/highline.rb:13: warning: abbrev was loaded from the standard library, but will no longer be part of the default gems starting from Ruby 3.4.0.
lead-manager-worker-prosody-5d8fbffd47-m49ft lead-manager You can add abbrev to your Gemfile or gemspec to silence this warning.
lead-manager-worker-prosody-5d8fbffd47-m49ft lead-manager mysql2://lead_manager:skdisWSJD273SJFHSKssuens@am30-lead-manager-db0.rg-infra.com:3306/lead_management_BRANCH_production
lead-manager-worker-prosody-5d8fbffd47-m49ft lead-manager mysql2://lead_manager:skdisWSJD273SJFHSKssuens@am30-lead-manager-db0.rg-infra.com:3306/lead_management_BRANCH_production
lead-manager-worker-prosody-5d8fbffd47-h95fk lead-manager 	from /usr/local/bundle/gems/opentelemetry-api-1.7.0/lib/opentelemetry/context.rb:88:in `with_value'
lead-manager-worker-prosody-5d8fbffd47-m49ft lead-manager Starting Prosody Worker...
lead-manager-worker-prosody-5d8fbffd47-h95fk lead-manager 	from /usr/local/bundle/gems/opentelemetry-api-1.7.0/lib/opentelemetry/trace.rb:70:in `with_span'
lead-manager-worker-prosody-5d8fbffd47-h95fk lead-manager 	from /usr/local/bundle/gems/prosody-1.1.1-x86_64-linux/lib/prosody/processor.rb:279:in `block in start_worker'
lead-manager-worker-prosody-5d8fbffd47-h95fk lead-manager 	from /usr/local/bundle/gems/async-2.32.0/lib/async/task.rb:207:in `block in run'
lead-manager-worker-prosody-5d8fbffd47-h95fk lead-manager 	from /usr/local/bundle/gems/async-2.32.0/lib/async/task.rb:452:in `block in schedule'
lead-manager-worker-prosody-5d8fbffd47-h95fk lead-manager /usr/local/bundle/gems/mysql2-0.5.5/lib/mysql2/client.rb:151:in `_query': This connection is in use by: #<Fiber:0x00007fe7969071a0 /usr/local/bundle/gems/async-2.32.0/lib/async/task.rb:450 (suspended)> (Mysql2::Error)
lead-manager-worker-prosody-5d8fbffd47-h95fk lead-manager 	from /usr/local/bundle/gems/mysql2-0.5.5/lib/mysql2/client.rb:151:in `block in query'
lead-manager-worker-prosody-5d8fbffd47-h95fk lead-manager 	from /usr/local/bundle/gems/mysql2-0.5.5/lib/mysql2/client.rb:150:in `handle_interrupt'
lead-manager-worker-prosody-5d8fbffd47-h95fk lead-manager 	from /usr/local/bundle/gems/mysql2-0.5.5/lib/mysql2/client.rb:150:in `query'
lead-manager-worker-prosody-5d8fbffd47-h95fk lead-manager 	from /usr/local/bundle/gems/prometheus_exporter-2.1.0/lib/prometheus_exporter/instrumentation/method_profiler.rb:80:in `query'
lead-manager-worker-prosody-5d8fbffd47-h95fk lead-manager 	from /usr/local/bundle/gems/activerecord-8.0.2/lib/active_record/connection_adapters/mysql2/database_statements.rb:54:in `block in perform_query'
lead-manager-worker-prosody-5d8fbffd47-h95fk lead-manager 	from /usr/local/bundle/gems/activesupport-8.0.2/lib/active_support/concurrency/share_lock.rb:186:in `yield_shares'
lead-manager-worker-prosody-5d8fbffd47-h95fk lead-manager 	from /usr/local/bundle/gems/activesupport-8.0.2/lib/active_support/dependencies/interlock.rb:41:in `permit_concurrent_loads'
lead-manager-worker-prosody-5d8fbffd47-h95fk lead-manager 	from /usr/local/bundle/gems/activerecord-8.0.2/lib/active_record/connection_adapters/mysql2/database_statements.rb:53:in `perform_query'
lead-manager-worker-prosody-5d8fbffd47-h95fk lead-manager 	from /usr/local/bundle/gems/activerecord-8.0.2/lib/active_record/connection_adapters/abstract/database_statements.rb:556:in `block (2 levels) in raw_execute'
lead-manager-worker-prosody-5d8fbffd47-h95fk lead-manager 	from /usr/local/bundle/gems/activerecord-8.0.2/lib/active_record/connection_adapters/abstract_adapter.rb:1015:in `block in with_raw_connection'
lead-manager-worker-prosody-5d8fbffd47-h95fk lead-manager 	from /usr/local/bundle/gems/activesupport-8.0.2/lib/active_support/concurrency/null_lock.rb:9:in `synchronize'
lead-manager-worker-prosody-5d8fbffd47-8gjtk lead-manager /usr/local/bundle/gems/httparty-0.21.0/lib/httparty.rb:10: warning: csv was loaded from the standard library, but will no longer be part of the default gems starting from Ruby 3.4.0.
lead-manager-worker-prosody-5d8fbffd47-8gjtk lead-manager You can add csv to your Gemfile or gemspec to silence this warning.
lead-manager-worker-prosody-5d8fbffd47-8gjtk lead-manager /usr/local/bundle/gems/highline-1.6.21/lib/highline.rb:13: warning: abbrev was loaded from the standard library, but will no longer be part of the default gems starting from Ruby 3.4.0.
lead-manager-worker-prosody-5d8fbffd47-8gjtk lead-manager You can add abbrev to your Gemfile or gemspec to silence this warning.
lead-manager-worker-prosody-5d8fbffd47-8gjtk lead-manager mysql2://lead_manager:skdisWSJD273SJFHSKssuens@am30-lead-manager-db0.rg-infra.com:3306/lead_management_BRANCH_production
lead-manager-worker-prosody-5d8fbffd47-8gjtk lead-manager mysql2://lead_manager:skdisWSJD273SJFHSKssuens@am30-lead-manager-db0.rg-infra.com:3306/lead_management_BRANCH_production
lead-manager-worker-prosody-5d8fbffd47-8gjtk lead-manager Starting Prosody Worker...
lead-manager-worker-prosody-5d8fbffd47-8gjtk lead-manager D, [2025-09-23T18:47:34.853642 #1] DEBUG -- : Starting async task processor
lead-manager-worker-prosody-5d8fbffd47-8gjtk lead-manager I, [2025-09-23T18:47:35.175307 #1]  INFO -- : starting probe server on 0.0.0.0:8000 module=prosody::consumer::probes line=116
lead-manager-worker-prosody-5d8fbffd47-8gjtk lead-manager I, [2025-09-23T18:47:39.196869 #1]  INFO -- : assigning realgeeks.lead-manager.agent-events:0 module=prosody::consumer::kafka_context line=154
lead-manager-worker-prosody-5d8fbffd47-8gjtk lead-manager I, [2025-09-23T18:47:39.197014 #1]  INFO -- : assigning realgeeks.lead-manager.agent-events:1 module=prosody::consumer::kafka_context line=154
lead-manager-worker-prosody-5d8fbffd47-8gjtk lead-manager I, [2025-09-23T18:47:39.197059 #1]  INFO -- : assigning realgeeks.lead-manager.agent-events:2 module=prosody::consumer::kafka_context line=154
lead-manager-worker-prosody-5d8fbffd47-m49ft lead-manager D, [2025-09-23T18:47:54.128833 #1] DEBUG -- : Starting async task processor
lead-manager-worker-prosody-5d8fbffd47-8gjtk lead-manager I, [2025-09-23T18:47:39.197105 #1]  INFO -- : assigning realgeeks.lead-manager.agent-events:3 module=prosody::consumer::kafka_context line=154
lead-manager-worker-prosody-5d8fbffd47-8gjtk lead-manager I, [2025-09-23T18:47:39.197137 #1]  INFO -- : assigning realgeeks.lead-manager.agent-events:4 module=prosody::consumer::kafka_context line=154
lead-manager-worker-prosody-5d8fbffd47-8gjtk lead-manager I, [2025-09-23T18:47:39.197180 #1]  INFO -- : assigning realgeeks.lead-manager.agent-events:5 module=prosody::consumer::kafka_context line=154
lead-manager-worker-prosody-5d8fbffd47-8tpdd lead-manager D, [2025-09-23T18:47:51.869725 #1] DEBUG -- : Executing task realgeeks.lead-manager.agent-events/0:3
lead-manager-worker-prosody-5d8fbffd47-8gjtk lead-manager I, [2025-09-23T18:47:39.197222 #1]  INFO -- : assigning realgeeks.lead-manager.agent-events:6 module=prosody::consumer::kafka_context line=154
lead-manager-worker-prosody-5d8fbffd47-h95fk lead-manager 	from /usr/local/bundle/gems/activerecord-8.0.2/lib/active_record/connection_adapters/abstract_adapter.rb:984:in `with_raw_connection'
lead-manager-worker-prosody-5d8fbffd47-h95fk lead-manager 	from /usr/local/bundle/gems/activerecord-8.0.2/lib/active_record/connection_adapters/abstract/database_statements.rb:555:in `block in raw_execute'
lead-manager-worker-prosody-5d8fbffd47-h95fk lead-manager 	from /usr/local/bundle/gems/activesupport-8.0.2/lib/active_support/notifications/instrumenter.rb:58:in `instrument'
lead-manager-worker-prosody-5d8fbffd47-h95fk lead-manager 	from /usr/local/bundle/gems/activerecord-8.0.2/lib/active_record/connection_adapters/abstract_adapter.rb:1135:in `log'
lead-manager-worker-prosody-5d8fbffd47-h95fk lead-manager 	from /usr/local/bundle/gems/activerecord-8.0.2/lib/active_record/connection_adapters/abstract/database_statements.rb:554:in `raw_execute'
lead-manager-worker-prosody-5d8fbffd47-h95fk lead-manager 	from /usr/local/bundle/gems/activerecord-8.0.2/lib/active_record/connection_adapters/abstract/database_statements.rb:591:in `internal_execute'
lead-manager-worker-prosody-5d8fbffd47-h95fk lead-manager 	from /usr/local/bundle/gems/activerecord-8.0.2/lib/active_record/connection_adapters/abstract/database_statements.rb:547:in `internal_exec_query'
lead-manager-worker-prosody-5d8fbffd47-h95fk lead-manager 	from /usr/local/bundle/gems/activerecord-8.0.2/lib/active_record/connection_adapters/abstract/database_statements.rb:693:in `select'
lead-manager-worker-prosody-5d8fbffd47-h95fk lead-manager 	from /usr/local/bundle/gems/activerecord-8.0.2/lib/active_record/connection_adapters/abstract/database_statements.rb:73:in `select_all'
lead-manager-worker-prosody-5d8fbffd47-h95fk lead-manager 	from /usr/local/bundle/gems/activerecord-8.0.2/lib/active_record/connection_adapters/abstract/query_cache.rb:251:in `select_all'
lead-manager-worker-prosody-5d8fbffd47-h95fk lead-manager 	from /usr/local/bundle/gems/activerecord-8.0.2/lib/active_record/connection_adapters/mysql2/database_statements.rb:12:in `select_all'
lead-manager-worker-prosody-5d8fbffd47-h95fk lead-manager 	from /usr/local/bundle/gems/activerecord-8.0.2/lib/active_record/querying.rb:68:in `_query_by_sql'
lead-manager-worker-prosody-5d8fbffd47-h95fk lead-manager 	from /usr/local/bundle/gems/activerecord-8.0.2/lib/active_record/querying.rb:53:in `block in find_by_sql'
lead-manager-worker-prosody-5d8fbffd47-8tpdd lead-manager E, [2025-09-23T18:47:51.902491 #1] ERROR -- : Error executing task realgeeks.lead-manager.agent-events/0:1: Mysql2::Error: This connection is in use by: #<Fiber:0x00007fc520778638 /usr/local/bundle/gems/async-2.32.0/lib/async/task.rb:450 (suspended)>
lead-manager-worker-prosody-5d8fbffd47-h95fk lead-manager 	from /usr/local/bundle/gems/activerecord-8.0.2/lib/active_record/connection_adapters/abstract/connection_pool.rb:412:in `with_connection'
lead-manager-worker-prosody-5d8fbffd47-h95fk lead-manager 	from /usr/local/bundle/gems/activerecord-8.0.2/lib/active_record/connection_handling.rb:310:in `with_connection'
lead-manager-worker-prosody-5d8fbffd47-h95fk lead-manager 	from /usr/local/bundle/gems/activerecord-8.0.2/lib/active_record/querying.rb:52:in `find_by_sql'
lead-manager-worker-prosody-5d8fbffd47-h95fk lead-manager 	from /usr/local/bundle/gems/activerecord-8.0.2/lib/active_record/statement_cache.rb:152:in `execute'
lead-manager-worker-prosody-5d8fbffd47-h95fk lead-manager 	from /usr/local/bundle/gems/activerecord-8.0.2/lib/active_record/core.rb:454:in `block in cached_find_by'
lead-manager-worker-prosody-5d8fbffd47-h95fk lead-manager 	from /usr/local/bundle/gems/activerecord-8.0.2/lib/active_record/connection_adapters/abstract/connection_pool.rb:412:in `with_connection'
lead-manager-worker-prosody-5d8fbffd47-h95fk lead-manager 	from /usr/local/bundle/gems/activerecord-8.0.2/lib/active_record/connection_handling.rb:310:in `with_connection'
lead-manager-worker-prosody-5d8fbffd47-8tpdd lead-manager E, [2025-09-23T18:47:51.903443 #1] ERROR -- : failed to handle message: handler error: transient error: /usr/local/bundle/gems/mysql2-0.5.5/lib/mysql2/client.rb:151:in `_query': Mysql2::Error: This connection is in use by: #<Fiber:0x00007fc520778638 /usr/local/bundle/gems/async-2.32.0/lib/async/task.rb:450 (suspended)> (ActiveRecord::StatementInvalid)
lead-manager-worker-prosody-5d8fbffd47-8tpdd lead-manager 	from /usr/local/bundle/gems/mysql2-0.5.5/lib/mysql2/client.rb:151:in `block in query'
lead-manager-worker-prosody-5d8fbffd47-fphkx lead-manager D, [2025-09-23T18:47:53.360746 #1] DEBUG -- : Executing task witco.agent-events/6:3209
lead-manager-worker-prosody-5d8fbffd47-8tpdd lead-manager 	from /usr/local/bundle/gems/mysql2-0.5.5/lib/mysql2/client.rb:150:in `handle_interrupt'
lead-manager-worker-prosody-5d8fbffd47-fphkx lead-manager D, [2025-09-23T18:47:53.386686 #1] DEBUG -- : Task witco.agent-events/6:3209 completed successfully
lead-manager-worker-prosody-5d8fbffd47-h95fk lead-manager 	from /usr/local/bundle/gems/activerecord-8.0.2/lib/active_record/core.rb:442:in `cached_find_by'
lead-manager-worker-prosody-5d8fbffd47-h95fk lead-manager 	from /usr/local/bundle/gems/activerecord-8.0.2/lib/active_record/core.rb:327:in `find_by'
lead-manager-worker-prosody-5d8fbffd47-fphkx lead-manager D, [2025-09-23T18:47:53.387020 #1] DEBUG -- : Executing task witco.agent-events/6:3210
lead-manager-worker-prosody-5d8fbffd47-h95fk lead-manager 	from /usr/src/app/services/prosody_handlers/crm_agent_asserted.rb:5:in `perform'
lead-manager-worker-prosody-5d8fbffd47-fphkx lead-manager D, [2025-09-23T18:47:53.405315 #1] DEBUG -- : Task witco.agent-events/6:3210 completed successfully
lead-manager-worker-prosody-5d8fbffd47-h95fk lead-manager 	from /usr/src/app/services/prosody_handler.rb:9:in `on_message'
lead-manager-worker-prosody-5d8fbffd47-fphkx lead-manager D, [2025-09-23T18:47:53.405610 #1] DEBUG -- : Executing task witco.agent-events/6:3211
lead-manager-worker-prosody-5d8fbffd47-fphkx lead-manager D, [2025-09-23T18:47:53.431813 #1] DEBUG -- : Task witco.agent-events/6:3211 completed successfully
lead-manager-worker-prosody-5d8fbffd47-fphkx lead-manager D, [2025-09-23T18:47:53.432426 #1] DEBUG -- : Executing task witco.agent-events/6:3212
lead-manager-worker-prosody-5d8fbffd47-8gjtk lead-manager I, [2025-09-23T18:47:39.197273 #1]  INFO -- : assigning realgeeks.lead-manager.agent-events:7 module=prosody::consumer::kafka_context line=154
lead-manager-worker-prosody-5d8fbffd47-8gjtk lead-manager I, [2025-09-23T18:47:39.197305 #1]  INFO -- : assigning realgeeks.lead-manager.crm-events:0 module=prosody::consumer::kafka_context line=154
lead-manager-worker-prosody-5d8fbffd47-8gjtk lead-manager I, [2025-09-23T18:47:39.197356 #1]  INFO -- : assigning realgeeks.lead-manager.crm-events:1 module=prosody::consumer::kafka_context line=154
lead-manager-worker-prosody-5d8fbffd47-8gjtk lead-manager I, [2025-09-23T18:47:39.197382 #1]  INFO -- : assigning realgeeks.lead-manager.crm-events:2 module=prosody::consumer::kafka_context line=154
lead-manager-worker-prosody-5d8fbffd47-8gjtk lead-manager I, [2025-09-23T18:47:39.197404 #1]  INFO -- : assigning realgeeks.lead-manager.crm-events:3 module=prosody::consumer::kafka_context line=154
lead-manager-worker-prosody-5d8fbffd47-8gjtk lead-manager I, [2025-09-23T18:47:39.197415 #1]  INFO -- : assigning realgeeks.lead-manager.crm-events:4 module=prosody::consumer::kafka_context line=154
lead-manager-worker-prosody-5d8fbffd47-h95fk lead-manager 	from /usr/local/bundle/gems/prosody-1.1.1-x86_64-linux/lib/prosody/processor.rb:281:in `block (2 levels) in start_worker'
lead-manager-worker-prosody-5d8fbffd47-8gjtk lead-manager I, [2025-09-23T18:47:39.197424 #1]  INFO -- : assigning realgeeks.lead-manager.crm-events:5 module=prosody::consumer::kafka_context line=154
lead-manager-worker-prosody-5d8fbffd47-h95fk lead-manager 	from /usr/local/bundle/gems/opentelemetry-api-1.7.0/lib/opentelemetry/trace.rb:70:in `block in with_span'
lead-manager-worker-prosody-5d8fbffd47-8gjtk lead-manager I, [2025-09-23T18:47:39.197440 #1]  INFO -- : assigning realgeeks.lead-manager.crm-events:6 module=prosody::consumer::kafka_context line=154
lead-manager-worker-prosody-5d8fbffd47-8gjtk lead-manager I, [2025-09-23T18:47:39.197461 #1]  INFO -- : assigning realgeeks.lead-manager.crm-events:7 module=prosody::consumer::kafka_context line=154
lead-manager-worker-prosody-5d8fbffd47-8gjtk lead-manager I, [2025-09-23T18:47:39.197484 #1]  INFO -- : assigning realgeeks.lead-manager.lead-events:0 module=prosody::consumer::kafka_context line=154
lead-manager-worker-prosody-5d8fbffd47-8gjtk lead-manager I, [2025-09-23T18:47:39.197495 #1]  INFO -- : assigning realgeeks.lead-manager.lead-events:1 module=prosody::consumer::kafka_context line=154
lead-manager-worker-prosody-5d8fbffd47-8gjtk lead-manager I, [2025-09-23T18:47:39.197520 #1]  INFO -- : assigning realgeeks.lead-manager.lead-events:2 module=prosody::consumer::kafka_context line=154
lead-manager-worker-prosody-5d8fbffd47-8gjtk lead-manager I, [2025-09-23T18:47:39.197536 #1]  INFO -- : assigning realgeeks.lead-manager.lead-events:3 module=prosody::consumer::kafka_context line=154
lead-manager-worker-prosody-5d8fbffd47-8gjtk lead-manager I, [2025-09-23T18:47:39.197862 #1]  INFO -- : assigning realgeeks.lead-manager.lead-events:4 module=prosody::consumer::kafka_context line=154
lead-manager-worker-prosody-5d8fbffd47-8gjtk lead-manager I, [2025-09-23T18:47:39.197910 #1]  INFO -- : assigning realgeeks.lead-manager.lead-events:5 module=prosody::consumer::kafka_context line=154
lead-manager-worker-prosody-5d8fbffd47-8gjtk lead-manager I, [2025-09-23T18:47:39.197934 #1]  INFO -- : assigning realgeeks.lead-manager.lead-events:6 module=prosody::consumer::kafka_context line=154
lead-manager-worker-prosody-5d8fbffd47-8gjtk lead-manager I, [2025-09-23T18:47:39.197956 #1]  INFO -- : assigning realgeeks.lead-manager.lead-events:7 module=prosody::consumer::kafka_context line=154
lead-manager-worker-prosody-5d8fbffd47-8gjtk lead-manager I, [2025-09-23T18:47:39.197977 #1]  INFO -- : assigning witco.agent-events:0 module=prosody::consumer::kafka_context line=154
lead-manager-worker-prosody-5d8fbffd47-8tpdd lead-manager 	from /usr/local/bundle/gems/mysql2-0.5.5/lib/mysql2/client.rb:150:in `query'
lead-manager-worker-prosody-5d8fbffd47-8tpdd lead-manager 	from /usr/local/bundle/gems/prometheus_exporter-2.1.0/lib/prometheus_exporter/instrumentation/method_profiler.rb:80:in `query'
lead-manager-worker-prosody-5d8fbffd47-8gjtk lead-manager I, [2025-09-23T18:47:39.198018 #1]  INFO -- : assigning witco.agent-events:1 module=prosody::consumer::kafka_context line=154
lead-manager-worker-prosody-5d8fbffd47-8tpdd lead-manager 	from /usr/local/bundle/gems/activerecord-8.0.2/lib/active_record/connection_adapters/mysql2/database_statements.rb:54:in `block in perform_query'
lead-manager-worker-prosody-5d8fbffd47-8gjtk lead-manager I, [2025-09-23T18:47:39.198049 #1]  INFO -- : assigning witco.agent-events:2 module=prosody::consumer::kafka_context line=154
lead-manager-worker-prosody-5d8fbffd47-8tpdd lead-manager 	from /usr/local/bundle/gems/activesupport-8.0.2/lib/active_support/concurrency/share_lock.rb:186:in `yield_shares'
lead-manager-worker-prosody-5d8fbffd47-8gjtk lead-manager I, [2025-09-23T18:47:39.198065 #1]  INFO -- : assigning witco.agent-events:3 module=prosody::consumer::kafka_context line=154
lead-manager-worker-prosody-5d8fbffd47-8gjtk lead-manager I, [2025-09-23T18:47:39.198084 #1]  INFO -- : assigning witco.agent-events:4 module=prosody::consumer::kafka_context line=154
lead-manager-worker-prosody-5d8fbffd47-8gjtk lead-manager I, [2025-09-23T18:47:39.198099 #1]  INFO -- : assigning witco.agent-events:5 module=prosody::consumer::kafka_context line=154
lead-manager-worker-prosody-5d8fbffd47-8gjtk lead-manager I, [2025-09-23T18:47:39.198109 #1]  INFO -- : assigning witco.agent-events:6 module=prosody::consumer::kafka_context line=154
lead-manager-worker-prosody-5d8fbffd47-8tpdd lead-manager 	from /usr/local/bundle/gems/activesupport-8.0.2/lib/active_support/dependencies/interlock.rb:41:in `permit_concurrent_loads'
lead-manager-worker-prosody-5d8fbffd47-8tpdd lead-manager 	from /usr/local/bundle/gems/activerecord-8.0.2/lib/active_record/connection_adapters/mysql2/database_statements.rb:53:in `perform_query'
lead-manager-worker-prosody-5d8fbffd47-8tpdd lead-manager 	from /usr/local/bundle/gems/activerecord-8.0.2/lib/active_record/connection_adapters/abstract/database_statements.rb:556:in `block (2 levels) in raw_execute'
lead-manager-worker-prosody-5d8fbffd47-m49ft lead-manager I, [2025-09-23T18:47:54.454730 #1]  INFO -- : starting probe server on 0.0.0.0:8000 module=prosody::consumer::probes line=116
lead-manager-worker-prosody-5d8fbffd47-8tpdd lead-manager 	from /usr/local/bundle/gems/activerecord-8.0.2/lib/active_record/connection_adapters/abstract_adapter.rb:1015:in `block in with_raw_connection'
lead-manager-worker-prosody-5d8fbffd47-m49ft lead-manager I, [2025-09-23T18:48:00.282866 #1]  INFO -- : assigning realgeeks.lead-manager.agent-events:6 module=prosody::consumer::kafka_context line=154
lead-manager-worker-prosody-5d8fbffd47-fphkx lead-manager D, [2025-09-23T18:47:53.451226 #1] DEBUG -- : Task witco.agent-events/6:3212 completed successfully
lead-manager-worker-prosody-5d8fbffd47-m49ft lead-manager I, [2025-09-23T18:48:00.285921 #1]  INFO -- : assigning realgeeks.lead-manager.agent-events:4 module=prosody::consumer::kafka_context line=154
lead-manager-worker-prosody-5d8fbffd47-8tpdd lead-manager 	from /usr/local/bundle/gems/activesupport-8.0.2/lib/active_support/concurrency/null_lock.rb:9:in `synchronize'
lead-manager-worker-prosody-5d8fbffd47-m49ft lead-manager I, [2025-09-23T18:48:00.289558 #1]  INFO -- : assigning realgeeks.lead-manager.agent-events:2 module=prosody::consumer::kafka_context line=154
lead-manager-worker-prosody-5d8fbffd47-8gjtk lead-manager I, [2025-09-23T18:47:39.198161 #1]  INFO -- : assigning witco.agent-events:7 module=prosody::consumer::kafka_context line=154
lead-manager-worker-prosody-5d8fbffd47-8gjtk lead-manager I, [2025-09-23T18:47:39.198182 #1]  INFO -- : assigning witco.crm-events:0 module=prosody::consumer::kafka_context line=154
lead-manager-worker-prosody-5d8fbffd47-8gjtk lead-manager I, [2025-09-23T18:47:39.198194 #1]  INFO -- : assigning witco.crm-events:1 module=prosody::consumer::kafka_context line=154
lead-manager-worker-prosody-5d8fbffd47-8tpdd lead-manager 	from /usr/local/bundle/gems/activerecord-8.0.2/lib/active_record/connection_adapters/abstract_adapter.rb:984:in `with_raw_connection'
lead-manager-worker-prosody-5d8fbffd47-fphkx lead-manager D, [2025-09-23T18:47:53.451519 #1] DEBUG -- : Executing task witco.agent-events/6:3213
lead-manager-worker-prosody-5d8fbffd47-8tpdd lead-manager 	from /usr/local/bundle/gems/activerecord-8.0.2/lib/active_record/connection_adapters/abstract/database_statements.rb:555:in `block in raw_execute'
lead-manager-worker-prosody-5d8fbffd47-m49ft lead-manager I, [2025-09-23T18:48:00.289831 #1]  INFO -- : assigning realgeeks.lead-manager.agent-events:0 module=prosody::consumer::kafka_context line=154
lead-manager-worker-prosody-5d8fbffd47-fphkx lead-manager D, [2025-09-23T18:47:53.473361 #1] DEBUG -- : Task witco.agent-events/6:3213 completed successfully
lead-manager-worker-prosody-5d8fbffd47-fphkx lead-manager D, [2025-09-23T18:47:53.474099 #1] DEBUG -- : Executing task witco.agent-events/6:3214
lead-manager-worker-prosody-5d8fbffd47-fphkx lead-manager D, [2025-09-23T18:47:53.492461 #1] DEBUG -- : Task witco.agent-events/6:3214 completed successfully
lead-manager-worker-prosody-5d8fbffd47-fphkx lead-manager D, [2025-09-23T18:47:53.492737 #1] DEBUG -- : Executing task witco.agent-events/6:3217
lead-manager-worker-prosody-5d8fbffd47-m49ft lead-manager I, [2025-09-23T18:48:00.290383 #1]  INFO -- : assigning witco.lead-events:0 module=prosody::consumer::kafka_context line=154
lead-manager-worker-prosody-5d8fbffd47-m49ft lead-manager I, [2025-09-23T18:48:00.290471 #1]  INFO -- : assigning realgeeks.lead-manager.crm-events:1 module=prosody::consumer::kafka_context line=154
lead-manager-worker-prosody-5d8fbffd47-h95fk lead-manager 	from /usr/local/bundle/gems/opentelemetry-api-1.7.0/lib/opentelemetry/context.rb:88:in `with_value'
lead-manager-worker-prosody-5d8fbffd47-h95fk lead-manager 	from /usr/local/bundle/gems/opentelemetry-api-1.7.0/lib/opentelemetry/trace.rb:70:in `with_span'
lead-manager-worker-prosody-5d8fbffd47-8gjtk lead-manager I, [2025-09-23T18:47:39.198218 #1]  INFO -- : assigning witco.crm-events:2 module=prosody::consumer::kafka_context line=154
lead-manager-worker-prosody-5d8fbffd47-fphkx lead-manager D, [2025-09-23T18:47:53.511129 #1] DEBUG -- : Task witco.agent-events/6:3217 completed successfully
lead-manager-worker-prosody-5d8fbffd47-8tpdd lead-manager 	from /usr/local/bundle/gems/activesupport-8.0.2/lib/active_support/notifications/instrumenter.rb:58:in `instrument'
lead-manager-worker-prosody-5d8fbffd47-8tpdd lead-manager 	from /usr/local/bundle/gems/activerecord-8.0.2/lib/active_record/connection_adapters/abstract_adapter.rb:1135:in `log'
lead-manager-worker-prosody-5d8fbffd47-8tpdd lead-manager 	from /usr/local/bundle/gems/activerecord-8.0.2/lib/active_record/connection_adapters/abstract/database_statements.rb:554:in `raw_execute'
lead-manager-worker-prosody-5d8fbffd47-fphkx lead-manager D, [2025-09-23T18:47:53.511766 #1] DEBUG -- : Executing task witco.agent-events/6:3220
lead-manager-worker-prosody-5d8fbffd47-h95fk lead-manager 	from /usr/local/bundle/gems/prosody-1.1.1-x86_64-linux/lib/prosody/processor.rb:279:in `block in start_worker'
lead-manager-worker-prosody-5d8fbffd47-h95fk lead-manager 	from /usr/local/bundle/gems/async-2.32.0/lib/async/task.rb:207:in `block in run'
lead-manager-worker-prosody-5d8fbffd47-8gjtk lead-manager I, [2025-09-23T18:47:39.198234 #1]  INFO -- : assigning witco.crm-events:3 module=prosody::consumer::kafka_context line=154
lead-manager-worker-prosody-5d8fbffd47-8gjtk lead-manager I, [2025-09-23T18:47:39.198244 #1]  INFO -- : assigning witco.crm-events:4 module=prosody::consumer::kafka_context line=154
lead-manager-worker-prosody-5d8fbffd47-8gjtk lead-manager I, [2025-09-23T18:47:39.198254 #1]  INFO -- : assigning witco.crm-events:5 module=prosody::consumer::kafka_context line=154
lead-manager-worker-prosody-5d8fbffd47-8gjtk lead-manager I, [2025-09-23T18:47:39.198263 #1]  INFO -- : assigning witco.crm-events:6 module=prosody::consumer::kafka_context line=154
lead-manager-worker-prosody-5d8fbffd47-h95fk lead-manager 	from /usr/local/bundle/gems/async-2.32.0/lib/async/task.rb:452:in `block in schedule'
lead-manager-worker-prosody-5d8fbffd47-8gjtk lead-manager I, [2025-09-23T18:47:39.198273 #1]  INFO -- : assigning witco.crm-events:7 module=prosody::consumer::kafka_context line=154
lead-manager-worker-prosody-5d8fbffd47-h95fk lead-manager ; retrying after 69ms module=prosody::consumer::failure::retry line=342 partition=0 key=realgeeks:77981 offset=191 attempt=2 topic=witco.agent-events
lead-manager-worker-prosody-5d8fbffd47-h95fk lead-manager D, [2025-09-23T18:47:52.197139 #1] DEBUG -- : Task witco.agent-events/0:179 completed successfully
lead-manager-worker-prosody-5d8fbffd47-h95fk lead-manager D, [2025-09-23T18:47:52.197986 #1] DEBUG -- : Executing task witco.agent-events/0:180
lead-manager-worker-prosody-5d8fbffd47-8gjtk lead-manager I, [2025-09-23T18:47:39.198314 #1]  INFO -- : assigning witco.lead-events:0 module=prosody::consumer::kafka_context line=154
lead-manager-worker-prosody-5d8fbffd47-h95fk lead-manager D, [2025-09-23T18:47:52.227737 #1] DEBUG -- : Task witco.agent-events/0:180 completed successfully
lead-manager-worker-prosody-5d8fbffd47-h95fk lead-manager D, [2025-09-23T18:47:52.228665 #1] DEBUG -- : Executing task witco.agent-events/0:181
lead-manager-worker-prosody-5d8fbffd47-8gjtk lead-manager I, [2025-09-23T18:47:39.198349 #1]  INFO -- : assigning witco.lead-events:1 module=prosody::consumer::kafka_context line=154
lead-manager-worker-prosody-5d8fbffd47-8gjtk lead-manager I, [2025-09-23T18:47:39.198360 #1]  INFO -- : assigning witco.lead-events:2 module=prosody::consumer::kafka_context line=154
lead-manager-worker-prosody-5d8fbffd47-8gjtk lead-manager I, [2025-09-23T18:47:39.198487 #1]  INFO -- : assigning witco.lead-events:3 module=prosody::consumer::kafka_context line=154
lead-manager-worker-prosody-5d8fbffd47-h95fk lead-manager D, [2025-09-23T18:47:52.251655 #1] DEBUG -- : Executing task witco.agent-events/0:191
lead-manager-worker-prosody-5d8fbffd47-h95fk lead-manager D, [2025-09-23T18:47:52.261187 #1] DEBUG -- : Task witco.agent-events/0:181 completed successfully
lead-manager-worker-prosody-5d8fbffd47-h95fk lead-manager I, [2025-09-23T18:47:52.262529 #1]  INFO -- : message with id a89e4a8f-c59a-5652-975d-9974429cdf8c already processed; skipping module=prosody::consumer::partition line=731
lead-manager-worker-prosody-5d8fbffd47-8tpdd lead-manager 	from /usr/local/bundle/gems/activerecord-8.0.2/lib/active_record/connection_adapters/abstract/database_statements.rb:591:in `internal_execute'
lead-manager-worker-prosody-5d8fbffd47-8tpdd lead-manager 	from /usr/local/bundle/gems/activerecord-8.0.2/lib/active_record/connection_adapters/abstract/database_statements.rb:547:in `internal_exec_query'
lead-manager-worker-prosody-5d8fbffd47-8tpdd lead-manager 	from /usr/local/bundle/gems/activerecord-8.0.2/lib/active_record/connection_adapters/abstract/database_statements.rb:693:in `select'
lead-manager-worker-prosody-5d8fbffd47-8tpdd lead-manager 	from /usr/local/bundle/gems/activerecord-8.0.2/lib/active_record/connection_adapters/abstract/database_statements.rb:73:in `select_all'
lead-manager-worker-prosody-5d8fbffd47-h95fk lead-manager D, [2025-09-23T18:47:52.262670 #1] DEBUG -- : Executing task witco.agent-events/0:182
lead-manager-worker-prosody-5d8fbffd47-h95fk lead-manager D, [2025-09-23T18:47:52.274687 #1] DEBUG -- : Task witco.agent-events/0:191 completed successfully
lead-manager-worker-prosody-5d8fbffd47-fphkx lead-manager D, [2025-09-23T18:47:53.531078 #1] DEBUG -- : Task witco.agent-events/6:3220 completed successfully
lead-manager-worker-prosody-5d8fbffd47-8tpdd lead-manager 	from /usr/local/bundle/gems/activerecord-8.0.2/lib/active_record/connection_adapters/abstract/query_cache.rb:251:in `select_all'
lead-manager-worker-prosody-5d8fbffd47-8tpdd lead-manager 	from /usr/local/bundle/gems/activerecord-8.0.2/lib/active_record/connection_adapters/mysql2/database_statements.rb:12:in `select_all'
lead-manager-worker-prosody-5d8fbffd47-fphkx lead-manager D, [2025-09-23T18:47:53.531493 #1] DEBUG -- : Executing task witco.agent-events/6:3223
lead-manager-worker-prosody-5d8fbffd47-8tpdd lead-manager 	from /usr/local/bundle/gems/activerecord-8.0.2/lib/active_record/querying.rb:68:in `_query_by_sql'
lead-manager-worker-prosody-5d8fbffd47-fphkx lead-manager D, [2025-09-23T18:47:53.559621 #1] DEBUG -- : Task witco.agent-events/6:3223 completed successfully
lead-manager-worker-prosody-5d8fbffd47-fphkx lead-manager D, [2025-09-23T18:47:53.560562 #1] DEBUG -- : Executing task witco.agent-events/6:3224
lead-manager-worker-prosody-5d8fbffd47-8tpdd lead-manager 	from /usr/local/bundle/gems/activerecord-8.0.2/lib/active_record/querying.rb:53:in `block in find_by_sql'
lead-manager-worker-prosody-5d8fbffd47-fphkx lead-manager D, [2025-09-23T18:47:53.581935 #1] DEBUG -- : Task witco.agent-events/6:3224 completed successfully
lead-manager-worker-prosody-5d8fbffd47-8tpdd lead-manager 	from /usr/local/bundle/gems/activerecord-8.0.2/lib/active_record/connection_adapters/abstract/connection_pool.rb:412:in `with_connection'
lead-manager-worker-prosody-5d8fbffd47-h95fk lead-manager D, [2025-09-23T18:47:52.275087 #1] DEBUG -- : Executing task witco.agent-events/0:192
lead-manager-worker-prosody-5d8fbffd47-fphkx lead-manager D, [2025-09-23T18:47:53.582445 #1] DEBUG -- : Executing task witco.agent-events/6:3225
lead-manager-worker-prosody-5d8fbffd47-h95fk lead-manager E, [2025-09-23T18:47:52.276117 #1] ERROR -- : Error executing task witco.agent-events/0:192: Mysql2::Error: This connection is in use by: #<Fiber:0x00007fe796545418 /usr/local/bundle/gems/async-2.32.0/lib/async/task.rb:450 (suspended)>
lead-manager-worker-prosody-5d8fbffd47-fphkx lead-manager D, [2025-09-23T18:47:53.600114 #1] DEBUG -- : Task witco.agent-events/6:3225 completed successfully
lead-manager-worker-prosody-5d8fbffd47-fphkx lead-manager D, [2025-09-23T18:47:53.600569 #1] DEBUG -- : Executing task witco.agent-events/6:3226
lead-manager-worker-prosody-5d8fbffd47-8tpdd lead-manager 	from /usr/local/bundle/gems/activerecord-8.0.2/lib/active_record/connection_handling.rb:310:in `with_connection'
lead-manager-worker-prosody-5d8fbffd47-8tpdd lead-manager 	from /usr/local/bundle/gems/activerecord-8.0.2/lib/active_record/querying.rb:52:in `find_by_sql'
lead-manager-worker-prosody-5d8fbffd47-8tpdd lead-manager 	from /usr/local/bundle/gems/activerecord-8.0.2/lib/active_record/statement_cache.rb:152:in `execute'
lead-manager-worker-prosody-5d8fbffd47-8tpdd lead-manager 	from /usr/local/bundle/gems/activerecord-8.0.2/lib/active_record/core.rb:454:in `block in cached_find_by'
lead-manager-worker-prosody-5d8fbffd47-8tpdd lead-manager 	from /usr/local/bundle/gems/activerecord-8.0.2/lib/active_record/connection_adapters/abstract/connection_pool.rb:412:in `with_connection'
lead-manager-worker-prosody-5d8fbffd47-fphkx lead-manager D, [2025-09-23T18:47:53.625673 #1] DEBUG -- : Task witco.agent-events/6:3226 completed successfully
lead-manager-worker-prosody-5d8fbffd47-8tpdd lead-manager 	from /usr/local/bundle/gems/activerecord-8.0.2/lib/active_record/connection_handling.rb:310:in `with_connection'
lead-manager-worker-prosody-5d8fbffd47-fphkx lead-manager D, [2025-09-23T18:47:53.626039 #1] DEBUG -- : Executing task witco.agent-events/6:3227
lead-manager-worker-prosody-5d8fbffd47-8gjtk lead-manager I, [2025-09-23T18:47:39.198505 #1]  INFO -- : assigning witco.lead-events:4 module=prosody::consumer::kafka_context line=154
lead-manager-worker-prosody-5d8fbffd47-8gjtk lead-manager I, [2025-09-23T18:47:39.198517 #1]  INFO -- : assigning witco.lead-events:5 module=prosody::consumer::kafka_context line=154
lead-manager-worker-prosody-5d8fbffd47-8gjtk lead-manager I, [2025-09-23T18:47:39.198582 #1]  INFO -- : assigning witco.lead-events:6 module=prosody::consumer::kafka_context line=154
lead-manager-worker-prosody-5d8fbffd47-8gjtk lead-manager I, [2025-09-23T18:47:39.198615 #1]  INFO -- : assigning witco.lead-events:7 module=prosody::consumer::kafka_context line=154
lead-manager-worker-prosody-5d8fbffd47-8tpdd lead-manager 	from /usr/local/bundle/gems/activerecord-8.0.2/lib/active_record/core.rb:442:in `cached_find_by'
lead-manager-worker-prosody-5d8fbffd47-h95fk lead-manager I, [2025-09-23T18:47:52.276279 #1]  INFO -- : message with id a89e4a8f-c59a-5652-975d-9974429cdf8c already processed; skipping module=prosody::consumer::partition line=731
lead-manager-worker-prosody-5d8fbffd47-8tpdd lead-manager 	from /usr/local/bundle/gems/activerecord-8.0.2/lib/active_record/core.rb:327:in `find_by'
lead-manager-worker-prosody-5d8fbffd47-8tpdd lead-manager 	from /usr/src/app/services/prosody_handlers/crm_agent_asserted.rb:5:in `perform'
lead-manager-worker-prosody-5d8fbffd47-h95fk lead-manager I, [2025-09-23T18:47:52.276388 #1]  INFO -- : message with id 0a09373b-2c73-5910-8d6b-0bd107849f6d already processed; skipping module=prosody::consumer::partition line=731
lead-manager-worker-prosody-5d8fbffd47-h95fk lead-manager I, [2025-09-23T18:47:52.277511 #1]  INFO -- : message with id 0a09373b-2c73-5910-8d6b-0bd107849f6d already processed; skipping module=prosody::consumer::partition line=731
lead-manager-worker-prosody-5d8fbffd47-fphkx lead-manager D, [2025-09-23T18:47:53.645248 #1] DEBUG -- : Task witco.agent-events/6:3227 completed successfully
lead-manager-worker-prosody-5d8fbffd47-h95fk lead-manager I, [2025-09-23T18:47:52.277592 #1]  INFO -- : message with id a89e4a8f-c59a-5652-975d-9974429cdf8c already processed; skipping module=prosody::consumer::partition line=731
lead-manager-worker-prosody-5d8fbffd47-h95fk lead-manager I, [2025-09-23T18:47:52.277624 #1]  INFO -- : message with id a89e4a8f-c59a-5652-975d-9974429cdf8c already processed; skipping module=prosody::consumer::partition line=731
lead-manager-worker-prosody-5d8fbffd47-fphkx lead-manager D, [2025-09-23T18:47:53.645829 #1] DEBUG -- : Executing task witco.agent-events/6:3228
lead-manager-worker-prosody-5d8fbffd47-h95fk lead-manager I, [2025-09-23T18:47:52.279705 #1]  INFO -- : message with id 0a09373b-2c73-5910-8d6b-0bd107849f6d already processed; skipping module=prosody::consumer::partition line=731
lead-manager-worker-prosody-5d8fbffd47-fphkx lead-manager D, [2025-09-23T18:47:53.666121 #1] DEBUG -- : Task witco.agent-events/6:3228 completed successfully
lead-manager-worker-prosody-5d8fbffd47-h95fk lead-manager E, [2025-09-23T18:47:52.290098 #1] ERROR -- : failed to handle message: handler error: transient error: /usr/local/bundle/gems/mysql2-0.5.5/lib/mysql2/client.rb:151:in `_query': Mysql2::Error: This connection is in use by: #<Fiber:0x00007fe796545418 /usr/local/bundle/gems/async-2.32.0/lib/async/task.rb:450 (suspended)> (ActiveRecord::StatementInvalid)
lead-manager-worker-prosody-5d8fbffd47-h95fk lead-manager 	from /usr/local/bundle/gems/mysql2-0.5.5/lib/mysql2/client.rb:151:in `block in query'
lead-manager-worker-prosody-5d8fbffd47-8gjtk lead-manager D, [2025-09-23T18:47:39.399141 #1] DEBUG -- : Executing task witco.lead-events/2:2107
lead-manager-worker-prosody-5d8fbffd47-8gjtk lead-manager D, [2025-09-23T18:47:39.399427 #1] DEBUG -- : Executing task witco.lead-events/2:2108
lead-manager-worker-prosody-5d8fbffd47-8tpdd lead-manager 	from /usr/src/app/services/prosody_handler.rb:9:in `on_message'
lead-manager-worker-prosody-5d8fbffd47-8tpdd lead-manager 	from /usr/local/bundle/gems/prosody-1.1.1-x86_64-linux/lib/prosody/processor.rb:281:in `block (2 levels) in start_worker'
lead-manager-worker-prosody-5d8fbffd47-8tpdd lead-manager 	from /usr/local/bundle/gems/opentelemetry-api-1.7.0/lib/opentelemetry/trace.rb:70:in `block in with_span'
lead-manager-worker-prosody-5d8fbffd47-fphkx lead-manager D, [2025-09-23T18:47:53.666418 #1] DEBUG -- : Executing task witco.agent-events/6:3229
lead-manager-worker-prosody-5d8fbffd47-8gjtk lead-manager D, [2025-09-23T18:47:39.399591 #1] DEBUG -- : Task witco.lead-events/2:2107 completed successfully
lead-manager-worker-prosody-5d8fbffd47-fphkx lead-manager D, [2025-09-23T18:47:53.687277 #1] DEBUG -- : Task witco.agent-events/6:3229 completed successfully
lead-manager-worker-prosody-5d8fbffd47-8tpdd lead-manager 	from /usr/local/bundle/gems/opentelemetry-api-1.7.0/lib/opentelemetry/context.rb:88:in `with_value'
lead-manager-worker-prosody-5d8fbffd47-h95fk lead-manager 	from /usr/local/bundle/gems/mysql2-0.5.5/lib/mysql2/client.rb:150:in `handle_interrupt'
lead-manager-worker-prosody-5d8fbffd47-h95fk lead-manager 	from /usr/local/bundle/gems/mysql2-0.5.5/lib/mysql2/client.rb:150:in `query'
lead-manager-worker-prosody-5d8fbffd47-fphkx lead-manager D, [2025-09-23T18:47:53.688169 #1] DEBUG -- : Executing task witco.agent-events/6:3230
lead-manager-worker-prosody-5d8fbffd47-fphkx lead-manager D, [2025-09-23T18:47:53.710479 #1] DEBUG -- : Task witco.agent-events/6:3230 completed successfully
lead-manager-worker-prosody-5d8fbffd47-8tpdd lead-manager 	from /usr/local/bundle/gems/opentelemetry-api-1.7.0/lib/opentelemetry/trace.rb:70:in `with_span'
lead-manager-worker-prosody-5d8fbffd47-fphkx lead-manager D, [2025-09-23T18:47:53.711117 #1] DEBUG -- : Executing task witco.agent-events/6:3231
lead-manager-worker-prosody-5d8fbffd47-8tpdd lead-manager 	from /usr/local/bundle/gems/prosody-1.1.1-x86_64-linux/lib/prosody/processor.rb:279:in `block in start_worker'
lead-manager-worker-prosody-5d8fbffd47-8tpdd lead-manager 	from /usr/local/bundle/gems/async-2.32.0/lib/async/task.rb:207:in `block in run'
lead-manager-worker-prosody-5d8fbffd47-8gjtk lead-manager D, [2025-09-23T18:47:39.399697 #1] DEBUG -- : Task witco.lead-events/2:2108 completed successfully
lead-manager-worker-prosody-5d8fbffd47-fphkx lead-manager D, [2025-09-23T18:47:53.733720 #1] DEBUG -- : Task witco.agent-events/6:3231 completed successfully
lead-manager-worker-prosody-5d8fbffd47-fphkx lead-manager D, [2025-09-23T18:47:53.738917 #1] DEBUG -- : Executing task witco.agent-events/6:3232
lead-manager-worker-prosody-5d8fbffd47-fphkx lead-manager D, [2025-09-23T18:47:53.759197 #1] DEBUG -- : Task witco.agent-events/6:3232 completed successfully
lead-manager-worker-prosody-5d8fbffd47-fphkx lead-manager D, [2025-09-23T18:47:53.759496 #1] DEBUG -- : Executing task witco.agent-events/6:3233
lead-manager-worker-prosody-5d8fbffd47-h95fk lead-manager 	from /usr/local/bundle/gems/prometheus_exporter-2.1.0/lib/prometheus_exporter/instrumentation/method_profiler.rb:80:in `query'
lead-manager-worker-prosody-5d8fbffd47-h95fk lead-manager 	from /usr/local/bundle/gems/activerecord-8.0.2/lib/active_record/connection_adapters/mysql2/database_statements.rb:54:in `block in perform_query'
lead-manager-worker-prosody-5d8fbffd47-h95fk lead-manager 	from /usr/local/bundle/gems/activesupport-8.0.2/lib/active_support/concurrency/share_lock.rb:186:in `yield_shares'
lead-manager-worker-prosody-5d8fbffd47-h95fk lead-manager 	from /usr/local/bundle/gems/activesupport-8.0.2/lib/active_support/dependencies/interlock.rb:41:in `permit_concurrent_loads'
lead-manager-worker-prosody-5d8fbffd47-fphkx lead-manager D, [2025-09-23T18:47:53.778815 #1] DEBUG -- : Task witco.agent-events/6:3233 completed successfully
lead-manager-worker-prosody-5d8fbffd47-fphkx lead-manager D, [2025-09-23T18:47:53.779175 #1] DEBUG -- : Executing task witco.agent-events/6:3234
lead-manager-worker-prosody-5d8fbffd47-fphkx lead-manager D, [2025-09-23T18:47:53.802347 #1] DEBUG -- : Task witco.agent-events/6:3234 completed successfully
lead-manager-worker-prosody-5d8fbffd47-8tpdd lead-manager 	from /usr/local/bundle/gems/async-2.32.0/lib/async/task.rb:452:in `block in schedule'
lead-manager-worker-prosody-5d8fbffd47-8tpdd lead-manager /usr/local/bundle/gems/mysql2-0.5.5/lib/mysql2/client.rb:151:in `_query': This connection is in use by: #<Fiber:0x00007fc520778638 /usr/local/bundle/gems/async-2.32.0/lib/async/task.rb:450 (suspended)> (Mysql2::Error)
lead-manager-worker-prosody-5d8fbffd47-8tpdd lead-manager 	from /usr/local/bundle/gems/mysql2-0.5.5/lib/mysql2/client.rb:151:in `block in query'
lead-manager-worker-prosody-5d8fbffd47-8tpdd lead-manager 	from /usr/local/bundle/gems/mysql2-0.5.5/lib/mysql2/client.rb:150:in `handle_interrupt'
lead-manager-worker-prosody-5d8fbffd47-fphkx lead-manager D, [2025-09-23T18:47:53.802691 #1] DEBUG -- : Executing task witco.agent-events/6:3235
lead-manager-worker-prosody-5d8fbffd47-8tpdd lead-manager 	from /usr/local/bundle/gems/mysql2-0.5.5/lib/mysql2/client.rb:150:in `query'
lead-manager-worker-prosody-5d8fbffd47-fphkx lead-manager D, [2025-09-23T18:47:53.821251 #1] DEBUG -- : Task witco.agent-events/6:3235 completed successfully
lead-manager-worker-prosody-5d8fbffd47-h95fk lead-manager 	from /usr/local/bundle/gems/activerecord-8.0.2/lib/active_record/connection_adapters/mysql2/database_statements.rb:53:in `perform_query'
lead-manager-worker-prosody-5d8fbffd47-h95fk lead-manager 	from /usr/local/bundle/gems/activerecord-8.0.2/lib/active_record/connection_adapters/abstract/database_statements.rb:556:in `block (2 levels) in raw_execute'
lead-manager-worker-prosody-5d8fbffd47-8tpdd lead-manager 	from /usr/local/bundle/gems/prometheus_exporter-2.1.0/lib/prometheus_exporter/instrumentation/method_profiler.rb:80:in `query'
lead-manager-worker-prosody-5d8fbffd47-8tpdd lead-manager 	from /usr/local/bundle/gems/activerecord-8.0.2/lib/active_record/connection_adapters/mysql2/database_statements.rb:54:in `block in perform_query'
lead-manager-worker-prosody-5d8fbffd47-8tpdd lead-manager 	from /usr/local/bundle/gems/activesupport-8.0.2/lib/active_support/concurrency/share_lock.rb:186:in `yield_shares'
lead-manager-worker-prosody-5d8fbffd47-fphkx lead-manager D, [2025-09-23T18:47:53.821914 #1] DEBUG -- : Executing task witco.agent-events/6:3236
lead-manager-worker-prosody-5d8fbffd47-fphkx lead-manager D, [2025-09-23T18:47:53.841791 #1] DEBUG -- : Task witco.agent-events/6:3236 completed successfully
lead-manager-worker-prosody-5d8fbffd47-fphkx lead-manager D, [2025-09-23T18:47:54.354120 #1] DEBUG -- : Executing task witco.agent-events/6:3237
lead-manager-worker-prosody-5d8fbffd47-8gjtk lead-manager D, [2025-09-23T18:47:39.400451 #1] DEBUG -- : Executing task witco.lead-events/2:2113
lead-manager-worker-prosody-5d8fbffd47-8tpdd lead-manager 	from /usr/local/bundle/gems/activesupport-8.0.2/lib/active_support/dependencies/interlock.rb:41:in `permit_concurrent_loads'
lead-manager-worker-prosody-5d8fbffd47-8gjtk lead-manager D, [2025-09-23T18:47:39.400860 #1] DEBUG -- : Executing task witco.lead-events/2:2114
lead-manager-worker-prosody-5d8fbffd47-8tpdd lead-manager 	from /usr/local/bundle/gems/activerecord-8.0.2/lib/active_record/connection_adapters/mysql2/database_statements.rb:53:in `perform_query'
lead-manager-worker-prosody-5d8fbffd47-8gjtk lead-manager D, [2025-09-23T18:47:39.401015 #1] DEBUG -- : Task witco.lead-events/2:2113 completed successfully
lead-manager-worker-prosody-5d8fbffd47-8tpdd lead-manager 	from /usr/local/bundle/gems/activerecord-8.0.2/lib/active_record/connection_adapters/abstract/database_statements.rb:556:in `block (2 levels) in raw_execute'
lead-manager-worker-prosody-5d8fbffd47-8gjtk lead-manager D, [2025-09-23T18:47:39.401085 #1] DEBUG -- : Executing task witco.lead-events/2:2117
lead-manager-worker-prosody-5d8fbffd47-8tpdd lead-manager 	from /usr/local/bundle/gems/activerecord-8.0.2/lib/active_record/connection_adapters/abstract_adapter.rb:1015:in `block in with_raw_connection'
lead-manager-worker-prosody-5d8fbffd47-8gjtk lead-manager D, [2025-09-23T18:47:39.401185 #1] DEBUG -- : Task witco.lead-events/2:2114 completed successfully
lead-manager-worker-prosody-5d8fbffd47-8gjtk lead-manager D, [2025-09-23T18:47:39.401817 #1] DEBUG -- : Executing task witco.lead-events/2:2120
lead-manager-worker-prosody-5d8fbffd47-8gjtk lead-manager D, [2025-09-23T18:47:39.401993 #1] DEBUG -- : Task witco.lead-events/2:2117 completed successfully
lead-manager-worker-prosody-5d8fbffd47-8gjtk lead-manager D, [2025-09-23T18:47:39.402095 #1] DEBUG -- : Executing task witco.lead-events/2:2123
lead-manager-worker-prosody-5d8fbffd47-8tpdd lead-manager 	from /usr/local/bundle/gems/activesupport-8.0.2/lib/active_support/concurrency/null_lock.rb:9:in `synchronize'
lead-manager-worker-prosody-5d8fbffd47-8gjtk lead-manager D, [2025-09-23T18:47:39.402220 #1] DEBUG -- : Task witco.lead-events/2:2120 completed successfully
lead-manager-worker-prosody-5d8fbffd47-8gjtk lead-manager D, [2025-09-23T18:47:39.402345 #1] DEBUG -- : Executing task witco.lead-events/2:2109
lead-manager-worker-prosody-5d8fbffd47-8gjtk lead-manager D, [2025-09-23T18:47:39.402535 #1] DEBUG -- : Task witco.lead-events/2:2123 completed successfully
lead-manager-worker-prosody-5d8fbffd47-8gjtk lead-manager D, [2025-09-23T18:47:39.403024 #1] DEBUG -- : Executing task witco.lead-events/2:2110
lead-manager-worker-prosody-5d8fbffd47-8gjtk lead-manager D, [2025-09-23T18:47:39.403164 #1] DEBUG -- : Task witco.lead-events/2:2109 completed successfully
lead-manager-worker-prosody-5d8fbffd47-h95fk lead-manager 	from /usr/local/bundle/gems/activerecord-8.0.2/lib/active_record/connection_adapters/abstract_adapter.rb:1015:in `block in with_raw_connection'
lead-manager-worker-prosody-5d8fbffd47-8tpdd lead-manager 	from /usr/local/bundle/gems/activerecord-8.0.2/lib/active_record/connection_adapters/abstract_adapter.rb:984:in `with_raw_connection'
lead-manager-worker-prosody-5d8fbffd47-fphkx lead-manager D, [2025-09-23T18:47:54.379809 #1] DEBUG -- : Task witco.agent-events/6:3237 completed successfully
lead-manager-worker-prosody-5d8fbffd47-8gjtk lead-manager D, [2025-09-23T18:47:39.403251 #1] DEBUG -- : Task witco.lead-events/2:2110 completed successfully
lead-manager-worker-prosody-5d8fbffd47-8gjtk lead-manager D, [2025-09-23T18:47:39.404014 #1] DEBUG -- : Executing task witco.lead-events/2:2115
lead-manager-worker-prosody-5d8fbffd47-8gjtk lead-manager D, [2025-09-23T18:47:39.404330 #1] DEBUG -- : Executing task witco.lead-events/2:2118
lead-manager-worker-prosody-5d8fbffd47-8gjtk lead-manager D, [2025-09-23T18:47:39.404708 #1] DEBUG -- : Task witco.lead-events/2:2115 completed successfully
lead-manager-worker-prosody-5d8fbffd47-fphkx lead-manager D, [2025-09-23T18:47:54.380205 #1] DEBUG -- : Executing task witco.agent-events/6:3238
lead-manager-worker-prosody-5d8fbffd47-fphkx lead-manager D, [2025-09-23T18:47:54.409453 #1] DEBUG -- : Task witco.agent-events/6:3238 completed successfully
lead-manager-worker-prosody-5d8fbffd47-fphkx lead-manager D, [2025-09-23T18:47:54.410150 #1] DEBUG -- : Executing task witco.agent-events/6:3239
lead-manager-worker-prosody-5d8fbffd47-8gjtk lead-manager D, [2025-09-23T18:47:39.404792 #1] DEBUG -- : Executing task witco.lead-events/2:2124
lead-manager-worker-prosody-5d8fbffd47-8gjtk lead-manager D, [2025-09-23T18:47:39.404937 #1] DEBUG -- : Task witco.lead-events/2:2118 completed successfully
lead-manager-worker-prosody-5d8fbffd47-8gjtk lead-manager D, [2025-09-23T18:47:39.405025 #1] DEBUG -- : Task witco.lead-events/2:2124 completed successfully
lead-manager-worker-prosody-5d8fbffd47-fphkx lead-manager D, [2025-09-23T18:47:54.429155 #1] DEBUG -- : Task witco.agent-events/6:3239 completed successfully
lead-manager-worker-prosody-5d8fbffd47-fphkx lead-manager D, [2025-09-23T18:47:54.429722 #1] DEBUG -- : Executing task witco.agent-events/6:3240
lead-manager-worker-prosody-5d8fbffd47-fphkx lead-manager D, [2025-09-23T18:47:54.452334 #1] DEBUG -- : Task witco.agent-events/6:3240 completed successfully
lead-manager-worker-prosody-5d8fbffd47-fphkx lead-manager D, [2025-09-23T18:47:54.457042 #1] DEBUG -- : Executing task witco.agent-events/6:3241
lead-manager-worker-prosody-5d8fbffd47-h95fk lead-manager 	from /usr/local/bundle/gems/activesupport-8.0.2/lib/active_support/concurrency/null_lock.rb:9:in `synchronize'
lead-manager-worker-prosody-5d8fbffd47-h95fk lead-manager 	from /usr/local/bundle/gems/activerecord-8.0.2/lib/active_record/connection_adapters/abstract_adapter.rb:984:in `with_raw_connection'
lead-manager-worker-prosody-5d8fbffd47-8gjtk lead-manager D, [2025-09-23T18:47:39.406864 #1] DEBUG -- : Executing task witco.lead-events/2:2111
lead-manager-worker-prosody-5d8fbffd47-h95fk lead-manager 	from /usr/local/bundle/gems/activerecord-8.0.2/lib/active_record/connection_adapters/abstract/database_statements.rb:555:in `block in raw_execute'
lead-manager-worker-prosody-5d8fbffd47-fphkx lead-manager D, [2025-09-23T18:47:54.487740 #1] DEBUG -- : Task witco.agent-events/6:3241 completed successfully
lead-manager-worker-prosody-5d8fbffd47-8tpdd lead-manager 	from /usr/local/bundle/gems/activerecord-8.0.2/lib/active_record/connection_adapters/abstract/database_statements.rb:555:in `block in raw_execute'
lead-manager-worker-prosody-5d8fbffd47-fphkx lead-manager D, [2025-09-23T18:47:54.488256 #1] DEBUG -- : Executing task witco.agent-events/6:3242
lead-manager-worker-prosody-5d8fbffd47-h95fk lead-manager 	from /usr/local/bundle/gems/activesupport-8.0.2/lib/active_support/notifications/instrumenter.rb:58:in `instrument'
lead-manager-worker-prosody-5d8fbffd47-h95fk lead-manager 	from /usr/local/bundle/gems/activerecord-8.0.2/lib/active_record/connection_adapters/abstract_adapter.rb:1135:in `log'
lead-manager-worker-prosody-5d8fbffd47-h95fk lead-manager 	from /usr/local/bundle/gems/activerecord-8.0.2/lib/active_record/connection_adapters/abstract/database_statements.rb:554:in `raw_execute'
lead-manager-worker-prosody-5d8fbffd47-8tpdd lead-manager 	from /usr/local/bundle/gems/activesupport-8.0.2/lib/active_support/notifications/instrumenter.rb:58:in `instrument'
lead-manager-worker-prosody-5d8fbffd47-h95fk lead-manager 	from /usr/local/bundle/gems/activerecord-8.0.2/lib/active_record/connection_adapters/abstract/database_statements.rb:591:in `internal_execute'
lead-manager-worker-prosody-5d8fbffd47-8tpdd lead-manager 	from /usr/local/bundle/gems/activerecord-8.0.2/lib/active_record/connection_adapters/abstract_adapter.rb:1135:in `log'
lead-manager-worker-prosody-5d8fbffd47-8tpdd lead-manager 	from /usr/local/bundle/gems/activerecord-8.0.2/lib/active_record/connection_adapters/abstract/database_statements.rb:554:in `raw_execute'
lead-manager-worker-prosody-5d8fbffd47-8tpdd lead-manager 	from /usr/local/bundle/gems/activerecord-8.0.2/lib/active_record/connection_adapters/abstract/database_statements.rb:591:in `internal_execute'
lead-manager-worker-prosody-5d8fbffd47-8tpdd lead-manager 	from /usr/local/bundle/gems/activerecord-8.0.2/lib/active_record/connection_adapters/abstract/database_statements.rb:547:in `internal_exec_query'
lead-manager-worker-prosody-5d8fbffd47-8tpdd lead-manager 	from /usr/local/bundle/gems/activerecord-8.0.2/lib/active_record/connection_adapters/abstract/database_statements.rb:693:in `select'
lead-manager-worker-prosody-5d8fbffd47-8tpdd lead-manager 	from /usr/local/bundle/gems/activerecord-8.0.2/lib/active_record/connection_adapters/abstract/database_statements.rb:73:in `select_all'
lead-manager-worker-prosody-5d8fbffd47-8gjtk lead-manager D, [2025-09-23T18:47:39.406981 #1] DEBUG -- : Executing task witco.lead-events/2:2116
lead-manager-worker-prosody-5d8fbffd47-8gjtk lead-manager D, [2025-09-23T18:47:39.407109 #1] DEBUG -- : Task witco.lead-events/2:2111 completed successfully
lead-manager-worker-prosody-5d8fbffd47-8gjtk lead-manager D, [2025-09-23T18:47:39.407180 #1] DEBUG -- : Executing task witco.lead-events/2:2119
lead-manager-worker-prosody-5d8fbffd47-8gjtk lead-manager D, [2025-09-23T18:47:39.407287 #1] DEBUG -- : Task witco.lead-events/2:2116 completed successfully
lead-manager-worker-prosody-5d8fbffd47-8gjtk lead-manager D, [2025-09-23T18:47:39.407668 #1] DEBUG -- : Executing task witco.lead-events/2:2125
lead-manager-worker-prosody-5d8fbffd47-8gjtk lead-manager D, [2025-09-23T18:47:39.407916 #1] DEBUG -- : Task witco.lead-events/2:2119 completed successfully
lead-manager-worker-prosody-5d8fbffd47-8gjtk lead-manager D, [2025-09-23T18:47:39.408070 #1] DEBUG -- : Task witco.lead-events/2:2125 completed successfully
lead-manager-worker-prosody-5d8fbffd47-fphkx lead-manager D, [2025-09-23T18:47:54.519629 #1] DEBUG -- : Task witco.agent-events/6:3242 completed successfully
lead-manager-worker-prosody-5d8fbffd47-fphkx lead-manager D, [2025-09-23T18:47:54.520250 #1] DEBUG -- : Executing task witco.agent-events/6:3243
lead-manager-worker-prosody-5d8fbffd47-8gjtk lead-manager D, [2025-09-23T18:47:39.408245 #1] DEBUG -- : Executing task witco.lead-events/2:2112
lead-manager-worker-prosody-5d8fbffd47-8gjtk lead-manager D, [2025-09-23T18:47:39.408410 #1] DEBUG -- : Task witco.lead-events/2:2112 completed successfully
lead-manager-worker-prosody-5d8fbffd47-8gjtk lead-manager D, [2025-09-23T18:47:39.408648 #1] DEBUG -- : Executing task witco.lead-events/2:2121
lead-manager-worker-prosody-5d8fbffd47-fphkx lead-manager D, [2025-09-23T18:47:54.548565 #1] DEBUG -- : Task witco.agent-events/6:3243 completed successfully
lead-manager-worker-prosody-5d8fbffd47-8gjtk lead-manager D, [2025-09-23T18:47:39.408777 #1] DEBUG -- : Task witco.lead-events/2:2121 completed successfully
lead-manager-worker-prosody-5d8fbffd47-8tpdd lead-manager 	from /usr/local/bundle/gems/activerecord-8.0.2/lib/active_record/connection_adapters/abstract/query_cache.rb:251:in `select_all'
lead-manager-worker-prosody-5d8fbffd47-8gjtk lead-manager D, [2025-09-23T18:47:39.410015 #1] DEBUG -- : Executing task witco.lead-events/2:2122
lead-manager-worker-prosody-5d8fbffd47-h95fk lead-manager 	from /usr/local/bundle/gems/activerecord-8.0.2/lib/active_record/connection_adapters/abstract/database_statements.rb:547:in `internal_exec_query'
lead-manager-worker-prosody-5d8fbffd47-h95fk lead-manager 	from /usr/local/bundle/gems/activerecord-8.0.2/lib/active_record/connection_adapters/abstract/database_statements.rb:693:in `select'
lead-manager-worker-prosody-5d8fbffd47-8gjtk lead-manager D, [2025-09-23T18:47:39.410189 #1] DEBUG -- : Task witco.lead-events/2:2122 completed successfully
lead-manager-worker-prosody-5d8fbffd47-8gjtk lead-manager D, [2025-09-23T18:47:39.817742 #1] DEBUG -- : Executing task witco.lead-events/2:2192
lead-manager-worker-prosody-5d8fbffd47-8gjtk lead-manager D, [2025-09-23T18:47:39.818057 #1] DEBUG -- : Task witco.lead-events/2:2192 completed successfully
lead-manager-worker-prosody-5d8fbffd47-8gjtk lead-manager D, [2025-09-23T18:47:39.818878 #1] DEBUG -- : Executing task witco.lead-events/2:2193
lead-manager-worker-prosody-5d8fbffd47-fphkx lead-manager D, [2025-09-23T18:47:54.548842 #1] DEBUG -- : Executing task witco.agent-events/6:3244
lead-manager-worker-prosody-5d8fbffd47-fphkx lead-manager D, [2025-09-23T18:47:54.573116 #1] DEBUG -- : Task witco.agent-events/6:3244 completed successfully
lead-manager-worker-prosody-5d8fbffd47-8gjtk lead-manager D, [2025-09-23T18:47:39.819539 #1] DEBUG -- : Task witco.lead-events/2:2193 completed successfully
lead-manager-worker-prosody-5d8fbffd47-8gjtk lead-manager D, [2025-09-23T18:47:39.822475 #1] DEBUG -- : Executing task witco.lead-events/2:2194
lead-manager-worker-prosody-5d8fbffd47-fphkx lead-manager D, [2025-09-23T18:47:54.576977 #1] DEBUG -- : Executing task witco.agent-events/6:3245
lead-manager-worker-prosody-5d8fbffd47-8gjtk lead-manager D, [2025-09-23T18:47:39.823246 #1] DEBUG -- : Executing task witco.lead-events/6:1482
lead-manager-worker-prosody-5d8fbffd47-fphkx lead-manager D, [2025-09-23T18:47:54.611474 #1] DEBUG -- : Task witco.agent-events/6:3245 completed successfully
lead-manager-worker-prosody-5d8fbffd47-fphkx lead-manager D, [2025-09-23T18:47:54.612048 #1] DEBUG -- : Executing task witco.agent-events/6:3246
lead-manager-worker-prosody-5d8fbffd47-fphkx lead-manager D, [2025-09-23T18:47:54.644990 #1] DEBUG -- : Task witco.agent-events/6:3246 completed successfully
lead-manager-worker-prosody-5d8fbffd47-8tpdd lead-manager 	from /usr/local/bundle/gems/activerecord-8.0.2/lib/active_record/connection_adapters/mysql2/database_statements.rb:12:in `select_all'
lead-manager-worker-prosody-5d8fbffd47-8tpdd lead-manager 	from /usr/local/bundle/gems/activerecord-8.0.2/lib/active_record/querying.rb:68:in `_query_by_sql'
lead-manager-worker-prosody-5d8fbffd47-8gjtk lead-manager D, [2025-09-23T18:47:39.823373 #1] DEBUG -- : Task witco.lead-events/2:2194 completed successfully
lead-manager-worker-prosody-5d8fbffd47-8tpdd lead-manager 	from /usr/local/bundle/gems/activerecord-8.0.2/lib/active_record/querying.rb:53:in `block in find_by_sql'
lead-manager-worker-prosody-5d8fbffd47-fphkx lead-manager D, [2025-09-23T18:47:54.645445 #1] DEBUG -- : Executing task witco.agent-events/6:3247
lead-manager-worker-prosody-5d8fbffd47-8tpdd lead-manager 	from /usr/local/bundle/gems/activerecord-8.0.2/lib/active_record/connection_adapters/abstract/connection_pool.rb:412:in `with_connection'
lead-manager-worker-prosody-5d8fbffd47-8tpdd lead-manager 	from /usr/local/bundle/gems/activerecord-8.0.2/lib/active_record/connection_handling.rb:310:in `with_connection'
lead-manager-worker-prosody-5d8fbffd47-8tpdd lead-manager 	from /usr/local/bundle/gems/activerecord-8.0.2/lib/active_record/querying.rb:52:in `find_by_sql'
lead-manager-worker-prosody-5d8fbffd47-8tpdd lead-manager 	from /usr/local/bundle/gems/activerecord-8.0.2/lib/active_record/statement_cache.rb:152:in `execute'
lead-manager-worker-prosody-5d8fbffd47-8tpdd lead-manager 	from /usr/local/bundle/gems/activerecord-8.0.2/lib/active_record/core.rb:454:in `block in cached_find_by'
lead-manager-worker-prosody-5d8fbffd47-8tpdd lead-manager 	from /usr/local/bundle/gems/activerecord-8.0.2/lib/active_record/connection_adapters/abstract/connection_pool.rb:412:in `with_connection'
lead-manager-worker-prosody-5d8fbffd47-8tpdd lead-manager 	from /usr/local/bundle/gems/activerecord-8.0.2/lib/active_record/connection_handling.rb:310:in `with_connection'
lead-manager-worker-prosody-5d8fbffd47-fphkx lead-manager D, [2025-09-23T18:47:54.677972 #1] DEBUG -- : Task witco.agent-events/6:3247 completed successfully
lead-manager-worker-prosody-5d8fbffd47-fphkx lead-manager D, [2025-09-23T18:47:55.355030 #1] DEBUG -- : Executing task witco.agent-events/6:3248
lead-manager-worker-prosody-5d8fbffd47-8tpdd lead-manager 	from /usr/local/bundle/gems/activerecord-8.0.2/lib/active_record/core.rb:442:in `cached_find_by'
lead-manager-worker-prosody-5d8fbffd47-fphkx lead-manager D, [2025-09-23T18:47:55.391600 #1] DEBUG -- : Task witco.agent-events/6:3248 completed successfully
lead-manager-worker-prosody-5d8fbffd47-fphkx lead-manager D, [2025-09-23T18:47:55.392732 #1] DEBUG -- : Executing task witco.agent-events/6:3249
lead-manager-worker-prosody-5d8fbffd47-fphkx lead-manager D, [2025-09-23T18:47:55.416762 #1] DEBUG -- : Task witco.agent-events/6:3249 completed successfully
lead-manager-worker-prosody-5d8fbffd47-fphkx lead-manager D, [2025-09-23T18:47:55.418098 #1] DEBUG -- : Executing task witco.agent-events/6:3250
lead-manager-worker-prosody-5d8fbffd47-fphkx lead-manager D, [2025-09-23T18:47:55.442569 #1] DEBUG -- : Task witco.agent-events/6:3250 completed successfully
lead-manager-worker-prosody-5d8fbffd47-8gjtk lead-manager D, [2025-09-23T18:47:39.823442 #1] DEBUG -- : Executing task witco.lead-events/6:1483
lead-manager-worker-prosody-5d8fbffd47-8gjtk lead-manager D, [2025-09-23T18:47:39.823576 #1] DEBUG -- : Task witco.lead-events/6:1482 completed successfully
lead-manager-worker-prosody-5d8fbffd47-fphkx lead-manager D, [2025-09-23T18:47:55.443113 #1] DEBUG -- : Executing task witco.agent-events/6:3251
lead-manager-worker-prosody-5d8fbffd47-fphkx lead-manager D, [2025-09-23T18:47:55.483213 #1] DEBUG -- : Task witco.agent-events/6:3251 completed successfully
lead-manager-worker-prosody-5d8fbffd47-fphkx lead-manager D, [2025-09-23T18:47:55.483668 #1] DEBUG -- : Executing task witco.agent-events/6:3252
lead-manager-worker-prosody-5d8fbffd47-fphkx lead-manager D, [2025-09-23T18:47:55.520344 #1] DEBUG -- : Task witco.agent-events/6:3252 completed successfully
lead-manager-worker-prosody-5d8fbffd47-fphkx lead-manager D, [2025-09-23T18:47:55.520815 #1] DEBUG -- : Executing task witco.agent-events/6:3253
lead-manager-worker-prosody-5d8fbffd47-8gjtk lead-manager D, [2025-09-23T18:47:39.824667 #1] DEBUG -- : Executing task witco.lead-events/6:1487
lead-manager-worker-prosody-5d8fbffd47-8gjtk lead-manager D, [2025-09-23T18:47:39.824846 #1] DEBUG -- : Task witco.lead-events/6:1483 completed successfully
lead-manager-worker-prosody-5d8fbffd47-8gjtk lead-manager D, [2025-09-23T18:47:39.824986 #1] DEBUG -- : Task witco.lead-events/6:1487 completed successfully
lead-manager-worker-prosody-5d8fbffd47-8gjtk lead-manager D, [2025-09-23T18:47:39.825217 #1] DEBUG -- : Executing task witco.lead-events/6:1484
lead-manager-worker-prosody-5d8fbffd47-8gjtk lead-manager D, [2025-09-23T18:47:39.825377 #1] DEBUG -- : Executing task witco.lead-events/6:1488
lead-manager-worker-prosody-5d8fbffd47-8gjtk lead-manager D, [2025-09-23T18:47:39.825502 #1] DEBUG -- : Task witco.lead-events/6:1484 completed successfully
lead-manager-worker-prosody-5d8fbffd47-fphkx lead-manager D, [2025-09-23T18:47:55.555773 #1] DEBUG -- : Task witco.agent-events/6:3253 completed successfully
lead-manager-worker-prosody-5d8fbffd47-8gjtk lead-manager D, [2025-09-23T18:47:39.825612 #1] DEBUG -- : Task witco.lead-events/6:1488 completed successfully
lead-manager-worker-prosody-5d8fbffd47-8gjtk lead-manager D, [2025-09-23T18:47:39.826780 #1] DEBUG -- : Executing task witco.lead-events/6:1485
lead-manager-worker-prosody-5d8fbffd47-8tpdd lead-manager 	from /usr/local/bundle/gems/activerecord-8.0.2/lib/active_record/core.rb:327:in `find_by'
lead-manager-worker-prosody-5d8fbffd47-8gjtk lead-manager D, [2025-09-23T18:47:39.826879 #1] DEBUG -- : Executing task witco.lead-events/6:1489
lead-manager-worker-prosody-5d8fbffd47-8tpdd lead-manager 	from /usr/src/app/services/prosody_handlers/crm_agent_asserted.rb:5:in `perform'
lead-manager-worker-prosody-5d8fbffd47-8tpdd lead-manager 	from /usr/src/app/services/prosody_handler.rb:9:in `on_message'
lead-manager-worker-prosody-5d8fbffd47-8tpdd lead-manager 	from /usr/local/bundle/gems/prosody-1.1.1-x86_64-linux/lib/prosody/processor.rb:281:in `block (2 levels) in start_worker'
lead-manager-worker-prosody-5d8fbffd47-8gjtk lead-manager D, [2025-09-23T18:47:39.826988 #1] DEBUG -- : Task witco.lead-events/6:1485 completed successfully
lead-manager-worker-prosody-5d8fbffd47-8tpdd lead-manager 	from /usr/local/bundle/gems/opentelemetry-api-1.7.0/lib/opentelemetry/trace.rb:70:in `block in with_span'
lead-manager-worker-prosody-5d8fbffd47-8tpdd lead-manager 	from /usr/local/bundle/gems/opentelemetry-api-1.7.0/lib/opentelemetry/context.rb:88:in `with_value'
lead-manager-worker-prosody-5d8fbffd47-8tpdd lead-manager 	from /usr/local/bundle/gems/opentelemetry-api-1.7.0/lib/opentelemetry/trace.rb:70:in `with_span'
lead-manager-worker-prosody-5d8fbffd47-8tpdd lead-manager 	from /usr/local/bundle/gems/prosody-1.1.1-x86_64-linux/lib/prosody/processor.rb:279:in `block in start_worker'
lead-manager-worker-prosody-5d8fbffd47-8tpdd lead-manager 	from /usr/local/bundle/gems/async-2.32.0/lib/async/task.rb:207:in `block in run'
lead-manager-worker-prosody-5d8fbffd47-fphkx lead-manager D, [2025-09-23T18:47:55.556089 #1] DEBUG -- : Executing task witco.agent-events/6:3254
lead-manager-worker-prosody-5d8fbffd47-8tpdd lead-manager 	from /usr/local/bundle/gems/async-2.32.0/lib/async/task.rb:452:in `block in schedule'
lead-manager-worker-prosody-5d8fbffd47-fphkx lead-manager D, [2025-09-23T18:47:55.585280 #1] DEBUG -- : Task witco.agent-events/6:3254 completed successfully
lead-manager-worker-prosody-5d8fbffd47-8tpdd lead-manager ; retrying after 13ms module=prosody::consumer::failure::retry line=342 partition=0 key=realgeeks:77981 offset=1 attempt=1 topic=realgeeks.lead-manager.agent-events
lead-manager-worker-prosody-5d8fbffd47-fphkx lead-manager D, [2025-09-23T18:47:55.585777 #1] DEBUG -- : Executing task witco.agent-events/6:3255
lead-manager-worker-prosody-5d8fbffd47-fphkx lead-manager D, [2025-09-23T18:47:55.619561 #1] DEBUG -- : Task witco.agent-events/6:3255 completed successfully
lead-manager-worker-prosody-5d8fbffd47-8tpdd lead-manager E, [2025-09-23T18:47:51.906852 #1] ERROR -- : Error executing task realgeeks.lead-manager.agent-events/0:3: Mysql2::Error: This connection is in use by: #<Fiber:0x00007fc520778638 /usr/local/bundle/gems/async-2.32.0/lib/async/task.rb:450 (suspended)>
lead-manager-worker-prosody-5d8fbffd47-8tpdd lead-manager E, [2025-09-23T18:47:51.907153 #1] ERROR -- : failed to handle message: handler error: transient error: /usr/local/bundle/gems/mysql2-0.5.5/lib/mysql2/client.rb:151:in `_query': Mysql2::Error: This connection is in use by: #<Fiber:0x00007fc520778638 /usr/local/bundle/gems/async-2.32.0/lib/async/task.rb:450 (suspended)> (ActiveRecord::StatementInvalid)
lead-manager-worker-prosody-5d8fbffd47-8tpdd lead-manager 	from /usr/local/bundle/gems/mysql2-0.5.5/lib/mysql2/client.rb:151:in `block in query'
lead-manager-worker-prosody-5d8fbffd47-fphkx lead-manager I, [2025-09-23T18:47:57.263331 #1]  INFO -- : revoking realgeeks.lead-manager.agent-events:4 module=prosody::consumer::kafka_context line=189
lead-manager-worker-prosody-5d8fbffd47-fphkx lead-manager I, [2025-09-23T18:47:57.263446 #1]  INFO -- : revoking realgeeks.lead-manager.crm-events:2 module=prosody::consumer::kafka_context line=189
lead-manager-worker-prosody-5d8fbffd47-8gjtk lead-manager D, [2025-09-23T18:47:39.828292 #1] DEBUG -- : Task witco.lead-events/6:1489 completed successfully
lead-manager-worker-prosody-5d8fbffd47-8gjtk lead-manager D, [2025-09-23T18:47:39.828568 #1] DEBUG -- : Executing task witco.lead-events/6:1486
lead-manager-worker-prosody-5d8fbffd47-8gjtk lead-manager D, [2025-09-23T18:47:39.834053 #1] DEBUG -- : Task witco.lead-events/6:1486 completed successfully
lead-manager-worker-prosody-5d8fbffd47-8gjtk lead-manager D, [2025-09-23T18:47:39.834527 #1] DEBUG -- : Executing task witco.lead-events/6:1490
lead-manager-worker-prosody-5d8fbffd47-8tpdd lead-manager 	from /usr/local/bundle/gems/mysql2-0.5.5/lib/mysql2/client.rb:150:in `handle_interrupt'
lead-manager-worker-prosody-5d8fbffd47-8tpdd lead-manager 	from /usr/local/bundle/gems/mysql2-0.5.5/lib/mysql2/client.rb:150:in `query'
lead-manager-worker-prosody-5d8fbffd47-8tpdd lead-manager 	from /usr/local/bundle/gems/prometheus_exporter-2.1.0/lib/prometheus_exporter/instrumentation/method_profiler.rb:80:in `query'
lead-manager-worker-prosody-5d8fbffd47-8gjtk lead-manager D, [2025-09-23T18:47:39.835245 #1] DEBUG -- : Task witco.lead-events/6:1490 completed successfully
lead-manager-worker-prosody-5d8fbffd47-8gjtk lead-manager D, [2025-09-23T18:47:39.835537 #1] DEBUG -- : Executing task witco.lead-events/6:1491
lead-manager-worker-prosody-5d8fbffd47-8gjtk lead-manager D, [2025-09-23T18:47:39.836282 #1] DEBUG -- : Task witco.lead-events/6:1491 completed successfully
lead-manager-worker-prosody-5d8fbffd47-8tpdd lead-manager 	from /usr/local/bundle/gems/activerecord-8.0.2/lib/active_record/connection_adapters/mysql2/database_statements.rb:54:in `block in perform_query'
lead-manager-worker-prosody-5d8fbffd47-8gjtk lead-manager D, [2025-09-23T18:47:39.836548 #1] DEBUG -- : Executing task witco.lead-events/6:1492
lead-manager-worker-prosody-5d8fbffd47-8tpdd lead-manager 	from /usr/local/bundle/gems/activesupport-8.0.2/lib/active_support/concurrency/share_lock.rb:186:in `yield_shares'
lead-manager-worker-prosody-5d8fbffd47-8tpdd lead-manager 	from /usr/local/bundle/gems/activesupport-8.0.2/lib/active_support/dependencies/interlock.rb:41:in `permit_concurrent_loads'
lead-manager-worker-prosody-5d8fbffd47-8tpdd lead-manager 	from /usr/local/bundle/gems/activerecord-8.0.2/lib/active_record/connection_adapters/mysql2/database_statements.rb:53:in `perform_query'
lead-manager-worker-prosody-5d8fbffd47-8tpdd lead-manager 	from /usr/local/bundle/gems/activerecord-8.0.2/lib/active_record/connection_adapters/abstract/database_statements.rb:556:in `block (2 levels) in raw_execute'
lead-manager-worker-prosody-5d8fbffd47-8tpdd lead-manager 	from /usr/local/bundle/gems/activerecord-8.0.2/lib/active_record/connection_adapters/abstract_adapter.rb:1015:in `block in with_raw_connection'
lead-manager-worker-prosody-5d8fbffd47-8gjtk lead-manager D, [2025-09-23T18:47:39.836691 #1] DEBUG -- : Task witco.lead-events/6:1492 completed successfully
lead-manager-worker-prosody-5d8fbffd47-8gjtk lead-manager D, [2025-09-23T18:47:39.836868 #1] DEBUG -- : Executing task witco.lead-events/6:1493
lead-manager-worker-prosody-5d8fbffd47-8gjtk lead-manager D, [2025-09-23T18:47:39.837214 #1] DEBUG -- : Task witco.lead-events/6:1493 completed successfully
lead-manager-worker-prosody-5d8fbffd47-8tpdd lead-manager 	from /usr/local/bundle/gems/activesupport-8.0.2/lib/active_support/concurrency/null_lock.rb:9:in `synchronize'
lead-manager-worker-prosody-5d8fbffd47-8tpdd lead-manager 	from /usr/local/bundle/gems/activerecord-8.0.2/lib/active_record/connection_adapters/abstract_adapter.rb:984:in `with_raw_connection'
lead-manager-worker-prosody-5d8fbffd47-8gjtk lead-manager D, [2025-09-23T18:47:39.837434 #1] DEBUG -- : Executing task witco.lead-events/6:1494
lead-manager-worker-prosody-5d8fbffd47-8gjtk lead-manager D, [2025-09-23T18:47:39.837924 #1] DEBUG -- : Task witco.lead-events/6:1494 completed successfully
lead-manager-worker-prosody-5d8fbffd47-8gjtk lead-manager D, [2025-09-23T18:47:39.838914 #1] DEBUG -- : Executing task witco.lead-events/6:1495
lead-manager-worker-prosody-5d8fbffd47-8tpdd lead-manager 	from /usr/local/bundle/gems/activerecord-8.0.2/lib/active_record/connection_adapters/abstract/database_statements.rb:555:in `block in raw_execute'
lead-manager-worker-prosody-5d8fbffd47-8gjtk lead-manager D, [2025-09-23T18:47:39.839053 #1] DEBUG -- : Task witco.lead-events/6:1495 completed successfully
lead-manager-worker-prosody-5d8fbffd47-8gjtk lead-manager D, [2025-09-23T18:47:39.839172 #1] DEBUG -- : Executing task witco.lead-events/6:1496
lead-manager-worker-prosody-5d8fbffd47-8gjtk lead-manager D, [2025-09-23T18:47:39.839269 #1] DEBUG -- : Task witco.lead-events/6:1496 completed successfully
lead-manager-worker-prosody-5d8fbffd47-h95fk lead-manager 	from /usr/local/bundle/gems/activerecord-8.0.2/lib/active_record/connection_adapters/abstract/database_statements.rb:73:in `select_all'
lead-manager-worker-prosody-5d8fbffd47-h95fk lead-manager 	from /usr/local/bundle/gems/activerecord-8.0.2/lib/active_record/connection_adapters/abstract/query_cache.rb:251:in `select_all'
lead-manager-worker-prosody-5d8fbffd47-h95fk lead-manager 	from /usr/local/bundle/gems/activerecord-8.0.2/lib/active_record/connection_adapters/mysql2/database_statements.rb:12:in `select_all'
lead-manager-worker-prosody-5d8fbffd47-h95fk lead-manager 	from /usr/local/bundle/gems/activerecord-8.0.2/lib/active_record/querying.rb:68:in `_query_by_sql'
lead-manager-worker-prosody-5d8fbffd47-h95fk lead-manager 	from /usr/local/bundle/gems/activerecord-8.0.2/lib/active_record/querying.rb:53:in `block in find_by_sql'
lead-manager-worker-prosody-5d8fbffd47-h95fk lead-manager 	from /usr/local/bundle/gems/activerecord-8.0.2/lib/active_record/connection_adapters/abstract/connection_pool.rb:412:in `with_connection'
lead-manager-worker-prosody-5d8fbffd47-h95fk lead-manager 	from /usr/local/bundle/gems/activerecord-8.0.2/lib/active_record/connection_handling.rb:310:in `with_connection'
lead-manager-worker-prosody-5d8fbffd47-h95fk lead-manager 	from /usr/local/bundle/gems/activerecord-8.0.2/lib/active_record/querying.rb:52:in `find_by_sql'
lead-manager-worker-prosody-5d8fbffd47-h95fk lead-manager 	from /usr/local/bundle/gems/activerecord-8.0.2/lib/active_record/statement_cache.rb:152:in `execute'
lead-manager-worker-prosody-5d8fbffd47-h95fk lead-manager 	from /usr/local/bundle/gems/activerecord-8.0.2/lib/active_record/core.rb:454:in `block in cached_find_by'
lead-manager-worker-prosody-5d8fbffd47-h95fk lead-manager 	from /usr/local/bundle/gems/activerecord-8.0.2/lib/active_record/connection_adapters/abstract/connection_pool.rb:412:in `with_connection'
lead-manager-worker-prosody-5d8fbffd47-h95fk lead-manager 	from /usr/local/bundle/gems/activerecord-8.0.2/lib/active_record/connection_handling.rb:310:in `with_connection'
lead-manager-worker-prosody-5d8fbffd47-h95fk lead-manager 	from /usr/local/bundle/gems/activerecord-8.0.2/lib/active_record/core.rb:442:in `cached_find_by'
lead-manager-worker-prosody-5d8fbffd47-h95fk lead-manager 	from /usr/local/bundle/gems/activerecord-8.0.2/lib/active_record/core.rb:327:in `find_by'
lead-manager-worker-prosody-5d8fbffd47-h95fk lead-manager 	from /usr/src/app/services/prosody_handlers/crm_agent_asserted.rb:5:in `perform'
lead-manager-worker-prosody-5d8fbffd47-h95fk lead-manager 	from /usr/src/app/services/prosody_handler.rb:9:in `on_message'
lead-manager-worker-prosody-5d8fbffd47-h95fk lead-manager 	from /usr/local/bundle/gems/prosody-1.1.1-x86_64-linux/lib/prosody/processor.rb:281:in `block (2 levels) in start_worker'
lead-manager-worker-prosody-5d8fbffd47-8tpdd lead-manager 	from /usr/local/bundle/gems/activesupport-8.0.2/lib/active_support/notifications/instrumenter.rb:58:in `instrument'
lead-manager-worker-prosody-5d8fbffd47-8tpdd lead-manager 	from /usr/local/bundle/gems/activerecord-8.0.2/lib/active_record/connection_adapters/abstract_adapter.rb:1135:in `log'
lead-manager-worker-prosody-5d8fbffd47-8tpdd lead-manager 	from /usr/local/bundle/gems/activerecord-8.0.2/lib/active_record/connection_adapters/abstract/database_statements.rb:554:in `raw_execute'
lead-manager-worker-prosody-5d8fbffd47-8tpdd lead-manager 	from /usr/local/bundle/gems/activerecord-8.0.2/lib/active_record/connection_adapters/abstract/database_statements.rb:591:in `internal_execute'
lead-manager-worker-prosody-5d8fbffd47-h95fk lead-manager 	from /usr/local/bundle/gems/opentelemetry-api-1.7.0/lib/opentelemetry/trace.rb:70:in `block in with_span'
lead-manager-worker-prosody-5d8fbffd47-h95fk lead-manager 	from /usr/local/bundle/gems/opentelemetry-api-1.7.0/lib/opentelemetry/context.rb:88:in `with_value'
lead-manager-worker-prosody-5d8fbffd47-8tpdd lead-manager 	from /usr/local/bundle/gems/activerecord-8.0.2/lib/active_record/connection_adapters/abstract/database_statements.rb:547:in `internal_exec_query'
lead-manager-worker-prosody-5d8fbffd47-8tpdd lead-manager 	from /usr/local/bundle/gems/activerecord-8.0.2/lib/active_record/connection_adapters/abstract/database_statements.rb:693:in `select'
lead-manager-worker-prosody-5d8fbffd47-8tpdd lead-manager 	from /usr/local/bundle/gems/activerecord-8.0.2/lib/active_record/connection_adapters/abstract/database_statements.rb:73:in `select_all'
lead-manager-worker-prosody-5d8fbffd47-8tpdd lead-manager 	from /usr/local/bundle/gems/activerecord-8.0.2/lib/active_record/connection_adapters/abstract/query_cache.rb:251:in `select_all'
lead-manager-worker-prosody-5d8fbffd47-8tpdd lead-manager 	from /usr/local/bundle/gems/activerecord-8.0.2/lib/active_record/connection_adapters/mysql2/database_statements.rb:12:in `select_all'
lead-manager-worker-prosody-5d8fbffd47-8tpdd lead-manager 	from /usr/local/bundle/gems/activerecord-8.0.2/lib/active_record/querying.rb:68:in `_query_by_sql'
lead-manager-worker-prosody-5d8fbffd47-8tpdd lead-manager 	from /usr/local/bundle/gems/activerecord-8.0.2/lib/active_record/querying.rb:53:in `block in find_by_sql'
lead-manager-worker-prosody-5d8fbffd47-8tpdd lead-manager 	from /usr/local/bundle/gems/activerecord-8.0.2/lib/active_record/connection_adapters/abstract/connection_pool.rb:412:in `with_connection'
lead-manager-worker-prosody-5d8fbffd47-8tpdd lead-manager 	from /usr/local/bundle/gems/activerecord-8.0.2/lib/active_record/connection_handling.rb:310:in `with_connection'
lead-manager-worker-prosody-5d8fbffd47-8tpdd lead-manager 	from /usr/local/bundle/gems/activerecord-8.0.2/lib/active_record/querying.rb:52:in `find_by_sql'
lead-manager-worker-prosody-5d8fbffd47-8tpdd lead-manager 	from /usr/local/bundle/gems/activerecord-8.0.2/lib/active_record/statement_cache.rb:152:in `execute'
lead-manager-worker-prosody-5d8fbffd47-8tpdd lead-manager 	from /usr/local/bundle/gems/activerecord-8.0.2/lib/active_record/core.rb:454:in `block in cached_find_by'
lead-manager-worker-prosody-5d8fbffd47-8tpdd lead-manager 	from /usr/local/bundle/gems/activerecord-8.0.2/lib/active_record/connection_adapters/abstract/connection_pool.rb:412:in `with_connection'
lead-manager-worker-prosody-5d8fbffd47-8tpdd lead-manager 	from /usr/local/bundle/gems/activerecord-8.0.2/lib/active_record/connection_handling.rb:310:in `with_connection'
lead-manager-worker-prosody-5d8fbffd47-8tpdd lead-manager 	from /usr/local/bundle/gems/activerecord-8.0.2/lib/active_record/core.rb:442:in `cached_find_by'
lead-manager-worker-prosody-5d8fbffd47-8tpdd lead-manager 	from /usr/local/bundle/gems/activerecord-8.0.2/lib/active_record/core.rb:327:in `find_by'
lead-manager-worker-prosody-5d8fbffd47-8tpdd lead-manager 	from /usr/src/app/services/prosody_handlers/crm_agent_asserted.rb:5:in `perform'
lead-manager-worker-prosody-5d8fbffd47-8tpdd lead-manager 	from /usr/src/app/services/prosody_handler.rb:9:in `on_message'
lead-manager-worker-prosody-5d8fbffd47-8tpdd lead-manager 	from /usr/local/bundle/gems/prosody-1.1.1-x86_64-linux/lib/prosody/processor.rb:281:in `block (2 levels) in start_worker'
lead-manager-worker-prosody-5d8fbffd47-8tpdd lead-manager 	from /usr/local/bundle/gems/opentelemetry-api-1.7.0/lib/opentelemetry/trace.rb:70:in `block in with_span'
lead-manager-worker-prosody-5d8fbffd47-8tpdd lead-manager 	from /usr/local/bundle/gems/opentelemetry-api-1.7.0/lib/opentelemetry/context.rb:88:in `with_value'
lead-manager-worker-prosody-5d8fbffd47-8tpdd lead-manager 	from /usr/local/bundle/gems/opentelemetry-api-1.7.0/lib/opentelemetry/trace.rb:70:in `with_span'
lead-manager-worker-prosody-5d8fbffd47-8tpdd lead-manager 	from /usr/local/bundle/gems/prosody-1.1.1-x86_64-linux/lib/prosody/processor.rb:279:in `block in start_worker'
lead-manager-worker-prosody-5d8fbffd47-8tpdd lead-manager 	from /usr/local/bundle/gems/async-2.32.0/lib/async/task.rb:207:in `block in run'
lead-manager-worker-prosody-5d8fbffd47-8tpdd lead-manager 	from /usr/local/bundle/gems/async-2.32.0/lib/async/task.rb:452:in `block in schedule'
lead-manager-worker-prosody-5d8fbffd47-8tpdd lead-manager /usr/local/bundle/gems/mysql2-0.5.5/lib/mysql2/client.rb:151:in `_query': This connection is in use by: #<Fiber:0x00007fc520778638 /usr/local/bundle/gems/async-2.32.0/lib/async/task.rb:450 (suspended)> (Mysql2::Error)
lead-manager-worker-prosody-5d8fbffd47-8tpdd lead-manager 	from /usr/local/bundle/gems/mysql2-0.5.5/lib/mysql2/client.rb:151:in `block in query'
lead-manager-worker-prosody-5d8fbffd47-8tpdd lead-manager 	from /usr/local/bundle/gems/mysql2-0.5.5/lib/mysql2/client.rb:150:in `handle_interrupt'
lead-manager-worker-prosody-5d8fbffd47-8tpdd lead-manager 	from /usr/local/bundle/gems/mysql2-0.5.5/lib/mysql2/client.rb:150:in `query'
lead-manager-worker-prosody-5d8fbffd47-8tpdd lead-manager 	from /usr/local/bundle/gems/prometheus_exporter-2.1.0/lib/prometheus_exporter/instrumentation/method_profiler.rb:80:in `query'
lead-manager-worker-prosody-5d8fbffd47-8tpdd lead-manager 	from /usr/local/bundle/gems/activerecord-8.0.2/lib/active_record/connection_adapters/mysql2/database_statements.rb:54:in `block in perform_query'
lead-manager-worker-prosody-5d8fbffd47-8tpdd lead-manager 	from /usr/local/bundle/gems/activesupport-8.0.2/lib/active_support/concurrency/share_lock.rb:186:in `yield_shares'
lead-manager-worker-prosody-5d8fbffd47-8tpdd lead-manager 	from /usr/local/bundle/gems/activesupport-8.0.2/lib/active_support/dependencies/interlock.rb:41:in `permit_concurrent_loads'
lead-manager-worker-prosody-5d8fbffd47-8tpdd lead-manager 	from /usr/local/bundle/gems/activerecord-8.0.2/lib/active_record/connection_adapters/mysql2/database_statements.rb:53:in `perform_query'
lead-manager-worker-prosody-5d8fbffd47-8tpdd lead-manager 	from /usr/local/bundle/gems/activerecord-8.0.2/lib/active_record/connection_adapters/abstract/database_statements.rb:556:in `block (2 levels) in raw_execute'
lead-manager-worker-prosody-5d8fbffd47-8tpdd lead-manager 	from /usr/local/bundle/gems/activerecord-8.0.2/lib/active_record/connection_adapters/abstract_adapter.rb:1015:in `block in with_raw_connection'
lead-manager-worker-prosody-5d8fbffd47-8tpdd lead-manager 	from /usr/local/bundle/gems/activesupport-8.0.2/lib/active_support/concurrency/null_lock.rb:9:in `synchronize'
lead-manager-worker-prosody-5d8fbffd47-8tpdd lead-manager 	from /usr/local/bundle/gems/activerecord-8.0.2/lib/active_record/connection_adapters/abstract_adapter.rb:984:in `with_raw_connection'
lead-manager-worker-prosody-5d8fbffd47-8tpdd lead-manager 	from /usr/local/bundle/gems/activerecord-8.0.2/lib/active_record/connection_adapters/abstract/database_statements.rb:555:in `block in raw_execute'
lead-manager-worker-prosody-5d8fbffd47-8tpdd lead-manager 	from /usr/local/bundle/gems/activesupport-8.0.2/lib/active_support/notifications/instrumenter.rb:58:in `instrument'
lead-manager-worker-prosody-5d8fbffd47-8tpdd lead-manager 	from /usr/local/bundle/gems/activerecord-8.0.2/lib/active_record/connection_adapters/abstract_adapter.rb:1135:in `log'
lead-manager-worker-prosody-5d8fbffd47-8tpdd lead-manager 	from /usr/local/bundle/gems/activerecord-8.0.2/lib/active_record/connection_adapters/abstract/database_statements.rb:554:in `raw_execute'
lead-manager-worker-prosody-5d8fbffd47-8tpdd lead-manager 	from /usr/local/bundle/gems/activerecord-8.0.2/lib/active_record/connection_adapters/abstract/database_statements.rb:591:in `internal_execute'
lead-manager-worker-prosody-5d8fbffd47-8tpdd lead-manager 	from /usr/local/bundle/gems/activerecord-8.0.2/lib/active_record/connection_adapters/abstract/database_statements.rb:547:in `internal_exec_query'
lead-manager-worker-prosody-5d8fbffd47-8tpdd lead-manager 	from /usr/local/bundle/gems/activerecord-8.0.2/lib/active_record/connection_adapters/abstract/database_statements.rb:693:in `select'
lead-manager-worker-prosody-5d8fbffd47-8tpdd lead-manager 	from /usr/local/bundle/gems/activerecord-8.0.2/lib/active_record/connection_adapters/abstract/database_statements.rb:73:in `select_all'
lead-manager-worker-prosody-5d8fbffd47-8tpdd lead-manager 	from /usr/local/bundle/gems/activerecord-8.0.2/lib/active_record/connection_adapters/abstract/query_cache.rb:251:in `select_all'
lead-manager-worker-prosody-5d8fbffd47-8tpdd lead-manager 	from /usr/local/bundle/gems/activerecord-8.0.2/lib/active_record/connection_adapters/mysql2/database_statements.rb:12:in `select_all'
lead-manager-worker-prosody-5d8fbffd47-8tpdd lead-manager 	from /usr/local/bundle/gems/activerecord-8.0.2/lib/active_record/querying.rb:68:in `_query_by_sql'
lead-manager-worker-prosody-5d8fbffd47-8tpdd lead-manager 	from /usr/local/bundle/gems/activerecord-8.0.2/lib/active_record/querying.rb:53:in `block in find_by_sql'
lead-manager-worker-prosody-5d8fbffd47-8tpdd lead-manager 	from /usr/local/bundle/gems/activerecord-8.0.2/lib/active_record/connection_adapters/abstract/connection_pool.rb:412:in `with_connection'
lead-manager-worker-prosody-5d8fbffd47-8tpdd lead-manager 	from /usr/local/bundle/gems/activerecord-8.0.2/lib/active_record/connection_handling.rb:310:in `with_connection'
lead-manager-worker-prosody-5d8fbffd47-8tpdd lead-manager 	from /usr/local/bundle/gems/activerecord-8.0.2/lib/active_record/querying.rb:52:in `find_by_sql'
lead-manager-worker-prosody-5d8fbffd47-8tpdd lead-manager 	from /usr/local/bundle/gems/activerecord-8.0.2/lib/active_record/statement_cache.rb:152:in `execute'
lead-manager-worker-prosody-5d8fbffd47-8tpdd lead-manager 	from /usr/local/bundle/gems/activerecord-8.0.2/lib/active_record/core.rb:454:in `block in cached_find_by'
lead-manager-worker-prosody-5d8fbffd47-8tpdd lead-manager 	from /usr/local/bundle/gems/activerecord-8.0.2/lib/active_record/connection_adapters/abstract/connection_pool.rb:412:in `with_connection'
lead-manager-worker-prosody-5d8fbffd47-8tpdd lead-manager 	from /usr/local/bundle/gems/activerecord-8.0.2/lib/active_record/connection_handling.rb:310:in `with_connection'
lead-manager-worker-prosody-5d8fbffd47-8tpdd lead-manager 	from /usr/local/bundle/gems/activerecord-8.0.2/lib/active_record/core.rb:442:in `cached_find_by'
lead-manager-worker-prosody-5d8fbffd47-8tpdd lead-manager 	from /usr/local/bundle/gems/activerecord-8.0.2/lib/active_record/core.rb:327:in `find_by'
lead-manager-worker-prosody-5d8fbffd47-8tpdd lead-manager 	from /usr/src/app/services/prosody_handlers/crm_agent_asserted.rb:5:in `perform'
lead-manager-worker-prosody-5d8fbffd47-8tpdd lead-manager 	from /usr/src/app/services/prosody_handler.rb:9:in `on_message'
lead-manager-worker-prosody-5d8fbffd47-8tpdd lead-manager 	from /usr/local/bundle/gems/prosody-1.1.1-x86_64-linux/lib/prosody/processor.rb:281:in `block (2 levels) in start_worker'
lead-manager-worker-prosody-5d8fbffd47-8tpdd lead-manager 	from /usr/local/bundle/gems/opentelemetry-api-1.7.0/lib/opentelemetry/trace.rb:70:in `block in with_span'
lead-manager-worker-prosody-5d8fbffd47-8tpdd lead-manager 	from /usr/local/bundle/gems/opentelemetry-api-1.7.0/lib/opentelemetry/context.rb:88:in `with_value'
lead-manager-worker-prosody-5d8fbffd47-8tpdd lead-manager 	from /usr/local/bundle/gems/opentelemetry-api-1.7.0/lib/opentelemetry/trace.rb:70:in `with_span'
lead-manager-worker-prosody-5d8fbffd47-8tpdd lead-manager 	from /usr/local/bundle/gems/prosody-1.1.1-x86_64-linux/lib/prosody/processor.rb:279:in `block in start_worker'
lead-manager-worker-prosody-5d8fbffd47-8tpdd lead-manager 	from /usr/local/bundle/gems/async-2.32.0/lib/async/task.rb:207:in `block in run'
lead-manager-worker-prosody-5d8fbffd47-8tpdd lead-manager 	from /usr/local/bundle/gems/async-2.32.0/lib/async/task.rb:452:in `block in schedule'
lead-manager-worker-prosody-5d8fbffd47-8tpdd lead-manager ; retrying after 14ms module=prosody::consumer::failure::retry line=342 partition=0 key=realgeeks:81727 offset=3 attempt=1 topic=realgeeks.lead-manager.agent-events
lead-manager-worker-prosody-5d8fbffd47-8tpdd lead-manager D, [2025-09-23T18:47:51.975764 #1] DEBUG -- : Executing task realgeeks.lead-manager.agent-events/0:1
lead-manager-worker-prosody-5d8fbffd47-8tpdd lead-manager D, [2025-09-23T18:47:51.976017 #1] DEBUG -- : Executing task realgeeks.lead-manager.agent-events/0:3
lead-manager-worker-prosody-5d8fbffd47-8tpdd lead-manager E, [2025-09-23T18:47:51.977480 #1] ERROR -- : Error executing task realgeeks.lead-manager.agent-events/0:1: Mysql2::Error: This connection is in use by: #<Fiber:0x00007fc520778638 /usr/local/bundle/gems/async-2.32.0/lib/async/task.rb:450 (suspended)>
lead-manager-worker-prosody-5d8fbffd47-8tpdd lead-manager E, [2025-09-23T18:47:51.978492 #1] ERROR -- : failed to handle message: handler error: transient error: /usr/local/bundle/gems/mysql2-0.5.5/lib/mysql2/client.rb:151:in `_query': Mysql2::Error: This connection is in use by: #<Fiber:0x00007fc520778638 /usr/local/bundle/gems/async-2.32.0/lib/async/task.rb:450 (suspended)> (ActiveRecord::StatementInvalid)
lead-manager-worker-prosody-5d8fbffd47-8tpdd lead-manager 	from /usr/local/bundle/gems/mysql2-0.5.5/lib/mysql2/client.rb:151:in `block in query'
lead-manager-worker-prosody-5d8fbffd47-8tpdd lead-manager 	from /usr/local/bundle/gems/mysql2-0.5.5/lib/mysql2/client.rb:150:in `handle_interrupt'
lead-manager-worker-prosody-5d8fbffd47-8tpdd lead-manager 	from /usr/local/bundle/gems/mysql2-0.5.5/lib/mysql2/client.rb:150:in `query'
lead-manager-worker-prosody-5d8fbffd47-8tpdd lead-manager 	from /usr/local/bundle/gems/prometheus_exporter-2.1.0/lib/prometheus_exporter/instrumentation/method_profiler.rb:80:in `query'
lead-manager-worker-prosody-5d8fbffd47-8tpdd lead-manager 	from /usr/local/bundle/gems/activerecord-8.0.2/lib/active_record/connection_adapters/mysql2/database_statements.rb:54:in `block in perform_query'
lead-manager-worker-prosody-5d8fbffd47-8tpdd lead-manager 	from /usr/local/bundle/gems/activesupport-8.0.2/lib/active_support/concurrency/share_lock.rb:186:in `yield_shares'
lead-manager-worker-prosody-5d8fbffd47-8tpdd lead-manager 	from /usr/local/bundle/gems/activesupport-8.0.2/lib/active_support/dependencies/interlock.rb:41:in `permit_concurrent_loads'
lead-manager-worker-prosody-5d8fbffd47-8tpdd lead-manager 	from /usr/local/bundle/gems/activerecord-8.0.2/lib/active_record/connection_adapters/mysql2/database_statements.rb:53:in `perform_query'
lead-manager-worker-prosody-5d8fbffd47-8tpdd lead-manager 	from /usr/local/bundle/gems/activerecord-8.0.2/lib/active_record/connection_adapters/abstract/database_statements.rb:556:in `block (2 levels) in raw_execute'
lead-manager-worker-prosody-5d8fbffd47-8tpdd lead-manager 	from /usr/local/bundle/gems/activerecord-8.0.2/lib/active_record/connection_adapters/abstract_adapter.rb:1015:in `block in with_raw_connection'
lead-manager-worker-prosody-5d8fbffd47-8tpdd lead-manager 	from /usr/local/bundle/gems/activesupport-8.0.2/lib/active_support/concurrency/null_lock.rb:9:in `synchronize'
lead-manager-worker-prosody-5d8fbffd47-8tpdd lead-manager 	from /usr/local/bundle/gems/activerecord-8.0.2/lib/active_record/connection_adapters/abstract_adapter.rb:984:in `with_raw_connection'
lead-manager-worker-prosody-5d8fbffd47-8tpdd lead-manager 	from /usr/local/bundle/gems/activerecord-8.0.2/lib/active_record/connection_adapters/abstract/database_statements.rb:555:in `block in raw_execute'
lead-manager-worker-prosody-5d8fbffd47-8tpdd lead-manager 	from /usr/local/bundle/gems/activesupport-8.0.2/lib/active_support/notifications/instrumenter.rb:58:in `instrument'
lead-manager-worker-prosody-5d8fbffd47-8tpdd lead-manager 	from /usr/local/bundle/gems/activerecord-8.0.2/lib/active_record/connection_adapters/abstract_adapter.rb:1135:in `log'
lead-manager-worker-prosody-5d8fbffd47-8tpdd lead-manager 	from /usr/local/bundle/gems/activerecord-8.0.2/lib/active_record/connection_adapters/abstract/database_statements.rb:554:in `raw_execute'
lead-manager-worker-prosody-5d8fbffd47-8tpdd lead-manager 	from /usr/local/bundle/gems/activerecord-8.0.2/lib/active_record/connection_adapters/abstract/database_statements.rb:591:in `internal_execute'
lead-manager-worker-prosody-5d8fbffd47-8tpdd lead-manager 	from /usr/local/bundle/gems/activerecord-8.0.2/lib/active_record/connection_adapters/abstract/database_statements.rb:547:in `internal_exec_query'
lead-manager-worker-prosody-5d8fbffd47-8tpdd lead-manager 	from /usr/local/bundle/gems/activerecord-8.0.2/lib/active_record/connection_adapters/abstract/database_statements.rb:693:in `select'
lead-manager-worker-prosody-5d8fbffd47-8tpdd lead-manager 	from /usr/local/bundle/gems/activerecord-8.0.2/lib/active_record/connection_adapters/abstract/database_statements.rb:73:in `select_all'
lead-manager-worker-prosody-5d8fbffd47-8tpdd lead-manager 	from /usr/local/bundle/gems/activerecord-8.0.2/lib/active_record/connection_adapters/abstract/query_cache.rb:251:in `select_all'
lead-manager-worker-prosody-5d8fbffd47-8tpdd lead-manager 	from /usr/local/bundle/gems/activerecord-8.0.2/lib/active_record/connection_adapters/mysql2/database_statements.rb:12:in `select_all'
lead-manager-worker-prosody-5d8fbffd47-8tpdd lead-manager 	from /usr/local/bundle/gems/activerecord-8.0.2/lib/active_record/querying.rb:68:in `_query_by_sql'
lead-manager-worker-prosody-5d8fbffd47-8tpdd lead-manager 	from /usr/local/bundle/gems/activerecord-8.0.2/lib/active_record/querying.rb:53:in `block in find_by_sql'
lead-manager-worker-prosody-5d8fbffd47-8tpdd lead-manager 	from /usr/local/bundle/gems/activerecord-8.0.2/lib/active_record/connection_adapters/abstract/connection_pool.rb:412:in `with_connection'
lead-manager-worker-prosody-5d8fbffd47-8tpdd lead-manager 	from /usr/local/bundle/gems/activerecord-8.0.2/lib/active_record/connection_handling.rb:310:in `with_connection'
lead-manager-worker-prosody-5d8fbffd47-8tpdd lead-manager 	from /usr/local/bundle/gems/activerecord-8.0.2/lib/active_record/querying.rb:52:in `find_by_sql'
lead-manager-worker-prosody-5d8fbffd47-8tpdd lead-manager 	from /usr/local/bundle/gems/activerecord-8.0.2/lib/active_record/statement_cache.rb:152:in `execute'
lead-manager-worker-prosody-5d8fbffd47-8tpdd lead-manager 	from /usr/local/bundle/gems/activerecord-8.0.2/lib/active_record/core.rb:454:in `block in cached_find_by'
lead-manager-worker-prosody-5d8fbffd47-8tpdd lead-manager 	from /usr/local/bundle/gems/activerecord-8.0.2/lib/active_record/connection_adapters/abstract/connection_pool.rb:412:in `with_connection'
lead-manager-worker-prosody-5d8fbffd47-h95fk lead-manager 	from /usr/local/bundle/gems/opentelemetry-api-1.7.0/lib/opentelemetry/trace.rb:70:in `with_span'
lead-manager-worker-prosody-5d8fbffd47-h95fk lead-manager 	from /usr/local/bundle/gems/prosody-1.1.1-x86_64-linux/lib/prosody/processor.rb:279:in `block in start_worker'
lead-manager-worker-prosody-5d8fbffd47-h95fk lead-manager 	from /usr/local/bundle/gems/async-2.32.0/lib/async/task.rb:207:in `block in run'
lead-manager-worker-prosody-5d8fbffd47-h95fk lead-manager 	from /usr/local/bundle/gems/async-2.32.0/lib/async/task.rb:452:in `block in schedule'
lead-manager-worker-prosody-5d8fbffd47-h95fk lead-manager /usr/local/bundle/gems/mysql2-0.5.5/lib/mysql2/client.rb:151:in `_query': This connection is in use by: #<Fiber:0x00007fe796545418 /usr/local/bundle/gems/async-2.32.0/lib/async/task.rb:450 (suspended)> (Mysql2::Error)
lead-manager-worker-prosody-5d8fbffd47-h95fk lead-manager 	from /usr/local/bundle/gems/mysql2-0.5.5/lib/mysql2/client.rb:151:in `block in query'
lead-manager-worker-prosody-5d8fbffd47-h95fk lead-manager 	from /usr/local/bundle/gems/mysql2-0.5.5/lib/mysql2/client.rb:150:in `handle_interrupt'
lead-manager-worker-prosody-5d8fbffd47-h95fk lead-manager 	from /usr/local/bundle/gems/mysql2-0.5.5/lib/mysql2/client.rb:150:in `query'
lead-manager-worker-prosody-5d8fbffd47-h95fk lead-manager 	from /usr/local/bundle/gems/prometheus_exporter-2.1.0/lib/prometheus_exporter/instrumentation/method_profiler.rb:80:in `query'
lead-manager-worker-prosody-5d8fbffd47-h95fk lead-manager 	from /usr/local/bundle/gems/activerecord-8.0.2/lib/active_record/connection_adapters/mysql2/database_statements.rb:54:in `block in perform_query'
lead-manager-worker-prosody-5d8fbffd47-h95fk lead-manager 	from /usr/local/bundle/gems/activesupport-8.0.2/lib/active_support/concurrency/share_lock.rb:186:in `yield_shares'
lead-manager-worker-prosody-5d8fbffd47-h95fk lead-manager 	from /usr/local/bundle/gems/activesupport-8.0.2/lib/active_support/dependencies/interlock.rb:41:in `permit_concurrent_loads'
lead-manager-worker-prosody-5d8fbffd47-h95fk lead-manager 	from /usr/local/bundle/gems/activerecord-8.0.2/lib/active_record/connection_adapters/mysql2/database_statements.rb:53:in `perform_query'
lead-manager-worker-prosody-5d8fbffd47-h95fk lead-manager 	from /usr/local/bundle/gems/activerecord-8.0.2/lib/active_record/connection_adapters/abstract/database_statements.rb:556:in `block (2 levels) in raw_execute'
lead-manager-worker-prosody-5d8fbffd47-h95fk lead-manager 	from /usr/local/bundle/gems/activerecord-8.0.2/lib/active_record/connection_adapters/abstract_adapter.rb:1015:in `block in with_raw_connection'
lead-manager-worker-prosody-5d8fbffd47-h95fk lead-manager 	from /usr/local/bundle/gems/activesupport-8.0.2/lib/active_support/concurrency/null_lock.rb:9:in `synchronize'
lead-manager-worker-prosody-5d8fbffd47-h95fk lead-manager 	from /usr/local/bundle/gems/activerecord-8.0.2/lib/active_record/connection_adapters/abstract_adapter.rb:984:in `with_raw_connection'
lead-manager-worker-prosody-5d8fbffd47-h95fk lead-manager 	from /usr/local/bundle/gems/activerecord-8.0.2/lib/active_record/connection_adapters/abstract/database_statements.rb:555:in `block in raw_execute'
lead-manager-worker-prosody-5d8fbffd47-h95fk lead-manager 	from /usr/local/bundle/gems/activesupport-8.0.2/lib/active_support/notifications/instrumenter.rb:58:in `instrument'
lead-manager-worker-prosody-5d8fbffd47-h95fk lead-manager 	from /usr/local/bundle/gems/activerecord-8.0.2/lib/active_record/connection_adapters/abstract_adapter.rb:1135:in `log'
lead-manager-worker-prosody-5d8fbffd47-h95fk lead-manager 	from /usr/local/bundle/gems/activerecord-8.0.2/lib/active_record/connection_adapters/abstract/database_statements.rb:554:in `raw_execute'
lead-manager-worker-prosody-5d8fbffd47-h95fk lead-manager 	from /usr/local/bundle/gems/activerecord-8.0.2/lib/active_record/connection_adapters/abstract/database_statements.rb:591:in `internal_execute'
lead-manager-worker-prosody-5d8fbffd47-h95fk lead-manager 	from /usr/local/bundle/gems/activerecord-8.0.2/lib/active_record/connection_adapters/abstract/database_statements.rb:547:in `internal_exec_query'
lead-manager-worker-prosody-5d8fbffd47-h95fk lead-manager 	from /usr/local/bundle/gems/activerecord-8.0.2/lib/active_record/connection_adapters/abstract/database_statements.rb:693:in `select'
lead-manager-worker-prosody-5d8fbffd47-h95fk lead-manager 	from /usr/local/bundle/gems/activerecord-8.0.2/lib/active_record/connection_adapters/abstract/database_statements.rb:73:in `select_all'
lead-manager-worker-prosody-5d8fbffd47-h95fk lead-manager 	from /usr/local/bundle/gems/activerecord-8.0.2/lib/active_record/connection_adapters/abstract/query_cache.rb:251:in `select_all'
lead-manager-worker-prosody-5d8fbffd47-h95fk lead-manager 	from /usr/local/bundle/gems/activerecord-8.0.2/lib/active_record/connection_adapters/mysql2/database_statements.rb:12:in `select_all'
lead-manager-worker-prosody-5d8fbffd47-h95fk lead-manager 	from /usr/local/bundle/gems/activerecord-8.0.2/lib/active_record/querying.rb:68:in `_query_by_sql'
lead-manager-worker-prosody-5d8fbffd47-h95fk lead-manager 	from /usr/local/bundle/gems/activerecord-8.0.2/lib/active_record/querying.rb:53:in `block in find_by_sql'
lead-manager-worker-prosody-5d8fbffd47-h95fk lead-manager 	from /usr/local/bundle/gems/activerecord-8.0.2/lib/active_record/connection_adapters/abstract/connection_pool.rb:412:in `with_connection'
lead-manager-worker-prosody-5d8fbffd47-h95fk lead-manager 	from /usr/local/bundle/gems/activerecord-8.0.2/lib/active_record/connection_handling.rb:310:in `with_connection'
lead-manager-worker-prosody-5d8fbffd47-h95fk lead-manager 	from /usr/local/bundle/gems/activerecord-8.0.2/lib/active_record/querying.rb:52:in `find_by_sql'
lead-manager-worker-prosody-5d8fbffd47-h95fk lead-manager 	from /usr/local/bundle/gems/activerecord-8.0.2/lib/active_record/statement_cache.rb:152:in `execute'
lead-manager-worker-prosody-5d8fbffd47-h95fk lead-manager 	from /usr/local/bundle/gems/activerecord-8.0.2/lib/active_record/core.rb:454:in `block in cached_find_by'
lead-manager-worker-prosody-5d8fbffd47-h95fk lead-manager 	from /usr/local/bundle/gems/activerecord-8.0.2/lib/active_record/connection_adapters/abstract/connection_pool.rb:412:in `with_connection'
lead-manager-worker-prosody-5d8fbffd47-h95fk lead-manager 	from /usr/local/bundle/gems/activerecord-8.0.2/lib/active_record/connection_handling.rb:310:in `with_connection'
lead-manager-worker-prosody-5d8fbffd47-h95fk lead-manager 	from /usr/local/bundle/gems/activerecord-8.0.2/lib/active_record/core.rb:442:in `cached_find_by'
lead-manager-worker-prosody-5d8fbffd47-h95fk lead-manager 	from /usr/local/bundle/gems/activerecord-8.0.2/lib/active_record/core.rb:327:in `find_by'
lead-manager-worker-prosody-5d8fbffd47-h95fk lead-manager 	from /usr/src/app/services/prosody_handlers/crm_agent_asserted.rb:5:in `perform'
lead-manager-worker-prosody-5d8fbffd47-h95fk lead-manager 	from /usr/src/app/services/prosody_handler.rb:9:in `on_message'
lead-manager-worker-prosody-5d8fbffd47-h95fk lead-manager 	from /usr/local/bundle/gems/prosody-1.1.1-x86_64-linux/lib/prosody/processor.rb:281:in `block (2 levels) in start_worker'
lead-manager-worker-prosody-5d8fbffd47-h95fk lead-manager 	from /usr/local/bundle/gems/opentelemetry-api-1.7.0/lib/opentelemetry/trace.rb:70:in `block in with_span'
lead-manager-worker-prosody-5d8fbffd47-h95fk lead-manager 	from /usr/local/bundle/gems/opentelemetry-api-1.7.0/lib/opentelemetry/context.rb:88:in `with_value'
lead-manager-worker-prosody-5d8fbffd47-h95fk lead-manager 	from /usr/local/bundle/gems/opentelemetry-api-1.7.0/lib/opentelemetry/trace.rb:70:in `with_span'
lead-manager-worker-prosody-5d8fbffd47-h95fk lead-manager 	from /usr/local/bundle/gems/prosody-1.1.1-x86_64-linux/lib/prosody/processor.rb:279:in `block in start_worker'
lead-manager-worker-prosody-5d8fbffd47-h95fk lead-manager 	from /usr/local/bundle/gems/async-2.32.0/lib/async/task.rb:207:in `block in run'
lead-manager-worker-prosody-5d8fbffd47-h95fk lead-manager 	from /usr/local/bundle/gems/async-2.32.0/lib/async/task.rb:452:in `block in schedule'
lead-manager-worker-prosody-5d8fbffd47-h95fk lead-manager ; retrying after 37ms module=prosody::consumer::failure::retry line=342 partition=0 key=realgeeks:77981 offset=192 attempt=1 topic=witco.agent-events
lead-manager-worker-prosody-5d8fbffd47-h95fk lead-manager D, [2025-09-23T18:47:52.290693 #1] DEBUG -- : Task witco.agent-events/0:182 completed successfully
lead-manager-worker-prosody-5d8fbffd47-h95fk lead-manager D, [2025-09-23T18:47:52.291655 #1] DEBUG -- : Executing task witco.agent-events/0:183
lead-manager-worker-prosody-5d8fbffd47-h95fk lead-manager D, [2025-09-23T18:47:52.313991 #1] DEBUG -- : Executing task witco.agent-events/0:192
lead-manager-worker-prosody-5d8fbffd47-h95fk lead-manager D, [2025-09-23T18:47:52.314902 #1] DEBUG -- : Task witco.agent-events/0:183 completed successfully
lead-manager-worker-prosody-5d8fbffd47-h95fk lead-manager D, [2025-09-23T18:47:52.315859 #1] DEBUG -- : Executing task witco.agent-events/0:185
lead-manager-worker-prosody-5d8fbffd47-h95fk lead-manager E, [2025-09-23T18:47:52.324755 #1] ERROR -- : Error executing task witco.agent-events/0:185: Mysql2::Error: This connection is in use by: #<Fiber:0x00007fe79200ca90 /usr/local/bundle/gems/async-2.32.0/lib/async/task.rb:450 (suspended)>
lead-manager-worker-prosody-5d8fbffd47-h95fk lead-manager E, [2025-09-23T18:47:52.325317 #1] ERROR -- : failed to handle message: handler error: transient error: /usr/local/bundle/gems/mysql2-0.5.5/lib/mysql2/client.rb:151:in `_query': Mysql2::Error: This connection is in use by: #<Fiber:0x00007fe79200ca90 /usr/local/bundle/gems/async-2.32.0/lib/async/task.rb:450 (suspended)> (ActiveRecord::StatementInvalid)
lead-manager-worker-prosody-5d8fbffd47-h95fk lead-manager 	from /usr/local/bundle/gems/mysql2-0.5.5/lib/mysql2/client.rb:151:in `block in query'
lead-manager-worker-prosody-5d8fbffd47-h95fk lead-manager 	from /usr/local/bundle/gems/mysql2-0.5.5/lib/mysql2/client.rb:150:in `handle_interrupt'
lead-manager-worker-prosody-5d8fbffd47-h95fk lead-manager 	from /usr/local/bundle/gems/mysql2-0.5.5/lib/mysql2/client.rb:150:in `query'
lead-manager-worker-prosody-5d8fbffd47-h95fk lead-manager 	from /usr/local/bundle/gems/prometheus_exporter-2.1.0/lib/prometheus_exporter/instrumentation/method_profiler.rb:80:in `query'
lead-manager-worker-prosody-5d8fbffd47-h95fk lead-manager 	from /usr/local/bundle/gems/activerecord-8.0.2/lib/active_record/connection_adapters/mysql2/database_statements.rb:54:in `block in perform_query'
lead-manager-worker-prosody-5d8fbffd47-h95fk lead-manager 	from /usr/local/bundle/gems/activesupport-8.0.2/lib/active_support/concurrency/share_lock.rb:186:in `yield_shares'
lead-manager-worker-prosody-5d8fbffd47-h95fk lead-manager 	from /usr/local/bundle/gems/activesupport-8.0.2/lib/active_support/dependencies/interlock.rb:41:in `permit_concurrent_loads'
lead-manager-worker-prosody-5d8fbffd47-h95fk lead-manager 	from /usr/local/bundle/gems/activerecord-8.0.2/lib/active_record/connection_adapters/mysql2/database_statements.rb:53:in `perform_query'
lead-manager-worker-prosody-5d8fbffd47-h95fk lead-manager 	from /usr/local/bundle/gems/activerecord-8.0.2/lib/active_record/connection_adapters/abstract/database_statements.rb:556:in `block (2 levels) in raw_execute'
lead-manager-worker-prosody-5d8fbffd47-h95fk lead-manager 	from /usr/local/bundle/gems/activerecord-8.0.2/lib/active_record/connection_adapters/abstract_adapter.rb:1015:in `block in with_raw_connection'
lead-manager-worker-prosody-5d8fbffd47-h95fk lead-manager 	from /usr/local/bundle/gems/activesupport-8.0.2/lib/active_support/concurrency/null_lock.rb:9:in `synchronize'
lead-manager-worker-prosody-5d8fbffd47-h95fk lead-manager 	from /usr/local/bundle/gems/activerecord-8.0.2/lib/active_record/connection_adapters/abstract_adapter.rb:984:in `with_raw_connection'
lead-manager-worker-prosody-5d8fbffd47-h95fk lead-manager 	from /usr/local/bundle/gems/activerecord-8.0.2/lib/active_record/connection_adapters/abstract/database_statements.rb:555:in `block in raw_execute'
lead-manager-worker-prosody-5d8fbffd47-h95fk lead-manager 	from /usr/local/bundle/gems/activesupport-8.0.2/lib/active_support/notifications/instrumenter.rb:58:in `instrument'
lead-manager-worker-prosody-5d8fbffd47-h95fk lead-manager 	from /usr/local/bundle/gems/activerecord-8.0.2/lib/active_record/connection_adapters/abstract_adapter.rb:1135:in `log'
lead-manager-worker-prosody-5d8fbffd47-h95fk lead-manager 	from /usr/local/bundle/gems/activerecord-8.0.2/lib/active_record/connection_adapters/abstract/database_statements.rb:554:in `raw_execute'
lead-manager-worker-prosody-5d8fbffd47-h95fk lead-manager 	from /usr/local/bundle/gems/activerecord-8.0.2/lib/active_record/connection_adapters/abstract/database_statements.rb:591:in `internal_execute'
lead-manager-worker-prosody-5d8fbffd47-h95fk lead-manager 	from /usr/local/bundle/gems/activerecord-8.0.2/lib/active_record/connection_adapters/abstract/database_statements.rb:547:in `internal_exec_query'
lead-manager-worker-prosody-5d8fbffd47-h95fk lead-manager 	from /usr/local/bundle/gems/activerecord-8.0.2/lib/active_record/connection_adapters/abstract/database_statements.rb:693:in `select'
lead-manager-worker-prosody-5d8fbffd47-h95fk lead-manager 	from /usr/local/bundle/gems/activerecord-8.0.2/lib/active_record/connection_adapters/abstract/database_statements.rb:73:in `select_all'
lead-manager-worker-prosody-5d8fbffd47-h95fk lead-manager 	from /usr/local/bundle/gems/activerecord-8.0.2/lib/active_record/connection_adapters/abstract/query_cache.rb:251:in `select_all'
lead-manager-worker-prosody-5d8fbffd47-h95fk lead-manager 	from /usr/local/bundle/gems/activerecord-8.0.2/lib/active_record/connection_adapters/mysql2/database_statements.rb:12:in `select_all'
lead-manager-worker-prosody-5d8fbffd47-h95fk lead-manager 	from /usr/local/bundle/gems/activerecord-8.0.2/lib/active_record/querying.rb:68:in `_query_by_sql'
lead-manager-worker-prosody-5d8fbffd47-h95fk lead-manager 	from /usr/local/bundle/gems/activerecord-8.0.2/lib/active_record/querying.rb:53:in `block in find_by_sql'
lead-manager-worker-prosody-5d8fbffd47-h95fk lead-manager 	from /usr/local/bundle/gems/activerecord-8.0.2/lib/active_record/connection_adapters/abstract/connection_pool.rb:412:in `with_connection'
lead-manager-worker-prosody-5d8fbffd47-h95fk lead-manager 	from /usr/local/bundle/gems/activerecord-8.0.2/lib/active_record/connection_handling.rb:310:in `with_connection'
lead-manager-worker-prosody-5d8fbffd47-h95fk lead-manager 	from /usr/local/bundle/gems/activerecord-8.0.2/lib/active_record/querying.rb:52:in `find_by_sql'
lead-manager-worker-prosody-5d8fbffd47-h95fk lead-manager 	from /usr/local/bundle/gems/activerecord-8.0.2/lib/active_record/statement_cache.rb:152:in `execute'
lead-manager-worker-prosody-5d8fbffd47-h95fk lead-manager 	from /usr/local/bundle/gems/activerecord-8.0.2/lib/active_record/core.rb:454:in `block in cached_find_by'
lead-manager-worker-prosody-5d8fbffd47-h95fk lead-manager 	from /usr/local/bundle/gems/activerecord-8.0.2/lib/active_record/connection_adapters/abstract/connection_pool.rb:412:in `with_connection'
lead-manager-worker-prosody-5d8fbffd47-h95fk lead-manager 	from /usr/local/bundle/gems/activerecord-8.0.2/lib/active_record/connection_handling.rb:310:in `with_connection'
lead-manager-worker-prosody-5d8fbffd47-h95fk lead-manager 	from /usr/local/bundle/gems/activerecord-8.0.2/lib/active_record/core.rb:442:in `cached_find_by'
lead-manager-worker-prosody-5d8fbffd47-h95fk lead-manager 	from /usr/local/bundle/gems/activerecord-8.0.2/lib/active_record/core.rb:327:in `find_by'
lead-manager-worker-prosody-5d8fbffd47-h95fk lead-manager 	from /usr/src/app/services/prosody_handlers/crm_agent_asserted.rb:5:in `perform'
lead-manager-worker-prosody-5d8fbffd47-h95fk lead-manager 	from /usr/src/app/services/prosody_handler.rb:9:in `on_message'
lead-manager-worker-prosody-5d8fbffd47-h95fk lead-manager 	from /usr/local/bundle/gems/prosody-1.1.1-x86_64-linux/lib/prosody/processor.rb:281:in `block (2 levels) in start_worker'
lead-manager-worker-prosody-5d8fbffd47-h95fk lead-manager 	from /usr/local/bundle/gems/opentelemetry-api-1.7.0/lib/opentelemetry/trace.rb:70:in `block in with_span'
lead-manager-worker-prosody-5d8fbffd47-h95fk lead-manager 	from /usr/local/bundle/gems/opentelemetry-api-1.7.0/lib/opentelemetry/context.rb:88:in `with_value'
lead-manager-worker-prosody-5d8fbffd47-h95fk lead-manager 	from /usr/local/bundle/gems/opentelemetry-api-1.7.0/lib/opentelemetry/trace.rb:70:in `with_span'
lead-manager-worker-prosody-5d8fbffd47-h95fk lead-manager 	from /usr/local/bundle/gems/prosody-1.1.1-x86_64-linux/lib/prosody/processor.rb:279:in `block in start_worker'
lead-manager-worker-prosody-5d8fbffd47-h95fk lead-manager 	from /usr/local/bundle/gems/async-2.32.0/lib/async/task.rb:207:in `block in run'
lead-manager-worker-prosody-5d8fbffd47-h95fk lead-manager 	from /usr/local/bundle/gems/async-2.32.0/lib/async/task.rb:452:in `block in schedule'
lead-manager-worker-prosody-5d8fbffd47-h95fk lead-manager /usr/local/bundle/gems/mysql2-0.5.5/lib/mysql2/client.rb:151:in `_query': This connection is in use by: #<Fiber:0x00007fe79200ca90 /usr/local/bundle/gems/async-2.32.0/lib/async/task.rb:450 (suspended)> (Mysql2::Error)
lead-manager-worker-prosody-5d8fbffd47-h95fk lead-manager 	from /usr/local/bundle/gems/mysql2-0.5.5/lib/mysql2/client.rb:151:in `block in query'
lead-manager-worker-prosody-5d8fbffd47-h95fk lead-manager 	from /usr/local/bundle/gems/mysql2-0.5.5/lib/mysql2/client.rb:150:in `handle_interrupt'
lead-manager-worker-prosody-5d8fbffd47-h95fk lead-manager 	from /usr/local/bundle/gems/mysql2-0.5.5/lib/mysql2/client.rb:150:in `query'
lead-manager-worker-prosody-5d8fbffd47-h95fk lead-manager 	from /usr/local/bundle/gems/prometheus_exporter-2.1.0/lib/prometheus_exporter/instrumentation/method_profiler.rb:80:in `query'
lead-manager-worker-prosody-5d8fbffd47-h95fk lead-manager 	from /usr/local/bundle/gems/activerecord-8.0.2/lib/active_record/connection_adapters/mysql2/database_statements.rb:54:in `block in perform_query'
lead-manager-worker-prosody-5d8fbffd47-h95fk lead-manager 	from /usr/local/bundle/gems/activesupport-8.0.2/lib/active_support/concurrency/share_lock.rb:186:in `yield_shares'
lead-manager-worker-prosody-5d8fbffd47-h95fk lead-manager 	from /usr/local/bundle/gems/activesupport-8.0.2/lib/active_support/dependencies/interlock.rb:41:in `permit_concurrent_loads'
lead-manager-worker-prosody-5d8fbffd47-h95fk lead-manager 	from /usr/local/bundle/gems/activerecord-8.0.2/lib/active_record/connection_adapters/mysql2/database_statements.rb:53:in `perform_query'
lead-manager-worker-prosody-5d8fbffd47-h95fk lead-manager 	from /usr/local/bundle/gems/activerecord-8.0.2/lib/active_record/connection_adapters/abstract/database_statements.rb:556:in `block (2 levels) in raw_execute'
lead-manager-worker-prosody-5d8fbffd47-h95fk lead-manager 	from /usr/local/bundle/gems/activerecord-8.0.2/lib/active_record/connection_adapters/abstract_adapter.rb:1015:in `block in with_raw_connection'
lead-manager-worker-prosody-5d8fbffd47-h95fk lead-manager 	from /usr/local/bundle/gems/activesupport-8.0.2/lib/active_support/concurrency/null_lock.rb:9:in `synchronize'
lead-manager-worker-prosody-5d8fbffd47-h95fk lead-manager 	from /usr/local/bundle/gems/activerecord-8.0.2/lib/active_record/connection_adapters/abstract_adapter.rb:984:in `with_raw_connection'
lead-manager-worker-prosody-5d8fbffd47-h95fk lead-manager 	from /usr/local/bundle/gems/activerecord-8.0.2/lib/active_record/connection_adapters/abstract/database_statements.rb:555:in `block in raw_execute'
lead-manager-worker-prosody-5d8fbffd47-h95fk lead-manager 	from /usr/local/bundle/gems/activesupport-8.0.2/lib/active_support/notifications/instrumenter.rb:58:in `instrument'
lead-manager-worker-prosody-5d8fbffd47-h95fk lead-manager 	from /usr/local/bundle/gems/activerecord-8.0.2/lib/active_record/connection_adapters/abstract_adapter.rb:1135:in `log'
lead-manager-worker-prosody-5d8fbffd47-h95fk lead-manager 	from /usr/local/bundle/gems/activerecord-8.0.2/lib/active_record/connection_adapters/abstract/database_statements.rb:554:in `raw_execute'
lead-manager-worker-prosody-5d8fbffd47-h95fk lead-manager 	from /usr/local/bundle/gems/activerecord-8.0.2/lib/active_record/connection_adapters/abstract/database_statements.rb:591:in `internal_execute'
lead-manager-worker-prosody-5d8fbffd47-h95fk lead-manager 	from /usr/local/bundle/gems/activerecord-8.0.2/lib/active_record/connection_adapters/abstract/database_statements.rb:547:in `internal_exec_query'
lead-manager-worker-prosody-5d8fbffd47-h95fk lead-manager 	from /usr/local/bundle/gems/activerecord-8.0.2/lib/active_record/connection_adapters/abstract/database_statements.rb:693:in `select'
lead-manager-worker-prosody-5d8fbffd47-h95fk lead-manager 	from /usr/local/bundle/gems/activerecord-8.0.2/lib/active_record/connection_adapters/abstract/database_statements.rb:73:in `select_all'
lead-manager-worker-prosody-5d8fbffd47-h95fk lead-manager 	from /usr/local/bundle/gems/activerecord-8.0.2/lib/active_record/connection_adapters/abstract/query_cache.rb:251:in `select_all'
lead-manager-worker-prosody-5d8fbffd47-h95fk lead-manager 	from /usr/local/bundle/gems/activerecord-8.0.2/lib/active_record/connection_adapters/mysql2/database_statements.rb:12:in `select_all'
lead-manager-worker-prosody-5d8fbffd47-h95fk lead-manager 	from /usr/local/bundle/gems/activerecord-8.0.2/lib/active_record/querying.rb:68:in `_query_by_sql'
lead-manager-worker-prosody-5d8fbffd47-h95fk lead-manager 	from /usr/local/bundle/gems/activerecord-8.0.2/lib/active_record/querying.rb:53:in `block in find_by_sql'
lead-manager-worker-prosody-5d8fbffd47-h95fk lead-manager 	from /usr/local/bundle/gems/activerecord-8.0.2/lib/active_record/connection_adapters/abstract/connection_pool.rb:412:in `with_connection'
lead-manager-worker-prosody-5d8fbffd47-h95fk lead-manager 	from /usr/local/bundle/gems/activerecord-8.0.2/lib/active_record/connection_handling.rb:310:in `with_connection'
lead-manager-worker-prosody-5d8fbffd47-h95fk lead-manager 	from /usr/local/bundle/gems/activerecord-8.0.2/lib/active_record/querying.rb:52:in `find_by_sql'
lead-manager-worker-prosody-5d8fbffd47-h95fk lead-manager 	from /usr/local/bundle/gems/activerecord-8.0.2/lib/active_record/statement_cache.rb:152:in `execute'
lead-manager-worker-prosody-5d8fbffd47-h95fk lead-manager 	from /usr/local/bundle/gems/activerecord-8.0.2/lib/active_record/core.rb:454:in `block in cached_find_by'
lead-manager-worker-prosody-5d8fbffd47-h95fk lead-manager 	from /usr/local/bundle/gems/activerecord-8.0.2/lib/active_record/connection_adapters/abstract/connection_pool.rb:412:in `with_connection'
lead-manager-worker-prosody-5d8fbffd47-h95fk lead-manager 	from /usr/local/bundle/gems/activerecord-8.0.2/lib/active_record/connection_handling.rb:310:in `with_connection'
lead-manager-worker-prosody-5d8fbffd47-h95fk lead-manager 	from /usr/local/bundle/gems/activerecord-8.0.2/lib/active_record/core.rb:442:in `cached_find_by'
lead-manager-worker-prosody-5d8fbffd47-h95fk lead-manager 	from /usr/local/bundle/gems/activerecord-8.0.2/lib/active_record/core.rb:327:in `find_by'
lead-manager-worker-prosody-5d8fbffd47-h95fk lead-manager 	from /usr/src/app/services/prosody_handlers/crm_agent_asserted.rb:5:in `perform'
lead-manager-worker-prosody-5d8fbffd47-h95fk lead-manager 	from /usr/src/app/services/prosody_handler.rb:9:in `on_message'
lead-manager-worker-prosody-5d8fbffd47-h95fk lead-manager 	from /usr/local/bundle/gems/prosody-1.1.1-x86_64-linux/lib/prosody/processor.rb:281:in `block (2 levels) in start_worker'
lead-manager-worker-prosody-5d8fbffd47-h95fk lead-manager 	from /usr/local/bundle/gems/opentelemetry-api-1.7.0/lib/opentelemetry/trace.rb:70:in `block in with_span'
lead-manager-worker-prosody-5d8fbffd47-h95fk lead-manager 	from /usr/local/bundle/gems/opentelemetry-api-1.7.0/lib/opentelemetry/context.rb:88:in `with_value'
lead-manager-worker-prosody-5d8fbffd47-h95fk lead-manager 	from /usr/local/bundle/gems/opentelemetry-api-1.7.0/lib/opentelemetry/trace.rb:70:in `with_span'
lead-manager-worker-prosody-5d8fbffd47-h95fk lead-manager 	from /usr/local/bundle/gems/prosody-1.1.1-x86_64-linux/lib/prosody/processor.rb:279:in `block in start_worker'
lead-manager-worker-prosody-5d8fbffd47-h95fk lead-manager 	from /usr/local/bundle/gems/async-2.32.0/lib/async/task.rb:207:in `block in run'
lead-manager-worker-prosody-5d8fbffd47-h95fk lead-manager 	from /usr/local/bundle/gems/async-2.32.0/lib/async/task.rb:452:in `block in schedule'
lead-manager-worker-prosody-5d8fbffd47-h95fk lead-manager ; retrying after 37ms module=prosody::consumer::failure::retry line=342 partition=0 key=realgeeks:81660 offset=185 attempt=1 topic=witco.agent-events
lead-manager-worker-prosody-5d8fbffd47-h95fk lead-manager D, [2025-09-23T18:47:52.354184 #1] DEBUG -- : Task witco.agent-events/0:192 completed successfully
lead-manager-worker-prosody-5d8fbffd47-h95fk lead-manager D, [2025-09-23T18:47:52.355456 #1] DEBUG -- : Executing task witco.agent-events/0:194
lead-manager-worker-prosody-5d8fbffd47-h95fk lead-manager D, [2025-09-23T18:47:52.367059 #1] DEBUG -- : Executing task witco.agent-events/0:185
lead-manager-worker-prosody-5d8fbffd47-h95fk lead-manager E, [2025-09-23T18:47:52.367969 #1] ERROR -- : Error executing task witco.agent-events/0:185: Mysql2::Error: This connection is in use by: #<Fiber:0x00007fe792026698 /usr/local/bundle/gems/async-2.32.0/lib/async/task.rb:450 (suspended)>
lead-manager-worker-prosody-5d8fbffd47-h95fk lead-manager E, [2025-09-23T18:47:52.370853 #1] ERROR -- : failed to handle message: handler error: transient error: /usr/local/bundle/gems/mysql2-0.5.5/lib/mysql2/client.rb:151:in `_query': Mysql2::Error: This connection is in use by: #<Fiber:0x00007fe792026698 /usr/local/bundle/gems/async-2.32.0/lib/async/task.rb:450 (suspended)> (ActiveRecord::StatementInvalid)
lead-manager-worker-prosody-5d8fbffd47-h95fk lead-manager 	from /usr/local/bundle/gems/mysql2-0.5.5/lib/mysql2/client.rb:151:in `block in query'
lead-manager-worker-prosody-5d8fbffd47-h95fk lead-manager 	from /usr/local/bundle/gems/mysql2-0.5.5/lib/mysql2/client.rb:150:in `handle_interrupt'
lead-manager-worker-prosody-5d8fbffd47-h95fk lead-manager 	from /usr/local/bundle/gems/mysql2-0.5.5/lib/mysql2/client.rb:150:in `query'
lead-manager-worker-prosody-5d8fbffd47-h95fk lead-manager 	from /usr/local/bundle/gems/prometheus_exporter-2.1.0/lib/prometheus_exporter/instrumentation/method_profiler.rb:80:in `query'
lead-manager-worker-prosody-5d8fbffd47-h95fk lead-manager 	from /usr/local/bundle/gems/activerecord-8.0.2/lib/active_record/connection_adapters/mysql2/database_statements.rb:54:in `block in perform_query'
lead-manager-worker-prosody-5d8fbffd47-h95fk lead-manager 	from /usr/local/bundle/gems/activesupport-8.0.2/lib/active_support/concurrency/share_lock.rb:186:in `yield_shares'
lead-manager-worker-prosody-5d8fbffd47-h95fk lead-manager 	from /usr/local/bundle/gems/activesupport-8.0.2/lib/active_support/dependencies/interlock.rb:41:in `permit_concurrent_loads'
lead-manager-worker-prosody-5d8fbffd47-h95fk lead-manager 	from /usr/local/bundle/gems/activerecord-8.0.2/lib/active_record/connection_adapters/mysql2/database_statements.rb:53:in `perform_query'
lead-manager-worker-prosody-5d8fbffd47-h95fk lead-manager 	from /usr/local/bundle/gems/activerecord-8.0.2/lib/active_record/connection_adapters/abstract/database_statements.rb:556:in `block (2 levels) in raw_execute'
lead-manager-worker-prosody-5d8fbffd47-h95fk lead-manager 	from /usr/local/bundle/gems/activerecord-8.0.2/lib/active_record/connection_adapters/abstract_adapter.rb:1015:in `block in with_raw_connection'
lead-manager-worker-prosody-5d8fbffd47-h95fk lead-manager 	from /usr/local/bundle/gems/activesupport-8.0.2/lib/active_support/concurrency/null_lock.rb:9:in `synchronize'
lead-manager-worker-prosody-5d8fbffd47-h95fk lead-manager 	from /usr/local/bundle/gems/activerecord-8.0.2/lib/active_record/connection_adapters/abstract_adapter.rb:984:in `with_raw_connection'
lead-manager-worker-prosody-5d8fbffd47-h95fk lead-manager 	from /usr/local/bundle/gems/activerecord-8.0.2/lib/active_record/connection_adapters/abstract/database_statements.rb:555:in `block in raw_execute'
lead-manager-worker-prosody-5d8fbffd47-h95fk lead-manager 	from /usr/local/bundle/gems/activesupport-8.0.2/lib/active_support/notifications/instrumenter.rb:58:in `instrument'
lead-manager-worker-prosody-5d8fbffd47-h95fk lead-manager 	from /usr/local/bundle/gems/activerecord-8.0.2/lib/active_record/connection_adapters/abstract_adapter.rb:1135:in `log'
lead-manager-worker-prosody-5d8fbffd47-h95fk lead-manager 	from /usr/local/bundle/gems/activerecord-8.0.2/lib/active_record/connection_adapters/abstract/database_statements.rb:554:in `raw_execute'
lead-manager-worker-prosody-5d8fbffd47-h95fk lead-manager 	from /usr/local/bundle/gems/activerecord-8.0.2/lib/active_record/connection_adapters/abstract/database_statements.rb:591:in `internal_execute'
lead-manager-worker-prosody-5d8fbffd47-h95fk lead-manager 	from /usr/local/bundle/gems/activerecord-8.0.2/lib/active_record/connection_adapters/abstract/database_statements.rb:547:in `internal_exec_query'
lead-manager-worker-prosody-5d8fbffd47-h95fk lead-manager 	from /usr/local/bundle/gems/activerecord-8.0.2/lib/active_record/connection_adapters/abstract/database_statements.rb:693:in `select'
lead-manager-worker-prosody-5d8fbffd47-h95fk lead-manager 	from /usr/local/bundle/gems/activerecord-8.0.2/lib/active_record/connection_adapters/abstract/database_statements.rb:73:in `select_all'
lead-manager-worker-prosody-5d8fbffd47-h95fk lead-manager 	from /usr/local/bundle/gems/activerecord-8.0.2/lib/active_record/connection_adapters/abstract/query_cache.rb:251:in `select_all'
lead-manager-worker-prosody-5d8fbffd47-8tpdd lead-manager 	from /usr/local/bundle/gems/activerecord-8.0.2/lib/active_record/connection_handling.rb:310:in `with_connection'
lead-manager-worker-prosody-5d8fbffd47-8tpdd lead-manager 	from /usr/local/bundle/gems/activerecord-8.0.2/lib/active_record/core.rb:442:in `cached_find_by'
lead-manager-worker-prosody-5d8fbffd47-8tpdd lead-manager 	from /usr/local/bundle/gems/activerecord-8.0.2/lib/active_record/core.rb:327:in `find_by'
lead-manager-worker-prosody-5d8fbffd47-h95fk lead-manager 	from /usr/local/bundle/gems/activerecord-8.0.2/lib/active_record/connection_adapters/mysql2/database_statements.rb:12:in `select_all'
lead-manager-worker-prosody-5d8fbffd47-8tpdd lead-manager 	from /usr/src/app/services/prosody_handlers/crm_agent_asserted.rb:5:in `perform'
lead-manager-worker-prosody-5d8fbffd47-h95fk lead-manager 	from /usr/local/bundle/gems/activerecord-8.0.2/lib/active_record/querying.rb:68:in `_query_by_sql'
lead-manager-worker-prosody-5d8fbffd47-8tpdd lead-manager 	from /usr/src/app/services/prosody_handler.rb:9:in `on_message'
lead-manager-worker-prosody-5d8fbffd47-h95fk lead-manager 	from /usr/local/bundle/gems/activerecord-8.0.2/lib/active_record/querying.rb:53:in `block in find_by_sql'
lead-manager-worker-prosody-5d8fbffd47-8tpdd lead-manager 	from /usr/local/bundle/gems/prosody-1.1.1-x86_64-linux/lib/prosody/processor.rb:281:in `block (2 levels) in start_worker'
lead-manager-worker-prosody-5d8fbffd47-h95fk lead-manager 	from /usr/local/bundle/gems/activerecord-8.0.2/lib/active_record/connection_adapters/abstract/connection_pool.rb:412:in `with_connection'
lead-manager-worker-prosody-5d8fbffd47-8tpdd lead-manager 	from /usr/local/bundle/gems/opentelemetry-api-1.7.0/lib/opentelemetry/trace.rb:70:in `block in with_span'
lead-manager-worker-prosody-5d8fbffd47-h95fk lead-manager 	from /usr/local/bundle/gems/activerecord-8.0.2/lib/active_record/connection_handling.rb:310:in `with_connection'
lead-manager-worker-prosody-5d8fbffd47-8tpdd lead-manager 	from /usr/local/bundle/gems/opentelemetry-api-1.7.0/lib/opentelemetry/context.rb:88:in `with_value'
lead-manager-worker-prosody-5d8fbffd47-h95fk lead-manager 	from /usr/local/bundle/gems/activerecord-8.0.2/lib/active_record/querying.rb:52:in `find_by_sql'
lead-manager-worker-prosody-5d8fbffd47-h95fk lead-manager 	from /usr/local/bundle/gems/activerecord-8.0.2/lib/active_record/statement_cache.rb:152:in `execute'
lead-manager-worker-prosody-5d8fbffd47-h95fk lead-manager 	from /usr/local/bundle/gems/activerecord-8.0.2/lib/active_record/core.rb:454:in `block in cached_find_by'
lead-manager-worker-prosody-5d8fbffd47-8tpdd lead-manager 	from /usr/local/bundle/gems/opentelemetry-api-1.7.0/lib/opentelemetry/trace.rb:70:in `with_span'
lead-manager-worker-prosody-5d8fbffd47-h95fk lead-manager 	from /usr/local/bundle/gems/activerecord-8.0.2/lib/active_record/connection_adapters/abstract/connection_pool.rb:412:in `with_connection'
lead-manager-worker-prosody-5d8fbffd47-8tpdd lead-manager 	from /usr/local/bundle/gems/prosody-1.1.1-x86_64-linux/lib/prosody/processor.rb:279:in `block in start_worker'
lead-manager-worker-prosody-5d8fbffd47-h95fk lead-manager 	from /usr/local/bundle/gems/activerecord-8.0.2/lib/active_record/connection_handling.rb:310:in `with_connection'
lead-manager-worker-prosody-5d8fbffd47-8tpdd lead-manager 	from /usr/local/bundle/gems/async-2.32.0/lib/async/task.rb:207:in `block in run'
lead-manager-worker-prosody-5d8fbffd47-h95fk lead-manager 	from /usr/local/bundle/gems/activerecord-8.0.2/lib/active_record/core.rb:442:in `cached_find_by'
lead-manager-worker-prosody-5d8fbffd47-h95fk lead-manager 	from /usr/local/bundle/gems/activerecord-8.0.2/lib/active_record/core.rb:327:in `find_by'
lead-manager-worker-prosody-5d8fbffd47-8tpdd lead-manager 	from /usr/local/bundle/gems/async-2.32.0/lib/async/task.rb:452:in `block in schedule'
lead-manager-worker-prosody-5d8fbffd47-8tpdd lead-manager /usr/local/bundle/gems/mysql2-0.5.5/lib/mysql2/client.rb:151:in `_query': This connection is in use by: #<Fiber:0x00007fc520778638 /usr/local/bundle/gems/async-2.32.0/lib/async/task.rb:450 (suspended)> (Mysql2::Error)
lead-manager-worker-prosody-5d8fbffd47-8tpdd lead-manager 	from /usr/local/bundle/gems/mysql2-0.5.5/lib/mysql2/client.rb:151:in `block in query'
lead-manager-worker-prosody-5d8fbffd47-8tpdd lead-manager 	from /usr/local/bundle/gems/mysql2-0.5.5/lib/mysql2/client.rb:150:in `handle_interrupt'
lead-manager-worker-prosody-5d8fbffd47-8tpdd lead-manager 	from /usr/local/bundle/gems/mysql2-0.5.5/lib/mysql2/client.rb:150:in `query'
lead-manager-worker-prosody-5d8fbffd47-8tpdd lead-manager 	from /usr/local/bundle/gems/prometheus_exporter-2.1.0/lib/prometheus_exporter/instrumentation/method_profiler.rb:80:in `query'
lead-manager-worker-prosody-5d8fbffd47-8tpdd lead-manager 	from /usr/local/bundle/gems/activerecord-8.0.2/lib/active_record/connection_adapters/mysql2/database_statements.rb:54:in `block in perform_query'
lead-manager-worker-prosody-5d8fbffd47-8tpdd lead-manager 	from /usr/local/bundle/gems/activesupport-8.0.2/lib/active_support/concurrency/share_lock.rb:186:in `yield_shares'
lead-manager-worker-prosody-5d8fbffd47-8tpdd lead-manager 	from /usr/local/bundle/gems/activesupport-8.0.2/lib/active_support/dependencies/interlock.rb:41:in `permit_concurrent_loads'
lead-manager-worker-prosody-5d8fbffd47-8tpdd lead-manager 	from /usr/local/bundle/gems/activerecord-8.0.2/lib/active_record/connection_adapters/mysql2/database_statements.rb:53:in `perform_query'
lead-manager-worker-prosody-5d8fbffd47-8tpdd lead-manager 	from /usr/local/bundle/gems/activerecord-8.0.2/lib/active_record/connection_adapters/abstract/database_statements.rb:556:in `block (2 levels) in raw_execute'
lead-manager-worker-prosody-5d8fbffd47-8tpdd lead-manager 	from /usr/local/bundle/gems/activerecord-8.0.2/lib/active_record/connection_adapters/abstract_adapter.rb:1015:in `block in with_raw_connection'
lead-manager-worker-prosody-5d8fbffd47-8tpdd lead-manager 	from /usr/local/bundle/gems/activesupport-8.0.2/lib/active_support/concurrency/null_lock.rb:9:in `synchronize'
lead-manager-worker-prosody-5d8fbffd47-8tpdd lead-manager 	from /usr/local/bundle/gems/activerecord-8.0.2/lib/active_record/connection_adapters/abstract_adapter.rb:984:in `with_raw_connection'
lead-manager-worker-prosody-5d8fbffd47-8tpdd lead-manager 	from /usr/local/bundle/gems/activerecord-8.0.2/lib/active_record/connection_adapters/abstract/database_statements.rb:555:in `block in raw_execute'
lead-manager-worker-prosody-5d8fbffd47-8tpdd lead-manager 	from /usr/local/bundle/gems/activesupport-8.0.2/lib/active_support/notifications/instrumenter.rb:58:in `instrument'
lead-manager-worker-prosody-5d8fbffd47-8tpdd lead-manager 	from /usr/local/bundle/gems/activerecord-8.0.2/lib/active_record/connection_adapters/abstract_adapter.rb:1135:in `log'
lead-manager-worker-prosody-5d8fbffd47-8tpdd lead-manager 	from /usr/local/bundle/gems/activerecord-8.0.2/lib/active_record/connection_adapters/abstract/database_statements.rb:554:in `raw_execute'
lead-manager-worker-prosody-5d8fbffd47-8tpdd lead-manager 	from /usr/local/bundle/gems/activerecord-8.0.2/lib/active_record/connection_adapters/abstract/database_statements.rb:591:in `internal_execute'
lead-manager-worker-prosody-5d8fbffd47-8tpdd lead-manager 	from /usr/local/bundle/gems/activerecord-8.0.2/lib/active_record/connection_adapters/abstract/database_statements.rb:547:in `internal_exec_query'
lead-manager-worker-prosody-5d8fbffd47-h95fk lead-manager 	from /usr/src/app/services/prosody_handlers/crm_agent_asserted.rb:5:in `perform'
lead-manager-worker-prosody-5d8fbffd47-h95fk lead-manager 	from /usr/src/app/services/prosody_handler.rb:9:in `on_message'
lead-manager-worker-prosody-5d8fbffd47-h95fk lead-manager 	from /usr/local/bundle/gems/prosody-1.1.1-x86_64-linux/lib/prosody/processor.rb:281:in `block (2 levels) in start_worker'
lead-manager-worker-prosody-5d8fbffd47-h95fk lead-manager 	from /usr/local/bundle/gems/opentelemetry-api-1.7.0/lib/opentelemetry/trace.rb:70:in `block in with_span'
lead-manager-worker-prosody-5d8fbffd47-8tpdd lead-manager 	from /usr/local/bundle/gems/activerecord-8.0.2/lib/active_record/connection_adapters/abstract/database_statements.rb:693:in `select'
lead-manager-worker-prosody-5d8fbffd47-h95fk lead-manager 	from /usr/local/bundle/gems/opentelemetry-api-1.7.0/lib/opentelemetry/context.rb:88:in `with_value'
lead-manager-worker-prosody-5d8fbffd47-8tpdd lead-manager 	from /usr/local/bundle/gems/activerecord-8.0.2/lib/active_record/connection_adapters/abstract/database_statements.rb:73:in `select_all'
lead-manager-worker-prosody-5d8fbffd47-h95fk lead-manager 	from /usr/local/bundle/gems/opentelemetry-api-1.7.0/lib/opentelemetry/trace.rb:70:in `with_span'
lead-manager-worker-prosody-5d8fbffd47-h95fk lead-manager 	from /usr/local/bundle/gems/prosody-1.1.1-x86_64-linux/lib/prosody/processor.rb:279:in `block in start_worker'
lead-manager-worker-prosody-5d8fbffd47-h95fk lead-manager 	from /usr/local/bundle/gems/async-2.32.0/lib/async/task.rb:207:in `block in run'
lead-manager-worker-prosody-5d8fbffd47-8tpdd lead-manager 	from /usr/local/bundle/gems/activerecord-8.0.2/lib/active_record/connection_adapters/abstract/query_cache.rb:251:in `select_all'
lead-manager-worker-prosody-5d8fbffd47-h95fk lead-manager 	from /usr/local/bundle/gems/async-2.32.0/lib/async/task.rb:452:in `block in schedule'
lead-manager-worker-prosody-5d8fbffd47-8tpdd lead-manager 	from /usr/local/bundle/gems/activerecord-8.0.2/lib/active_record/connection_adapters/mysql2/database_statements.rb:12:in `select_all'
lead-manager-worker-prosody-5d8fbffd47-h95fk lead-manager /usr/local/bundle/gems/mysql2-0.5.5/lib/mysql2/client.rb:151:in `_query': This connection is in use by: #<Fiber:0x00007fe792026698 /usr/local/bundle/gems/async-2.32.0/lib/async/task.rb:450 (suspended)> (Mysql2::Error)
lead-manager-worker-prosody-5d8fbffd47-8tpdd lead-manager 	from /usr/local/bundle/gems/activerecord-8.0.2/lib/active_record/querying.rb:68:in `_query_by_sql'
lead-manager-worker-prosody-5d8fbffd47-h95fk lead-manager 	from /usr/local/bundle/gems/mysql2-0.5.5/lib/mysql2/client.rb:151:in `block in query'
lead-manager-worker-prosody-5d8fbffd47-h95fk lead-manager 	from /usr/local/bundle/gems/mysql2-0.5.5/lib/mysql2/client.rb:150:in `handle_interrupt'
lead-manager-worker-prosody-5d8fbffd47-h95fk lead-manager 	from /usr/local/bundle/gems/mysql2-0.5.5/lib/mysql2/client.rb:150:in `query'
lead-manager-worker-prosody-5d8fbffd47-8tpdd lead-manager 	from /usr/local/bundle/gems/activerecord-8.0.2/lib/active_record/querying.rb:53:in `block in find_by_sql'
lead-manager-worker-prosody-5d8fbffd47-h95fk lead-manager 	from /usr/local/bundle/gems/prometheus_exporter-2.1.0/lib/prometheus_exporter/instrumentation/method_profiler.rb:80:in `query'
lead-manager-worker-prosody-5d8fbffd47-8tpdd lead-manager 	from /usr/local/bundle/gems/activerecord-8.0.2/lib/active_record/connection_adapters/abstract/connection_pool.rb:412:in `with_connection'
lead-manager-worker-prosody-5d8fbffd47-h95fk lead-manager 	from /usr/local/bundle/gems/activerecord-8.0.2/lib/active_record/connection_adapters/mysql2/database_statements.rb:54:in `block in perform_query'
lead-manager-worker-prosody-5d8fbffd47-8tpdd lead-manager 	from /usr/local/bundle/gems/activerecord-8.0.2/lib/active_record/connection_handling.rb:310:in `with_connection'
lead-manager-worker-prosody-5d8fbffd47-8tpdd lead-manager 	from /usr/local/bundle/gems/activerecord-8.0.2/lib/active_record/querying.rb:52:in `find_by_sql'
lead-manager-worker-prosody-5d8fbffd47-h95fk lead-manager 	from /usr/local/bundle/gems/activesupport-8.0.2/lib/active_support/concurrency/share_lock.rb:186:in `yield_shares'
lead-manager-worker-prosody-5d8fbffd47-8tpdd lead-manager 	from /usr/local/bundle/gems/activerecord-8.0.2/lib/active_record/statement_cache.rb:152:in `execute'
lead-manager-worker-prosody-5d8fbffd47-h95fk lead-manager 	from /usr/local/bundle/gems/activesupport-8.0.2/lib/active_support/dependencies/interlock.rb:41:in `permit_concurrent_loads'
lead-manager-worker-prosody-5d8fbffd47-8tpdd lead-manager 	from /usr/local/bundle/gems/activerecord-8.0.2/lib/active_record/core.rb:454:in `block in cached_find_by'
lead-manager-worker-prosody-5d8fbffd47-8tpdd lead-manager 	from /usr/local/bundle/gems/activerecord-8.0.2/lib/active_record/connection_adapters/abstract/connection_pool.rb:412:in `with_connection'
lead-manager-worker-prosody-5d8fbffd47-8tpdd lead-manager 	from /usr/local/bundle/gems/activerecord-8.0.2/lib/active_record/connection_handling.rb:310:in `with_connection'
lead-manager-worker-prosody-5d8fbffd47-8tpdd lead-manager 	from /usr/local/bundle/gems/activerecord-8.0.2/lib/active_record/core.rb:442:in `cached_find_by'
lead-manager-worker-prosody-5d8fbffd47-8tpdd lead-manager 	from /usr/local/bundle/gems/activerecord-8.0.2/lib/active_record/core.rb:327:in `find_by'
lead-manager-worker-prosody-5d8fbffd47-8tpdd lead-manager 	from /usr/src/app/services/prosody_handlers/crm_agent_asserted.rb:5:in `perform'
lead-manager-worker-prosody-5d8fbffd47-8tpdd lead-manager 	from /usr/src/app/services/prosody_handler.rb:9:in `on_message'
lead-manager-worker-prosody-5d8fbffd47-8tpdd lead-manager 	from /usr/local/bundle/gems/prosody-1.1.1-x86_64-linux/lib/prosody/processor.rb:281:in `block (2 levels) in start_worker'
lead-manager-worker-prosody-5d8fbffd47-8tpdd lead-manager 	from /usr/local/bundle/gems/opentelemetry-api-1.7.0/lib/opentelemetry/trace.rb:70:in `block in with_span'
lead-manager-worker-prosody-5d8fbffd47-8tpdd lead-manager 	from /usr/local/bundle/gems/opentelemetry-api-1.7.0/lib/opentelemetry/context.rb:88:in `with_value'
lead-manager-worker-prosody-5d8fbffd47-8tpdd lead-manager 	from /usr/local/bundle/gems/opentelemetry-api-1.7.0/lib/opentelemetry/trace.rb:70:in `with_span'
lead-manager-worker-prosody-5d8fbffd47-h95fk lead-manager 	from /usr/local/bundle/gems/activerecord-8.0.2/lib/active_record/connection_adapters/mysql2/database_statements.rb:53:in `perform_query'
lead-manager-worker-prosody-5d8fbffd47-h95fk lead-manager 	from /usr/local/bundle/gems/activerecord-8.0.2/lib/active_record/connection_adapters/abstract/database_statements.rb:556:in `block (2 levels) in raw_execute'
lead-manager-worker-prosody-5d8fbffd47-h95fk lead-manager 	from /usr/local/bundle/gems/activerecord-8.0.2/lib/active_record/connection_adapters/abstract_adapter.rb:1015:in `block in with_raw_connection'
lead-manager-worker-prosody-5d8fbffd47-h95fk lead-manager 	from /usr/local/bundle/gems/activesupport-8.0.2/lib/active_support/concurrency/null_lock.rb:9:in `synchronize'
lead-manager-worker-prosody-5d8fbffd47-h95fk lead-manager 	from /usr/local/bundle/gems/activerecord-8.0.2/lib/active_record/connection_adapters/abstract_adapter.rb:984:in `with_raw_connection'
lead-manager-worker-prosody-5d8fbffd47-h95fk lead-manager 	from /usr/local/bundle/gems/activerecord-8.0.2/lib/active_record/connection_adapters/abstract/database_statements.rb:555:in `block in raw_execute'
lead-manager-worker-prosody-5d8fbffd47-h95fk lead-manager 	from /usr/local/bundle/gems/activesupport-8.0.2/lib/active_support/notifications/instrumenter.rb:58:in `instrument'
lead-manager-worker-prosody-5d8fbffd47-h95fk lead-manager 	from /usr/local/bundle/gems/activerecord-8.0.2/lib/active_record/connection_adapters/abstract_adapter.rb:1135:in `log'
lead-manager-worker-prosody-5d8fbffd47-h95fk lead-manager 	from /usr/local/bundle/gems/activerecord-8.0.2/lib/active_record/connection_adapters/abstract/database_statements.rb:554:in `raw_execute'
lead-manager-worker-prosody-5d8fbffd47-h95fk lead-manager 	from /usr/local/bundle/gems/activerecord-8.0.2/lib/active_record/connection_adapters/abstract/database_statements.rb:591:in `internal_execute'
lead-manager-worker-prosody-5d8fbffd47-h95fk lead-manager 	from /usr/local/bundle/gems/activerecord-8.0.2/lib/active_record/connection_adapters/abstract/database_statements.rb:547:in `internal_exec_query'
lead-manager-worker-prosody-5d8fbffd47-h95fk lead-manager 	from /usr/local/bundle/gems/activerecord-8.0.2/lib/active_record/connection_adapters/abstract/database_statements.rb:693:in `select'
lead-manager-worker-prosody-5d8fbffd47-h95fk lead-manager 	from /usr/local/bundle/gems/activerecord-8.0.2/lib/active_record/connection_adapters/abstract/database_statements.rb:73:in `select_all'
lead-manager-worker-prosody-5d8fbffd47-h95fk lead-manager 	from /usr/local/bundle/gems/activerecord-8.0.2/lib/active_record/connection_adapters/abstract/query_cache.rb:251:in `select_all'
lead-manager-worker-prosody-5d8fbffd47-h95fk lead-manager 	from /usr/local/bundle/gems/activerecord-8.0.2/lib/active_record/connection_adapters/mysql2/database_statements.rb:12:in `select_all'
lead-manager-worker-prosody-5d8fbffd47-h95fk lead-manager 	from /usr/local/bundle/gems/activerecord-8.0.2/lib/active_record/querying.rb:68:in `_query_by_sql'
lead-manager-worker-prosody-5d8fbffd47-h95fk lead-manager 	from /usr/local/bundle/gems/activerecord-8.0.2/lib/active_record/querying.rb:53:in `block in find_by_sql'
lead-manager-worker-prosody-5d8fbffd47-h95fk lead-manager 	from /usr/local/bundle/gems/activerecord-8.0.2/lib/active_record/connection_adapters/abstract/connection_pool.rb:412:in `with_connection'
lead-manager-worker-prosody-5d8fbffd47-h95fk lead-manager 	from /usr/local/bundle/gems/activerecord-8.0.2/lib/active_record/connection_handling.rb:310:in `with_connection'
lead-manager-worker-prosody-5d8fbffd47-h95fk lead-manager 	from /usr/local/bundle/gems/activerecord-8.0.2/lib/active_record/querying.rb:52:in `find_by_sql'
lead-manager-worker-prosody-5d8fbffd47-h95fk lead-manager 	from /usr/local/bundle/gems/activerecord-8.0.2/lib/active_record/statement_cache.rb:152:in `execute'
lead-manager-worker-prosody-5d8fbffd47-h95fk lead-manager 	from /usr/local/bundle/gems/activerecord-8.0.2/lib/active_record/core.rb:454:in `block in cached_find_by'
lead-manager-worker-prosody-5d8fbffd47-h95fk lead-manager 	from /usr/local/bundle/gems/activerecord-8.0.2/lib/active_record/connection_adapters/abstract/connection_pool.rb:412:in `with_connection'
lead-manager-worker-prosody-5d8fbffd47-8tpdd lead-manager 	from /usr/local/bundle/gems/prosody-1.1.1-x86_64-linux/lib/prosody/processor.rb:279:in `block in start_worker'
lead-manager-worker-prosody-5d8fbffd47-h95fk lead-manager 	from /usr/local/bundle/gems/activerecord-8.0.2/lib/active_record/connection_handling.rb:310:in `with_connection'
lead-manager-worker-prosody-5d8fbffd47-8tpdd lead-manager 	from /usr/local/bundle/gems/async-2.32.0/lib/async/task.rb:207:in `block in run'
lead-manager-worker-prosody-5d8fbffd47-8tpdd lead-manager 	from /usr/local/bundle/gems/async-2.32.0/lib/async/task.rb:452:in `block in schedule'
lead-manager-worker-prosody-5d8fbffd47-h95fk lead-manager 	from /usr/local/bundle/gems/activerecord-8.0.2/lib/active_record/core.rb:442:in `cached_find_by'
lead-manager-worker-prosody-5d8fbffd47-h95fk lead-manager 	from /usr/local/bundle/gems/activerecord-8.0.2/lib/active_record/core.rb:327:in `find_by'
lead-manager-worker-prosody-5d8fbffd47-8tpdd lead-manager ; retrying after 28ms module=prosody::consumer::failure::retry line=342 partition=0 key=realgeeks:77981 offset=1 attempt=2 topic=realgeeks.lead-manager.agent-events
lead-manager-worker-prosody-5d8fbffd47-h95fk lead-manager 	from /usr/src/app/services/prosody_handlers/crm_agent_asserted.rb:5:in `perform'
lead-manager-worker-prosody-5d8fbffd47-h95fk lead-manager 	from /usr/src/app/services/prosody_handler.rb:9:in `on_message'
lead-manager-worker-prosody-5d8fbffd47-h95fk lead-manager 	from /usr/local/bundle/gems/prosody-1.1.1-x86_64-linux/lib/prosody/processor.rb:281:in `block (2 levels) in start_worker'
lead-manager-worker-prosody-5d8fbffd47-h95fk lead-manager 	from /usr/local/bundle/gems/opentelemetry-api-1.7.0/lib/opentelemetry/trace.rb:70:in `block in with_span'
lead-manager-worker-prosody-5d8fbffd47-h95fk lead-manager 	from /usr/local/bundle/gems/opentelemetry-api-1.7.0/lib/opentelemetry/context.rb:88:in `with_value'
lead-manager-worker-prosody-5d8fbffd47-h95fk lead-manager 	from /usr/local/bundle/gems/opentelemetry-api-1.7.0/lib/opentelemetry/trace.rb:70:in `with_span'
lead-manager-worker-prosody-5d8fbffd47-h95fk lead-manager 	from /usr/local/bundle/gems/prosody-1.1.1-x86_64-linux/lib/prosody/processor.rb:279:in `block in start_worker'
lead-manager-worker-prosody-5d8fbffd47-h95fk lead-manager 	from /usr/local/bundle/gems/async-2.32.0/lib/async/task.rb:207:in `block in run'
lead-manager-worker-prosody-5d8fbffd47-h95fk lead-manager 	from /usr/local/bundle/gems/async-2.32.0/lib/async/task.rb:452:in `block in schedule'
lead-manager-worker-prosody-5d8fbffd47-h95fk lead-manager ; retrying after 17ms module=prosody::consumer::failure::retry line=342 partition=0 key=realgeeks:81660 offset=185 attempt=2 topic=witco.agent-events
lead-manager-worker-prosody-5d8fbffd47-h95fk lead-manager D, [2025-09-23T18:47:52.383955 #1] DEBUG -- : Task witco.agent-events/0:194 completed successfully
lead-manager-worker-prosody-5d8fbffd47-h95fk lead-manager D, [2025-09-23T18:47:52.384456 #1] DEBUG -- : Executing task witco.agent-events/0:196
lead-manager-worker-prosody-5d8fbffd47-h95fk lead-manager D, [2025-09-23T18:47:52.387653 #1] DEBUG -- : Executing task witco.agent-events/0:185
lead-manager-worker-prosody-5d8fbffd47-h95fk lead-manager E, [2025-09-23T18:47:52.388907 #1] ERROR -- : Error executing task witco.agent-events/0:185: Mysql2::Error: This connection is in use by: #<Fiber:0x00007fe791f9e518 /usr/local/bundle/gems/async-2.32.0/lib/async/task.rb:450 (suspended)>
lead-manager-worker-prosody-5d8fbffd47-8tpdd lead-manager E, [2025-09-23T18:47:51.994536 #1] ERROR -- : Error executing task realgeeks.lead-manager.agent-events/0:3: Mysql2::Error: This connection is in use by: #<Fiber:0x00007fc520778638 /usr/local/bundle/gems/async-2.32.0/lib/async/task.rb:450 (suspended)>
lead-manager-worker-prosody-5d8fbffd47-8tpdd lead-manager E, [2025-09-23T18:47:51.994969 #1] ERROR -- : failed to handle message: handler error: transient error: /usr/local/bundle/gems/mysql2-0.5.5/lib/mysql2/client.rb:151:in `_query': Mysql2::Error: This connection is in use by: #<Fiber:0x00007fc520778638 /usr/local/bundle/gems/async-2.32.0/lib/async/task.rb:450 (suspended)> (ActiveRecord::StatementInvalid)
lead-manager-worker-prosody-5d8fbffd47-h95fk lead-manager E, [2025-09-23T18:47:52.389238 #1] ERROR -- : failed to handle message: handler error: transient error: /usr/local/bundle/gems/mysql2-0.5.5/lib/mysql2/client.rb:151:in `_query': Mysql2::Error: This connection is in use by: #<Fiber:0x00007fe791f9e518 /usr/local/bundle/gems/async-2.32.0/lib/async/task.rb:450 (suspended)> (ActiveRecord::StatementInvalid)
lead-manager-worker-prosody-5d8fbffd47-h95fk lead-manager 	from /usr/local/bundle/gems/mysql2-0.5.5/lib/mysql2/client.rb:151:in `block in query'
lead-manager-worker-prosody-5d8fbffd47-8tpdd lead-manager 	from /usr/local/bundle/gems/mysql2-0.5.5/lib/mysql2/client.rb:151:in `block in query'
lead-manager-worker-prosody-5d8fbffd47-h95fk lead-manager 	from /usr/local/bundle/gems/mysql2-0.5.5/lib/mysql2/client.rb:150:in `handle_interrupt'
lead-manager-worker-prosody-5d8fbffd47-8tpdd lead-manager 	from /usr/local/bundle/gems/mysql2-0.5.5/lib/mysql2/client.rb:150:in `handle_interrupt'
lead-manager-worker-prosody-5d8fbffd47-h95fk lead-manager 	from /usr/local/bundle/gems/mysql2-0.5.5/lib/mysql2/client.rb:150:in `query'
lead-manager-worker-prosody-5d8fbffd47-8tpdd lead-manager 	from /usr/local/bundle/gems/mysql2-0.5.5/lib/mysql2/client.rb:150:in `query'
lead-manager-worker-prosody-5d8fbffd47-h95fk lead-manager 	from /usr/local/bundle/gems/prometheus_exporter-2.1.0/lib/prometheus_exporter/instrumentation/method_profiler.rb:80:in `query'
lead-manager-worker-prosody-5d8fbffd47-8tpdd lead-manager 	from /usr/local/bundle/gems/prometheus_exporter-2.1.0/lib/prometheus_exporter/instrumentation/method_profiler.rb:80:in `query'
lead-manager-worker-prosody-5d8fbffd47-8tpdd lead-manager 	from /usr/local/bundle/gems/activerecord-8.0.2/lib/active_record/connection_adapters/mysql2/database_statements.rb:54:in `block in perform_query'
lead-manager-worker-prosody-5d8fbffd47-h95fk lead-manager 	from /usr/local/bundle/gems/activerecord-8.0.2/lib/active_record/connection_adapters/mysql2/database_statements.rb:54:in `block in perform_query'
lead-manager-worker-prosody-5d8fbffd47-8tpdd lead-manager 	from /usr/local/bundle/gems/activesupport-8.0.2/lib/active_support/concurrency/share_lock.rb:186:in `yield_shares'
lead-manager-worker-prosody-5d8fbffd47-h95fk lead-manager 	from /usr/local/bundle/gems/activesupport-8.0.2/lib/active_support/concurrency/share_lock.rb:186:in `yield_shares'
lead-manager-worker-prosody-5d8fbffd47-8tpdd lead-manager 	from /usr/local/bundle/gems/activesupport-8.0.2/lib/active_support/dependencies/interlock.rb:41:in `permit_concurrent_loads'
lead-manager-worker-prosody-5d8fbffd47-8tpdd lead-manager 	from /usr/local/bundle/gems/activerecord-8.0.2/lib/active_record/connection_adapters/mysql2/database_statements.rb:53:in `perform_query'
lead-manager-worker-prosody-5d8fbffd47-8tpdd lead-manager 	from /usr/local/bundle/gems/activerecord-8.0.2/lib/active_record/connection_adapters/abstract/database_statements.rb:556:in `block (2 levels) in raw_execute'
lead-manager-worker-prosody-5d8fbffd47-8tpdd lead-manager 	from /usr/local/bundle/gems/activerecord-8.0.2/lib/active_record/connection_adapters/abstract_adapter.rb:1015:in `block in with_raw_connection'
lead-manager-worker-prosody-5d8fbffd47-8tpdd lead-manager 	from /usr/local/bundle/gems/activesupport-8.0.2/lib/active_support/concurrency/null_lock.rb:9:in `synchronize'
lead-manager-worker-prosody-5d8fbffd47-h95fk lead-manager 	from /usr/local/bundle/gems/activesupport-8.0.2/lib/active_support/dependencies/interlock.rb:41:in `permit_concurrent_loads'
lead-manager-worker-prosody-5d8fbffd47-h95fk lead-manager 	from /usr/local/bundle/gems/activerecord-8.0.2/lib/active_record/connection_adapters/mysql2/database_statements.rb:53:in `perform_query'
lead-manager-worker-prosody-5d8fbffd47-8tpdd lead-manager 	from /usr/local/bundle/gems/activerecord-8.0.2/lib/active_record/connection_adapters/abstract_adapter.rb:984:in `with_raw_connection'
lead-manager-worker-prosody-5d8fbffd47-h95fk lead-manager 	from /usr/local/bundle/gems/activerecord-8.0.2/lib/active_record/connection_adapters/abstract/database_statements.rb:556:in `block (2 levels) in raw_execute'
lead-manager-worker-prosody-5d8fbffd47-h95fk lead-manager 	from /usr/local/bundle/gems/activerecord-8.0.2/lib/active_record/connection_adapters/abstract_adapter.rb:1015:in `block in with_raw_connection'
lead-manager-worker-prosody-5d8fbffd47-8tpdd lead-manager 	from /usr/local/bundle/gems/activerecord-8.0.2/lib/active_record/connection_adapters/abstract/database_statements.rb:555:in `block in raw_execute'
lead-manager-worker-prosody-5d8fbffd47-8tpdd lead-manager 	from /usr/local/bundle/gems/activesupport-8.0.2/lib/active_support/notifications/instrumenter.rb:58:in `instrument'
lead-manager-worker-prosody-5d8fbffd47-8tpdd lead-manager 	from /usr/local/bundle/gems/activerecord-8.0.2/lib/active_record/connection_adapters/abstract_adapter.rb:1135:in `log'
lead-manager-worker-prosody-5d8fbffd47-h95fk lead-manager 	from /usr/local/bundle/gems/activesupport-8.0.2/lib/active_support/concurrency/null_lock.rb:9:in `synchronize'
lead-manager-worker-prosody-5d8fbffd47-h95fk lead-manager 	from /usr/local/bundle/gems/activerecord-8.0.2/lib/active_record/connection_adapters/abstract_adapter.rb:984:in `with_raw_connection'
lead-manager-worker-prosody-5d8fbffd47-8tpdd lead-manager 	from /usr/local/bundle/gems/activerecord-8.0.2/lib/active_record/connection_adapters/abstract/database_statements.rb:554:in `raw_execute'
lead-manager-worker-prosody-5d8fbffd47-8tpdd lead-manager 	from /usr/local/bundle/gems/activerecord-8.0.2/lib/active_record/connection_adapters/abstract/database_statements.rb:591:in `internal_execute'
lead-manager-worker-prosody-5d8fbffd47-8tpdd lead-manager 	from /usr/local/bundle/gems/activerecord-8.0.2/lib/active_record/connection_adapters/abstract/database_statements.rb:547:in `internal_exec_query'
lead-manager-worker-prosody-5d8fbffd47-8tpdd lead-manager 	from /usr/local/bundle/gems/activerecord-8.0.2/lib/active_record/connection_adapters/abstract/database_statements.rb:693:in `select'
lead-manager-worker-prosody-5d8fbffd47-8tpdd lead-manager 	from /usr/local/bundle/gems/activerecord-8.0.2/lib/active_record/connection_adapters/abstract/database_statements.rb:73:in `select_all'
lead-manager-worker-prosody-5d8fbffd47-8tpdd lead-manager 	from /usr/local/bundle/gems/activerecord-8.0.2/lib/active_record/connection_adapters/abstract/query_cache.rb:251:in `select_all'
lead-manager-worker-prosody-5d8fbffd47-h95fk lead-manager 	from /usr/local/bundle/gems/activerecord-8.0.2/lib/active_record/connection_adapters/abstract/database_statements.rb:555:in `block in raw_execute'
lead-manager-worker-prosody-5d8fbffd47-h95fk lead-manager 	from /usr/local/bundle/gems/activesupport-8.0.2/lib/active_support/notifications/instrumenter.rb:58:in `instrument'
lead-manager-worker-prosody-5d8fbffd47-h95fk lead-manager 	from /usr/local/bundle/gems/activerecord-8.0.2/lib/active_record/connection_adapters/abstract_adapter.rb:1135:in `log'
lead-manager-worker-prosody-5d8fbffd47-8tpdd lead-manager 	from /usr/local/bundle/gems/activerecord-8.0.2/lib/active_record/connection_adapters/mysql2/database_statements.rb:12:in `select_all'
lead-manager-worker-prosody-5d8fbffd47-8tpdd lead-manager 	from /usr/local/bundle/gems/activerecord-8.0.2/lib/active_record/querying.rb:68:in `_query_by_sql'
lead-manager-worker-prosody-5d8fbffd47-h95fk lead-manager 	from /usr/local/bundle/gems/activerecord-8.0.2/lib/active_record/connection_adapters/abstract/database_statements.rb:554:in `raw_execute'
lead-manager-worker-prosody-5d8fbffd47-8tpdd lead-manager 	from /usr/local/bundle/gems/activerecord-8.0.2/lib/active_record/querying.rb:53:in `block in find_by_sql'
lead-manager-worker-prosody-5d8fbffd47-h95fk lead-manager 	from /usr/local/bundle/gems/activerecord-8.0.2/lib/active_record/connection_adapters/abstract/database_statements.rb:591:in `internal_execute'
lead-manager-worker-prosody-5d8fbffd47-8tpdd lead-manager 	from /usr/local/bundle/gems/activerecord-8.0.2/lib/active_record/connection_adapters/abstract/connection_pool.rb:412:in `with_connection'
lead-manager-worker-prosody-5d8fbffd47-h95fk lead-manager 	from /usr/local/bundle/gems/activerecord-8.0.2/lib/active_record/connection_adapters/abstract/database_statements.rb:547:in `internal_exec_query'
lead-manager-worker-prosody-5d8fbffd47-h95fk lead-manager 	from /usr/local/bundle/gems/activerecord-8.0.2/lib/active_record/connection_adapters/abstract/database_statements.rb:693:in `select'
lead-manager-worker-prosody-5d8fbffd47-h95fk lead-manager 	from /usr/local/bundle/gems/activerecord-8.0.2/lib/active_record/connection_adapters/abstract/database_statements.rb:73:in `select_all'
lead-manager-worker-prosody-5d8fbffd47-8tpdd lead-manager 	from /usr/local/bundle/gems/activerecord-8.0.2/lib/active_record/connection_handling.rb:310:in `with_connection'
lead-manager-worker-prosody-5d8fbffd47-8tpdd lead-manager 	from /usr/local/bundle/gems/activerecord-8.0.2/lib/active_record/querying.rb:52:in `find_by_sql'
lead-manager-worker-prosody-5d8fbffd47-h95fk lead-manager 	from /usr/local/bundle/gems/activerecord-8.0.2/lib/active_record/connection_adapters/abstract/query_cache.rb:251:in `select_all'
lead-manager-worker-prosody-5d8fbffd47-h95fk lead-manager 	from /usr/local/bundle/gems/activerecord-8.0.2/lib/active_record/connection_adapters/mysql2/database_statements.rb:12:in `select_all'
lead-manager-worker-prosody-5d8fbffd47-h95fk lead-manager 	from /usr/local/bundle/gems/activerecord-8.0.2/lib/active_record/querying.rb:68:in `_query_by_sql'
lead-manager-worker-prosody-5d8fbffd47-h95fk lead-manager 	from /usr/local/bundle/gems/activerecord-8.0.2/lib/active_record/querying.rb:53:in `block in find_by_sql'
lead-manager-worker-prosody-5d8fbffd47-8tpdd lead-manager 	from /usr/local/bundle/gems/activerecord-8.0.2/lib/active_record/statement_cache.rb:152:in `execute'
lead-manager-worker-prosody-5d8fbffd47-8tpdd lead-manager 	from /usr/local/bundle/gems/activerecord-8.0.2/lib/active_record/core.rb:454:in `block in cached_find_by'
lead-manager-worker-prosody-5d8fbffd47-8tpdd lead-manager 	from /usr/local/bundle/gems/activerecord-8.0.2/lib/active_record/connection_adapters/abstract/connection_pool.rb:412:in `with_connection'
lead-manager-worker-prosody-5d8fbffd47-8tpdd lead-manager 	from /usr/local/bundle/gems/activerecord-8.0.2/lib/active_record/connection_handling.rb:310:in `with_connection'
lead-manager-worker-prosody-5d8fbffd47-8tpdd lead-manager 	from /usr/local/bundle/gems/activerecord-8.0.2/lib/active_record/core.rb:442:in `cached_find_by'
lead-manager-worker-prosody-5d8fbffd47-h95fk lead-manager 	from /usr/local/bundle/gems/activerecord-8.0.2/lib/active_record/connection_adapters/abstract/connection_pool.rb:412:in `with_connection'
lead-manager-worker-prosody-5d8fbffd47-h95fk lead-manager 	from /usr/local/bundle/gems/activerecord-8.0.2/lib/active_record/connection_handling.rb:310:in `with_connection'
lead-manager-worker-prosody-5d8fbffd47-h95fk lead-manager 	from /usr/local/bundle/gems/activerecord-8.0.2/lib/active_record/querying.rb:52:in `find_by_sql'
lead-manager-worker-prosody-5d8fbffd47-h95fk lead-manager 	from /usr/local/bundle/gems/activerecord-8.0.2/lib/active_record/statement_cache.rb:152:in `execute'
lead-manager-worker-prosody-5d8fbffd47-8tpdd lead-manager 	from /usr/local/bundle/gems/activerecord-8.0.2/lib/active_record/core.rb:327:in `find_by'
lead-manager-worker-prosody-5d8fbffd47-h95fk lead-manager 	from /usr/local/bundle/gems/activerecord-8.0.2/lib/active_record/core.rb:454:in `block in cached_find_by'
lead-manager-worker-prosody-5d8fbffd47-h95fk lead-manager 	from /usr/local/bundle/gems/activerecord-8.0.2/lib/active_record/connection_adapters/abstract/connection_pool.rb:412:in `with_connection'
lead-manager-worker-prosody-5d8fbffd47-h95fk lead-manager 	from /usr/local/bundle/gems/activerecord-8.0.2/lib/active_record/connection_handling.rb:310:in `with_connection'
lead-manager-worker-prosody-5d8fbffd47-h95fk lead-manager 	from /usr/local/bundle/gems/activerecord-8.0.2/lib/active_record/core.rb:442:in `cached_find_by'
lead-manager-worker-prosody-5d8fbffd47-h95fk lead-manager 	from /usr/local/bundle/gems/activerecord-8.0.2/lib/active_record/core.rb:327:in `find_by'
lead-manager-worker-prosody-5d8fbffd47-8tpdd lead-manager 	from /usr/src/app/services/prosody_handlers/crm_agent_asserted.rb:5:in `perform'
lead-manager-worker-prosody-5d8fbffd47-8tpdd lead-manager 	from /usr/src/app/services/prosody_handler.rb:9:in `on_message'
lead-manager-worker-prosody-5d8fbffd47-8tpdd lead-manager 	from /usr/local/bundle/gems/prosody-1.1.1-x86_64-linux/lib/prosody/processor.rb:281:in `block (2 levels) in start_worker'
lead-manager-worker-prosody-5d8fbffd47-h95fk lead-manager 	from /usr/src/app/services/prosody_handlers/crm_agent_asserted.rb:5:in `perform'
lead-manager-worker-prosody-5d8fbffd47-h95fk lead-manager 	from /usr/src/app/services/prosody_handler.rb:9:in `on_message'
lead-manager-worker-prosody-5d8fbffd47-h95fk lead-manager 	from /usr/local/bundle/gems/prosody-1.1.1-x86_64-linux/lib/prosody/processor.rb:281:in `block (2 levels) in start_worker'
lead-manager-worker-prosody-5d8fbffd47-8tpdd lead-manager 	from /usr/local/bundle/gems/opentelemetry-api-1.7.0/lib/opentelemetry/trace.rb:70:in `block in with_span'
lead-manager-worker-prosody-5d8fbffd47-h95fk lead-manager 	from /usr/local/bundle/gems/opentelemetry-api-1.7.0/lib/opentelemetry/trace.rb:70:in `block in with_span'
lead-manager-worker-prosody-5d8fbffd47-8tpdd lead-manager 	from /usr/local/bundle/gems/opentelemetry-api-1.7.0/lib/opentelemetry/context.rb:88:in `with_value'
lead-manager-worker-prosody-5d8fbffd47-8tpdd lead-manager 	from /usr/local/bundle/gems/opentelemetry-api-1.7.0/lib/opentelemetry/trace.rb:70:in `with_span'
lead-manager-worker-prosody-5d8fbffd47-8tpdd lead-manager 	from /usr/local/bundle/gems/prosody-1.1.1-x86_64-linux/lib/prosody/processor.rb:279:in `block in start_worker'
lead-manager-worker-prosody-5d8fbffd47-h95fk lead-manager 	from /usr/local/bundle/gems/opentelemetry-api-1.7.0/lib/opentelemetry/context.rb:88:in `with_value'
lead-manager-worker-prosody-5d8fbffd47-8gjtk lead-manager D, [2025-09-23T18:47:39.839690 #1] DEBUG -- : Executing task witco.lead-events/6:1497
lead-manager-worker-prosody-5d8fbffd47-h95fk lead-manager 	from /usr/local/bundle/gems/opentelemetry-api-1.7.0/lib/opentelemetry/trace.rb:70:in `with_span'
lead-manager-worker-prosody-5d8fbffd47-8gjtk lead-manager D, [2025-09-23T18:47:39.839850 #1] DEBUG -- : Task witco.lead-events/6:1497 completed successfully
lead-manager-worker-prosody-5d8fbffd47-h95fk lead-manager 	from /usr/local/bundle/gems/prosody-1.1.1-x86_64-linux/lib/prosody/processor.rb:279:in `block in start_worker'
lead-manager-worker-prosody-5d8fbffd47-8gjtk lead-manager D, [2025-09-23T18:47:39.840414 #1] DEBUG -- : Executing task witco.lead-events/6:1498
lead-manager-worker-prosody-5d8fbffd47-h95fk lead-manager 	from /usr/local/bundle/gems/async-2.32.0/lib/async/task.rb:207:in `block in run'
lead-manager-worker-prosody-5d8fbffd47-h95fk lead-manager 	from /usr/local/bundle/gems/async-2.32.0/lib/async/task.rb:452:in `block in schedule'
lead-manager-worker-prosody-5d8fbffd47-h95fk lead-manager /usr/local/bundle/gems/mysql2-0.5.5/lib/mysql2/client.rb:151:in `_query': This connection is in use by: #<Fiber:0x00007fe791f9e518 /usr/local/bundle/gems/async-2.32.0/lib/async/task.rb:450 (suspended)> (Mysql2::Error)
lead-manager-worker-prosody-5d8fbffd47-8gjtk lead-manager D, [2025-09-23T18:47:39.840570 #1] DEBUG -- : Task witco.lead-events/6:1498 completed successfully
lead-manager-worker-prosody-5d8fbffd47-8gjtk lead-manager D, [2025-09-23T18:47:39.840913 #1] DEBUG -- : Executing task witco.lead-events/6:1499
lead-manager-worker-prosody-5d8fbffd47-8gjtk lead-manager D, [2025-09-23T18:47:39.844313 #1] DEBUG -- : Task witco.lead-events/6:1499 completed successfully
lead-manager-worker-prosody-5d8fbffd47-h95fk lead-manager 	from /usr/local/bundle/gems/mysql2-0.5.5/lib/mysql2/client.rb:151:in `block in query'
lead-manager-worker-prosody-5d8fbffd47-8gjtk lead-manager D, [2025-09-23T18:47:39.845832 #1] DEBUG -- : Executing task witco.lead-events/6:1500
lead-manager-worker-prosody-5d8fbffd47-8gjtk lead-manager D, [2025-09-23T18:47:39.846246 #1] DEBUG -- : Task witco.lead-events/6:1500 completed successfully
lead-manager-worker-prosody-5d8fbffd47-8gjtk lead-manager D, [2025-09-23T18:47:39.846446 #1] DEBUG -- : Executing task witco.lead-events/6:1501
lead-manager-worker-prosody-5d8fbffd47-8gjtk lead-manager D, [2025-09-23T18:47:39.846625 #1] DEBUG -- : Task witco.lead-events/6:1501 completed successfully
lead-manager-worker-prosody-5d8fbffd47-h95fk lead-manager 	from /usr/local/bundle/gems/mysql2-0.5.5/lib/mysql2/client.rb:150:in `handle_interrupt'
lead-manager-worker-prosody-5d8fbffd47-8gjtk lead-manager D, [2025-09-23T18:47:39.846792 #1] DEBUG -- : Executing task witco.lead-events/6:1502
lead-manager-worker-prosody-5d8fbffd47-h95fk lead-manager 	from /usr/local/bundle/gems/mysql2-0.5.5/lib/mysql2/client.rb:150:in `query'
lead-manager-worker-prosody-5d8fbffd47-8gjtk lead-manager D, [2025-09-23T18:47:39.848629 #1] DEBUG -- : Task witco.lead-events/6:1502 completed successfully
lead-manager-worker-prosody-5d8fbffd47-h95fk lead-manager 	from /usr/local/bundle/gems/prometheus_exporter-2.1.0/lib/prometheus_exporter/instrumentation/method_profiler.rb:80:in `query'
lead-manager-worker-prosody-5d8fbffd47-h95fk lead-manager 	from /usr/local/bundle/gems/activerecord-8.0.2/lib/active_record/connection_adapters/mysql2/database_statements.rb:54:in `block in perform_query'
lead-manager-worker-prosody-5d8fbffd47-h95fk lead-manager 	from /usr/local/bundle/gems/activesupport-8.0.2/lib/active_support/concurrency/share_lock.rb:186:in `yield_shares'
lead-manager-worker-prosody-5d8fbffd47-8gjtk lead-manager D, [2025-09-23T18:47:39.850017 #1] DEBUG -- : Executing task witco.lead-events/6:1503
lead-manager-worker-prosody-5d8fbffd47-8gjtk lead-manager D, [2025-09-23T18:47:39.850130 #1] DEBUG -- : Task witco.lead-events/6:1503 completed successfully
lead-manager-worker-prosody-5d8fbffd47-8gjtk lead-manager D, [2025-09-23T18:47:39.850280 #1] DEBUG -- : Executing task witco.lead-events/6:1504
lead-manager-worker-prosody-5d8fbffd47-8gjtk lead-manager D, [2025-09-23T18:47:39.850393 #1] DEBUG -- : Task witco.lead-events/6:1504 completed successfully
lead-manager-worker-prosody-5d8fbffd47-8gjtk lead-manager D, [2025-09-23T18:47:39.850805 #1] DEBUG -- : Executing task witco.lead-events/6:1505
lead-manager-worker-prosody-5d8fbffd47-8gjtk lead-manager D, [2025-09-23T18:47:39.850947 #1] DEBUG -- : Task witco.lead-events/6:1505 completed successfully
lead-manager-worker-prosody-5d8fbffd47-8gjtk lead-manager D, [2025-09-23T18:47:39.851173 #1] DEBUG -- : Executing task witco.lead-events/6:1506
lead-manager-worker-prosody-5d8fbffd47-8gjtk lead-manager D, [2025-09-23T18:47:39.851330 #1] DEBUG -- : Task witco.lead-events/6:1506 completed successfully
lead-manager-worker-prosody-5d8fbffd47-8gjtk lead-manager D, [2025-09-23T18:47:39.851440 #1] DEBUG -- : Executing task witco.lead-events/6:1507
lead-manager-worker-prosody-5d8fbffd47-8gjtk lead-manager D, [2025-09-23T18:47:39.851555 #1] DEBUG -- : Task witco.lead-events/6:1507 completed successfully
lead-manager-worker-prosody-5d8fbffd47-8gjtk lead-manager D, [2025-09-23T18:47:39.851769 #1] DEBUG -- : Executing task witco.lead-events/6:1508
lead-manager-worker-prosody-5d8fbffd47-8gjtk lead-manager D, [2025-09-23T18:47:39.851956 #1] DEBUG -- : Task witco.lead-events/6:1508 completed successfully
lead-manager-worker-prosody-5d8fbffd47-8gjtk lead-manager D, [2025-09-23T18:47:39.852164 #1] DEBUG -- : Executing task witco.lead-events/6:1509
lead-manager-worker-prosody-5d8fbffd47-8gjtk lead-manager D, [2025-09-23T18:47:39.852340 #1] DEBUG -- : Task witco.lead-events/6:1509 completed successfully
lead-manager-worker-prosody-5d8fbffd47-8gjtk lead-manager D, [2025-09-23T18:47:39.852536 #1] DEBUG -- : Executing task witco.lead-events/6:1510
lead-manager-worker-prosody-5d8fbffd47-8gjtk lead-manager D, [2025-09-23T18:47:39.852672 #1] DEBUG -- : Task witco.lead-events/6:1510 completed successfully
lead-manager-worker-prosody-5d8fbffd47-8gjtk lead-manager D, [2025-09-23T18:47:39.853693 #1] DEBUG -- : Executing task witco.lead-events/6:1511
lead-manager-worker-prosody-5d8fbffd47-8gjtk lead-manager D, [2025-09-23T18:47:39.854120 #1] DEBUG -- : Task witco.lead-events/6:1511 completed successfully
lead-manager-worker-prosody-5d8fbffd47-8gjtk lead-manager D, [2025-09-23T18:47:39.854279 #1] DEBUG -- : Executing task witco.lead-events/6:1512
lead-manager-worker-prosody-5d8fbffd47-8gjtk lead-manager D, [2025-09-23T18:47:39.854427 #1] DEBUG -- : Task witco.lead-events/6:1512 completed successfully
lead-manager-worker-prosody-5d8fbffd47-8gjtk lead-manager D, [2025-09-23T18:47:39.854560 #1] DEBUG -- : Executing task witco.lead-events/6:1513
lead-manager-worker-prosody-5d8fbffd47-8gjtk lead-manager D, [2025-09-23T18:47:39.854670 #1] DEBUG -- : Task witco.lead-events/6:1513 completed successfully
lead-manager-worker-prosody-5d8fbffd47-8gjtk lead-manager D, [2025-09-23T18:47:39.854843 #1] DEBUG -- : Executing task witco.lead-events/6:1514
lead-manager-worker-prosody-5d8fbffd47-8gjtk lead-manager D, [2025-09-23T18:47:39.855510 #1] DEBUG -- : Task witco.lead-events/6:1514 completed successfully
lead-manager-worker-prosody-5d8fbffd47-8gjtk lead-manager D, [2025-09-23T18:47:39.855910 #1] DEBUG -- : Executing task witco.lead-events/6:1515
lead-manager-worker-prosody-5d8fbffd47-8gjtk lead-manager D, [2025-09-23T18:47:39.856036 #1] DEBUG -- : Task witco.lead-events/6:1515 completed successfully
lead-manager-worker-prosody-5d8fbffd47-8gjtk lead-manager D, [2025-09-23T18:47:39.856300 #1] DEBUG -- : Executing task witco.lead-events/6:1516
lead-manager-worker-prosody-5d8fbffd47-8gjtk lead-manager D, [2025-09-23T18:47:39.856568 #1] DEBUG -- : Task witco.lead-events/6:1516 completed successfully
lead-manager-worker-prosody-5d8fbffd47-8gjtk lead-manager D, [2025-09-23T18:47:39.856676 #1] DEBUG -- : Executing task witco.lead-events/6:1517
lead-manager-worker-prosody-5d8fbffd47-8gjtk lead-manager D, [2025-09-23T18:47:39.856784 #1] DEBUG -- : Task witco.lead-events/6:1517 completed successfully
lead-manager-worker-prosody-5d8fbffd47-8gjtk lead-manager D, [2025-09-23T18:47:39.857298 #1] DEBUG -- : Executing task witco.lead-events/6:1518
lead-manager-worker-prosody-5d8fbffd47-8gjtk lead-manager D, [2025-09-23T18:47:39.857672 #1] DEBUG -- : Task witco.lead-events/6:1518 completed successfully
lead-manager-worker-prosody-5d8fbffd47-8gjtk lead-manager D, [2025-09-23T18:47:39.857778 #1] DEBUG -- : Executing task witco.lead-events/6:1519
lead-manager-worker-prosody-5d8fbffd47-8gjtk lead-manager D, [2025-09-23T18:47:39.858500 #1] DEBUG -- : Task witco.lead-events/6:1519 completed successfully
lead-manager-worker-prosody-5d8fbffd47-8gjtk lead-manager D, [2025-09-23T18:47:39.859574 #1] DEBUG -- : Executing task witco.lead-events/6:1520
lead-manager-worker-prosody-5d8fbffd47-8gjtk lead-manager D, [2025-09-23T18:47:39.859749 #1] DEBUG -- : Task witco.lead-events/6:1520 completed successfully
lead-manager-worker-prosody-5d8fbffd47-8gjtk lead-manager D, [2025-09-23T18:47:39.860372 #1] DEBUG -- : Executing task witco.lead-events/6:1521
lead-manager-worker-prosody-5d8fbffd47-8gjtk lead-manager D, [2025-09-23T18:47:39.860549 #1] DEBUG -- : Task witco.lead-events/6:1521 completed successfully
lead-manager-worker-prosody-5d8fbffd47-8gjtk lead-manager D, [2025-09-23T18:47:39.860660 #1] DEBUG -- : Executing task witco.lead-events/6:1522
lead-manager-worker-prosody-5d8fbffd47-8gjtk lead-manager D, [2025-09-23T18:47:39.860789 #1] DEBUG -- : Task witco.lead-events/6:1522 completed successfully
lead-manager-worker-prosody-5d8fbffd47-8gjtk lead-manager D, [2025-09-23T18:47:39.861346 #1] DEBUG -- : Executing task witco.lead-events/6:1523
lead-manager-worker-prosody-5d8fbffd47-8gjtk lead-manager D, [2025-09-23T18:47:39.861487 #1] DEBUG -- : Task witco.lead-events/6:1523 completed successfully
lead-manager-worker-prosody-5d8fbffd47-8gjtk lead-manager I, [2025-09-23T18:47:48.220988 #1]  INFO -- : revoking realgeeks.lead-manager.agent-events:0 module=prosody::consumer::kafka_context line=189
lead-manager-worker-prosody-5d8fbffd47-8gjtk lead-manager I, [2025-09-23T18:47:48.221531 #1]  INFO -- : revoking realgeeks.lead-manager.agent-events:1 module=prosody::consumer::kafka_context line=189
lead-manager-worker-prosody-5d8fbffd47-8gjtk lead-manager I, [2025-09-23T18:47:48.221546 #1]  INFO -- : revoking realgeeks.lead-manager.agent-events:2 module=prosody::consumer::kafka_context line=189
lead-manager-worker-prosody-5d8fbffd47-8gjtk lead-manager I, [2025-09-23T18:47:48.221555 #1]  INFO -- : revoking realgeeks.lead-manager.agent-events:3 module=prosody::consumer::kafka_context line=189
lead-manager-worker-prosody-5d8fbffd47-8gjtk lead-manager I, [2025-09-23T18:47:48.221568 #1]  INFO -- : revoking realgeeks.lead-manager.agent-events:4 module=prosody::consumer::kafka_context line=189
lead-manager-worker-prosody-5d8fbffd47-8gjtk lead-manager I, [2025-09-23T18:47:48.221590 #1]  INFO -- : revoking realgeeks.lead-manager.agent-events:5 module=prosody::consumer::kafka_context line=189
lead-manager-worker-prosody-5d8fbffd47-8gjtk lead-manager I, [2025-09-23T18:47:48.221606 #1]  INFO -- : revoking realgeeks.lead-manager.agent-events:6 module=prosody::consumer::kafka_context line=189
lead-manager-worker-prosody-5d8fbffd47-8gjtk lead-manager I, [2025-09-23T18:47:48.221614 #1]  INFO -- : revoking realgeeks.lead-manager.agent-events:7 module=prosody::consumer::kafka_context line=189
lead-manager-worker-prosody-5d8fbffd47-8gjtk lead-manager I, [2025-09-23T18:47:48.221628 #1]  INFO -- : revoking realgeeks.lead-manager.crm-events:0 module=prosody::consumer::kafka_context line=189
lead-manager-worker-prosody-5d8fbffd47-8gjtk lead-manager I, [2025-09-23T18:47:48.221635 #1]  INFO -- : revoking realgeeks.lead-manager.crm-events:1 module=prosody::consumer::kafka_context line=189
lead-manager-worker-prosody-5d8fbffd47-h95fk lead-manager 	from /usr/local/bundle/gems/activesupport-8.0.2/lib/active_support/dependencies/interlock.rb:41:in `permit_concurrent_loads'
lead-manager-worker-prosody-5d8fbffd47-h95fk lead-manager 	from /usr/local/bundle/gems/activerecord-8.0.2/lib/active_record/connection_adapters/mysql2/database_statements.rb:53:in `perform_query'
lead-manager-worker-prosody-5d8fbffd47-h95fk lead-manager 	from /usr/local/bundle/gems/activerecord-8.0.2/lib/active_record/connection_adapters/abstract/database_statements.rb:556:in `block (2 levels) in raw_execute'
lead-manager-worker-prosody-5d8fbffd47-8gjtk lead-manager I, [2025-09-23T18:47:48.221643 #1]  INFO -- : revoking realgeeks.lead-manager.crm-events:2 module=prosody::consumer::kafka_context line=189
lead-manager-worker-prosody-5d8fbffd47-8tpdd lead-manager 	from /usr/local/bundle/gems/async-2.32.0/lib/async/task.rb:207:in `block in run'
lead-manager-worker-prosody-5d8fbffd47-8gjtk lead-manager I, [2025-09-23T18:47:48.221655 #1]  INFO -- : revoking realgeeks.lead-manager.crm-events:3 module=prosody::consumer::kafka_context line=189
lead-manager-worker-prosody-5d8fbffd47-8gjtk lead-manager I, [2025-09-23T18:47:48.221667 #1]  INFO -- : revoking realgeeks.lead-manager.crm-events:4 module=prosody::consumer::kafka_context line=189
lead-manager-worker-prosody-5d8fbffd47-8gjtk lead-manager I, [2025-09-23T18:47:48.221675 #1]  INFO -- : revoking realgeeks.lead-manager.crm-events:5 module=prosody::consumer::kafka_context line=189
lead-manager-worker-prosody-5d8fbffd47-8tpdd lead-manager 	from /usr/local/bundle/gems/async-2.32.0/lib/async/task.rb:452:in `block in schedule'
lead-manager-worker-prosody-5d8fbffd47-8tpdd lead-manager /usr/local/bundle/gems/mysql2-0.5.5/lib/mysql2/client.rb:151:in `_query': This connection is in use by: #<Fiber:0x00007fc520778638 /usr/local/bundle/gems/async-2.32.0/lib/async/task.rb:450 (suspended)> (Mysql2::Error)
lead-manager-worker-prosody-5d8fbffd47-8gjtk lead-manager I, [2025-09-23T18:47:48.221688 #1]  INFO -- : revoking realgeeks.lead-manager.crm-events:6 module=prosody::consumer::kafka_context line=189
lead-manager-worker-prosody-5d8fbffd47-8gjtk lead-manager I, [2025-09-23T18:47:48.221695 #1]  INFO -- : revoking realgeeks.lead-manager.crm-events:7 module=prosody::consumer::kafka_context line=189
lead-manager-worker-prosody-5d8fbffd47-8gjtk lead-manager I, [2025-09-23T18:47:48.221712 #1]  INFO -- : revoking realgeeks.lead-manager.lead-events:0 module=prosody::consumer::kafka_context line=189
lead-manager-worker-prosody-5d8fbffd47-8gjtk lead-manager I, [2025-09-23T18:47:48.221721 #1]  INFO -- : revoking realgeeks.lead-manager.lead-events:1 module=prosody::consumer::kafka_context line=189
lead-manager-worker-prosody-5d8fbffd47-8gjtk lead-manager I, [2025-09-23T18:47:48.221733 #1]  INFO -- : revoking realgeeks.lead-manager.lead-events:2 module=prosody::consumer::kafka_context line=189
lead-manager-worker-prosody-5d8fbffd47-8gjtk lead-manager I, [2025-09-23T18:47:48.221740 #1]  INFO -- : revoking realgeeks.lead-manager.lead-events:3 module=prosody::consumer::kafka_context line=189
lead-manager-worker-prosody-5d8fbffd47-8gjtk lead-manager I, [2025-09-23T18:47:48.221747 #1]  INFO -- : revoking realgeeks.lead-manager.lead-events:4 module=prosody::consumer::kafka_context line=189
lead-manager-worker-prosody-5d8fbffd47-8gjtk lead-manager I, [2025-09-23T18:47:48.221754 #1]  INFO -- : revoking realgeeks.lead-manager.lead-events:5 module=prosody::consumer::kafka_context line=189
lead-manager-worker-prosody-5d8fbffd47-8gjtk lead-manager I, [2025-09-23T18:47:48.221888 #1]  INFO -- : revoking realgeeks.lead-manager.lead-events:6 module=prosody::consumer::kafka_context line=189
lead-manager-worker-prosody-5d8fbffd47-8gjtk lead-manager I, [2025-09-23T18:47:48.221907 #1]  INFO -- : revoking realgeeks.lead-manager.lead-events:7 module=prosody::consumer::kafka_context line=189
lead-manager-worker-prosody-5d8fbffd47-8gjtk lead-manager I, [2025-09-23T18:47:48.221915 #1]  INFO -- : revoking witco.agent-events:0 module=prosody::consumer::kafka_context line=189
lead-manager-worker-prosody-5d8fbffd47-8gjtk lead-manager I, [2025-09-23T18:47:48.221924 #1]  INFO -- : revoking witco.agent-events:1 module=prosody::consumer::kafka_context line=189
lead-manager-worker-prosody-5d8fbffd47-8gjtk lead-manager I, [2025-09-23T18:47:48.221957 #1]  INFO -- : revoking witco.agent-events:2 module=prosody::consumer::kafka_context line=189
lead-manager-worker-prosody-5d8fbffd47-8gjtk lead-manager I, [2025-09-23T18:47:48.221976 #1]  INFO -- : revoking witco.agent-events:3 module=prosody::consumer::kafka_context line=189
lead-manager-worker-prosody-5d8fbffd47-8gjtk lead-manager I, [2025-09-23T18:47:48.221990 #1]  INFO -- : revoking witco.agent-events:4 module=prosody::consumer::kafka_context line=189
lead-manager-worker-prosody-5d8fbffd47-8gjtk lead-manager I, [2025-09-23T18:47:48.221999 #1]  INFO -- : revoking witco.agent-events:5 module=prosody::consumer::kafka_context line=189
lead-manager-worker-prosody-5d8fbffd47-8tpdd lead-manager 	from /usr/local/bundle/gems/mysql2-0.5.5/lib/mysql2/client.rb:151:in `block in query'
lead-manager-worker-prosody-5d8fbffd47-8tpdd lead-manager 	from /usr/local/bundle/gems/mysql2-0.5.5/lib/mysql2/client.rb:150:in `handle_interrupt'
lead-manager-worker-prosody-5d8fbffd47-8tpdd lead-manager 	from /usr/local/bundle/gems/mysql2-0.5.5/lib/mysql2/client.rb:150:in `query'
lead-manager-worker-prosody-5d8fbffd47-8tpdd lead-manager 	from /usr/local/bundle/gems/prometheus_exporter-2.1.0/lib/prometheus_exporter/instrumentation/method_profiler.rb:80:in `query'
lead-manager-worker-prosody-5d8fbffd47-h95fk lead-manager 	from /usr/local/bundle/gems/activerecord-8.0.2/lib/active_record/connection_adapters/abstract_adapter.rb:1015:in `block in with_raw_connection'
lead-manager-worker-prosody-5d8fbffd47-8gjtk lead-manager I, [2025-09-23T18:47:48.222006 #1]  INFO -- : revoking witco.agent-events:6 module=prosody::consumer::kafka_context line=189
lead-manager-worker-prosody-5d8fbffd47-h95fk lead-manager 	from /usr/local/bundle/gems/activesupport-8.0.2/lib/active_support/concurrency/null_lock.rb:9:in `synchronize'
lead-manager-worker-prosody-5d8fbffd47-8tpdd lead-manager 	from /usr/local/bundle/gems/activerecord-8.0.2/lib/active_record/connection_adapters/mysql2/database_statements.rb:54:in `block in perform_query'
lead-manager-worker-prosody-5d8fbffd47-8tpdd lead-manager 	from /usr/local/bundle/gems/activesupport-8.0.2/lib/active_support/concurrency/share_lock.rb:186:in `yield_shares'
lead-manager-worker-prosody-5d8fbffd47-8tpdd lead-manager 	from /usr/local/bundle/gems/activesupport-8.0.2/lib/active_support/dependencies/interlock.rb:41:in `permit_concurrent_loads'
lead-manager-worker-prosody-5d8fbffd47-8tpdd lead-manager 	from /usr/local/bundle/gems/activerecord-8.0.2/lib/active_record/connection_adapters/mysql2/database_statements.rb:53:in `perform_query'
lead-manager-worker-prosody-5d8fbffd47-8tpdd lead-manager 	from /usr/local/bundle/gems/activerecord-8.0.2/lib/active_record/connection_adapters/abstract/database_statements.rb:556:in `block (2 levels) in raw_execute'
lead-manager-worker-prosody-5d8fbffd47-8tpdd lead-manager 	from /usr/local/bundle/gems/activerecord-8.0.2/lib/active_record/connection_adapters/abstract_adapter.rb:1015:in `block in with_raw_connection'
lead-manager-worker-prosody-5d8fbffd47-h95fk lead-manager 	from /usr/local/bundle/gems/activerecord-8.0.2/lib/active_record/connection_adapters/abstract_adapter.rb:984:in `with_raw_connection'
lead-manager-worker-prosody-5d8fbffd47-h95fk lead-manager 	from /usr/local/bundle/gems/activerecord-8.0.2/lib/active_record/connection_adapters/abstract/database_statements.rb:555:in `block in raw_execute'
lead-manager-worker-prosody-5d8fbffd47-8tpdd lead-manager 	from /usr/local/bundle/gems/activesupport-8.0.2/lib/active_support/concurrency/null_lock.rb:9:in `synchronize'
lead-manager-worker-prosody-5d8fbffd47-h95fk lead-manager 	from /usr/local/bundle/gems/activesupport-8.0.2/lib/active_support/notifications/instrumenter.rb:58:in `instrument'
lead-manager-worker-prosody-5d8fbffd47-h95fk lead-manager 	from /usr/local/bundle/gems/activerecord-8.0.2/lib/active_record/connection_adapters/abstract_adapter.rb:1135:in `log'
lead-manager-worker-prosody-5d8fbffd47-h95fk lead-manager 	from /usr/local/bundle/gems/activerecord-8.0.2/lib/active_record/connection_adapters/abstract/database_statements.rb:554:in `raw_execute'
lead-manager-worker-prosody-5d8fbffd47-8tpdd lead-manager 	from /usr/local/bundle/gems/activerecord-8.0.2/lib/active_record/connection_adapters/abstract_adapter.rb:984:in `with_raw_connection'
lead-manager-worker-prosody-5d8fbffd47-h95fk lead-manager 	from /usr/local/bundle/gems/activerecord-8.0.2/lib/active_record/connection_adapters/abstract/database_statements.rb:591:in `internal_execute'
lead-manager-worker-prosody-5d8fbffd47-h95fk lead-manager 	from /usr/local/bundle/gems/activerecord-8.0.2/lib/active_record/connection_adapters/abstract/database_statements.rb:547:in `internal_exec_query'
lead-manager-worker-prosody-5d8fbffd47-h95fk lead-manager 	from /usr/local/bundle/gems/activerecord-8.0.2/lib/active_record/connection_adapters/abstract/database_statements.rb:693:in `select'
lead-manager-worker-prosody-5d8fbffd47-8gjtk lead-manager I, [2025-09-23T18:47:48.222027 #1]  INFO -- : revoking witco.agent-events:7 module=prosody::consumer::kafka_context line=189
lead-manager-worker-prosody-5d8fbffd47-8tpdd lead-manager 	from /usr/local/bundle/gems/activerecord-8.0.2/lib/active_record/connection_adapters/abstract/database_statements.rb:555:in `block in raw_execute'
lead-manager-worker-prosody-5d8fbffd47-8tpdd lead-manager 	from /usr/local/bundle/gems/activesupport-8.0.2/lib/active_support/notifications/instrumenter.rb:58:in `instrument'
lead-manager-worker-prosody-5d8fbffd47-8tpdd lead-manager 	from /usr/local/bundle/gems/activerecord-8.0.2/lib/active_record/connection_adapters/abstract_adapter.rb:1135:in `log'
lead-manager-worker-prosody-5d8fbffd47-8tpdd lead-manager 	from /usr/local/bundle/gems/activerecord-8.0.2/lib/active_record/connection_adapters/abstract/database_statements.rb:554:in `raw_execute'
lead-manager-worker-prosody-5d8fbffd47-8tpdd lead-manager 	from /usr/local/bundle/gems/activerecord-8.0.2/lib/active_record/connection_adapters/abstract/database_statements.rb:591:in `internal_execute'
lead-manager-worker-prosody-5d8fbffd47-8gjtk lead-manager I, [2025-09-23T18:47:48.222040 #1]  INFO -- : revoking witco.crm-events:0 module=prosody::consumer::kafka_context line=189
lead-manager-worker-prosody-5d8fbffd47-8gjtk lead-manager I, [2025-09-23T18:47:48.222048 #1]  INFO -- : revoking witco.crm-events:1 module=prosody::consumer::kafka_context line=189
lead-manager-worker-prosody-5d8fbffd47-8gjtk lead-manager I, [2025-09-23T18:47:48.222055 #1]  INFO -- : revoking witco.crm-events:2 module=prosody::consumer::kafka_context line=189
lead-manager-worker-prosody-5d8fbffd47-8gjtk lead-manager I, [2025-09-23T18:47:48.222075 #1]  INFO -- : revoking witco.crm-events:3 module=prosody::consumer::kafka_context line=189
lead-manager-worker-prosody-5d8fbffd47-8tpdd lead-manager 	from /usr/local/bundle/gems/activerecord-8.0.2/lib/active_record/connection_adapters/abstract/database_statements.rb:547:in `internal_exec_query'
lead-manager-worker-prosody-5d8fbffd47-8gjtk lead-manager I, [2025-09-23T18:47:48.222091 #1]  INFO -- : revoking witco.crm-events:4 module=prosody::consumer::kafka_context line=189
lead-manager-worker-prosody-5d8fbffd47-8gjtk lead-manager I, [2025-09-23T18:47:48.222099 #1]  INFO -- : revoking witco.crm-events:5 module=prosody::consumer::kafka_context line=189
lead-manager-worker-prosody-5d8fbffd47-8tpdd lead-manager 	from /usr/local/bundle/gems/activerecord-8.0.2/lib/active_record/connection_adapters/abstract/database_statements.rb:693:in `select'
lead-manager-worker-prosody-5d8fbffd47-8tpdd lead-manager 	from /usr/local/bundle/gems/activerecord-8.0.2/lib/active_record/connection_adapters/abstract/database_statements.rb:73:in `select_all'
lead-manager-worker-prosody-5d8fbffd47-8tpdd lead-manager 	from /usr/local/bundle/gems/activerecord-8.0.2/lib/active_record/connection_adapters/abstract/query_cache.rb:251:in `select_all'
lead-manager-worker-prosody-5d8fbffd47-8gjtk lead-manager I, [2025-09-23T18:47:48.222332 #1]  INFO -- : revoking witco.crm-events:6 module=prosody::consumer::kafka_context line=189
lead-manager-worker-prosody-5d8fbffd47-8gjtk lead-manager I, [2025-09-23T18:47:48.222395 #1]  INFO -- : revoking witco.crm-events:7 module=prosody::consumer::kafka_context line=189
lead-manager-worker-prosody-5d8fbffd47-8tpdd lead-manager 	from /usr/local/bundle/gems/activerecord-8.0.2/lib/active_record/connection_adapters/mysql2/database_statements.rb:12:in `select_all'
lead-manager-worker-prosody-5d8fbffd47-8tpdd lead-manager 	from /usr/local/bundle/gems/activerecord-8.0.2/lib/active_record/querying.rb:68:in `_query_by_sql'
lead-manager-worker-prosody-5d8fbffd47-8tpdd lead-manager 	from /usr/local/bundle/gems/activerecord-8.0.2/lib/active_record/querying.rb:53:in `block in find_by_sql'
lead-manager-worker-prosody-5d8fbffd47-8gjtk lead-manager I, [2025-09-23T18:47:57.263624 #1]  INFO -- : revoking witco.lead-events:0 module=prosody::consumer::kafka_context line=189
lead-manager-worker-prosody-5d8fbffd47-8tpdd lead-manager 	from /usr/local/bundle/gems/activerecord-8.0.2/lib/active_record/connection_adapters/abstract/connection_pool.rb:412:in `with_connection'
lead-manager-worker-prosody-5d8fbffd47-8gjtk lead-manager I, [2025-09-23T18:47:57.263709 #1]  INFO -- : revoking witco.lead-events:1 module=prosody::consumer::kafka_context line=189
lead-manager-worker-prosody-5d8fbffd47-8tpdd lead-manager 	from /usr/local/bundle/gems/activerecord-8.0.2/lib/active_record/connection_handling.rb:310:in `with_connection'
lead-manager-worker-prosody-5d8fbffd47-8tpdd lead-manager 	from /usr/local/bundle/gems/activerecord-8.0.2/lib/active_record/querying.rb:52:in `find_by_sql'
lead-manager-worker-prosody-5d8fbffd47-8tpdd lead-manager 	from /usr/local/bundle/gems/activerecord-8.0.2/lib/active_record/statement_cache.rb:152:in `execute'
lead-manager-worker-prosody-5d8fbffd47-8tpdd lead-manager 	from /usr/local/bundle/gems/activerecord-8.0.2/lib/active_record/core.rb:454:in `block in cached_find_by'
lead-manager-worker-prosody-5d8fbffd47-8tpdd lead-manager 	from /usr/local/bundle/gems/activerecord-8.0.2/lib/active_record/connection_adapters/abstract/connection_pool.rb:412:in `with_connection'
lead-manager-worker-prosody-5d8fbffd47-8tpdd lead-manager 	from /usr/local/bundle/gems/activerecord-8.0.2/lib/active_record/connection_handling.rb:310:in `with_connection'
lead-manager-worker-prosody-5d8fbffd47-8tpdd lead-manager 	from /usr/local/bundle/gems/activerecord-8.0.2/lib/active_record/core.rb:442:in `cached_find_by'
lead-manager-worker-prosody-5d8fbffd47-8tpdd lead-manager 	from /usr/local/bundle/gems/activerecord-8.0.2/lib/active_record/core.rb:327:in `find_by'
lead-manager-worker-prosody-5d8fbffd47-8tpdd lead-manager 	from /usr/src/app/services/prosody_handlers/crm_agent_asserted.rb:5:in `perform'
lead-manager-worker-prosody-5d8fbffd47-8tpdd lead-manager 	from /usr/src/app/services/prosody_handler.rb:9:in `on_message'
lead-manager-worker-prosody-5d8fbffd47-8tpdd lead-manager 	from /usr/local/bundle/gems/prosody-1.1.1-x86_64-linux/lib/prosody/processor.rb:281:in `block (2 levels) in start_worker'
lead-manager-worker-prosody-5d8fbffd47-8tpdd lead-manager 	from /usr/local/bundle/gems/opentelemetry-api-1.7.0/lib/opentelemetry/trace.rb:70:in `block in with_span'
lead-manager-worker-prosody-5d8fbffd47-8tpdd lead-manager 	from /usr/local/bundle/gems/opentelemetry-api-1.7.0/lib/opentelemetry/context.rb:88:in `with_value'
lead-manager-worker-prosody-5d8fbffd47-8tpdd lead-manager 	from /usr/local/bundle/gems/opentelemetry-api-1.7.0/lib/opentelemetry/trace.rb:70:in `with_span'
lead-manager-worker-prosody-5d8fbffd47-8tpdd lead-manager 	from /usr/local/bundle/gems/prosody-1.1.1-x86_64-linux/lib/prosody/processor.rb:279:in `block in start_worker'
lead-manager-worker-prosody-5d8fbffd47-8tpdd lead-manager 	from /usr/local/bundle/gems/async-2.32.0/lib/async/task.rb:207:in `block in run'
lead-manager-worker-prosody-5d8fbffd47-8tpdd lead-manager 	from /usr/local/bundle/gems/async-2.32.0/lib/async/task.rb:452:in `block in schedule'
lead-manager-worker-prosody-5d8fbffd47-8tpdd lead-manager ; retrying after 79ms module=prosody::consumer::failure::retry line=342 partition=0 key=realgeeks:81727 offset=3 attempt=2 topic=realgeeks.lead-manager.agent-events
lead-manager-worker-prosody-5d8fbffd47-8tpdd lead-manager D, [2025-09-23T18:47:52.041382 #1] DEBUG -- : Executing task realgeeks.lead-manager.agent-events/0:1
lead-manager-worker-prosody-5d8fbffd47-8tpdd lead-manager E, [2025-09-23T18:47:52.042566 #1] ERROR -- : Error executing task realgeeks.lead-manager.agent-events/0:1: Mysql2::Error: This connection is in use by: #<Fiber:0x00007fc520778638 /usr/local/bundle/gems/async-2.32.0/lib/async/task.rb:450 (suspended)>
lead-manager-worker-prosody-5d8fbffd47-8tpdd lead-manager E, [2025-09-23T18:47:52.042768 #1] ERROR -- : failed to handle message: handler error: transient error: /usr/local/bundle/gems/mysql2-0.5.5/lib/mysql2/client.rb:151:in `_query': Mysql2::Error: This connection is in use by: #<Fiber:0x00007fc520778638 /usr/local/bundle/gems/async-2.32.0/lib/async/task.rb:450 (suspended)> (ActiveRecord::StatementInvalid)
lead-manager-worker-prosody-5d8fbffd47-8tpdd lead-manager 	from /usr/local/bundle/gems/mysql2-0.5.5/lib/mysql2/client.rb:151:in `block in query'
lead-manager-worker-prosody-5d8fbffd47-8tpdd lead-manager 	from /usr/local/bundle/gems/mysql2-0.5.5/lib/mysql2/client.rb:150:in `handle_interrupt'
lead-manager-worker-prosody-5d8fbffd47-8tpdd lead-manager 	from /usr/local/bundle/gems/mysql2-0.5.5/lib/mysql2/client.rb:150:in `query'
lead-manager-worker-prosody-5d8fbffd47-8tpdd lead-manager 	from /usr/local/bundle/gems/prometheus_exporter-2.1.0/lib/prometheus_exporter/instrumentation/method_profiler.rb:80:in `query'
lead-manager-worker-prosody-5d8fbffd47-8tpdd lead-manager 	from /usr/local/bundle/gems/activerecord-8.0.2/lib/active_record/connection_adapters/mysql2/database_statements.rb:54:in `block in perform_query'
lead-manager-worker-prosody-5d8fbffd47-8tpdd lead-manager 	from /usr/local/bundle/gems/activesupport-8.0.2/lib/active_support/concurrency/share_lock.rb:186:in `yield_shares'
lead-manager-worker-prosody-5d8fbffd47-8tpdd lead-manager 	from /usr/local/bundle/gems/activesupport-8.0.2/lib/active_support/dependencies/interlock.rb:41:in `permit_concurrent_loads'
lead-manager-worker-prosody-5d8fbffd47-8tpdd lead-manager 	from /usr/local/bundle/gems/activerecord-8.0.2/lib/active_record/connection_adapters/mysql2/database_statements.rb:53:in `perform_query'
lead-manager-worker-prosody-5d8fbffd47-8tpdd lead-manager 	from /usr/local/bundle/gems/activerecord-8.0.2/lib/active_record/connection_adapters/abstract/database_statements.rb:556:in `block (2 levels) in raw_execute'
lead-manager-worker-prosody-5d8fbffd47-8tpdd lead-manager 	from /usr/local/bundle/gems/activerecord-8.0.2/lib/active_record/connection_adapters/abstract_adapter.rb:1015:in `block in with_raw_connection'
lead-manager-worker-prosody-5d8fbffd47-8tpdd lead-manager 	from /usr/local/bundle/gems/activesupport-8.0.2/lib/active_support/concurrency/null_lock.rb:9:in `synchronize'
lead-manager-worker-prosody-5d8fbffd47-8tpdd lead-manager 	from /usr/local/bundle/gems/activerecord-8.0.2/lib/active_record/connection_adapters/abstract_adapter.rb:984:in `with_raw_connection'
lead-manager-worker-prosody-5d8fbffd47-8tpdd lead-manager 	from /usr/local/bundle/gems/activerecord-8.0.2/lib/active_record/connection_adapters/abstract/database_statements.rb:555:in `block in raw_execute'
lead-manager-worker-prosody-5d8fbffd47-8tpdd lead-manager 	from /usr/local/bundle/gems/activesupport-8.0.2/lib/active_support/notifications/instrumenter.rb:58:in `instrument'
lead-manager-worker-prosody-5d8fbffd47-8tpdd lead-manager 	from /usr/local/bundle/gems/activerecord-8.0.2/lib/active_record/connection_adapters/abstract_adapter.rb:1135:in `log'
lead-manager-worker-prosody-5d8fbffd47-8tpdd lead-manager 	from /usr/local/bundle/gems/activerecord-8.0.2/lib/active_record/connection_adapters/abstract/database_statements.rb:554:in `raw_execute'
lead-manager-worker-prosody-5d8fbffd47-8tpdd lead-manager 	from /usr/local/bundle/gems/activerecord-8.0.2/lib/active_record/connection_adapters/abstract/database_statements.rb:591:in `internal_execute'
lead-manager-worker-prosody-5d8fbffd47-8tpdd lead-manager 	from /usr/local/bundle/gems/activerecord-8.0.2/lib/active_record/connection_adapters/abstract/database_statements.rb:547:in `internal_exec_query'
lead-manager-worker-prosody-5d8fbffd47-8tpdd lead-manager 	from /usr/local/bundle/gems/activerecord-8.0.2/lib/active_record/connection_adapters/abstract/database_statements.rb:693:in `select'
lead-manager-worker-prosody-5d8fbffd47-8tpdd lead-manager 	from /usr/local/bundle/gems/activerecord-8.0.2/lib/active_record/connection_adapters/abstract/database_statements.rb:73:in `select_all'
lead-manager-worker-prosody-5d8fbffd47-8tpdd lead-manager 	from /usr/local/bundle/gems/activerecord-8.0.2/lib/active_record/connection_adapters/abstract/query_cache.rb:251:in `select_all'
lead-manager-worker-prosody-5d8fbffd47-8tpdd lead-manager 	from /usr/local/bundle/gems/activerecord-8.0.2/lib/active_record/connection_adapters/mysql2/database_statements.rb:12:in `select_all'
lead-manager-worker-prosody-5d8fbffd47-8tpdd lead-manager 	from /usr/local/bundle/gems/activerecord-8.0.2/lib/active_record/querying.rb:68:in `_query_by_sql'
lead-manager-worker-prosody-5d8fbffd47-8tpdd lead-manager 	from /usr/local/bundle/gems/activerecord-8.0.2/lib/active_record/querying.rb:53:in `block in find_by_sql'
lead-manager-worker-prosody-5d8fbffd47-8tpdd lead-manager 	from /usr/local/bundle/gems/activerecord-8.0.2/lib/active_record/connection_adapters/abstract/connection_pool.rb:412:in `with_connection'
lead-manager-worker-prosody-5d8fbffd47-8tpdd lead-manager 	from /usr/local/bundle/gems/activerecord-8.0.2/lib/active_record/connection_handling.rb:310:in `with_connection'
lead-manager-worker-prosody-5d8fbffd47-8tpdd lead-manager 	from /usr/local/bundle/gems/activerecord-8.0.2/lib/active_record/querying.rb:52:in `find_by_sql'
lead-manager-worker-prosody-5d8fbffd47-8tpdd lead-manager 	from /usr/local/bundle/gems/activerecord-8.0.2/lib/active_record/statement_cache.rb:152:in `execute'
lead-manager-worker-prosody-5d8fbffd47-8tpdd lead-manager 	from /usr/local/bundle/gems/activerecord-8.0.2/lib/active_record/core.rb:454:in `block in cached_find_by'
lead-manager-worker-prosody-5d8fbffd47-8tpdd lead-manager 	from /usr/local/bundle/gems/activerecord-8.0.2/lib/active_record/connection_adapters/abstract/connection_pool.rb:412:in `with_connection'
lead-manager-worker-prosody-5d8fbffd47-8tpdd lead-manager 	from /usr/local/bundle/gems/activerecord-8.0.2/lib/active_record/connection_handling.rb:310:in `with_connection'
lead-manager-worker-prosody-5d8fbffd47-8tpdd lead-manager 	from /usr/local/bundle/gems/activerecord-8.0.2/lib/active_record/core.rb:442:in `cached_find_by'
lead-manager-worker-prosody-5d8fbffd47-8tpdd lead-manager 	from /usr/local/bundle/gems/activerecord-8.0.2/lib/active_record/core.rb:327:in `find_by'
lead-manager-worker-prosody-5d8fbffd47-8tpdd lead-manager 	from /usr/src/app/services/prosody_handlers/crm_agent_asserted.rb:5:in `perform'
lead-manager-worker-prosody-5d8fbffd47-8tpdd lead-manager 	from /usr/src/app/services/prosody_handler.rb:9:in `on_message'
lead-manager-worker-prosody-5d8fbffd47-8tpdd lead-manager 	from /usr/local/bundle/gems/prosody-1.1.1-x86_64-linux/lib/prosody/processor.rb:281:in `block (2 levels) in start_worker'
lead-manager-worker-prosody-5d8fbffd47-8tpdd lead-manager 	from /usr/local/bundle/gems/opentelemetry-api-1.7.0/lib/opentelemetry/trace.rb:70:in `block in with_span'
lead-manager-worker-prosody-5d8fbffd47-8tpdd lead-manager 	from /usr/local/bundle/gems/opentelemetry-api-1.7.0/lib/opentelemetry/context.rb:88:in `with_value'
lead-manager-worker-prosody-5d8fbffd47-8tpdd lead-manager 	from /usr/local/bundle/gems/opentelemetry-api-1.7.0/lib/opentelemetry/trace.rb:70:in `with_span'
lead-manager-worker-prosody-5d8fbffd47-8tpdd lead-manager 	from /usr/local/bundle/gems/prosody-1.1.1-x86_64-linux/lib/prosody/processor.rb:279:in `block in start_worker'
lead-manager-worker-prosody-5d8fbffd47-8tpdd lead-manager 	from /usr/local/bundle/gems/async-2.32.0/lib/async/task.rb:207:in `block in run'
lead-manager-worker-prosody-5d8fbffd47-8tpdd lead-manager 	from /usr/local/bundle/gems/async-2.32.0/lib/async/task.rb:452:in `block in schedule'
lead-manager-worker-prosody-5d8fbffd47-8tpdd lead-manager /usr/local/bundle/gems/mysql2-0.5.5/lib/mysql2/client.rb:151:in `_query': This connection is in use by: #<Fiber:0x00007fc520778638 /usr/local/bundle/gems/async-2.32.0/lib/async/task.rb:450 (suspended)> (Mysql2::Error)
lead-manager-worker-prosody-5d8fbffd47-8tpdd lead-manager 	from /usr/local/bundle/gems/mysql2-0.5.5/lib/mysql2/client.rb:151:in `block in query'
lead-manager-worker-prosody-5d8fbffd47-8tpdd lead-manager 	from /usr/local/bundle/gems/mysql2-0.5.5/lib/mysql2/client.rb:150:in `handle_interrupt'
lead-manager-worker-prosody-5d8fbffd47-8tpdd lead-manager 	from /usr/local/bundle/gems/mysql2-0.5.5/lib/mysql2/client.rb:150:in `query'
lead-manager-worker-prosody-5d8fbffd47-8tpdd lead-manager 	from /usr/local/bundle/gems/prometheus_exporter-2.1.0/lib/prometheus_exporter/instrumentation/method_profiler.rb:80:in `query'
lead-manager-worker-prosody-5d8fbffd47-8tpdd lead-manager 	from /usr/local/bundle/gems/activerecord-8.0.2/lib/active_record/connection_adapters/mysql2/database_statements.rb:54:in `block in perform_query'
lead-manager-worker-prosody-5d8fbffd47-8tpdd lead-manager 	from /usr/local/bundle/gems/activesupport-8.0.2/lib/active_support/concurrency/share_lock.rb:186:in `yield_shares'
lead-manager-worker-prosody-5d8fbffd47-8tpdd lead-manager 	from /usr/local/bundle/gems/activesupport-8.0.2/lib/active_support/dependencies/interlock.rb:41:in `permit_concurrent_loads'
lead-manager-worker-prosody-5d8fbffd47-8tpdd lead-manager 	from /usr/local/bundle/gems/activerecord-8.0.2/lib/active_record/connection_adapters/mysql2/database_statements.rb:53:in `perform_query'
lead-manager-worker-prosody-5d8fbffd47-8tpdd lead-manager 	from /usr/local/bundle/gems/activerecord-8.0.2/lib/active_record/connection_adapters/abstract/database_statements.rb:556:in `block (2 levels) in raw_execute'
lead-manager-worker-prosody-5d8fbffd47-8tpdd lead-manager 	from /usr/local/bundle/gems/activerecord-8.0.2/lib/active_record/connection_adapters/abstract_adapter.rb:1015:in `block in with_raw_connection'
lead-manager-worker-prosody-5d8fbffd47-8tpdd lead-manager 	from /usr/local/bundle/gems/activesupport-8.0.2/lib/active_support/concurrency/null_lock.rb:9:in `synchronize'
lead-manager-worker-prosody-5d8fbffd47-8tpdd lead-manager 	from /usr/local/bundle/gems/activerecord-8.0.2/lib/active_record/connection_adapters/abstract_adapter.rb:984:in `with_raw_connection'
lead-manager-worker-prosody-5d8fbffd47-8tpdd lead-manager 	from /usr/local/bundle/gems/activerecord-8.0.2/lib/active_record/connection_adapters/abstract/database_statements.rb:555:in `block in raw_execute'
lead-manager-worker-prosody-5d8fbffd47-8tpdd lead-manager 	from /usr/local/bundle/gems/activesupport-8.0.2/lib/active_support/notifications/instrumenter.rb:58:in `instrument'
lead-manager-worker-prosody-5d8fbffd47-8tpdd lead-manager 	from /usr/local/bundle/gems/activerecord-8.0.2/lib/active_record/connection_adapters/abstract_adapter.rb:1135:in `log'
lead-manager-worker-prosody-5d8fbffd47-8tpdd lead-manager 	from /usr/local/bundle/gems/activerecord-8.0.2/lib/active_record/connection_adapters/abstract/database_statements.rb:554:in `raw_execute'
lead-manager-worker-prosody-5d8fbffd47-8tpdd lead-manager 	from /usr/local/bundle/gems/activerecord-8.0.2/lib/active_record/connection_adapters/abstract/database_statements.rb:591:in `internal_execute'
lead-manager-worker-prosody-5d8fbffd47-8tpdd lead-manager 	from /usr/local/bundle/gems/activerecord-8.0.2/lib/active_record/connection_adapters/abstract/database_statements.rb:547:in `internal_exec_query'
lead-manager-worker-prosody-5d8fbffd47-8tpdd lead-manager 	from /usr/local/bundle/gems/activerecord-8.0.2/lib/active_record/connection_adapters/abstract/database_statements.rb:693:in `select'
lead-manager-worker-prosody-5d8fbffd47-8tpdd lead-manager 	from /usr/local/bundle/gems/activerecord-8.0.2/lib/active_record/connection_adapters/abstract/database_statements.rb:73:in `select_all'
lead-manager-worker-prosody-5d8fbffd47-8tpdd lead-manager 	from /usr/local/bundle/gems/activerecord-8.0.2/lib/active_record/connection_adapters/abstract/query_cache.rb:251:in `select_all'
lead-manager-worker-prosody-5d8fbffd47-8tpdd lead-manager 	from /usr/local/bundle/gems/activerecord-8.0.2/lib/active_record/connection_adapters/mysql2/database_statements.rb:12:in `select_all'
lead-manager-worker-prosody-5d8fbffd47-8tpdd lead-manager 	from /usr/local/bundle/gems/activerecord-8.0.2/lib/active_record/querying.rb:68:in `_query_by_sql'
lead-manager-worker-prosody-5d8fbffd47-8tpdd lead-manager 	from /usr/local/bundle/gems/activerecord-8.0.2/lib/active_record/querying.rb:53:in `block in find_by_sql'
lead-manager-worker-prosody-5d8fbffd47-8tpdd lead-manager 	from /usr/local/bundle/gems/activerecord-8.0.2/lib/active_record/connection_adapters/abstract/connection_pool.rb:412:in `with_connection'
lead-manager-worker-prosody-5d8fbffd47-8tpdd lead-manager 	from /usr/local/bundle/gems/activerecord-8.0.2/lib/active_record/connection_handling.rb:310:in `with_connection'
lead-manager-worker-prosody-5d8fbffd47-8tpdd lead-manager 	from /usr/local/bundle/gems/activerecord-8.0.2/lib/active_record/querying.rb:52:in `find_by_sql'
lead-manager-worker-prosody-5d8fbffd47-8tpdd lead-manager 	from /usr/local/bundle/gems/activerecord-8.0.2/lib/active_record/statement_cache.rb:152:in `execute'
lead-manager-worker-prosody-5d8fbffd47-8tpdd lead-manager 	from /usr/local/bundle/gems/activerecord-8.0.2/lib/active_record/core.rb:454:in `block in cached_find_by'
lead-manager-worker-prosody-5d8fbffd47-h95fk lead-manager 	from /usr/local/bundle/gems/activerecord-8.0.2/lib/active_record/connection_adapters/abstract/database_statements.rb:73:in `select_all'
lead-manager-worker-prosody-5d8fbffd47-8tpdd lead-manager 	from /usr/local/bundle/gems/activerecord-8.0.2/lib/active_record/connection_adapters/abstract/connection_pool.rb:412:in `with_connection'
lead-manager-worker-prosody-5d8fbffd47-h95fk lead-manager 	from /usr/local/bundle/gems/activerecord-8.0.2/lib/active_record/connection_adapters/abstract/query_cache.rb:251:in `select_all'
lead-manager-worker-prosody-5d8fbffd47-8tpdd lead-manager 	from /usr/local/bundle/gems/activerecord-8.0.2/lib/active_record/connection_handling.rb:310:in `with_connection'
lead-manager-worker-prosody-5d8fbffd47-h95fk lead-manager 	from /usr/local/bundle/gems/activerecord-8.0.2/lib/active_record/connection_adapters/mysql2/database_statements.rb:12:in `select_all'
lead-manager-worker-prosody-5d8fbffd47-h95fk lead-manager 	from /usr/local/bundle/gems/activerecord-8.0.2/lib/active_record/querying.rb:68:in `_query_by_sql'
lead-manager-worker-prosody-5d8fbffd47-8tpdd lead-manager 	from /usr/local/bundle/gems/activerecord-8.0.2/lib/active_record/core.rb:442:in `cached_find_by'
lead-manager-worker-prosody-5d8fbffd47-8tpdd lead-manager 	from /usr/local/bundle/gems/activerecord-8.0.2/lib/active_record/core.rb:327:in `find_by'
lead-manager-worker-prosody-5d8fbffd47-8tpdd lead-manager 	from /usr/src/app/services/prosody_handlers/crm_agent_asserted.rb:5:in `perform'
lead-manager-worker-prosody-5d8fbffd47-h95fk lead-manager 	from /usr/local/bundle/gems/activerecord-8.0.2/lib/active_record/querying.rb:53:in `block in find_by_sql'
lead-manager-worker-prosody-5d8fbffd47-h95fk lead-manager 	from /usr/local/bundle/gems/activerecord-8.0.2/lib/active_record/connection_adapters/abstract/connection_pool.rb:412:in `with_connection'
lead-manager-worker-prosody-5d8fbffd47-8tpdd lead-manager 	from /usr/src/app/services/prosody_handler.rb:9:in `on_message'
lead-manager-worker-prosody-5d8fbffd47-h95fk lead-manager 	from /usr/local/bundle/gems/activerecord-8.0.2/lib/active_record/connection_handling.rb:310:in `with_connection'
lead-manager-worker-prosody-5d8fbffd47-h95fk lead-manager 	from /usr/local/bundle/gems/activerecord-8.0.2/lib/active_record/querying.rb:52:in `find_by_sql'
lead-manager-worker-prosody-5d8fbffd47-h95fk lead-manager 	from /usr/local/bundle/gems/activerecord-8.0.2/lib/active_record/statement_cache.rb:152:in `execute'
lead-manager-worker-prosody-5d8fbffd47-h95fk lead-manager 	from /usr/local/bundle/gems/activerecord-8.0.2/lib/active_record/core.rb:454:in `block in cached_find_by'
lead-manager-worker-prosody-5d8fbffd47-8tpdd lead-manager 	from /usr/local/bundle/gems/prosody-1.1.1-x86_64-linux/lib/prosody/processor.rb:281:in `block (2 levels) in start_worker'
lead-manager-worker-prosody-5d8fbffd47-8tpdd lead-manager 	from /usr/local/bundle/gems/opentelemetry-api-1.7.0/lib/opentelemetry/trace.rb:70:in `block in with_span'
lead-manager-worker-prosody-5d8fbffd47-h95fk lead-manager 	from /usr/local/bundle/gems/activerecord-8.0.2/lib/active_record/connection_adapters/abstract/connection_pool.rb:412:in `with_connection'
lead-manager-worker-prosody-5d8fbffd47-h95fk lead-manager 	from /usr/local/bundle/gems/activerecord-8.0.2/lib/active_record/connection_handling.rb:310:in `with_connection'
lead-manager-worker-prosody-5d8fbffd47-h95fk lead-manager 	from /usr/local/bundle/gems/activerecord-8.0.2/lib/active_record/core.rb:442:in `cached_find_by'
lead-manager-worker-prosody-5d8fbffd47-h95fk lead-manager 	from /usr/local/bundle/gems/activerecord-8.0.2/lib/active_record/core.rb:327:in `find_by'
lead-manager-worker-prosody-5d8fbffd47-8tpdd lead-manager 	from /usr/local/bundle/gems/opentelemetry-api-1.7.0/lib/opentelemetry/context.rb:88:in `with_value'
lead-manager-worker-prosody-5d8fbffd47-8tpdd lead-manager 	from /usr/local/bundle/gems/opentelemetry-api-1.7.0/lib/opentelemetry/trace.rb:70:in `with_span'
lead-manager-worker-prosody-5d8fbffd47-8tpdd lead-manager 	from /usr/local/bundle/gems/prosody-1.1.1-x86_64-linux/lib/prosody/processor.rb:279:in `block in start_worker'
lead-manager-worker-prosody-5d8fbffd47-h95fk lead-manager 	from /usr/src/app/services/prosody_handlers/crm_agent_asserted.rb:5:in `perform'
lead-manager-worker-prosody-5d8fbffd47-8tpdd lead-manager 	from /usr/local/bundle/gems/async-2.32.0/lib/async/task.rb:207:in `block in run'
lead-manager-worker-prosody-5d8fbffd47-8tpdd lead-manager 	from /usr/local/bundle/gems/async-2.32.0/lib/async/task.rb:452:in `block in schedule'
lead-manager-worker-prosody-5d8fbffd47-h95fk lead-manager 	from /usr/src/app/services/prosody_handler.rb:9:in `on_message'
lead-manager-worker-prosody-5d8fbffd47-8tpdd lead-manager ; retrying after 159ms module=prosody::consumer::failure::retry line=342 partition=0 key=realgeeks:77981 offset=1 attempt=3 topic=realgeeks.lead-manager.agent-events
lead-manager-worker-prosody-5d8fbffd47-8tpdd lead-manager D, [2025-09-23T18:47:52.082516 #1] DEBUG -- : Executing task realgeeks.lead-manager.agent-events/0:3
lead-manager-worker-prosody-5d8fbffd47-8tpdd lead-manager E, [2025-09-23T18:47:52.087495 #1] ERROR -- : Error executing task realgeeks.lead-manager.agent-events/0:3: Mysql2::Error: This connection is in use by: #<Fiber:0x00007fc520778638 /usr/local/bundle/gems/async-2.32.0/lib/async/task.rb:450 (suspended)>
lead-manager-worker-prosody-5d8fbffd47-h95fk lead-manager 	from /usr/local/bundle/gems/prosody-1.1.1-x86_64-linux/lib/prosody/processor.rb:281:in `block (2 levels) in start_worker'
lead-manager-worker-prosody-5d8fbffd47-8tpdd lead-manager E, [2025-09-23T18:47:52.087847 #1] ERROR -- : failed to handle message: handler error: transient error: /usr/local/bundle/gems/mysql2-0.5.5/lib/mysql2/client.rb:151:in `_query': Mysql2::Error: This connection is in use by: #<Fiber:0x00007fc520778638 /usr/local/bundle/gems/async-2.32.0/lib/async/task.rb:450 (suspended)> (ActiveRecord::StatementInvalid)
lead-manager-worker-prosody-5d8fbffd47-8tpdd lead-manager 	from /usr/local/bundle/gems/mysql2-0.5.5/lib/mysql2/client.rb:151:in `block in query'
lead-manager-worker-prosody-5d8fbffd47-8tpdd lead-manager 	from /usr/local/bundle/gems/mysql2-0.5.5/lib/mysql2/client.rb:150:in `handle_interrupt'
lead-manager-worker-prosody-5d8fbffd47-h95fk lead-manager 	from /usr/local/bundle/gems/opentelemetry-api-1.7.0/lib/opentelemetry/trace.rb:70:in `block in with_span'
lead-manager-worker-prosody-5d8fbffd47-8tpdd lead-manager 	from /usr/local/bundle/gems/mysql2-0.5.5/lib/mysql2/client.rb:150:in `query'
lead-manager-worker-prosody-5d8fbffd47-h95fk lead-manager 	from /usr/local/bundle/gems/opentelemetry-api-1.7.0/lib/opentelemetry/context.rb:88:in `with_value'
lead-manager-worker-prosody-5d8fbffd47-h95fk lead-manager 	from /usr/local/bundle/gems/opentelemetry-api-1.7.0/lib/opentelemetry/trace.rb:70:in `with_span'
lead-manager-worker-prosody-5d8fbffd47-h95fk lead-manager 	from /usr/local/bundle/gems/prosody-1.1.1-x86_64-linux/lib/prosody/processor.rb:279:in `block in start_worker'
lead-manager-worker-prosody-5d8fbffd47-h95fk lead-manager 	from /usr/local/bundle/gems/async-2.32.0/lib/async/task.rb:207:in `block in run'
lead-manager-worker-prosody-5d8fbffd47-h95fk lead-manager 	from /usr/local/bundle/gems/async-2.32.0/lib/async/task.rb:452:in `block in schedule'
lead-manager-worker-prosody-5d8fbffd47-h95fk lead-manager ; retrying after 43ms module=prosody::consumer::failure::retry line=342 partition=0 key=realgeeks:81660 offset=185 attempt=3 topic=witco.agent-events
lead-manager-worker-prosody-5d8fbffd47-h95fk lead-manager D, [2025-09-23T18:47:52.405585 #1] DEBUG -- : Task witco.agent-events/0:196 completed successfully
lead-manager-worker-prosody-5d8fbffd47-8tpdd lead-manager 	from /usr/local/bundle/gems/prometheus_exporter-2.1.0/lib/prometheus_exporter/instrumentation/method_profiler.rb:80:in `query'
lead-manager-worker-prosody-5d8fbffd47-8tpdd lead-manager 	from /usr/local/bundle/gems/activerecord-8.0.2/lib/active_record/connection_adapters/mysql2/database_statements.rb:54:in `block in perform_query'
lead-manager-worker-prosody-5d8fbffd47-8tpdd lead-manager 	from /usr/local/bundle/gems/activesupport-8.0.2/lib/active_support/concurrency/share_lock.rb:186:in `yield_shares'
lead-manager-worker-prosody-5d8fbffd47-h95fk lead-manager D, [2025-09-23T18:47:52.406031 #1] DEBUG -- : Executing task witco.agent-events/0:198
lead-manager-worker-prosody-5d8fbffd47-8tpdd lead-manager 	from /usr/local/bundle/gems/activesupport-8.0.2/lib/active_support/dependencies/interlock.rb:41:in `permit_concurrent_loads'
lead-manager-worker-prosody-5d8fbffd47-h95fk lead-manager D, [2025-09-23T18:47:52.434794 #1] DEBUG -- : Executing task witco.agent-events/0:185
lead-manager-worker-prosody-5d8fbffd47-h95fk lead-manager D, [2025-09-23T18:47:52.445762 #1] DEBUG -- : Task witco.agent-events/0:198 completed successfully
lead-manager-worker-prosody-5d8fbffd47-8tpdd lead-manager 	from /usr/local/bundle/gems/activerecord-8.0.2/lib/active_record/connection_adapters/mysql2/database_statements.rb:53:in `perform_query'
lead-manager-worker-prosody-5d8fbffd47-8tpdd lead-manager 	from /usr/local/bundle/gems/activerecord-8.0.2/lib/active_record/connection_adapters/abstract/database_statements.rb:556:in `block (2 levels) in raw_execute'
lead-manager-worker-prosody-5d8fbffd47-8tpdd lead-manager 	from /usr/local/bundle/gems/activerecord-8.0.2/lib/active_record/connection_adapters/abstract_adapter.rb:1015:in `block in with_raw_connection'
lead-manager-worker-prosody-5d8fbffd47-h95fk lead-manager D, [2025-09-23T18:47:52.446472 #1] DEBUG -- : Executing task witco.agent-events/0:199
lead-manager-worker-prosody-5d8fbffd47-8tpdd lead-manager 	from /usr/local/bundle/gems/activesupport-8.0.2/lib/active_support/concurrency/null_lock.rb:9:in `synchronize'
lead-manager-worker-prosody-5d8fbffd47-8tpdd lead-manager 	from /usr/local/bundle/gems/activerecord-8.0.2/lib/active_record/connection_adapters/abstract_adapter.rb:984:in `with_raw_connection'
lead-manager-worker-prosody-5d8fbffd47-8tpdd lead-manager 	from /usr/local/bundle/gems/activerecord-8.0.2/lib/active_record/connection_adapters/abstract/database_statements.rb:555:in `block in raw_execute'
lead-manager-worker-prosody-5d8fbffd47-h95fk lead-manager E, [2025-09-23T18:47:52.447448 #1] ERROR -- : Error executing task witco.agent-events/0:199: Mysql2::Error: This connection is in use by: #<Fiber:0x00007fe791fd56f8 /usr/local/bundle/gems/async-2.32.0/lib/async/task.rb:450 (suspended)>
lead-manager-worker-prosody-5d8fbffd47-h95fk lead-manager E, [2025-09-23T18:47:52.448150 #1] ERROR -- : failed to handle message: handler error: transient error: /usr/local/bundle/gems/mysql2-0.5.5/lib/mysql2/client.rb:151:in `_query': Mysql2::Error: This connection is in use by: #<Fiber:0x00007fe791fd56f8 /usr/local/bundle/gems/async-2.32.0/lib/async/task.rb:450 (suspended)> (ActiveRecord::StatementInvalid)
lead-manager-worker-prosody-5d8fbffd47-8tpdd lead-manager 	from /usr/local/bundle/gems/activesupport-8.0.2/lib/active_support/notifications/instrumenter.rb:58:in `instrument'
lead-manager-worker-prosody-5d8fbffd47-8tpdd lead-manager 	from /usr/local/bundle/gems/activerecord-8.0.2/lib/active_record/connection_adapters/abstract_adapter.rb:1135:in `log'
lead-manager-worker-prosody-5d8fbffd47-h95fk lead-manager 	from /usr/local/bundle/gems/mysql2-0.5.5/lib/mysql2/client.rb:151:in `block in query'
lead-manager-worker-prosody-5d8fbffd47-8tpdd lead-manager 	from /usr/local/bundle/gems/activerecord-8.0.2/lib/active_record/connection_adapters/abstract/database_statements.rb:554:in `raw_execute'
lead-manager-worker-prosody-5d8fbffd47-8tpdd lead-manager 	from /usr/local/bundle/gems/activerecord-8.0.2/lib/active_record/connection_adapters/abstract/database_statements.rb:591:in `internal_execute'
lead-manager-worker-prosody-5d8fbffd47-8tpdd lead-manager 	from /usr/local/bundle/gems/activerecord-8.0.2/lib/active_record/connection_adapters/abstract/database_statements.rb:547:in `internal_exec_query'
lead-manager-worker-prosody-5d8fbffd47-h95fk lead-manager 	from /usr/local/bundle/gems/mysql2-0.5.5/lib/mysql2/client.rb:150:in `handle_interrupt'
lead-manager-worker-prosody-5d8fbffd47-h95fk lead-manager 	from /usr/local/bundle/gems/mysql2-0.5.5/lib/mysql2/client.rb:150:in `query'
lead-manager-worker-prosody-5d8fbffd47-h95fk lead-manager 	from /usr/local/bundle/gems/prometheus_exporter-2.1.0/lib/prometheus_exporter/instrumentation/method_profiler.rb:80:in `query'
lead-manager-worker-prosody-5d8fbffd47-h95fk lead-manager 	from /usr/local/bundle/gems/activerecord-8.0.2/lib/active_record/connection_adapters/mysql2/database_statements.rb:54:in `block in perform_query'
lead-manager-worker-prosody-5d8fbffd47-8tpdd lead-manager 	from /usr/local/bundle/gems/activerecord-8.0.2/lib/active_record/connection_adapters/abstract/database_statements.rb:693:in `select'
lead-manager-worker-prosody-5d8fbffd47-8tpdd lead-manager 	from /usr/local/bundle/gems/activerecord-8.0.2/lib/active_record/connection_adapters/abstract/database_statements.rb:73:in `select_all'
lead-manager-worker-prosody-5d8fbffd47-8tpdd lead-manager 	from /usr/local/bundle/gems/activerecord-8.0.2/lib/active_record/connection_adapters/abstract/query_cache.rb:251:in `select_all'
lead-manager-worker-prosody-5d8fbffd47-8tpdd lead-manager 	from /usr/local/bundle/gems/activerecord-8.0.2/lib/active_record/connection_adapters/mysql2/database_statements.rb:12:in `select_all'
lead-manager-worker-prosody-5d8fbffd47-8tpdd lead-manager 	from /usr/local/bundle/gems/activerecord-8.0.2/lib/active_record/querying.rb:68:in `_query_by_sql'
lead-manager-worker-prosody-5d8fbffd47-h95fk lead-manager 	from /usr/local/bundle/gems/activesupport-8.0.2/lib/active_support/concurrency/share_lock.rb:186:in `yield_shares'
lead-manager-worker-prosody-5d8fbffd47-h95fk lead-manager 	from /usr/local/bundle/gems/activesupport-8.0.2/lib/active_support/dependencies/interlock.rb:41:in `permit_concurrent_loads'
lead-manager-worker-prosody-5d8fbffd47-8tpdd lead-manager 	from /usr/local/bundle/gems/activerecord-8.0.2/lib/active_record/querying.rb:53:in `block in find_by_sql'
lead-manager-worker-prosody-5d8fbffd47-8tpdd lead-manager 	from /usr/local/bundle/gems/activerecord-8.0.2/lib/active_record/connection_adapters/abstract/connection_pool.rb:412:in `with_connection'
lead-manager-worker-prosody-5d8fbffd47-h95fk lead-manager 	from /usr/local/bundle/gems/activerecord-8.0.2/lib/active_record/connection_adapters/mysql2/database_statements.rb:53:in `perform_query'
lead-manager-worker-prosody-5d8fbffd47-8tpdd lead-manager 	from /usr/local/bundle/gems/activerecord-8.0.2/lib/active_record/connection_handling.rb:310:in `with_connection'
lead-manager-worker-prosody-5d8fbffd47-h95fk lead-manager 	from /usr/local/bundle/gems/activerecord-8.0.2/lib/active_record/connection_adapters/abstract/database_statements.rb:556:in `block (2 levels) in raw_execute'
lead-manager-worker-prosody-5d8fbffd47-h95fk lead-manager 	from /usr/local/bundle/gems/activerecord-8.0.2/lib/active_record/connection_adapters/abstract_adapter.rb:1015:in `block in with_raw_connection'
lead-manager-worker-prosody-5d8fbffd47-h95fk lead-manager 	from /usr/local/bundle/gems/activesupport-8.0.2/lib/active_support/concurrency/null_lock.rb:9:in `synchronize'
lead-manager-worker-prosody-5d8fbffd47-h95fk lead-manager 	from /usr/local/bundle/gems/activerecord-8.0.2/lib/active_record/connection_adapters/abstract_adapter.rb:984:in `with_raw_connection'
lead-manager-worker-prosody-5d8fbffd47-h95fk lead-manager 	from /usr/local/bundle/gems/activerecord-8.0.2/lib/active_record/connection_adapters/abstract/database_statements.rb:555:in `block in raw_execute'
lead-manager-worker-prosody-5d8fbffd47-h95fk lead-manager 	from /usr/local/bundle/gems/activesupport-8.0.2/lib/active_support/notifications/instrumenter.rb:58:in `instrument'
lead-manager-worker-prosody-5d8fbffd47-h95fk lead-manager 	from /usr/local/bundle/gems/activerecord-8.0.2/lib/active_record/connection_adapters/abstract_adapter.rb:1135:in `log'
lead-manager-worker-prosody-5d8fbffd47-h95fk lead-manager 	from /usr/local/bundle/gems/activerecord-8.0.2/lib/active_record/connection_adapters/abstract/database_statements.rb:554:in `raw_execute'
lead-manager-worker-prosody-5d8fbffd47-8tpdd lead-manager 	from /usr/local/bundle/gems/activerecord-8.0.2/lib/active_record/querying.rb:52:in `find_by_sql'
lead-manager-worker-prosody-5d8fbffd47-8tpdd lead-manager 	from /usr/local/bundle/gems/activerecord-8.0.2/lib/active_record/statement_cache.rb:152:in `execute'
lead-manager-worker-prosody-5d8fbffd47-h95fk lead-manager 	from /usr/local/bundle/gems/activerecord-8.0.2/lib/active_record/connection_adapters/abstract/database_statements.rb:591:in `internal_execute'
lead-manager-worker-prosody-5d8fbffd47-h95fk lead-manager 	from /usr/local/bundle/gems/activerecord-8.0.2/lib/active_record/connection_adapters/abstract/database_statements.rb:547:in `internal_exec_query'
lead-manager-worker-prosody-5d8fbffd47-8tpdd lead-manager 	from /usr/local/bundle/gems/activerecord-8.0.2/lib/active_record/core.rb:454:in `block in cached_find_by'
lead-manager-worker-prosody-5d8fbffd47-h95fk lead-manager 	from /usr/local/bundle/gems/activerecord-8.0.2/lib/active_record/connection_adapters/abstract/database_statements.rb:693:in `select'
lead-manager-worker-prosody-5d8fbffd47-8tpdd lead-manager 	from /usr/local/bundle/gems/activerecord-8.0.2/lib/active_record/connection_adapters/abstract/connection_pool.rb:412:in `with_connection'
lead-manager-worker-prosody-5d8fbffd47-h95fk lead-manager 	from /usr/local/bundle/gems/activerecord-8.0.2/lib/active_record/connection_adapters/abstract/database_statements.rb:73:in `select_all'
lead-manager-worker-prosody-5d8fbffd47-h95fk lead-manager 	from /usr/local/bundle/gems/activerecord-8.0.2/lib/active_record/connection_adapters/abstract/query_cache.rb:251:in `select_all'
lead-manager-worker-prosody-5d8fbffd47-8tpdd lead-manager 	from /usr/local/bundle/gems/activerecord-8.0.2/lib/active_record/connection_handling.rb:310:in `with_connection'
lead-manager-worker-prosody-5d8fbffd47-8tpdd lead-manager 	from /usr/local/bundle/gems/activerecord-8.0.2/lib/active_record/core.rb:442:in `cached_find_by'
lead-manager-worker-prosody-5d8fbffd47-8tpdd lead-manager 	from /usr/local/bundle/gems/activerecord-8.0.2/lib/active_record/core.rb:327:in `find_by'
lead-manager-worker-prosody-5d8fbffd47-8tpdd lead-manager 	from /usr/src/app/services/prosody_handlers/crm_agent_asserted.rb:5:in `perform'
lead-manager-worker-prosody-5d8fbffd47-h95fk lead-manager 	from /usr/local/bundle/gems/activerecord-8.0.2/lib/active_record/connection_adapters/mysql2/database_statements.rb:12:in `select_all'
lead-manager-worker-prosody-5d8fbffd47-h95fk lead-manager 	from /usr/local/bundle/gems/activerecord-8.0.2/lib/active_record/querying.rb:68:in `_query_by_sql'
lead-manager-worker-prosody-5d8fbffd47-8tpdd lead-manager 	from /usr/src/app/services/prosody_handler.rb:9:in `on_message'
lead-manager-worker-prosody-5d8fbffd47-8tpdd lead-manager 	from /usr/local/bundle/gems/prosody-1.1.1-x86_64-linux/lib/prosody/processor.rb:281:in `block (2 levels) in start_worker'
lead-manager-worker-prosody-5d8fbffd47-h95fk lead-manager 	from /usr/local/bundle/gems/activerecord-8.0.2/lib/active_record/querying.rb:53:in `block in find_by_sql'
lead-manager-worker-prosody-5d8fbffd47-8tpdd lead-manager 	from /usr/local/bundle/gems/opentelemetry-api-1.7.0/lib/opentelemetry/trace.rb:70:in `block in with_span'
lead-manager-worker-prosody-5d8fbffd47-8tpdd lead-manager 	from /usr/local/bundle/gems/opentelemetry-api-1.7.0/lib/opentelemetry/context.rb:88:in `with_value'
lead-manager-worker-prosody-5d8fbffd47-8tpdd lead-manager 	from /usr/local/bundle/gems/opentelemetry-api-1.7.0/lib/opentelemetry/trace.rb:70:in `with_span'
lead-manager-worker-prosody-5d8fbffd47-h95fk lead-manager 	from /usr/local/bundle/gems/activerecord-8.0.2/lib/active_record/connection_adapters/abstract/connection_pool.rb:412:in `with_connection'
lead-manager-worker-prosody-5d8fbffd47-8tpdd lead-manager 	from /usr/local/bundle/gems/prosody-1.1.1-x86_64-linux/lib/prosody/processor.rb:279:in `block in start_worker'
lead-manager-worker-prosody-5d8fbffd47-h95fk lead-manager 	from /usr/local/bundle/gems/activerecord-8.0.2/lib/active_record/connection_handling.rb:310:in `with_connection'
lead-manager-worker-prosody-5d8fbffd47-h95fk lead-manager 	from /usr/local/bundle/gems/activerecord-8.0.2/lib/active_record/querying.rb:52:in `find_by_sql'
lead-manager-worker-prosody-5d8fbffd47-h95fk lead-manager 	from /usr/local/bundle/gems/activerecord-8.0.2/lib/active_record/statement_cache.rb:152:in `execute'
lead-manager-worker-prosody-5d8fbffd47-h95fk lead-manager 	from /usr/local/bundle/gems/activerecord-8.0.2/lib/active_record/core.rb:454:in `block in cached_find_by'
lead-manager-worker-prosody-5d8fbffd47-8tpdd lead-manager 	from /usr/local/bundle/gems/async-2.32.0/lib/async/task.rb:207:in `block in run'
lead-manager-worker-prosody-5d8fbffd47-h95fk lead-manager 	from /usr/local/bundle/gems/activerecord-8.0.2/lib/active_record/connection_adapters/abstract/connection_pool.rb:412:in `with_connection'
lead-manager-worker-prosody-5d8fbffd47-h95fk lead-manager 	from /usr/local/bundle/gems/activerecord-8.0.2/lib/active_record/connection_handling.rb:310:in `with_connection'
lead-manager-worker-prosody-5d8fbffd47-h95fk lead-manager 	from /usr/local/bundle/gems/activerecord-8.0.2/lib/active_record/core.rb:442:in `cached_find_by'
lead-manager-worker-prosody-5d8fbffd47-h95fk lead-manager 	from /usr/local/bundle/gems/activerecord-8.0.2/lib/active_record/core.rb:327:in `find_by'
lead-manager-worker-prosody-5d8fbffd47-h95fk lead-manager 	from /usr/src/app/services/prosody_handlers/crm_agent_asserted.rb:5:in `perform'
lead-manager-worker-prosody-5d8fbffd47-8tpdd lead-manager 	from /usr/local/bundle/gems/async-2.32.0/lib/async/task.rb:452:in `block in schedule'
lead-manager-worker-prosody-5d8fbffd47-h95fk lead-manager 	from /usr/src/app/services/prosody_handler.rb:9:in `on_message'
lead-manager-worker-prosody-5d8fbffd47-h95fk lead-manager 	from /usr/local/bundle/gems/prosody-1.1.1-x86_64-linux/lib/prosody/processor.rb:281:in `block (2 levels) in start_worker'
lead-manager-worker-prosody-5d8fbffd47-h95fk lead-manager 	from /usr/local/bundle/gems/opentelemetry-api-1.7.0/lib/opentelemetry/trace.rb:70:in `block in with_span'
lead-manager-worker-prosody-5d8fbffd47-h95fk lead-manager 	from /usr/local/bundle/gems/opentelemetry-api-1.7.0/lib/opentelemetry/context.rb:88:in `with_value'
lead-manager-worker-prosody-5d8fbffd47-8tpdd lead-manager /usr/local/bundle/gems/mysql2-0.5.5/lib/mysql2/client.rb:151:in `_query': This connection is in use by: #<Fiber:0x00007fc520778638 /usr/local/bundle/gems/async-2.32.0/lib/async/task.rb:450 (suspended)> (Mysql2::Error)
lead-manager-worker-prosody-5d8fbffd47-h95fk lead-manager 	from /usr/local/bundle/gems/opentelemetry-api-1.7.0/lib/opentelemetry/trace.rb:70:in `with_span'
lead-manager-worker-prosody-5d8fbffd47-8tpdd lead-manager 	from /usr/local/bundle/gems/mysql2-0.5.5/lib/mysql2/client.rb:151:in `block in query'
lead-manager-worker-prosody-5d8fbffd47-8tpdd lead-manager 	from /usr/local/bundle/gems/mysql2-0.5.5/lib/mysql2/client.rb:150:in `handle_interrupt'
lead-manager-worker-prosody-5d8fbffd47-8tpdd lead-manager 	from /usr/local/bundle/gems/mysql2-0.5.5/lib/mysql2/client.rb:150:in `query'
lead-manager-worker-prosody-5d8fbffd47-h95fk lead-manager 	from /usr/local/bundle/gems/prosody-1.1.1-x86_64-linux/lib/prosody/processor.rb:279:in `block in start_worker'
lead-manager-worker-prosody-5d8fbffd47-h95fk lead-manager 	from /usr/local/bundle/gems/async-2.32.0/lib/async/task.rb:207:in `block in run'
lead-manager-worker-prosody-5d8fbffd47-h95fk lead-manager 	from /usr/local/bundle/gems/async-2.32.0/lib/async/task.rb:452:in `block in schedule'
lead-manager-worker-prosody-5d8fbffd47-8tpdd lead-manager 	from /usr/local/bundle/gems/prometheus_exporter-2.1.0/lib/prometheus_exporter/instrumentation/method_profiler.rb:80:in `query'
lead-manager-worker-prosody-5d8fbffd47-8tpdd lead-manager 	from /usr/local/bundle/gems/activerecord-8.0.2/lib/active_record/connection_adapters/mysql2/database_statements.rb:54:in `block in perform_query'
lead-manager-worker-prosody-5d8fbffd47-h95fk lead-manager /usr/local/bundle/gems/mysql2-0.5.5/lib/mysql2/client.rb:151:in `_query': This connection is in use by: #<Fiber:0x00007fe791fd56f8 /usr/local/bundle/gems/async-2.32.0/lib/async/task.rb:450 (suspended)> (Mysql2::Error)
lead-manager-worker-prosody-5d8fbffd47-h95fk lead-manager 	from /usr/local/bundle/gems/mysql2-0.5.5/lib/mysql2/client.rb:151:in `block in query'
lead-manager-worker-prosody-5d8fbffd47-h95fk lead-manager 	from /usr/local/bundle/gems/mysql2-0.5.5/lib/mysql2/client.rb:150:in `handle_interrupt'
lead-manager-worker-prosody-5d8fbffd47-8tpdd lead-manager 	from /usr/local/bundle/gems/activesupport-8.0.2/lib/active_support/concurrency/share_lock.rb:186:in `yield_shares'
lead-manager-worker-prosody-5d8fbffd47-8tpdd lead-manager 	from /usr/local/bundle/gems/activesupport-8.0.2/lib/active_support/dependencies/interlock.rb:41:in `permit_concurrent_loads'
lead-manager-worker-prosody-5d8fbffd47-8tpdd lead-manager 	from /usr/local/bundle/gems/activerecord-8.0.2/lib/active_record/connection_adapters/mysql2/database_statements.rb:53:in `perform_query'
lead-manager-worker-prosody-5d8fbffd47-8tpdd lead-manager 	from /usr/local/bundle/gems/activerecord-8.0.2/lib/active_record/connection_adapters/abstract/database_statements.rb:556:in `block (2 levels) in raw_execute'
lead-manager-worker-prosody-5d8fbffd47-8tpdd lead-manager 	from /usr/local/bundle/gems/activerecord-8.0.2/lib/active_record/connection_adapters/abstract_adapter.rb:1015:in `block in with_raw_connection'
lead-manager-worker-prosody-5d8fbffd47-8tpdd lead-manager 	from /usr/local/bundle/gems/activesupport-8.0.2/lib/active_support/concurrency/null_lock.rb:9:in `synchronize'
lead-manager-worker-prosody-5d8fbffd47-8tpdd lead-manager 	from /usr/local/bundle/gems/activerecord-8.0.2/lib/active_record/connection_adapters/abstract_adapter.rb:984:in `with_raw_connection'
lead-manager-worker-prosody-5d8fbffd47-8tpdd lead-manager 	from /usr/local/bundle/gems/activerecord-8.0.2/lib/active_record/connection_adapters/abstract/database_statements.rb:555:in `block in raw_execute'
lead-manager-worker-prosody-5d8fbffd47-h95fk lead-manager 	from /usr/local/bundle/gems/mysql2-0.5.5/lib/mysql2/client.rb:150:in `query'
lead-manager-worker-prosody-5d8fbffd47-h95fk lead-manager 	from /usr/local/bundle/gems/prometheus_exporter-2.1.0/lib/prometheus_exporter/instrumentation/method_profiler.rb:80:in `query'
lead-manager-worker-prosody-5d8fbffd47-8tpdd lead-manager 	from /usr/local/bundle/gems/activesupport-8.0.2/lib/active_support/notifications/instrumenter.rb:58:in `instrument'
lead-manager-worker-prosody-5d8fbffd47-h95fk lead-manager 	from /usr/local/bundle/gems/activerecord-8.0.2/lib/active_record/connection_adapters/mysql2/database_statements.rb:54:in `block in perform_query'
lead-manager-worker-prosody-5d8fbffd47-h95fk lead-manager 	from /usr/local/bundle/gems/activesupport-8.0.2/lib/active_support/concurrency/share_lock.rb:186:in `yield_shares'
lead-manager-worker-prosody-5d8fbffd47-8tpdd lead-manager 	from /usr/local/bundle/gems/activerecord-8.0.2/lib/active_record/connection_adapters/abstract_adapter.rb:1135:in `log'
lead-manager-worker-prosody-5d8fbffd47-8tpdd lead-manager 	from /usr/local/bundle/gems/activerecord-8.0.2/lib/active_record/connection_adapters/abstract/database_statements.rb:554:in `raw_execute'
lead-manager-worker-prosody-5d8fbffd47-8tpdd lead-manager 	from /usr/local/bundle/gems/activerecord-8.0.2/lib/active_record/connection_adapters/abstract/database_statements.rb:591:in `internal_execute'
lead-manager-worker-prosody-5d8fbffd47-h95fk lead-manager 	from /usr/local/bundle/gems/activesupport-8.0.2/lib/active_support/dependencies/interlock.rb:41:in `permit_concurrent_loads'
lead-manager-worker-prosody-5d8fbffd47-8tpdd lead-manager 	from /usr/local/bundle/gems/activerecord-8.0.2/lib/active_record/connection_adapters/abstract/database_statements.rb:547:in `internal_exec_query'
lead-manager-worker-prosody-5d8fbffd47-h95fk lead-manager 	from /usr/local/bundle/gems/activerecord-8.0.2/lib/active_record/connection_adapters/mysql2/database_statements.rb:53:in `perform_query'
lead-manager-worker-prosody-5d8fbffd47-8tpdd lead-manager 	from /usr/local/bundle/gems/activerecord-8.0.2/lib/active_record/connection_adapters/abstract/database_statements.rb:693:in `select'
lead-manager-worker-prosody-5d8fbffd47-h95fk lead-manager 	from /usr/local/bundle/gems/activerecord-8.0.2/lib/active_record/connection_adapters/abstract/database_statements.rb:556:in `block (2 levels) in raw_execute'
lead-manager-worker-prosody-5d8fbffd47-8tpdd lead-manager 	from /usr/local/bundle/gems/activerecord-8.0.2/lib/active_record/connection_adapters/abstract/database_statements.rb:73:in `select_all'
lead-manager-worker-prosody-5d8fbffd47-8tpdd lead-manager 	from /usr/local/bundle/gems/activerecord-8.0.2/lib/active_record/connection_adapters/abstract/query_cache.rb:251:in `select_all'
lead-manager-worker-prosody-5d8fbffd47-h95fk lead-manager 	from /usr/local/bundle/gems/activerecord-8.0.2/lib/active_record/connection_adapters/abstract_adapter.rb:1015:in `block in with_raw_connection'
lead-manager-worker-prosody-5d8fbffd47-8tpdd lead-manager 	from /usr/local/bundle/gems/activerecord-8.0.2/lib/active_record/connection_adapters/mysql2/database_statements.rb:12:in `select_all'
lead-manager-worker-prosody-5d8fbffd47-h95fk lead-manager 	from /usr/local/bundle/gems/activesupport-8.0.2/lib/active_support/concurrency/null_lock.rb:9:in `synchronize'
lead-manager-worker-prosody-5d8fbffd47-8tpdd lead-manager 	from /usr/local/bundle/gems/activerecord-8.0.2/lib/active_record/querying.rb:68:in `_query_by_sql'
lead-manager-worker-prosody-5d8fbffd47-8tpdd lead-manager 	from /usr/local/bundle/gems/activerecord-8.0.2/lib/active_record/querying.rb:53:in `block in find_by_sql'
lead-manager-worker-prosody-5d8fbffd47-h95fk lead-manager 	from /usr/local/bundle/gems/activerecord-8.0.2/lib/active_record/connection_adapters/abstract_adapter.rb:984:in `with_raw_connection'
lead-manager-worker-prosody-5d8fbffd47-8tpdd lead-manager 	from /usr/local/bundle/gems/activerecord-8.0.2/lib/active_record/connection_adapters/abstract/connection_pool.rb:412:in `with_connection'
lead-manager-worker-prosody-5d8fbffd47-h95fk lead-manager 	from /usr/local/bundle/gems/activerecord-8.0.2/lib/active_record/connection_adapters/abstract/database_statements.rb:555:in `block in raw_execute'
lead-manager-worker-prosody-5d8fbffd47-8tpdd lead-manager 	from /usr/local/bundle/gems/activerecord-8.0.2/lib/active_record/connection_handling.rb:310:in `with_connection'
lead-manager-worker-prosody-5d8fbffd47-8tpdd lead-manager 	from /usr/local/bundle/gems/activerecord-8.0.2/lib/active_record/querying.rb:52:in `find_by_sql'
lead-manager-worker-prosody-5d8fbffd47-h95fk lead-manager 	from /usr/local/bundle/gems/activesupport-8.0.2/lib/active_support/notifications/instrumenter.rb:58:in `instrument'
lead-manager-worker-prosody-5d8fbffd47-8tpdd lead-manager 	from /usr/local/bundle/gems/activerecord-8.0.2/lib/active_record/statement_cache.rb:152:in `execute'
lead-manager-worker-prosody-5d8fbffd47-8tpdd lead-manager 	from /usr/local/bundle/gems/activerecord-8.0.2/lib/active_record/core.rb:454:in `block in cached_find_by'
lead-manager-worker-prosody-5d8fbffd47-8tpdd lead-manager 	from /usr/local/bundle/gems/activerecord-8.0.2/lib/active_record/connection_adapters/abstract/connection_pool.rb:412:in `with_connection'
lead-manager-worker-prosody-5d8fbffd47-h95fk lead-manager 	from /usr/local/bundle/gems/activerecord-8.0.2/lib/active_record/connection_adapters/abstract_adapter.rb:1135:in `log'
lead-manager-worker-prosody-5d8fbffd47-h95fk lead-manager 	from /usr/local/bundle/gems/activerecord-8.0.2/lib/active_record/connection_adapters/abstract/database_statements.rb:554:in `raw_execute'
lead-manager-worker-prosody-5d8fbffd47-h95fk lead-manager 	from /usr/local/bundle/gems/activerecord-8.0.2/lib/active_record/connection_adapters/abstract/database_statements.rb:591:in `internal_execute'
lead-manager-worker-prosody-5d8fbffd47-h95fk lead-manager 	from /usr/local/bundle/gems/activerecord-8.0.2/lib/active_record/connection_adapters/abstract/database_statements.rb:547:in `internal_exec_query'
lead-manager-worker-prosody-5d8fbffd47-h95fk lead-manager 	from /usr/local/bundle/gems/activerecord-8.0.2/lib/active_record/connection_adapters/abstract/database_statements.rb:693:in `select'
lead-manager-worker-prosody-5d8fbffd47-8tpdd lead-manager 	from /usr/local/bundle/gems/activerecord-8.0.2/lib/active_record/connection_handling.rb:310:in `with_connection'
lead-manager-worker-prosody-5d8fbffd47-h95fk lead-manager 	from /usr/local/bundle/gems/activerecord-8.0.2/lib/active_record/connection_adapters/abstract/database_statements.rb:73:in `select_all'
lead-manager-worker-prosody-5d8fbffd47-h95fk lead-manager 	from /usr/local/bundle/gems/activerecord-8.0.2/lib/active_record/connection_adapters/abstract/query_cache.rb:251:in `select_all'
lead-manager-worker-prosody-5d8fbffd47-h95fk lead-manager 	from /usr/local/bundle/gems/activerecord-8.0.2/lib/active_record/connection_adapters/mysql2/database_statements.rb:12:in `select_all'
lead-manager-worker-prosody-5d8fbffd47-h95fk lead-manager 	from /usr/local/bundle/gems/activerecord-8.0.2/lib/active_record/querying.rb:68:in `_query_by_sql'
lead-manager-worker-prosody-5d8fbffd47-8tpdd lead-manager 	from /usr/local/bundle/gems/activerecord-8.0.2/lib/active_record/core.rb:442:in `cached_find_by'
lead-manager-worker-prosody-5d8fbffd47-8tpdd lead-manager 	from /usr/local/bundle/gems/activerecord-8.0.2/lib/active_record/core.rb:327:in `find_by'
lead-manager-worker-prosody-5d8fbffd47-8tpdd lead-manager 	from /usr/src/app/services/prosody_handlers/crm_agent_asserted.rb:5:in `perform'
lead-manager-worker-prosody-5d8fbffd47-h95fk lead-manager 	from /usr/local/bundle/gems/activerecord-8.0.2/lib/active_record/querying.rb:53:in `block in find_by_sql'
lead-manager-worker-prosody-5d8fbffd47-8tpdd lead-manager 	from /usr/src/app/services/prosody_handler.rb:9:in `on_message'
lead-manager-worker-prosody-5d8fbffd47-h95fk lead-manager 	from /usr/local/bundle/gems/activerecord-8.0.2/lib/active_record/connection_adapters/abstract/connection_pool.rb:412:in `with_connection'
lead-manager-worker-prosody-5d8fbffd47-8tpdd lead-manager 	from /usr/local/bundle/gems/prosody-1.1.1-x86_64-linux/lib/prosody/processor.rb:281:in `block (2 levels) in start_worker'
lead-manager-worker-prosody-5d8fbffd47-8tpdd lead-manager 	from /usr/local/bundle/gems/opentelemetry-api-1.7.0/lib/opentelemetry/trace.rb:70:in `block in with_span'
lead-manager-worker-prosody-5d8fbffd47-8tpdd lead-manager 	from /usr/local/bundle/gems/opentelemetry-api-1.7.0/lib/opentelemetry/context.rb:88:in `with_value'
lead-manager-worker-prosody-5d8fbffd47-8tpdd lead-manager 	from /usr/local/bundle/gems/opentelemetry-api-1.7.0/lib/opentelemetry/trace.rb:70:in `with_span'
lead-manager-worker-prosody-5d8fbffd47-8tpdd lead-manager 	from /usr/local/bundle/gems/prosody-1.1.1-x86_64-linux/lib/prosody/processor.rb:279:in `block in start_worker'
lead-manager-worker-prosody-5d8fbffd47-h95fk lead-manager 	from /usr/local/bundle/gems/activerecord-8.0.2/lib/active_record/connection_handling.rb:310:in `with_connection'
lead-manager-worker-prosody-5d8fbffd47-8tpdd lead-manager 	from /usr/local/bundle/gems/async-2.32.0/lib/async/task.rb:207:in `block in run'
lead-manager-worker-prosody-5d8fbffd47-8tpdd lead-manager 	from /usr/local/bundle/gems/async-2.32.0/lib/async/task.rb:452:in `block in schedule'
lead-manager-worker-prosody-5d8fbffd47-8tpdd lead-manager ; retrying after 60ms module=prosody::consumer::failure::retry line=342 partition=0 key=realgeeks:81727 offset=3 attempt=3 topic=realgeeks.lead-manager.agent-events
lead-manager-worker-prosody-5d8fbffd47-8tpdd lead-manager D, [2025-09-23T18:47:52.111689 #1] DEBUG -- : Task realgeeks.lead-manager.agent-events/0:0 completed successfully
lead-manager-worker-prosody-5d8fbffd47-h95fk lead-manager 	from /usr/local/bundle/gems/activerecord-8.0.2/lib/active_record/querying.rb:52:in `find_by_sql'
lead-manager-worker-prosody-5d8fbffd47-h95fk lead-manager 	from /usr/local/bundle/gems/activerecord-8.0.2/lib/active_record/statement_cache.rb:152:in `execute'
lead-manager-worker-prosody-5d8fbffd47-h95fk lead-manager 	from /usr/local/bundle/gems/activerecord-8.0.2/lib/active_record/core.rb:454:in `block in cached_find_by'
lead-manager-worker-prosody-5d8fbffd47-8tpdd lead-manager D, [2025-09-23T18:47:52.149786 #1] DEBUG -- : Executing task realgeeks.lead-manager.agent-events/0:3
lead-manager-worker-prosody-5d8fbffd47-h95fk lead-manager 	from /usr/local/bundle/gems/activerecord-8.0.2/lib/active_record/connection_adapters/abstract/connection_pool.rb:412:in `with_connection'
lead-manager-worker-prosody-5d8fbffd47-8tpdd lead-manager D, [2025-09-23T18:47:52.202930 #1] DEBUG -- : Executing task realgeeks.lead-manager.agent-events/0:1
lead-manager-worker-prosody-5d8fbffd47-h95fk lead-manager 	from /usr/local/bundle/gems/activerecord-8.0.2/lib/active_record/connection_handling.rb:310:in `with_connection'
lead-manager-worker-prosody-5d8fbffd47-h95fk lead-manager 	from /usr/local/bundle/gems/activerecord-8.0.2/lib/active_record/core.rb:442:in `cached_find_by'
lead-manager-worker-prosody-5d8fbffd47-h95fk lead-manager 	from /usr/local/bundle/gems/activerecord-8.0.2/lib/active_record/core.rb:327:in `find_by'
lead-manager-worker-prosody-5d8fbffd47-8tpdd lead-manager D, [2025-09-23T18:47:52.204652 #1] DEBUG -- : Task realgeeks.lead-manager.agent-events/0:3 completed successfully
lead-manager-worker-prosody-5d8fbffd47-8tpdd lead-manager D, [2025-09-23T18:47:52.264869 #1] DEBUG -- : Task realgeeks.lead-manager.agent-events/0:1 completed successfully
lead-manager-worker-prosody-5d8fbffd47-8tpdd lead-manager D, [2025-09-23T18:47:52.266115 #1] DEBUG -- : Executing task realgeeks.lead-manager.agent-events/0:2
lead-manager-worker-prosody-5d8fbffd47-8tpdd lead-manager D, [2025-09-23T18:47:52.299248 #1] DEBUG -- : Task realgeeks.lead-manager.agent-events/0:2 completed successfully
lead-manager-worker-prosody-5d8fbffd47-8tpdd lead-manager I, [2025-09-23T18:47:57.264312 #1]  INFO -- : revoking realgeeks.lead-manager.agent-events:0 module=prosody::consumer::kafka_context line=189
lead-manager-worker-prosody-5d8fbffd47-8tpdd lead-manager I, [2025-09-23T18:47:57.264560 #1]  INFO -- : revoking realgeeks.lead-manager.agent-events:5 module=prosody::consumer::kafka_context line=189
lead-manager-worker-prosody-5d8fbffd47-h95fk lead-manager 	from /usr/src/app/services/prosody_handlers/crm_agent_asserted.rb:5:in `perform'
lead-manager-worker-prosody-5d8fbffd47-h95fk lead-manager 	from /usr/src/app/services/prosody_handler.rb:9:in `on_message'
lead-manager-worker-prosody-5d8fbffd47-h95fk lead-manager 	from /usr/local/bundle/gems/prosody-1.1.1-x86_64-linux/lib/prosody/processor.rb:281:in `block (2 levels) in start_worker'
lead-manager-worker-prosody-5d8fbffd47-h95fk lead-manager 	from /usr/local/bundle/gems/opentelemetry-api-1.7.0/lib/opentelemetry/trace.rb:70:in `block in with_span'
lead-manager-worker-prosody-5d8fbffd47-h95fk lead-manager 	from /usr/local/bundle/gems/opentelemetry-api-1.7.0/lib/opentelemetry/context.rb:88:in `with_value'
lead-manager-worker-prosody-5d8fbffd47-h95fk lead-manager 	from /usr/local/bundle/gems/opentelemetry-api-1.7.0/lib/opentelemetry/trace.rb:70:in `with_span'
lead-manager-worker-prosody-5d8fbffd47-h95fk lead-manager 	from /usr/local/bundle/gems/prosody-1.1.1-x86_64-linux/lib/prosody/processor.rb:279:in `block in start_worker'
lead-manager-worker-prosody-5d8fbffd47-h95fk lead-manager 	from /usr/local/bundle/gems/async-2.32.0/lib/async/task.rb:207:in `block in run'
lead-manager-worker-prosody-5d8fbffd47-h95fk lead-manager 	from /usr/local/bundle/gems/async-2.32.0/lib/async/task.rb:452:in `block in schedule'
lead-manager-worker-prosody-5d8fbffd47-h95fk lead-manager ; retrying after 26ms module=prosody::consumer::failure::retry line=342 partition=0 key=realgeeks:77981 offset=199 attempt=1 topic=witco.agent-events
lead-manager-worker-prosody-5d8fbffd47-h95fk lead-manager D, [2025-09-23T18:47:52.461327 #1] DEBUG -- : Task witco.agent-events/0:185 completed successfully
lead-manager-worker-prosody-5d8fbffd47-h95fk lead-manager D, [2025-09-23T18:47:52.461710 #1] DEBUG -- : Executing task witco.agent-events/0:186
lead-manager-worker-prosody-5d8fbffd47-h95fk lead-manager D, [2025-09-23T18:47:52.462667 #1] DEBUG -- : Executing task witco.agent-events/0:216
lead-manager-worker-prosody-5d8fbffd47-h95fk lead-manager E, [2025-09-23T18:47:52.466811 #1] ERROR -- : Error executing task witco.agent-events/0:216: Mysql2::Error: This connection is in use by: #<Fiber:0x00007fe791f53c98 /usr/local/bundle/gems/async-2.32.0/lib/async/task.rb:450 (suspended)>
lead-manager-worker-prosody-5d8fbffd47-h95fk lead-manager E, [2025-09-23T18:47:52.467046 #1] ERROR -- : failed to handle message: handler error: transient error: /usr/local/bundle/gems/mysql2-0.5.5/lib/mysql2/client.rb:151:in `_query': Mysql2::Error: This connection is in use by: #<Fiber:0x00007fe791f53c98 /usr/local/bundle/gems/async-2.32.0/lib/async/task.rb:450 (suspended)> (ActiveRecord::StatementInvalid)
lead-manager-worker-prosody-5d8fbffd47-h95fk lead-manager 	from /usr/local/bundle/gems/mysql2-0.5.5/lib/mysql2/client.rb:151:in `block in query'
lead-manager-worker-prosody-5d8fbffd47-h95fk lead-manager 	from /usr/local/bundle/gems/mysql2-0.5.5/lib/mysql2/client.rb:150:in `handle_interrupt'
lead-manager-worker-prosody-5d8fbffd47-h95fk lead-manager 	from /usr/local/bundle/gems/mysql2-0.5.5/lib/mysql2/client.rb:150:in `query'
lead-manager-worker-prosody-5d8fbffd47-h95fk lead-manager 	from /usr/local/bundle/gems/prometheus_exporter-2.1.0/lib/prometheus_exporter/instrumentation/method_profiler.rb:80:in `query'
lead-manager-worker-prosody-5d8fbffd47-h95fk lead-manager 	from /usr/local/bundle/gems/activerecord-8.0.2/lib/active_record/connection_adapters/mysql2/database_statements.rb:54:in `block in perform_query'
lead-manager-worker-prosody-5d8fbffd47-h95fk lead-manager 	from /usr/local/bundle/gems/activesupport-8.0.2/lib/active_support/concurrency/share_lock.rb:186:in `yield_shares'
lead-manager-worker-prosody-5d8fbffd47-h95fk lead-manager 	from /usr/local/bundle/gems/activesupport-8.0.2/lib/active_support/dependencies/interlock.rb:41:in `permit_concurrent_loads'
lead-manager-worker-prosody-5d8fbffd47-h95fk lead-manager 	from /usr/local/bundle/gems/activerecord-8.0.2/lib/active_record/connection_adapters/mysql2/database_statements.rb:53:in `perform_query'
lead-manager-worker-prosody-5d8fbffd47-h95fk lead-manager 	from /usr/local/bundle/gems/activerecord-8.0.2/lib/active_record/connection_adapters/abstract/database_statements.rb:556:in `block (2 levels) in raw_execute'
lead-manager-worker-prosody-5d8fbffd47-h95fk lead-manager 	from /usr/local/bundle/gems/activerecord-8.0.2/lib/active_record/connection_adapters/abstract_adapter.rb:1015:in `block in with_raw_connection'
lead-manager-worker-prosody-5d8fbffd47-h95fk lead-manager 	from /usr/local/bundle/gems/activesupport-8.0.2/lib/active_support/concurrency/null_lock.rb:9:in `synchronize'
lead-manager-worker-prosody-5d8fbffd47-h95fk lead-manager 	from /usr/local/bundle/gems/activerecord-8.0.2/lib/active_record/connection_adapters/abstract_adapter.rb:984:in `with_raw_connection'
lead-manager-worker-prosody-5d8fbffd47-h95fk lead-manager 	from /usr/local/bundle/gems/activerecord-8.0.2/lib/active_record/connection_adapters/abstract/database_statements.rb:555:in `block in raw_execute'
lead-manager-worker-prosody-5d8fbffd47-h95fk lead-manager 	from /usr/local/bundle/gems/activesupport-8.0.2/lib/active_support/notifications/instrumenter.rb:58:in `instrument'
lead-manager-worker-prosody-5d8fbffd47-h95fk lead-manager 	from /usr/local/bundle/gems/activerecord-8.0.2/lib/active_record/connection_adapters/abstract_adapter.rb:1135:in `log'
lead-manager-worker-prosody-5d8fbffd47-h95fk lead-manager 	from /usr/local/bundle/gems/activerecord-8.0.2/lib/active_record/connection_adapters/abstract/database_statements.rb:554:in `raw_execute'
lead-manager-worker-prosody-5d8fbffd47-h95fk lead-manager 	from /usr/local/bundle/gems/activerecord-8.0.2/lib/active_record/connection_adapters/abstract/database_statements.rb:591:in `internal_execute'
lead-manager-worker-prosody-5d8fbffd47-h95fk lead-manager 	from /usr/local/bundle/gems/activerecord-8.0.2/lib/active_record/connection_adapters/abstract/database_statements.rb:547:in `internal_exec_query'
lead-manager-worker-prosody-5d8fbffd47-h95fk lead-manager 	from /usr/local/bundle/gems/activerecord-8.0.2/lib/active_record/connection_adapters/abstract/database_statements.rb:693:in `select'
lead-manager-worker-prosody-5d8fbffd47-h95fk lead-manager 	from /usr/local/bundle/gems/activerecord-8.0.2/lib/active_record/connection_adapters/abstract/database_statements.rb:73:in `select_all'
lead-manager-worker-prosody-5d8fbffd47-h95fk lead-manager 	from /usr/local/bundle/gems/activerecord-8.0.2/lib/active_record/connection_adapters/abstract/query_cache.rb:251:in `select_all'
lead-manager-worker-prosody-5d8fbffd47-h95fk lead-manager 	from /usr/local/bundle/gems/activerecord-8.0.2/lib/active_record/connection_adapters/mysql2/database_statements.rb:12:in `select_all'
lead-manager-worker-prosody-5d8fbffd47-h95fk lead-manager 	from /usr/local/bundle/gems/activerecord-8.0.2/lib/active_record/querying.rb:68:in `_query_by_sql'
lead-manager-worker-prosody-5d8fbffd47-h95fk lead-manager 	from /usr/local/bundle/gems/activerecord-8.0.2/lib/active_record/querying.rb:53:in `block in find_by_sql'
lead-manager-worker-prosody-5d8fbffd47-h95fk lead-manager 	from /usr/local/bundle/gems/activerecord-8.0.2/lib/active_record/connection_adapters/abstract/connection_pool.rb:412:in `with_connection'
lead-manager-worker-prosody-5d8fbffd47-h95fk lead-manager 	from /usr/local/bundle/gems/activerecord-8.0.2/lib/active_record/connection_handling.rb:310:in `with_connection'
lead-manager-worker-prosody-5d8fbffd47-h95fk lead-manager 	from /usr/local/bundle/gems/activerecord-8.0.2/lib/active_record/querying.rb:52:in `find_by_sql'
lead-manager-worker-prosody-5d8fbffd47-h95fk lead-manager 	from /usr/local/bundle/gems/activerecord-8.0.2/lib/active_record/statement_cache.rb:152:in `execute'
lead-manager-worker-prosody-5d8fbffd47-h95fk lead-manager 	from /usr/local/bundle/gems/activerecord-8.0.2/lib/active_record/core.rb:454:in `block in cached_find_by'
lead-manager-worker-prosody-5d8fbffd47-h95fk lead-manager 	from /usr/local/bundle/gems/activerecord-8.0.2/lib/active_record/connection_adapters/abstract/connection_pool.rb:412:in `with_connection'
lead-manager-worker-prosody-5d8fbffd47-h95fk lead-manager 	from /usr/local/bundle/gems/activerecord-8.0.2/lib/active_record/connection_handling.rb:310:in `with_connection'
lead-manager-worker-prosody-5d8fbffd47-h95fk lead-manager 	from /usr/local/bundle/gems/activerecord-8.0.2/lib/active_record/core.rb:442:in `cached_find_by'
lead-manager-worker-prosody-5d8fbffd47-h95fk lead-manager 	from /usr/local/bundle/gems/activerecord-8.0.2/lib/active_record/core.rb:327:in `find_by'
lead-manager-worker-prosody-5d8fbffd47-h95fk lead-manager 	from /usr/src/app/services/prosody_handlers/crm_agent_asserted.rb:5:in `perform'
lead-manager-worker-prosody-5d8fbffd47-h95fk lead-manager 	from /usr/src/app/services/prosody_handler.rb:9:in `on_message'
lead-manager-worker-prosody-5d8fbffd47-h95fk lead-manager 	from /usr/local/bundle/gems/prosody-1.1.1-x86_64-linux/lib/prosody/processor.rb:281:in `block (2 levels) in start_worker'
lead-manager-worker-prosody-5d8fbffd47-h95fk lead-manager 	from /usr/local/bundle/gems/opentelemetry-api-1.7.0/lib/opentelemetry/trace.rb:70:in `block in with_span'
lead-manager-worker-prosody-5d8fbffd47-h95fk lead-manager 	from /usr/local/bundle/gems/opentelemetry-api-1.7.0/lib/opentelemetry/context.rb:88:in `with_value'
lead-manager-worker-prosody-5d8fbffd47-h95fk lead-manager 	from /usr/local/bundle/gems/opentelemetry-api-1.7.0/lib/opentelemetry/trace.rb:70:in `with_span'
lead-manager-worker-prosody-5d8fbffd47-h95fk lead-manager 	from /usr/local/bundle/gems/prosody-1.1.1-x86_64-linux/lib/prosody/processor.rb:279:in `block in start_worker'
lead-manager-worker-prosody-5d8fbffd47-h95fk lead-manager 	from /usr/local/bundle/gems/async-2.32.0/lib/async/task.rb:207:in `block in run'
lead-manager-worker-prosody-5d8fbffd47-h95fk lead-manager 	from /usr/local/bundle/gems/async-2.32.0/lib/async/task.rb:452:in `block in schedule'
lead-manager-worker-prosody-5d8fbffd47-h95fk lead-manager /usr/local/bundle/gems/mysql2-0.5.5/lib/mysql2/client.rb:151:in `_query': This connection is in use by: #<Fiber:0x00007fe791f53c98 /usr/local/bundle/gems/async-2.32.0/lib/async/task.rb:450 (suspended)> (Mysql2::Error)
lead-manager-worker-prosody-5d8fbffd47-h95fk lead-manager 	from /usr/local/bundle/gems/mysql2-0.5.5/lib/mysql2/client.rb:151:in `block in query'
lead-manager-worker-prosody-5d8fbffd47-h95fk lead-manager 	from /usr/local/bundle/gems/mysql2-0.5.5/lib/mysql2/client.rb:150:in `handle_interrupt'
lead-manager-worker-prosody-5d8fbffd47-h95fk lead-manager 	from /usr/local/bundle/gems/mysql2-0.5.5/lib/mysql2/client.rb:150:in `query'
lead-manager-worker-prosody-5d8fbffd47-h95fk lead-manager 	from /usr/local/bundle/gems/prometheus_exporter-2.1.0/lib/prometheus_exporter/instrumentation/method_profiler.rb:80:in `query'
lead-manager-worker-prosody-5d8fbffd47-h95fk lead-manager 	from /usr/local/bundle/gems/activerecord-8.0.2/lib/active_record/connection_adapters/mysql2/database_statements.rb:54:in `block in perform_query'
lead-manager-worker-prosody-5d8fbffd47-h95fk lead-manager 	from /usr/local/bundle/gems/activesupport-8.0.2/lib/active_support/concurrency/share_lock.rb:186:in `yield_shares'
lead-manager-worker-prosody-5d8fbffd47-h95fk lead-manager 	from /usr/local/bundle/gems/activesupport-8.0.2/lib/active_support/dependencies/interlock.rb:41:in `permit_concurrent_loads'
lead-manager-worker-prosody-5d8fbffd47-h95fk lead-manager 	from /usr/local/bundle/gems/activerecord-8.0.2/lib/active_record/connection_adapters/mysql2/database_statements.rb:53:in `perform_query'
lead-manager-worker-prosody-5d8fbffd47-h95fk lead-manager 	from /usr/local/bundle/gems/activerecord-8.0.2/lib/active_record/connection_adapters/abstract/database_statements.rb:556:in `block (2 levels) in raw_execute'
lead-manager-worker-prosody-5d8fbffd47-h95fk lead-manager 	from /usr/local/bundle/gems/activerecord-8.0.2/lib/active_record/connection_adapters/abstract_adapter.rb:1015:in `block in with_raw_connection'
lead-manager-worker-prosody-5d8fbffd47-h95fk lead-manager 	from /usr/local/bundle/gems/activesupport-8.0.2/lib/active_support/concurrency/null_lock.rb:9:in `synchronize'
lead-manager-worker-prosody-5d8fbffd47-h95fk lead-manager 	from /usr/local/bundle/gems/activerecord-8.0.2/lib/active_record/connection_adapters/abstract_adapter.rb:984:in `with_raw_connection'
lead-manager-worker-prosody-5d8fbffd47-h95fk lead-manager 	from /usr/local/bundle/gems/activerecord-8.0.2/lib/active_record/connection_adapters/abstract/database_statements.rb:555:in `block in raw_execute'
lead-manager-worker-prosody-5d8fbffd47-h95fk lead-manager 	from /usr/local/bundle/gems/activesupport-8.0.2/lib/active_support/notifications/instrumenter.rb:58:in `instrument'
lead-manager-worker-prosody-5d8fbffd47-h95fk lead-manager 	from /usr/local/bundle/gems/activerecord-8.0.2/lib/active_record/connection_adapters/abstract_adapter.rb:1135:in `log'
lead-manager-worker-prosody-5d8fbffd47-h95fk lead-manager 	from /usr/local/bundle/gems/activerecord-8.0.2/lib/active_record/connection_adapters/abstract/database_statements.rb:554:in `raw_execute'
lead-manager-worker-prosody-5d8fbffd47-h95fk lead-manager 	from /usr/local/bundle/gems/activerecord-8.0.2/lib/active_record/connection_adapters/abstract/database_statements.rb:591:in `internal_execute'
lead-manager-worker-prosody-5d8fbffd47-h95fk lead-manager 	from /usr/local/bundle/gems/activerecord-8.0.2/lib/active_record/connection_adapters/abstract/database_statements.rb:547:in `internal_exec_query'
lead-manager-worker-prosody-5d8fbffd47-h95fk lead-manager 	from /usr/local/bundle/gems/activerecord-8.0.2/lib/active_record/connection_adapters/abstract/database_statements.rb:693:in `select'
lead-manager-worker-prosody-5d8fbffd47-h95fk lead-manager 	from /usr/local/bundle/gems/activerecord-8.0.2/lib/active_record/connection_adapters/abstract/database_statements.rb:73:in `select_all'
lead-manager-worker-prosody-5d8fbffd47-h95fk lead-manager 	from /usr/local/bundle/gems/activerecord-8.0.2/lib/active_record/connection_adapters/abstract/query_cache.rb:251:in `select_all'
lead-manager-worker-prosody-5d8fbffd47-h95fk lead-manager 	from /usr/local/bundle/gems/activerecord-8.0.2/lib/active_record/connection_adapters/mysql2/database_statements.rb:12:in `select_all'
lead-manager-worker-prosody-5d8fbffd47-h95fk lead-manager 	from /usr/local/bundle/gems/activerecord-8.0.2/lib/active_record/querying.rb:68:in `_query_by_sql'
lead-manager-worker-prosody-5d8fbffd47-h95fk lead-manager 	from /usr/local/bundle/gems/activerecord-8.0.2/lib/active_record/querying.rb:53:in `block in find_by_sql'
lead-manager-worker-prosody-5d8fbffd47-h95fk lead-manager 	from /usr/local/bundle/gems/activerecord-8.0.2/lib/active_record/connection_adapters/abstract/connection_pool.rb:412:in `with_connection'
lead-manager-worker-prosody-5d8fbffd47-h95fk lead-manager 	from /usr/local/bundle/gems/activerecord-8.0.2/lib/active_record/connection_handling.rb:310:in `with_connection'
lead-manager-worker-prosody-5d8fbffd47-h95fk lead-manager 	from /usr/local/bundle/gems/activerecord-8.0.2/lib/active_record/querying.rb:52:in `find_by_sql'
lead-manager-worker-prosody-5d8fbffd47-h95fk lead-manager 	from /usr/local/bundle/gems/activerecord-8.0.2/lib/active_record/statement_cache.rb:152:in `execute'
lead-manager-worker-prosody-5d8fbffd47-h95fk lead-manager 	from /usr/local/bundle/gems/activerecord-8.0.2/lib/active_record/core.rb:454:in `block in cached_find_by'
lead-manager-worker-prosody-5d8fbffd47-h95fk lead-manager 	from /usr/local/bundle/gems/activerecord-8.0.2/lib/active_record/connection_adapters/abstract/connection_pool.rb:412:in `with_connection'
lead-manager-worker-prosody-5d8fbffd47-h95fk lead-manager 	from /usr/local/bundle/gems/activerecord-8.0.2/lib/active_record/connection_handling.rb:310:in `with_connection'
lead-manager-worker-prosody-5d8fbffd47-h95fk lead-manager 	from /usr/local/bundle/gems/activerecord-8.0.2/lib/active_record/core.rb:442:in `cached_find_by'
lead-manager-worker-prosody-5d8fbffd47-h95fk lead-manager 	from /usr/local/bundle/gems/activerecord-8.0.2/lib/active_record/core.rb:327:in `find_by'
lead-manager-worker-prosody-5d8fbffd47-h95fk lead-manager 	from /usr/src/app/services/prosody_handlers/crm_agent_asserted.rb:5:in `perform'
lead-manager-worker-prosody-5d8fbffd47-h95fk lead-manager 	from /usr/src/app/services/prosody_handler.rb:9:in `on_message'
lead-manager-worker-prosody-5d8fbffd47-h95fk lead-manager 	from /usr/local/bundle/gems/prosody-1.1.1-x86_64-linux/lib/prosody/processor.rb:281:in `block (2 levels) in start_worker'
lead-manager-worker-prosody-5d8fbffd47-h95fk lead-manager 	from /usr/local/bundle/gems/opentelemetry-api-1.7.0/lib/opentelemetry/trace.rb:70:in `block in with_span'
lead-manager-worker-prosody-5d8fbffd47-h95fk lead-manager 	from /usr/local/bundle/gems/opentelemetry-api-1.7.0/lib/opentelemetry/context.rb:88:in `with_value'
lead-manager-worker-prosody-5d8fbffd47-h95fk lead-manager 	from /usr/local/bundle/gems/opentelemetry-api-1.7.0/lib/opentelemetry/trace.rb:70:in `with_span'
lead-manager-worker-prosody-5d8fbffd47-h95fk lead-manager 	from /usr/local/bundle/gems/prosody-1.1.1-x86_64-linux/lib/prosody/processor.rb:279:in `block in start_worker'
lead-manager-worker-prosody-5d8fbffd47-h95fk lead-manager 	from /usr/local/bundle/gems/async-2.32.0/lib/async/task.rb:207:in `block in run'
lead-manager-worker-prosody-5d8fbffd47-h95fk lead-manager 	from /usr/local/bundle/gems/async-2.32.0/lib/async/task.rb:452:in `block in schedule'
lead-manager-worker-prosody-5d8fbffd47-h95fk lead-manager ; retrying after 23ms module=prosody::consumer::failure::retry line=342 partition=0 key=realgeeks:81727 offset=216 attempt=1 topic=witco.agent-events
lead-manager-worker-prosody-5d8fbffd47-h95fk lead-manager D, [2025-09-23T18:47:52.475928 #1] DEBUG -- : Executing task witco.agent-events/0:199
lead-manager-worker-prosody-5d8fbffd47-h95fk lead-manager 
lead-manager-worker-prosody-5d8fbffd47-h95fk lead-manager thread '<unnamed>' panicked at /home/runner/work/prosody-rb/prosody-rb/tmp/cargo-vendor/tokio/src/runtime/context/current.rs:82:21:
lead-manager-worker-prosody-5d8fbffd47-h95fk lead-manager `EnterGuard` values dropped out of order. Guards returned by `tokio::runtime::Handle::enter()` must be dropped in the reverse order as they were acquired.
lead-manager-worker-prosody-5d8fbffd47-h95fk lead-manager note: run with `RUST_BACKTRACE=1` environment variable to display a backtrace
lead-manager-worker-prosody-5d8fbffd47-h95fk lead-manager #<Thread:0x00007fe791dcd568 /usr/local/bundle/gems/prosody-1.1.1-x86_64-linux/lib/prosody/processor.rb:124 run> terminated with exception (report_on_exception is true):
lead-manager-worker-prosody-5d8fbffd47-h95fk lead-manager /usr/src/app/services/send_message.rb:15:in `send_message': `EnterGuard` values dropped out of order. Guards returned by `tokio::runtime::Handle::enter()` must be dropped in the reverse order as they were acquired. (fatal)
lead-manager-worker-prosody-5d8fbffd47-h95fk lead-manager 	from /usr/src/app/services/send_message.rb:15:in `perform'
lead-manager-worker-prosody-5d8fbffd47-h95fk lead-manager 	from /usr/src/app/services/send_message/asserted.rb:16:in `perform'
lead-manager-worker-prosody-5d8fbffd47-h95fk lead-manager 	from /usr/src/app/services/prosody_handlers/crm_agent_asserted.rb:9:in `perform'
lead-manager-worker-prosody-5d8fbffd47-h95fk lead-manager 	from /usr/src/app/services/prosody_handler.rb:9:in `on_message'
lead-manager-worker-prosody-5d8fbffd47-h95fk lead-manager 	from /usr/local/bundle/gems/prosody-1.1.1-x86_64-linux/lib/prosody/processor.rb:281:in `block (2 levels) in start_worker'
lead-manager-worker-prosody-5d8fbffd47-h95fk lead-manager 	from /usr/local/bundle/gems/opentelemetry-api-1.7.0/lib/opentelemetry/trace.rb:70:in `block in with_span'
lead-manager-worker-prosody-5d8fbffd47-h95fk lead-manager 	from /usr/local/bundle/gems/opentelemetry-api-1.7.0/lib/opentelemetry/context.rb:88:in `with_value'
lead-manager-worker-prosody-5d8fbffd47-h95fk lead-manager 	from /usr/local/bundle/gems/opentelemetry-api-1.7.0/lib/opentelemetry/trace.rb:70:in `with_span'
lead-manager-worker-prosody-5d8fbffd47-h95fk lead-manager 	from /usr/local/bundle/gems/prosody-1.1.1-x86_64-linux/lib/prosody/processor.rb:279:in `block in start_worker'
lead-manager-worker-prosody-5d8fbffd47-h95fk lead-manager 	from /usr/local/bundle/gems/async-2.32.0/lib/async/task.rb:207:in `block in run'
lead-manager-worker-prosody-5d8fbffd47-h95fk lead-manager 	from /usr/local/bundle/gems/async-2.32.0/lib/async/task.rb:452:in `block in schedule'
lead-manager-worker-prosody-5d8fbffd47-h95fk lead-manager I, [2025-09-23T18:47:57.263311 #1]  INFO -- : revoking realgeeks.lead-manager.agent-events:3 module=prosody::consumer::kafka_context line=189
lead-manager-worker-prosody-5d8fbffd47-h95fk lead-manager I, [2025-09-23T18:47:57.263441 #1]  INFO -- : revoking realgeeks.lead-manager.crm-events:1 module=prosody::consumer::kafka_context line=189
lead-manager-worker-prosody-5d8fbffd47-fphkx lead-manager D, [2025-09-23T18:51:06.527826 #1] DEBUG -- : Executing task witco.agent-events/6:3256
lead-manager-worker-prosody-5d8fbffd47-fphkx lead-manager D, [2025-09-23T18:51:06.551599 #1] DEBUG -- : Task witco.agent-events/6:3256 completed successfully
lead-manager-worker-prosody-5d8fbffd47-fphkx lead-manager D, [2025-09-23T18:51:06.551868 #1] DEBUG -- : Executing task witco.agent-events/6:3257
lead-manager-worker-prosody-5d8fbffd47-fphkx lead-manager D, [2025-09-23T18:51:06.571130 #1] DEBUG -- : Task witco.agent-events/6:3257 completed successfully
lead-manager-worker-prosody-5d8fbffd47-fphkx lead-manager D, [2025-09-23T18:51:07.529034 #1] DEBUG -- : Executing task witco.agent-events/6:3258
lead-manager-worker-prosody-5d8fbffd47-fphkx lead-manager D, [2025-09-23T18:51:07.547876 #1] DEBUG -- : Task witco.agent-events/6:3258 completed successfully
lead-manager-worker-prosody-5d8fbffd47-fphkx lead-manager D, [2025-09-23T18:51:46.567643 #1] DEBUG -- : Executing task witco.agent-events/6:3259
lead-manager-worker-prosody-5d8fbffd47-fphkx lead-manager D, [2025-09-23T18:51:46.593713 #1] DEBUG -- : Task witco.agent-events/6:3259 completed successfully
lead-manager-worker-prosody-5d8fbffd47-fphkx lead-manager D, [2025-09-23T18:51:46.594123 #1] DEBUG -- : Executing task witco.agent-events/6:3260
lead-manager-worker-prosody-5d8fbffd47-fphkx lead-manager D, [2025-09-23T18:51:46.614041 #1] DEBUG -- : Task witco.agent-events/6:3260 completed successfully
lead-manager-worker-prosody-5d8fbffd47-fphkx lead-manager D, [2025-09-23T18:51:47.569353 #1] DEBUG -- : Executing task witco.agent-events/6:3261
lead-manager-worker-prosody-5d8fbffd47-fphkx lead-manager D, [2025-09-23T18:51:47.590230 #1] DEBUG -- : Task witco.agent-events/6:3261 completed successfully
lead-manager-worker-prosody-5d8fbffd47-fphkx lead-manager D, [2025-09-23T18:51:47.590672 #1] DEBUG -- : Executing task witco.agent-events/6:3262
lead-manager-worker-prosody-5d8fbffd47-fphkx lead-manager D, [2025-09-23T18:51:47.610239 #1] DEBUG -- : Task witco.agent-events/6:3262 completed successfully
lead-manager-worker-prosody-5d8fbffd47-fphkx lead-manager D, [2025-09-23T18:51:48.576200 #1] DEBUG -- : Executing task witco.agent-events/6:3263
lead-manager-worker-prosody-5d8fbffd47-fphkx lead-manager D, [2025-09-23T18:51:48.598786 #1] DEBUG -- : Task witco.agent-events/6:3263 completed successfully
lead-manager-worker-prosody-5d8fbffd47-fphkx lead-manager D, [2025-09-23T18:51:49.572960 #1] DEBUG -- : Executing task witco.agent-events/6:3264
lead-manager-worker-prosody-5d8fbffd47-fphkx lead-manager D, [2025-09-23T18:51:49.597540 #1] DEBUG -- : Task witco.agent-events/6:3264 completed successfully
lead-manager-worker-prosody-5d8fbffd47-fphkx lead-manager D, [2025-09-23T18:51:49.597913 #1] DEBUG -- : Executing task witco.agent-events/6:3265
lead-manager-worker-prosody-5d8fbffd47-fphkx lead-manager D, [2025-09-23T18:51:49.618908 #1] DEBUG -- : Task witco.agent-events/6:3265 completed successfully
lead-manager-worker-prosody-5d8fbffd47-fphkx lead-manager D, [2025-09-23T18:51:50.573568 #1] DEBUG -- : Executing task witco.agent-events/6:3266
lead-manager-worker-prosody-5d8fbffd47-fphkx lead-manager D, [2025-09-23T18:51:50.595664 #1] DEBUG -- : Task witco.agent-events/6:3266 completed successfully
lead-manager-worker-prosody-5d8fbffd47-fphkx lead-manager D, [2025-09-23T18:51:50.596170 #1] DEBUG -- : Executing task witco.agent-events/6:3267
lead-manager-worker-prosody-5d8fbffd47-fphkx lead-manager D, [2025-09-23T18:51:50.616769 #1] DEBUG -- : Task witco.agent-events/6:3267 completed successfully
lead-manager-worker-prosody-5d8fbffd47-fphkx lead-manager D, [2025-09-23T18:51:51.574331 #1] DEBUG -- : Executing task witco.agent-events/6:3268
lead-manager-worker-prosody-5d8fbffd47-fphkx lead-manager D, [2025-09-23T18:51:51.605564 #1] DEBUG -- : Task witco.agent-events/6:3268 completed successfully
lead-manager-worker-prosody-5d8fbffd47-fphkx lead-manager D, [2025-09-23T18:51:51.605878 #1] DEBUG -- : Executing task witco.agent-events/6:3269
lead-manager-worker-prosody-5d8fbffd47-fphkx lead-manager D, [2025-09-23T18:51:51.632185 #1] DEBUG -- : Task witco.agent-events/6:3269 completed successfully
lead-manager-worker-prosody-5d8fbffd47-fphkx lead-manager D, [2025-09-23T18:51:56.579243 #1] DEBUG -- : Executing task witco.agent-events/6:3270
lead-manager-worker-prosody-5d8fbffd47-fphkx lead-manager D, [2025-09-23T18:51:56.597804 #1] DEBUG -- : Task witco.agent-events/6:3270 completed successfully
lead-manager-worker-prosody-5d8fbffd47-fphkx lead-manager D, [2025-09-23T18:51:56.598379 #1] DEBUG -- : Executing task witco.agent-events/6:3271
lead-manager-worker-prosody-5d8fbffd47-fphkx lead-manager D, [2025-09-23T18:51:56.619799 #1] DEBUG -- : Task witco.agent-events/6:3271 completed successfully
lead-manager-worker-prosody-5d8fbffd47-fphkx lead-manager D, [2025-09-23T18:51:56.624957 #1] DEBUG -- : Executing task witco.agent-events/6:3272
lead-manager-worker-prosody-5d8fbffd47-fphkx lead-manager D, [2025-09-23T18:51:56.645456 #1] DEBUG -- : Task witco.agent-events/6:3272 completed successfully
lead-manager-worker-prosody-5d8fbffd47-fphkx lead-manager D, [2025-09-23T18:51:57.580618 #1] DEBUG -- : Executing task witco.agent-events/6:3273
lead-manager-worker-prosody-5d8fbffd47-fphkx lead-manager D, [2025-09-23T18:51:57.601211 #1] DEBUG -- : Task witco.agent-events/6:3273 completed successfully
lead-manager-worker-prosody-5d8fbffd47-fphkx lead-manager D, [2025-09-23T18:51:57.609384 #1] DEBUG -- : Executing task witco.agent-events/6:3274
lead-manager-worker-prosody-5d8fbffd47-fphkx lead-manager D, [2025-09-23T18:51:57.666934 #1] DEBUG -- : Task witco.agent-events/6:3274 completed successfully
lead-manager-worker-prosody-5d8fbffd47-fphkx lead-manager D, [2025-09-23T18:51:58.582075 #1] DEBUG -- : Executing task witco.agent-events/6:3275
lead-manager-worker-prosody-5d8fbffd47-fphkx lead-manager D, [2025-09-23T18:51:58.601974 #1] DEBUG -- : Task witco.agent-events/6:3275 completed successfully
lead-manager-worker-prosody-5d8fbffd47-fphkx lead-manager D, [2025-09-23T18:51:58.602469 #1] DEBUG -- : Executing task witco.agent-events/6:3276
lead-manager-worker-prosody-5d8fbffd47-fphkx lead-manager D, [2025-09-23T18:51:58.621454 #1] DEBUG -- : Task witco.agent-events/6:3276 completed successfully
lead-manager-worker-prosody-5d8fbffd47-fphkx lead-manager D, [2025-09-23T18:51:59.583881 #1] DEBUG -- : Executing task witco.agent-events/6:3277
lead-manager-worker-prosody-5d8fbffd47-fphkx lead-manager D, [2025-09-23T18:51:59.613352 #1] DEBUG -- : Task witco.agent-events/6:3277 completed successfully
lead-manager-worker-prosody-5d8fbffd47-fphkx lead-manager D, [2025-09-23T18:51:59.614121 #1] DEBUG -- : Executing task witco.agent-events/6:3278
lead-manager-worker-prosody-5d8fbffd47-fphkx lead-manager D, [2025-09-23T18:51:59.635208 #1] DEBUG -- : Task witco.agent-events/6:3278 completed successfully
lead-manager-worker-prosody-5d8fbffd47-fphkx lead-manager D, [2025-09-23T18:52:00.586677 #1] DEBUG -- : Executing task witco.agent-events/6:3279
lead-manager-worker-prosody-5d8fbffd47-fphkx lead-manager D, [2025-09-23T18:52:00.619168 #1] DEBUG -- : Task witco.agent-events/6:3279 completed successfully
lead-manager-worker-prosody-5d8fbffd47-fphkx lead-manager D, [2025-09-23T18:52:00.619728 #1] DEBUG -- : Executing task witco.agent-events/6:3280
lead-manager-worker-prosody-5d8fbffd47-fphkx lead-manager D, [2025-09-23T18:52:00.639836 #1] DEBUG -- : Task witco.agent-events/6:3280 completed successfully
lead-manager-worker-prosody-5d8fbffd47-fphkx lead-manager D, [2025-09-23T18:52:01.594531 #1] DEBUG -- : Executing task witco.agent-events/6:3281
lead-manager-worker-prosody-5d8fbffd47-fphkx lead-manager D, [2025-09-23T18:52:01.626377 #1] DEBUG -- : Task witco.agent-events/6:3281 completed successfully
lead-manager-worker-prosody-5d8fbffd47-fphkx lead-manager D, [2025-09-23T18:52:01.626803 #1] DEBUG -- : Executing task witco.agent-events/6:3282
lead-manager-worker-prosody-5d8fbffd47-fphkx lead-manager D, [2025-09-23T18:52:01.654190 #1] DEBUG -- : Task witco.agent-events/6:3282 completed successfully
lead-manager-worker-prosody-5d8fbffd47-fphkx lead-manager D, [2025-09-23T18:52:02.591884 #1] DEBUG -- : Executing task witco.agent-events/6:3283
lead-manager-worker-prosody-5d8fbffd47-fphkx lead-manager D, [2025-09-23T18:52:02.634165 #1] DEBUG -- : Task witco.agent-events/6:3283 completed successfully
lead-manager-worker-prosody-5d8fbffd47-fphkx lead-manager D, [2025-09-23T18:52:02.634496 #1] DEBUG -- : Executing task witco.agent-events/6:3284
lead-manager-worker-prosody-5d8fbffd47-fphkx lead-manager D, [2025-09-23T18:52:02.657740 #1] DEBUG -- : Task witco.agent-events/6:3284 completed successfully
lead-manager-worker-prosody-5d8fbffd47-fphkx lead-manager D, [2025-09-23T18:52:02.658126 #1] DEBUG -- : Executing task witco.agent-events/6:3285
lead-manager-worker-prosody-5d8fbffd47-fphkx lead-manager D, [2025-09-23T18:52:02.684216 #1] DEBUG -- : Task witco.agent-events/6:3285 completed successfully
lead-manager-worker-prosody-5d8fbffd47-fphkx lead-manager D, [2025-09-23T18:52:03.593004 #1] DEBUG -- : Executing task witco.agent-events/6:3286
lead-manager-worker-prosody-5d8fbffd47-fphkx lead-manager D, [2025-09-23T18:52:03.613938 #1] DEBUG -- : Task witco.agent-events/6:3286 completed successfully
lead-manager-worker-prosody-5d8fbffd47-fphkx lead-manager D, [2025-09-23T18:52:03.615580 #1] DEBUG -- : Executing task witco.agent-events/6:3287
lead-manager-worker-prosody-5d8fbffd47-fphkx lead-manager D, [2025-09-23T18:52:03.645516 #1] DEBUG -- : Task witco.agent-events/6:3287 completed successfully
lead-manager-worker-prosody-5d8fbffd47-fphkx lead-manager D, [2025-09-23T18:52:03.646491 #1] DEBUG -- : Executing task witco.agent-events/6:3288
lead-manager-worker-prosody-5d8fbffd47-fphkx lead-manager D, [2025-09-23T18:52:03.672611 #1] DEBUG -- : Task witco.agent-events/6:3288 completed successfully
lead-manager-worker-prosody-5d8fbffd47-fphkx lead-manager D, [2025-09-23T18:52:04.593989 #1] DEBUG -- : Executing task witco.agent-events/6:3289
lead-manager-worker-prosody-5d8fbffd47-fphkx lead-manager D, [2025-09-23T18:52:04.613601 #1] DEBUG -- : Task witco.agent-events/6:3289 completed successfully
lead-manager-worker-prosody-5d8fbffd47-fphkx lead-manager D, [2025-09-23T18:52:04.613921 #1] DEBUG -- : Executing task witco.agent-events/6:3290
lead-manager-worker-prosody-5d8fbffd47-fphkx lead-manager D, [2025-09-23T18:52:04.636478 #1] DEBUG -- : Task witco.agent-events/6:3290 completed successfully
lead-manager-worker-prosody-5d8fbffd47-fphkx lead-manager D, [2025-09-23T18:52:05.594680 #1] DEBUG -- : Executing task witco.agent-events/6:3291
lead-manager-worker-prosody-5d8fbffd47-fphkx lead-manager D, [2025-09-23T18:52:05.625630 #1] DEBUG -- : Task witco.agent-events/6:3291 completed successfully
lead-manager-worker-prosody-5d8fbffd47-fphkx lead-manager D, [2025-09-23T18:52:05.630942 #1] DEBUG -- : Executing task witco.agent-events/6:3292
lead-manager-worker-prosody-5d8fbffd47-fphkx lead-manager D, [2025-09-23T18:52:05.656299 #1] DEBUG -- : Task witco.agent-events/6:3292 completed successfully
lead-manager-worker-prosody-5d8fbffd47-fphkx lead-manager D, [2025-09-23T18:52:06.596588 #1] DEBUG -- : Executing task witco.agent-events/6:3293
lead-manager-worker-prosody-5d8fbffd47-fphkx lead-manager D, [2025-09-23T18:52:06.617280 #1] DEBUG -- : Task witco.agent-events/6:3293 completed successfully
lead-manager-worker-prosody-5d8fbffd47-fphkx lead-manager D, [2025-09-23T18:52:06.618027 #1] DEBUG -- : Executing task witco.agent-events/6:3294
lead-manager-worker-prosody-5d8fbffd47-fphkx lead-manager D, [2025-09-23T18:52:06.654925 #1] DEBUG -- : Task witco.agent-events/6:3294 completed successfully
lead-manager-worker-prosody-5d8fbffd47-fphkx lead-manager D, [2025-09-23T18:52:06.657054 #1] DEBUG -- : Executing task witco.agent-events/6:3295
lead-manager-worker-prosody-5d8fbffd47-fphkx lead-manager D, [2025-09-23T18:52:06.688120 #1] DEBUG -- : Task witco.agent-events/6:3295 completed successfully
lead-manager-worker-prosody-5d8fbffd47-fphkx lead-manager D, [2025-09-23T18:52:07.598332 #1] DEBUG -- : Executing task witco.agent-events/6:3296
lead-manager-worker-prosody-5d8fbffd47-fphkx lead-manager D, [2025-09-23T18:52:07.617819 #1] DEBUG -- : Task witco.agent-events/6:3296 completed successfully
lead-manager-worker-prosody-5d8fbffd47-fphkx lead-manager D, [2025-09-23T18:52:07.618672 #1] DEBUG -- : Executing task witco.agent-events/6:3297
lead-manager-worker-prosody-5d8fbffd47-fphkx lead-manager D, [2025-09-23T18:52:07.638005 #1] DEBUG -- : Task witco.agent-events/6:3297 completed successfully
lead-manager-worker-prosody-5d8fbffd47-fphkx lead-manager D, [2025-09-23T18:52:07.638592 #1] DEBUG -- : Executing task witco.agent-events/6:3298
lead-manager-worker-prosody-5d8fbffd47-fphkx lead-manager D, [2025-09-23T18:52:07.659365 #1] DEBUG -- : Task witco.agent-events/6:3298 completed successfully
lead-manager-worker-prosody-5d8fbffd47-fphkx lead-manager D, [2025-09-23T18:52:07.659955 #1] DEBUG -- : Executing task witco.agent-events/6:3299
lead-manager-worker-prosody-5d8fbffd47-fphkx lead-manager D, [2025-09-23T18:52:07.679802 #1] DEBUG -- : Task witco.agent-events/6:3299 completed successfully
lead-manager-worker-prosody-5d8fbffd47-fphkx lead-manager D, [2025-09-23T18:52:08.599378 #1] DEBUG -- : Executing task witco.agent-events/6:3300
lead-manager-worker-prosody-5d8fbffd47-fphkx lead-manager D, [2025-09-23T18:52:08.617706 #1] DEBUG -- : Task witco.agent-events/6:3300 completed successfully
lead-manager-worker-prosody-5d8fbffd47-fphkx lead-manager D, [2025-09-23T18:52:08.619108 #1] DEBUG -- : Executing task witco.agent-events/6:3301
lead-manager-worker-prosody-5d8fbffd47-fphkx lead-manager D, [2025-09-23T18:52:08.644637 #1] DEBUG -- : Task witco.agent-events/6:3301 completed successfully
lead-manager-worker-prosody-5d8fbffd47-fphkx lead-manager D, [2025-09-23T18:52:08.645263 #1] DEBUG -- : Executing task witco.agent-events/6:3302
lead-manager-worker-prosody-5d8fbffd47-fphkx lead-manager D, [2025-09-23T18:52:08.664321 #1] DEBUG -- : Task witco.agent-events/6:3302 completed successfully
lead-manager-worker-prosody-5d8fbffd47-fphkx lead-manager D, [2025-09-23T18:52:08.665227 #1] DEBUG -- : Executing task witco.agent-events/6:3303
lead-manager-worker-prosody-5d8fbffd47-fphkx lead-manager D, [2025-09-23T18:52:08.686122 #1] DEBUG -- : Task witco.agent-events/6:3303 completed successfully
lead-manager-worker-prosody-5d8fbffd47-fphkx lead-manager D, [2025-09-23T18:52:08.687417 #1] DEBUG -- : Executing task witco.agent-events/6:3304
lead-manager-worker-prosody-5d8fbffd47-fphkx lead-manager D, [2025-09-23T18:52:08.705515 #1] DEBUG -- : Task witco.agent-events/6:3304 completed successfully
lead-manager-worker-prosody-5d8fbffd47-fphkx lead-manager D, [2025-09-23T18:52:08.706100 #1] DEBUG -- : Executing task witco.agent-events/6:3305
lead-manager-worker-prosody-5d8fbffd47-fphkx lead-manager D, [2025-09-23T18:52:08.725676 #1] DEBUG -- : Task witco.agent-events/6:3305 completed successfully
lead-manager-worker-prosody-5d8fbffd47-fphkx lead-manager D, [2025-09-23T18:52:09.600981 #1] DEBUG -- : Executing task witco.agent-events/6:3306
lead-manager-worker-prosody-5d8fbffd47-fphkx lead-manager D, [2025-09-23T18:52:09.632878 #1] DEBUG -- : Task witco.agent-events/6:3306 completed successfully
lead-manager-worker-prosody-5d8fbffd47-fphkx lead-manager D, [2025-09-23T18:52:09.633681 #1] DEBUG -- : Executing task witco.agent-events/6:3307
lead-manager-worker-prosody-5d8fbffd47-fphkx lead-manager D, [2025-09-23T18:52:09.655879 #1] DEBUG -- : Task witco.agent-events/6:3307 completed successfully
lead-manager-worker-prosody-5d8fbffd47-fphkx lead-manager D, [2025-09-23T18:52:09.656241 #1] DEBUG -- : Executing task witco.agent-events/6:3308
lead-manager-worker-prosody-5d8fbffd47-fphkx lead-manager D, [2025-09-23T18:52:09.676408 #1] DEBUG -- : Task witco.agent-events/6:3308 completed successfully
lead-manager-worker-prosody-5d8fbffd47-fphkx lead-manager D, [2025-09-23T18:52:09.676684 #1] DEBUG -- : Executing task witco.agent-events/6:3309
lead-manager-worker-prosody-5d8fbffd47-fphkx lead-manager D, [2025-09-23T18:52:09.698479 #1] DEBUG -- : Task witco.agent-events/6:3309 completed successfully
lead-manager-worker-prosody-5d8fbffd47-fphkx lead-manager D, [2025-09-23T18:52:09.698837 #1] DEBUG -- : Executing task witco.agent-events/6:3310
lead-manager-worker-prosody-5d8fbffd47-fphkx lead-manager D, [2025-09-23T18:52:09.719747 #1] DEBUG -- : Task witco.agent-events/6:3310 completed successfully
lead-manager-worker-prosody-5d8fbffd47-fphkx lead-manager D, [2025-09-23T18:52:09.720300 #1] DEBUG -- : Executing task witco.agent-events/6:3311
lead-manager-worker-prosody-5d8fbffd47-fphkx lead-manager D, [2025-09-23T18:52:09.739784 #1] DEBUG -- : Task witco.agent-events/6:3311 completed successfully
lead-manager-worker-prosody-5d8fbffd47-fphkx lead-manager D, [2025-09-23T18:52:09.740342 #1] DEBUG -- : Executing task witco.agent-events/6:3312
lead-manager-worker-prosody-5d8fbffd47-fphkx lead-manager D, [2025-09-23T18:52:09.764052 #1] DEBUG -- : Task witco.agent-events/6:3312 completed successfully
lead-manager-worker-prosody-5d8fbffd47-fphkx lead-manager Shutting down gracefully...
lead-manager-worker-prosody-5d8fbffd47-fphkx lead-manager I, [2025-09-23T18:52:20.164981 #1]  INFO -- : shutting down consumer module=prosody::high_level line=269
lead-manager-worker-prosody-5d8fbffd47-8gjtk lead-manager Shutting down gracefully...
lead-manager-worker-prosody-5d8fbffd47-8gjtk lead-manager I, [2025-09-23T18:52:20.211654 #1]  INFO -- : shutting down consumer module=prosody::high_level line=269
lead-manager-worker-prosody-5d8fbffd47-8gjtk lead-manager I, [2025-09-23T18:52:20.214885 #1]  INFO -- : revoking witco.lead-events:2 module=prosody::consumer::kafka_context line=189
lead-manager-worker-prosody-5d8fbffd47-8gjtk lead-manager I, [2025-09-23T18:52:20.214939 #1]  INFO -- : revoking witco.lead-events:3 module=prosody::consumer::kafka_context line=189
lead-manager-worker-prosody-5d8fbffd47-8gjtk lead-manager I, [2025-09-23T18:52:20.214948 #1]  INFO -- : revoking witco.lead-events:4 module=prosody::consumer::kafka_context line=189
lead-manager-worker-prosody-5d8fbffd47-8gjtk lead-manager I, [2025-09-23T18:52:20.214957 #1]  INFO -- : revoking witco.lead-events:5 module=prosody::consumer::kafka_context line=189
lead-manager-worker-prosody-5d8fbffd47-8gjtk lead-manager I, [2025-09-23T18:52:20.215231 #1]  INFO -- : revoking witco.lead-events:6 module=prosody::consumer::kafka_context line=189
lead-manager-worker-prosody-5d8fbffd47-8gjtk lead-manager I, [2025-09-23T18:52:20.215299 #1]  INFO -- : revoking witco.lead-events:7 module=prosody::consumer::kafka_context line=189
lead-manager-worker-prosody-5d8fbffd47-fphkx lead-manager I, [2025-09-23T18:52:20.244932 #1]  INFO -- : revoking realgeeks.lead-manager.crm-events:7 module=prosody::consumer::kafka_context line=189
lead-manager-worker-prosody-5d8fbffd47-fphkx lead-manager I, [2025-09-23T18:52:20.245062 #1]  INFO -- : revoking realgeeks.lead-manager.lead-events:0 module=prosody::consumer::kafka_context line=189
lead-manager-worker-prosody-5d8fbffd47-fphkx lead-manager I, [2025-09-23T18:52:20.245089 #1]  INFO -- : revoking realgeeks.lead-manager.lead-events:5 module=prosody::consumer::kafka_context line=189
lead-manager-worker-prosody-5d8fbffd47-fphkx lead-manager I, [2025-09-23T18:52:20.245124 #1]  INFO -- : revoking witco.agent-events:1 module=prosody::consumer::kafka_context line=189
lead-manager-worker-prosody-5d8fbffd47-fphkx lead-manager I, [2025-09-23T18:52:20.245144 #1]  INFO -- : revoking witco.agent-events:6 module=prosody::consumer::kafka_context line=189
lead-manager-worker-prosody-5d8fbffd47-fphkx lead-manager I, [2025-09-23T18:52:20.245171 #1]  INFO -- : revoking witco.crm-events:3 module=prosody::consumer::kafka_context line=189
lead-manager-worker-prosody-5d8fbffd47-m49ft lead-manager Shutting down gracefully...
lead-manager-worker-prosody-5d8fbffd47-m49ft lead-manager I, [2025-09-23T18:52:20.292255 #1]  INFO -- : shutting down consumer module=prosody::high_level line=269
lead-manager-worker-prosody-5d8fbffd47-8gjtk lead-manager D, [2025-09-23T18:52:20.322771 #1] DEBUG -- : Stopping async task processor
lead-manager-worker-prosody-5d8fbffd47-8gjtk lead-manager I, [2025-09-23T18:52:20.322969 #1]  INFO -- : probe server shutdown module=prosody::consumer::probes line=157
lead-manager-worker-prosody-5d8fbffd47-8gjtk lead-manager D, [2025-09-23T18:52:20.323135 #1] DEBUG -- : Received shutdown command
lead-manager-worker-prosody-5d8fbffd47-fphkx lead-manager D, [2025-09-23T18:52:20.353860 #1] DEBUG -- : Stopping async task processor
lead-manager-worker-prosody-5d8fbffd47-fphkx lead-manager I, [2025-09-23T18:52:20.354095 #1]  INFO -- : probe server shutdown module=prosody::consumer::probes line=157
lead-manager-worker-prosody-5d8fbffd47-fphkx lead-manager D, [2025-09-23T18:52:20.359548 #1] DEBUG -- : Received shutdown command
lead-manager-worker-prosody-5d8fbffd47-m49ft lead-manager I, [2025-09-23T18:52:20.378032 #1]  INFO -- : revoking realgeeks.lead-manager.agent-events:0 module=prosody::consumer::kafka_context line=189
lead-manager-worker-prosody-5d8fbffd47-m49ft lead-manager I, [2025-09-23T18:52:20.378812 #1]  INFO -- : revoking realgeeks.lead-manager.agent-events:2 module=prosody::consumer::kafka_context line=189
lead-manager-worker-prosody-5d8fbffd47-m49ft lead-manager I, [2025-09-23T18:52:20.378956 #1]  INFO -- : revoking realgeeks.lead-manager.agent-events:4 module=prosody::consumer::kafka_context line=189
lead-manager-worker-prosody-5d8fbffd47-m49ft lead-manager I, [2025-09-23T18:52:20.379075 #1]  INFO -- : revoking realgeeks.lead-manager.agent-events:6 module=prosody::consumer::kafka_context line=189
lead-manager-worker-prosody-5d8fbffd47-m49ft lead-manager I, [2025-09-23T18:52:20.379190 #1]  INFO -- : revoking realgeeks.lead-manager.crm-events:1 module=prosody::consumer::kafka_context line=189
lead-manager-worker-prosody-5d8fbffd47-m49ft lead-manager I, [2025-09-23T18:52:20.379323 #1]  INFO -- : revoking witco.lead-events:0 module=prosody::consumer::kafka_context line=189
lead-manager-worker-prosody-5d8fbffd47-m49ft lead-manager D, [2025-09-23T18:52:20.482534 #1] DEBUG -- : Stopping async task processor
lead-manager-worker-prosody-5d8fbffd47-m49ft lead-manager I, [2025-09-23T18:52:20.483506 #1]  INFO -- : probe server shutdown module=prosody::consumer::probes line=157
lead-manager-worker-prosody-5d8fbffd47-m49ft lead-manager D, [2025-09-23T18:52:20.483894 #1] DEBUG -- : Received shutdown command
lead-manager-worker-prosody-5d8fbffd47-h95fk lead-manager Shutting down gracefully...
lead-manager-worker-prosody-5d8fbffd47-h95fk lead-manager I, [2025-09-23T18:52:20.899267 #1]  INFO -- : shutting down consumer module=prosody::high_level line=269
lead-manager-worker-prosody-5d8fbffd47-h95fk lead-manager I, [2025-09-23T18:52:20.963659 #1]  INFO -- : revoking realgeeks.lead-manager.crm-events:6 module=prosody::consumer::kafka_context line=189
lead-manager-worker-prosody-5d8fbffd47-h95fk lead-manager I, [2025-09-23T18:52:20.963809 #1]  INFO -- : revoking realgeeks.lead-manager.lead-events:4 module=prosody::consumer::kafka_context line=189
lead-manager-worker-prosody-5d8fbffd47-h95fk lead-manager I, [2025-09-23T18:52:20.963853 #1]  INFO -- : revoking witco.agent-events:0 module=prosody::consumer::kafka_context line=189
lead-manager-worker-prosody-5d8fbffd47-h95fk lead-manager I, [2025-09-23T18:52:20.963880 #1]  INFO -- : revoking witco.agent-events:5 module=prosody::consumer::kafka_context line=189
lead-manager-worker-prosody-5d8fbffd47-h95fk lead-manager I, [2025-09-23T18:52:20.963910 #1]  INFO -- : revoking witco.crm-events:2 module=prosody::consumer::kafka_context line=189
lead-manager-worker-prosody-5d8fbffd47-h95fk lead-manager I, [2025-09-23T18:52:20.963933 #1]  INFO -- : revoking witco.crm-events:7 module=prosody::consumer::kafka_context line=189
- lead-manager-worker-prosody-5d8fbffd47-8gjtk › lead-manager
- lead-manager-worker-prosody-5d8fbffd47-fphkx › lead-manager
- lead-manager-worker-prosody-5d8fbffd47-m49ft › lead-manager
+ lead-manager-worker-prosody-5d8fbffd47-w8x4g › lead-manager
+ lead-manager-worker-prosody-5d8fbffd47-4tlhj › lead-manager
lead-manager-worker-prosody-5d8fbffd47-w8x4g lead-manager /usr/local/bundle/gems/httparty-0.21.0/lib/httparty.rb:10: warning: csv was loaded from the standard library, but will no longer be part of the default gems starting from Ruby 3.4.0.
lead-manager-worker-prosody-5d8fbffd47-w8x4g lead-manager You can add csv to your Gemfile or gemspec to silence this warning.
lead-manager-worker-prosody-5d8fbffd47-w8x4g lead-manager /usr/local/bundle/gems/highline-1.6.21/lib/highline.rb:13: warning: abbrev was loaded from the standard library, but will no longer be part of the default gems starting from Ruby 3.4.0.
lead-manager-worker-prosody-5d8fbffd47-w8x4g lead-manager You can add abbrev to your Gemfile or gemspec to silence this warning.
lead-manager-worker-prosody-5d8fbffd47-w8x4g lead-manager mysql2://lead_manager:skdisWSJD273SJFHSKssuens@am30-lead-manager-db0.rg-infra.com:3306/lead_management_BRANCH_production
lead-manager-worker-prosody-5d8fbffd47-w8x4g lead-manager mysql2://lead_manager:skdisWSJD273SJFHSKssuens@am30-lead-manager-db0.rg-infra.com:3306/lead_management_BRANCH_production
lead-manager-worker-prosody-5d8fbffd47-w8x4g lead-manager Starting Prosody Worker...
lead-manager-worker-prosody-5d8fbffd47-w8x4g lead-manager D, [2025-09-23T18:52:30.629506 #1] DEBUG -- : Starting async task processor
lead-manager-worker-prosody-5d8fbffd47-w8x4g lead-manager I, [2025-09-23T18:52:31.021335 #1]  INFO -- : starting probe server on 0.0.0.0:8000 module=prosody::consumer::probes line=116
lead-manager-worker-prosody-5d8fbffd47-4tlhj lead-manager /usr/local/bundle/gems/httparty-0.21.0/lib/httparty.rb:10: warning: csv was loaded from the standard library, but will no longer be part of the default gems starting from Ruby 3.4.0.
lead-manager-worker-prosody-5d8fbffd47-4tlhj lead-manager You can add csv to your Gemfile or gemspec to silence this warning.
lead-manager-worker-prosody-5d8fbffd47-4tlhj lead-manager /usr/local/bundle/gems/highline-1.6.21/lib/highline.rb:13: warning: abbrev was loaded from the standard library, but will no longer be part of the default gems starting from Ruby 3.4.0.
lead-manager-worker-prosody-5d8fbffd47-4tlhj lead-manager You can add abbrev to your Gemfile or gemspec to silence this warning.
lead-manager-worker-prosody-5d8fbffd47-4tlhj lead-manager mysql2://lead_manager:skdisWSJD273SJFHSKssuens@am30-lead-manager-db0.rg-infra.com:3306/lead_management_BRANCH_production
lead-manager-worker-prosody-5d8fbffd47-4tlhj lead-manager mysql2://lead_manager:skdisWSJD273SJFHSKssuens@am30-lead-manager-db0.rg-infra.com:3306/lead_management_BRANCH_production
lead-manager-worker-prosody-5d8fbffd47-4tlhj lead-manager Starting Prosody Worker...
lead-manager-worker-prosody-5d8fbffd47-4tlhj lead-manager D, [2025-09-23T18:52:44.095433 #1] DEBUG -- : Starting async task processor
lead-manager-worker-prosody-5d8fbffd47-4tlhj lead-manager I, [2025-09-23T18:52:44.429407 #1]  INFO -- : starting probe server on 0.0.0.0:8000 module=prosody::consumer::probes line=116
- lead-manager-worker-prosody-5d8fbffd47-h95fk › lead-manager
lead-manager-worker-prosody-5d8fbffd47-4tlhj lead-manager I, [2025-09-23T18:53:03.563085 #1]  INFO -- : assigning witco.agent-events:6 module=prosody::consumer::kafka_context line=154
lead-manager-worker-prosody-5d8fbffd47-w8x4g lead-manager I, [2025-09-23T18:53:03.563292 #1]  INFO -- : assigning witco.agent-events:5 module=prosody::consumer::kafka_context line=154
lead-manager-worker-prosody-5d8fbffd47-w8x4g lead-manager I, [2025-09-23T18:53:03.563425 #1]  INFO -- : assigning witco.agent-events:0 module=prosody::consumer::kafka_context line=154
lead-manager-worker-prosody-5d8fbffd47-w8x4g lead-manager I, [2025-09-23T18:53:03.563442 #1]  INFO -- : assigning realgeeks.lead-manager.agent-events:4 module=prosody::consumer::kafka_context line=154
lead-manager-worker-prosody-5d8fbffd47-w8x4g lead-manager I, [2025-09-23T18:53:03.563461 #1]  INFO -- : assigning realgeeks.lead-manager.agent-events:0 module=prosody::consumer::kafka_context line=154
lead-manager-worker-prosody-5d8fbffd47-w8x4g lead-manager I, [2025-09-23T18:53:03.563472 #1]  INFO -- : assigning witco.lead-events:6 module=prosody::consumer::kafka_context line=154
lead-manager-worker-prosody-5d8fbffd47-w8x4g lead-manager I, [2025-09-23T18:53:03.563482 #1]  INFO -- : assigning witco.lead-events:4 module=prosody::consumer::kafka_context line=154
lead-manager-worker-prosody-5d8fbffd47-w8x4g lead-manager I, [2025-09-23T18:53:03.563492 #1]  INFO -- : assigning realgeeks.lead-manager.crm-events:1 module=prosody::consumer::kafka_context line=154
lead-manager-worker-prosody-5d8fbffd47-w8x4g lead-manager I, [2025-09-23T18:53:03.563501 #1]  INFO -- : assigning witco.crm-events:2 module=prosody::consumer::kafka_context line=154
lead-manager-worker-prosody-5d8fbffd47-4tlhj lead-manager I, [2025-09-23T18:53:03.563287 #1]  INFO -- : assigning witco.agent-events:1 module=prosody::consumer::kafka_context line=154
lead-manager-worker-prosody-5d8fbffd47-4tlhj lead-manager I, [2025-09-23T18:53:03.564032 #1]  INFO -- : assigning realgeeks.lead-manager.agent-events:6 module=prosody::consumer::kafka_context line=154
lead-manager-worker-prosody-5d8fbffd47-4tlhj lead-manager I, [2025-09-23T18:53:03.564105 #1]  INFO -- : assigning realgeeks.lead-manager.agent-events:2 module=prosody::consumer::kafka_context line=154
lead-manager-worker-prosody-5d8fbffd47-4tlhj lead-manager I, [2025-09-23T18:53:03.564163 #1]  INFO -- : assigning witco.lead-events:7 module=prosody::consumer::kafka_context line=154
lead-manager-worker-prosody-5d8fbffd47-4tlhj lead-manager I, [2025-09-23T18:53:03.564213 #1]  INFO -- : assigning witco.lead-events:5 module=prosody::consumer::kafka_context line=154
lead-manager-worker-prosody-5d8fbffd47-4tlhj lead-manager I, [2025-09-23T18:53:03.564289 #1]  INFO -- : assigning witco.lead-events:2 module=prosody::consumer::kafka_context line=154
lead-manager-worker-prosody-5d8fbffd47-4tlhj lead-manager I, [2025-09-23T18:53:03.564368 #1]  INFO -- : assigning realgeeks.lead-manager.lead-events:4 module=prosody::consumer::kafka_context line=154
lead-manager-worker-prosody-5d8fbffd47-tlqzd lead-manager I, [2025-09-23T18:53:03.564277 #1]  INFO -- : assigning realgeeks.lead-manager.crm-events:6 module=prosody::consumer::kafka_context line=154
lead-manager-worker-prosody-5d8fbffd47-4j89x lead-manager I, [2025-09-23T18:53:03.565434 #1]  INFO -- : assigning witco.lead-events:3 module=prosody::consumer::kafka_context line=154
lead-manager-worker-prosody-5d8fbffd47-hczbx lead-manager I, [2025-09-23T18:53:03.566972 #1]  INFO -- : assigning realgeeks.lead-manager.crm-events:7 module=prosody::consumer::kafka_context line=154
lead-manager-worker-prosody-5d8fbffd47-8tpdd lead-manager I, [2025-09-23T18:53:03.568748 #1]  INFO -- : assigning witco.lead-events:0 module=prosody::consumer::kafka_context line=154
lead-manager-worker-prosody-5d8fbffd47-hczbx lead-manager I, [2025-09-23T18:53:03.578903 #1]  INFO -- : assigning witco.crm-events:7 module=prosody::consumer::kafka_context line=154
lead-manager-worker-prosody-5d8fbffd47-8tpdd lead-manager I, [2025-09-23T18:53:03.578194 #1]  INFO -- : assigning realgeeks.lead-manager.lead-events:0 module=prosody::consumer::kafka_context line=154
lead-manager-worker-prosody-5d8fbffd47-tlqzd lead-manager I, [2025-09-23T18:53:03.579076 #1]  INFO -- : assigning witco.crm-events:3 module=prosody::consumer::kafka_context line=154
lead-manager-worker-prosody-5d8fbffd47-w8x4g lead-manager D, [2025-09-23T18:53:03.580316 #1] DEBUG -- : Executing task witco.lead-events/6:1524
lead-manager-worker-prosody-5d8fbffd47-w8x4g lead-manager D, [2025-09-23T18:53:03.580697 #1] DEBUG -- : Task witco.lead-events/6:1524 completed successfully
lead-manager-worker-prosody-5d8fbffd47-w8x4g lead-manager D, [2025-09-23T18:53:03.580863 #1] DEBUG -- : Executing task witco.lead-events/6:1525
lead-manager-worker-prosody-5d8fbffd47-4j89x lead-manager I, [2025-09-23T18:53:03.575306 #1]  INFO -- : assigning realgeeks.lead-manager.lead-events:5 module=prosody::consumer::kafka_context line=154
lead-manager-worker-prosody-5d8fbffd47-w8x4g lead-manager D, [2025-09-23T18:53:03.580999 #1] DEBUG -- : Task witco.lead-events/6:1525 completed successfully
lead-manager-worker-prosody-5d8fbffd47-w8x4g lead-manager D, [2025-09-23T18:53:03.581136 #1] DEBUG -- : Executing task witco.lead-events/6:1526
lead-manager-worker-prosody-5d8fbffd47-w8x4g lead-manager D, [2025-09-23T18:53:03.581280 #1] DEBUG -- : Task witco.lead-events/6:1526 completed successfully
lead-manager-worker-prosody-5d8fbffd47-w8x4g lead-manager D, [2025-09-23T18:53:03.581442 #1] DEBUG -- : Executing task witco.lead-events/6:1527
lead-manager-worker-prosody-5d8fbffd47-w8x4g lead-manager D, [2025-09-23T18:53:03.581842 #1] DEBUG -- : Task witco.lead-events/6:1527 completed successfully
lead-manager-worker-prosody-5d8fbffd47-w8x4g lead-manager D, [2025-09-23T18:53:03.581988 #1] DEBUG -- : Executing task witco.lead-events/6:1528
lead-manager-worker-prosody-5d8fbffd47-w8x4g lead-manager D, [2025-09-23T18:53:03.582180 #1] DEBUG -- : Task witco.lead-events/6:1528 completed successfully
lead-manager-worker-prosody-5d8fbffd47-w8x4g lead-manager D, [2025-09-23T18:53:03.582799 #1] DEBUG -- : Executing task witco.lead-events/6:1529
lead-manager-worker-prosody-5d8fbffd47-w8x4g lead-manager D, [2025-09-23T18:53:03.582986 #1] DEBUG -- : Task witco.lead-events/6:1529 completed successfully
lead-manager-worker-prosody-5d8fbffd47-w8x4g lead-manager D, [2025-09-23T18:53:03.583156 #1] DEBUG -- : Executing task witco.lead-events/6:1530
lead-manager-worker-prosody-5d8fbffd47-w8x4g lead-manager D, [2025-09-23T18:53:03.583276 #1] DEBUG -- : Task witco.lead-events/6:1530 completed successfully
lead-manager-worker-prosody-5d8fbffd47-w8x4g lead-manager D, [2025-09-23T18:53:03.583982 #1] DEBUG -- : Executing task witco.lead-events/6:1531
lead-manager-worker-prosody-5d8fbffd47-w8x4g lead-manager D, [2025-09-23T18:53:03.584120 #1] DEBUG -- : Task witco.lead-events/6:1531 completed successfully
lead-manager-worker-prosody-5d8fbffd47-w8x4g lead-manager D, [2025-09-23T18:53:03.584501 #1] DEBUG -- : Executing task witco.lead-events/6:1532
lead-manager-worker-prosody-5d8fbffd47-w8x4g lead-manager D, [2025-09-23T18:53:03.584581 #1] DEBUG -- : Executing task witco.lead-events/6:1541
lead-manager-worker-prosody-5d8fbffd47-w8x4g lead-manager D, [2025-09-23T18:53:03.585524 #1] DEBUG -- : Task witco.lead-events/6:1532 completed successfully
lead-manager-worker-prosody-5d8fbffd47-w8x4g lead-manager D, [2025-09-23T18:53:03.585619 #1] DEBUG -- : Task witco.lead-events/6:1541 completed successfully
lead-manager-worker-prosody-5d8fbffd47-w8x4g lead-manager D, [2025-09-23T18:53:03.586798 #1] DEBUG -- : Executing task witco.lead-events/6:1542
lead-manager-worker-prosody-5d8fbffd47-w8x4g lead-manager D, [2025-09-23T18:53:03.587028 #1] DEBUG -- : Executing task witco.lead-events/6:1545
lead-manager-worker-prosody-5d8fbffd47-w8x4g lead-manager D, [2025-09-23T18:53:03.587472 #1] DEBUG -- : Task witco.lead-events/6:1542 completed successfully
lead-manager-worker-prosody-5d8fbffd47-w8x4g lead-manager D, [2025-09-23T18:53:03.587932 #1] DEBUG -- : Task witco.lead-events/6:1545 completed successfully
lead-manager-worker-prosody-5d8fbffd47-w8x4g lead-manager D, [2025-09-23T18:53:03.588187 #1] DEBUG -- : Executing task witco.lead-events/6:1546
lead-manager-worker-prosody-5d8fbffd47-w8x4g lead-manager D, [2025-09-23T18:53:03.588272 #1] DEBUG -- : Executing task witco.lead-events/6:1550
lead-manager-worker-prosody-5d8fbffd47-w8x4g lead-manager D, [2025-09-23T18:53:03.588701 #1] DEBUG -- : Task witco.lead-events/6:1546 completed successfully
lead-manager-worker-prosody-5d8fbffd47-w8x4g lead-manager D, [2025-09-23T18:53:03.589103 #1] DEBUG -- : Executing task witco.lead-events/6:1551
lead-manager-worker-prosody-5d8fbffd47-w8x4g lead-manager D, [2025-09-23T18:53:03.589253 #1] DEBUG -- : Task witco.lead-events/6:1550 completed successfully
lead-manager-worker-prosody-5d8fbffd47-w8x4g lead-manager D, [2025-09-23T18:53:03.590126 #1] DEBUG -- : Executing task witco.lead-events/6:1552
lead-manager-worker-prosody-5d8fbffd47-w8x4g lead-manager D, [2025-09-23T18:53:03.590318 #1] DEBUG -- : Task witco.lead-events/6:1551 completed successfully
lead-manager-worker-prosody-5d8fbffd47-w8x4g lead-manager D, [2025-09-23T18:53:03.590393 #1] DEBUG -- : Executing task witco.lead-events/6:1553
lead-manager-worker-prosody-5d8fbffd47-w8x4g lead-manager D, [2025-09-23T18:53:03.590486 #1] DEBUG -- : Task witco.lead-events/6:1552 completed successfully
lead-manager-worker-prosody-5d8fbffd47-w8x4g lead-manager D, [2025-09-23T18:53:03.590527 #1] DEBUG -- : Executing task witco.lead-events/6:1554
lead-manager-worker-prosody-5d8fbffd47-w8x4g lead-manager D, [2025-09-23T18:53:03.590651 #1] DEBUG -- : Task witco.lead-events/6:1553 completed successfully
lead-manager-worker-prosody-5d8fbffd47-w8x4g lead-manager D, [2025-09-23T18:53:03.590698 #1] DEBUG -- : Executing task witco.lead-events/6:1557
lead-manager-worker-prosody-5d8fbffd47-w8x4g lead-manager D, [2025-09-23T18:53:03.590790 #1] DEBUG -- : Task witco.lead-events/6:1554 completed successfully
lead-manager-worker-prosody-5d8fbffd47-w8x4g lead-manager D, [2025-09-23T18:53:03.590829 #1] DEBUG -- : Executing task witco.lead-events/6:1558
lead-manager-worker-prosody-5d8fbffd47-w8x4g lead-manager D, [2025-09-23T18:53:03.591016 #1] DEBUG -- : Task witco.lead-events/6:1557 completed successfully
lead-manager-worker-prosody-5d8fbffd47-w8x4g lead-manager D, [2025-09-23T18:53:03.591076 #1] DEBUG -- : Executing task witco.lead-events/6:1561
lead-manager-worker-prosody-5d8fbffd47-w8x4g lead-manager D, [2025-09-23T18:53:03.591169 #1] DEBUG -- : Task witco.lead-events/6:1558 completed successfully
lead-manager-worker-prosody-5d8fbffd47-w8x4g lead-manager D, [2025-09-23T18:53:03.591374 #1] DEBUG -- : Executing task witco.lead-events/6:1563
lead-manager-worker-prosody-5d8fbffd47-w8x4g lead-manager D, [2025-09-23T18:53:03.591948 #1] DEBUG -- : Task witco.lead-events/6:1561 completed successfully
lead-manager-worker-prosody-5d8fbffd47-w8x4g lead-manager D, [2025-09-23T18:53:03.593872 #1] DEBUG -- : Executing task witco.lead-events/6:1564
lead-manager-worker-prosody-5d8fbffd47-w8x4g lead-manager D, [2025-09-23T18:53:03.594005 #1] DEBUG -- : Task witco.lead-events/6:1563 completed successfully
lead-manager-worker-prosody-5d8fbffd47-w8x4g lead-manager D, [2025-09-23T18:53:03.594242 #1] DEBUG -- : Executing task witco.lead-events/6:1586
lead-manager-worker-prosody-5d8fbffd47-w8x4g lead-manager D, [2025-09-23T18:53:03.594350 #1] DEBUG -- : Task witco.lead-events/6:1564 completed successfully
lead-manager-worker-prosody-5d8fbffd47-w8x4g lead-manager D, [2025-09-23T18:53:03.594640 #1] DEBUG -- : Executing task witco.lead-events/6:1533
lead-manager-worker-prosody-5d8fbffd47-w8x4g lead-manager D, [2025-09-23T18:53:03.594745 #1] DEBUG -- : Task witco.lead-events/6:1586 completed successfully
lead-manager-worker-prosody-5d8fbffd47-w8x4g lead-manager D, [2025-09-23T18:53:03.595228 #1] DEBUG -- : Executing task witco.lead-events/6:1543
lead-manager-worker-prosody-5d8fbffd47-w8x4g lead-manager D, [2025-09-23T18:53:03.595330 #1] DEBUG -- : Task witco.lead-events/6:1533 completed successfully
lead-manager-worker-prosody-5d8fbffd47-w8x4g lead-manager D, [2025-09-23T18:53:03.595400 #1] DEBUG -- : Task witco.lead-events/6:1543 completed successfully
lead-manager-worker-prosody-5d8fbffd47-w8x4g lead-manager D, [2025-09-23T18:53:03.596407 #1] DEBUG -- : Executing task witco.lead-events/6:1547
lead-manager-worker-prosody-5d8fbffd47-w8x4g lead-manager D, [2025-09-23T18:53:03.596611 #1] DEBUG -- : Executing task witco.lead-events/6:1555
lead-manager-worker-prosody-5d8fbffd47-w8x4g lead-manager D, [2025-09-23T18:53:03.596849 #1] DEBUG -- : Task witco.lead-events/6:1547 completed successfully
lead-manager-worker-prosody-5d8fbffd47-w8x4g lead-manager D, [2025-09-23T18:53:03.596940 #1] DEBUG -- : Executing task witco.lead-events/6:1559
lead-manager-worker-prosody-5d8fbffd47-w8x4g lead-manager D, [2025-09-23T18:53:03.597085 #1] DEBUG -- : Task witco.lead-events/6:1555 completed successfully
lead-manager-worker-prosody-5d8fbffd47-w8x4g lead-manager D, [2025-09-23T18:53:03.597215 #1] DEBUG -- : Executing task witco.lead-events/6:1562
lead-manager-worker-prosody-5d8fbffd47-w8x4g lead-manager D, [2025-09-23T18:53:03.598278 #1] DEBUG -- : Task witco.lead-events/6:1559 completed successfully
lead-manager-worker-prosody-5d8fbffd47-w8x4g lead-manager D, [2025-09-23T18:53:03.598874 #1] DEBUG -- : Executing task witco.lead-events/6:1565
lead-manager-worker-prosody-5d8fbffd47-w8x4g lead-manager D, [2025-09-23T18:53:03.599524 #1] DEBUG -- : Task witco.lead-events/6:1562 completed successfully
lead-manager-worker-prosody-5d8fbffd47-w8x4g lead-manager D, [2025-09-23T18:53:03.599877 #1] DEBUG -- : Executing task witco.lead-events/6:1587
lead-manager-worker-prosody-5d8fbffd47-w8x4g lead-manager D, [2025-09-23T18:53:03.600029 #1] DEBUG -- : Task witco.lead-events/6:1565 completed successfully
lead-manager-worker-prosody-5d8fbffd47-w8x4g lead-manager D, [2025-09-23T18:53:03.600093 #1] DEBUG -- : Executing task witco.lead-events/6:1534
lead-manager-worker-prosody-5d8fbffd47-w8x4g lead-manager D, [2025-09-23T18:53:03.600193 #1] DEBUG -- : Task witco.lead-events/6:1587 completed successfully
lead-manager-worker-prosody-5d8fbffd47-w8x4g lead-manager D, [2025-09-23T18:53:03.600269 #1] DEBUG -- : Task witco.lead-events/6:1534 completed successfully
lead-manager-worker-prosody-5d8fbffd47-w8x4g lead-manager D, [2025-09-23T18:53:03.600771 #1] DEBUG -- : Executing task witco.lead-events/6:1548
lead-manager-worker-prosody-5d8fbffd47-w8x4g lead-manager D, [2025-09-23T18:53:03.601942 #1] DEBUG -- : Executing task witco.lead-events/6:1556
lead-manager-worker-prosody-5d8fbffd47-w8x4g lead-manager D, [2025-09-23T18:53:03.607136 #1] DEBUG -- : Task witco.lead-events/6:1548 completed successfully
lead-manager-worker-prosody-5d8fbffd47-w8x4g lead-manager D, [2025-09-23T18:53:03.607212 #1] DEBUG -- : Executing task witco.lead-events/6:1560
lead-manager-worker-prosody-5d8fbffd47-w8x4g lead-manager D, [2025-09-23T18:53:03.607307 #1] DEBUG -- : Task witco.lead-events/6:1556 completed successfully
lead-manager-worker-prosody-5d8fbffd47-w8x4g lead-manager D, [2025-09-23T18:53:03.607369 #1] DEBUG -- : Executing task witco.lead-events/6:1566
lead-manager-worker-prosody-5d8fbffd47-w8x4g lead-manager D, [2025-09-23T18:53:03.607495 #1] DEBUG -- : Task witco.lead-events/6:1560 completed successfully
lead-manager-worker-prosody-5d8fbffd47-w8x4g lead-manager D, [2025-09-23T18:53:03.607565 #1] DEBUG -- : Executing task witco.lead-events/6:1535
lead-manager-worker-prosody-5d8fbffd47-w8x4g lead-manager D, [2025-09-23T18:53:03.607884 #1] DEBUG -- : Task witco.lead-events/6:1566 completed successfully
lead-manager-worker-prosody-5d8fbffd47-w8x4g lead-manager D, [2025-09-23T18:53:03.607988 #1] DEBUG -- : Task witco.lead-events/6:1535 completed successfully
lead-manager-worker-prosody-5d8fbffd47-w8x4g lead-manager D, [2025-09-23T18:53:03.608152 #1] DEBUG -- : Executing task witco.lead-events/6:1549
lead-manager-worker-prosody-5d8fbffd47-w8x4g lead-manager D, [2025-09-23T18:53:03.608245 #1] DEBUG -- : Executing task witco.lead-events/6:1568
lead-manager-worker-prosody-5d8fbffd47-w8x4g lead-manager D, [2025-09-23T18:53:03.611059 #1] DEBUG -- : Task witco.lead-events/6:1549 completed successfully
lead-manager-worker-prosody-5d8fbffd47-w8x4g lead-manager D, [2025-09-23T18:53:03.612383 #1] DEBUG -- : Executing task witco.lead-events/6:1567
lead-manager-worker-prosody-5d8fbffd47-w8x4g lead-manager D, [2025-09-23T18:53:03.612858 #1] DEBUG -- : Task witco.lead-events/6:1568 completed successfully
lead-manager-worker-prosody-5d8fbffd47-w8x4g lead-manager D, [2025-09-23T18:53:03.613124 #1] DEBUG -- : Executing task witco.lead-events/6:1536
lead-manager-worker-prosody-5d8fbffd47-w8x4g lead-manager D, [2025-09-23T18:53:03.613237 #1] DEBUG -- : Task witco.lead-events/6:1567 completed successfully
lead-manager-worker-prosody-5d8fbffd47-w8x4g lead-manager D, [2025-09-23T18:53:03.613553 #1] DEBUG -- : Task witco.lead-events/6:1536 completed successfully
lead-manager-worker-prosody-5d8fbffd47-w8x4g lead-manager D, [2025-09-23T18:53:03.614369 #1] DEBUG -- : Executing task witco.lead-events/6:1569
lead-manager-worker-prosody-5d8fbffd47-w8x4g lead-manager D, [2025-09-23T18:53:03.615260 #1] DEBUG -- : Executing task witco.lead-events/6:1537
lead-manager-worker-prosody-5d8fbffd47-w8x4g lead-manager D, [2025-09-23T18:53:03.615372 #1] DEBUG -- : Task witco.lead-events/6:1569 completed successfully
lead-manager-worker-prosody-5d8fbffd47-w8x4g lead-manager D, [2025-09-23T18:53:03.615461 #1] DEBUG -- : Task witco.lead-events/6:1537 completed successfully
lead-manager-worker-prosody-5d8fbffd47-w8x4g lead-manager D, [2025-09-23T18:53:03.615602 #1] DEBUG -- : Executing task witco.lead-events/6:1570
lead-manager-worker-prosody-5d8fbffd47-w8x4g lead-manager D, [2025-09-23T18:53:03.615679 #1] DEBUG -- : Executing task witco.lead-events/6:1538
lead-manager-worker-prosody-5d8fbffd47-w8x4g lead-manager D, [2025-09-23T18:53:03.615893 #1] DEBUG -- : Task witco.lead-events/6:1570 completed successfully
lead-manager-worker-prosody-5d8fbffd47-w8x4g lead-manager D, [2025-09-23T18:53:03.615978 #1] DEBUG -- : Task witco.lead-events/6:1538 completed successfully
lead-manager-worker-prosody-5d8fbffd47-w8x4g lead-manager D, [2025-09-23T18:53:03.616312 #1] DEBUG -- : Executing task witco.lead-events/6:1571
lead-manager-worker-prosody-5d8fbffd47-w8x4g lead-manager D, [2025-09-23T18:53:03.616493 #1] DEBUG -- : Task witco.lead-events/6:1571 completed successfully
lead-manager-worker-prosody-5d8fbffd47-w8x4g lead-manager D, [2025-09-23T18:53:03.616754 #1] DEBUG -- : Executing task witco.lead-events/6:1539
lead-manager-worker-prosody-5d8fbffd47-w8x4g lead-manager D, [2025-09-23T18:53:03.616913 #1] DEBUG -- : Task witco.lead-events/6:1539 completed successfully
lead-manager-worker-prosody-5d8fbffd47-w8x4g lead-manager D, [2025-09-23T18:53:03.617101 #1] DEBUG -- : Executing task witco.lead-events/6:1572
lead-manager-worker-prosody-5d8fbffd47-w8x4g lead-manager D, [2025-09-23T18:53:03.617206 #1] DEBUG -- : Executing task witco.lead-events/6:1540
lead-manager-worker-prosody-5d8fbffd47-w8x4g lead-manager D, [2025-09-23T18:53:03.617337 #1] DEBUG -- : Task witco.lead-events/6:1572 completed successfully
lead-manager-worker-prosody-5d8fbffd47-w8x4g lead-manager D, [2025-09-23T18:53:03.617444 #1] DEBUG -- : Task witco.lead-events/6:1540 completed successfully
lead-manager-worker-prosody-5d8fbffd47-w8x4g lead-manager D, [2025-09-23T18:53:03.617583 #1] DEBUG -- : Executing task witco.lead-events/6:1573
lead-manager-worker-prosody-5d8fbffd47-w8x4g lead-manager D, [2025-09-23T18:53:03.617733 #1] DEBUG -- : Task witco.lead-events/6:1573 completed successfully
lead-manager-worker-prosody-5d8fbffd47-4tlhj lead-manager D, [2025-09-23T18:53:04.071010 #1] DEBUG -- : Executing task witco.agent-events/6:3313
lead-manager-worker-prosody-5d8fbffd47-w8x4g lead-manager D, [2025-09-23T18:53:04.073179 #1] DEBUG -- : Executing task witco.lead-events/6:1594
lead-manager-worker-prosody-5d8fbffd47-w8x4g lead-manager D, [2025-09-23T18:53:04.073346 #1] DEBUG -- : Executing task witco.lead-events/6:1595
lead-manager-worker-prosody-5d8fbffd47-w8x4g lead-manager D, [2025-09-23T18:53:04.073459 #1] DEBUG -- : Task witco.lead-events/6:1594 completed successfully
lead-manager-worker-prosody-5d8fbffd47-w8x4g lead-manager D, [2025-09-23T18:53:04.073525 #1] DEBUG -- : Task witco.lead-events/6:1595 completed successfully
lead-manager-worker-prosody-5d8fbffd47-w8x4g lead-manager D, [2025-09-23T18:53:04.073830 #1] DEBUG -- : Executing task witco.lead-events/6:1599
lead-manager-worker-prosody-5d8fbffd47-w8x4g lead-manager D, [2025-09-23T18:53:04.073943 #1] DEBUG -- : Executing task witco.lead-events/6:1596
lead-manager-worker-prosody-5d8fbffd47-w8x4g lead-manager D, [2025-09-23T18:53:04.074174 #1] DEBUG -- : Task witco.lead-events/6:1599 completed successfully
lead-manager-worker-prosody-5d8fbffd47-w8x4g lead-manager D, [2025-09-23T18:53:04.076249 #1] DEBUG -- : Task witco.lead-events/6:1596 completed successfully
lead-manager-worker-prosody-5d8fbffd47-w8x4g lead-manager D, [2025-09-23T18:53:04.079011 #1] DEBUG -- : Executing task witco.lead-events/6:1597
lead-manager-worker-prosody-5d8fbffd47-w8x4g lead-manager D, [2025-09-23T18:53:04.079156 #1] DEBUG -- : Task witco.lead-events/6:1597 completed successfully
lead-manager-worker-prosody-5d8fbffd47-w8x4g lead-manager D, [2025-09-23T18:53:04.079260 #1] DEBUG -- : Executing task witco.lead-events/6:1598
lead-manager-worker-prosody-5d8fbffd47-w8x4g lead-manager D, [2025-09-23T18:53:04.079409 #1] DEBUG -- : Task witco.lead-events/6:1598 completed successfully
lead-manager-worker-prosody-5d8fbffd47-4tlhj lead-manager D, [2025-09-23T18:53:04.322007 #1] DEBUG -- : Task witco.agent-events/6:3313 completed successfully
lead-manager-worker-prosody-5d8fbffd47-4tlhj lead-manager D, [2025-09-23T18:53:04.322446 #1] DEBUG -- : Executing task witco.agent-events/6:3314
lead-manager-worker-prosody-5d8fbffd47-4tlhj lead-manager D, [2025-09-23T18:53:04.388456 #1] DEBUG -- : Task witco.agent-events/6:3314 completed successfully
lead-manager-worker-prosody-5d8fbffd47-4tlhj lead-manager D, [2025-09-23T18:53:04.388959 #1] DEBUG -- : Executing task witco.agent-events/6:3315
lead-manager-worker-prosody-5d8fbffd47-4tlhj lead-manager D, [2025-09-23T18:53:04.447149 #1] DEBUG -- : Task witco.agent-events/6:3315 completed successfully
lead-manager-worker-prosody-5d8fbffd47-4tlhj lead-manager D, [2025-09-23T18:53:04.448045 #1] DEBUG -- : Executing task witco.agent-events/6:3316
lead-manager-worker-prosody-5d8fbffd47-4tlhj lead-manager D, [2025-09-23T18:53:04.480441 #1] DEBUG -- : Task witco.agent-events/6:3316 completed successfully
lead-manager-worker-prosody-5d8fbffd47-4tlhj lead-manager D, [2025-09-23T18:53:04.480921 #1] DEBUG -- : Executing task witco.agent-events/6:3317
lead-manager-worker-prosody-5d8fbffd47-4tlhj lead-manager D, [2025-09-23T18:53:04.510714 #1] DEBUG -- : Task witco.agent-events/6:3317 completed successfully
lead-manager-worker-prosody-5d8fbffd47-4tlhj lead-manager D, [2025-09-23T18:53:04.511118 #1] DEBUG -- : Executing task witco.agent-events/6:3318
lead-manager-worker-prosody-5d8fbffd47-4tlhj lead-manager D, [2025-09-23T18:53:04.540318 #1] DEBUG -- : Task witco.agent-events/6:3318 completed successfully
lead-manager-worker-prosody-5d8fbffd47-4tlhj lead-manager D, [2025-09-23T18:53:04.541062 #1] DEBUG -- : Executing task witco.agent-events/6:3319
lead-manager-worker-prosody-5d8fbffd47-w8x4g lead-manager I, [2025-09-23T18:53:04.573679 #1]  INFO -- : message with id dd2bc5d9-316a-5ba2-8a6c-122b3e5bb917 already processed; skipping module=prosody::consumer::partition line=731
lead-manager-worker-prosody-5d8fbffd47-w8x4g lead-manager I, [2025-09-23T18:53:04.574209 #1]  INFO -- : message with id dd2bc5d9-316a-5ba2-8a6c-122b3e5bb917 already processed; skipping module=prosody::consumer::partition line=731
lead-manager-worker-prosody-5d8fbffd47-w8x4g lead-manager D, [2025-09-23T18:53:04.574100 #1] DEBUG -- : Executing task witco.agent-events/0:186
lead-manager-worker-prosody-5d8fbffd47-w8x4g lead-manager D, [2025-09-23T18:53:04.574597 #1] DEBUG -- : Executing task witco.agent-events/0:191
lead-manager-worker-prosody-5d8fbffd47-4tlhj lead-manager D, [2025-09-23T18:53:04.585731 #1] DEBUG -- : Task witco.agent-events/6:3319 completed successfully
lead-manager-worker-prosody-5d8fbffd47-4tlhj lead-manager D, [2025-09-23T18:53:04.587774 #1] DEBUG -- : Executing task witco.agent-events/6:3320
lead-manager-worker-prosody-5d8fbffd47-w8x4g lead-manager E, [2025-09-23T18:53:04.612176 #1] ERROR -- : Error executing task witco.agent-events/0:191: Mysql2::Error: This connection is in use by: #<Fiber:0x00007f10d019c958 /usr/local/bundle/gems/async-2.32.0/lib/async/task.rb:450 (suspended)>
lead-manager-worker-prosody-5d8fbffd47-w8x4g lead-manager E, [2025-09-23T18:53:04.612522 #1] ERROR -- : failed to handle message: handler error: transient error: /usr/local/bundle/gems/mysql2-0.5.5/lib/mysql2/client.rb:151:in `_query': Mysql2::Error: This connection is in use by: #<Fiber:0x00007f10d019c958 /usr/local/bundle/gems/async-2.32.0/lib/async/task.rb:450 (suspended)> (ActiveRecord::StatementInvalid)
lead-manager-worker-prosody-5d8fbffd47-w8x4g lead-manager 	from /usr/local/bundle/gems/mysql2-0.5.5/lib/mysql2/client.rb:151:in `block in query'
lead-manager-worker-prosody-5d8fbffd47-w8x4g lead-manager 	from /usr/local/bundle/gems/mysql2-0.5.5/lib/mysql2/client.rb:150:in `handle_interrupt'
lead-manager-worker-prosody-5d8fbffd47-w8x4g lead-manager 	from /usr/local/bundle/gems/mysql2-0.5.5/lib/mysql2/client.rb:150:in `query'
lead-manager-worker-prosody-5d8fbffd47-w8x4g lead-manager 	from /usr/local/bundle/gems/prometheus_exporter-2.1.0/lib/prometheus_exporter/instrumentation/method_profiler.rb:80:in `query'
lead-manager-worker-prosody-5d8fbffd47-w8x4g lead-manager 	from /usr/local/bundle/gems/activerecord-8.0.2/lib/active_record/connection_adapters/mysql2/database_statements.rb:54:in `block in perform_query'
lead-manager-worker-prosody-5d8fbffd47-w8x4g lead-manager 	from /usr/local/bundle/gems/activesupport-8.0.2/lib/active_support/concurrency/share_lock.rb:186:in `yield_shares'
lead-manager-worker-prosody-5d8fbffd47-w8x4g lead-manager 	from /usr/local/bundle/gems/activesupport-8.0.2/lib/active_support/dependencies/interlock.rb:41:in `permit_concurrent_loads'
lead-manager-worker-prosody-5d8fbffd47-w8x4g lead-manager 	from /usr/local/bundle/gems/activerecord-8.0.2/lib/active_record/connection_adapters/mysql2/database_statements.rb:53:in `perform_query'
lead-manager-worker-prosody-5d8fbffd47-w8x4g lead-manager 	from /usr/local/bundle/gems/activerecord-8.0.2/lib/active_record/connection_adapters/abstract/database_statements.rb:556:in `block (2 levels) in raw_execute'
lead-manager-worker-prosody-5d8fbffd47-w8x4g lead-manager 	from /usr/local/bundle/gems/activerecord-8.0.2/lib/active_record/connection_adapters/abstract_adapter.rb:1015:in `block in with_raw_connection'
lead-manager-worker-prosody-5d8fbffd47-w8x4g lead-manager 	from /usr/local/bundle/gems/activesupport-8.0.2/lib/active_support/concurrency/null_lock.rb:9:in `synchronize'
lead-manager-worker-prosody-5d8fbffd47-w8x4g lead-manager 	from /usr/local/bundle/gems/activerecord-8.0.2/lib/active_record/connection_adapters/abstract_adapter.rb:984:in `with_raw_connection'
lead-manager-worker-prosody-5d8fbffd47-w8x4g lead-manager 	from /usr/local/bundle/gems/activerecord-8.0.2/lib/active_record/connection_adapters/abstract/database_statements.rb:555:in `block in raw_execute'
lead-manager-worker-prosody-5d8fbffd47-w8x4g lead-manager 	from /usr/local/bundle/gems/activesupport-8.0.2/lib/active_support/notifications/instrumenter.rb:58:in `instrument'
lead-manager-worker-prosody-5d8fbffd47-w8x4g lead-manager 	from /usr/local/bundle/gems/activerecord-8.0.2/lib/active_record/connection_adapters/abstract_adapter.rb:1135:in `log'
lead-manager-worker-prosody-5d8fbffd47-w8x4g lead-manager 	from /usr/local/bundle/gems/activerecord-8.0.2/lib/active_record/connection_adapters/abstract/database_statements.rb:554:in `raw_execute'
lead-manager-worker-prosody-5d8fbffd47-w8x4g lead-manager 	from /usr/local/bundle/gems/activerecord-8.0.2/lib/active_record/connection_adapters/abstract/database_statements.rb:591:in `internal_execute'
lead-manager-worker-prosody-5d8fbffd47-w8x4g lead-manager 	from /usr/local/bundle/gems/activerecord-8.0.2/lib/active_record/connection_adapters/abstract/database_statements.rb:547:in `internal_exec_query'
lead-manager-worker-prosody-5d8fbffd47-w8x4g lead-manager 	from /usr/local/bundle/gems/activerecord-8.0.2/lib/active_record/connection_adapters/abstract/database_statements.rb:693:in `select'
lead-manager-worker-prosody-5d8fbffd47-w8x4g lead-manager 	from /usr/local/bundle/gems/activerecord-8.0.2/lib/active_record/connection_adapters/abstract/database_statements.rb:73:in `select_all'
lead-manager-worker-prosody-5d8fbffd47-w8x4g lead-manager 	from /usr/local/bundle/gems/activerecord-8.0.2/lib/active_record/connection_adapters/abstract/query_cache.rb:251:in `select_all'
lead-manager-worker-prosody-5d8fbffd47-w8x4g lead-manager 	from /usr/local/bundle/gems/activerecord-8.0.2/lib/active_record/connection_adapters/mysql2/database_statements.rb:12:in `select_all'
lead-manager-worker-prosody-5d8fbffd47-w8x4g lead-manager 	from /usr/local/bundle/gems/activerecord-8.0.2/lib/active_record/querying.rb:68:in `_query_by_sql'
lead-manager-worker-prosody-5d8fbffd47-w8x4g lead-manager 	from /usr/local/bundle/gems/activerecord-8.0.2/lib/active_record/querying.rb:53:in `block in find_by_sql'
lead-manager-worker-prosody-5d8fbffd47-w8x4g lead-manager 	from /usr/local/bundle/gems/activerecord-8.0.2/lib/active_record/connection_adapters/abstract/connection_pool.rb:412:in `with_connection'
lead-manager-worker-prosody-5d8fbffd47-w8x4g lead-manager 	from /usr/local/bundle/gems/activerecord-8.0.2/lib/active_record/connection_handling.rb:310:in `with_connection'
lead-manager-worker-prosody-5d8fbffd47-w8x4g lead-manager 	from /usr/local/bundle/gems/activerecord-8.0.2/lib/active_record/querying.rb:52:in `find_by_sql'
lead-manager-worker-prosody-5d8fbffd47-w8x4g lead-manager 	from /usr/local/bundle/gems/activerecord-8.0.2/lib/active_record/statement_cache.rb:152:in `execute'
lead-manager-worker-prosody-5d8fbffd47-4tlhj lead-manager D, [2025-09-23T18:53:04.614821 #1] DEBUG -- : Task witco.agent-events/6:3320 completed successfully
lead-manager-worker-prosody-5d8fbffd47-4tlhj lead-manager D, [2025-09-23T18:53:04.615721 #1] DEBUG -- : Executing task witco.agent-events/6:3321
lead-manager-worker-prosody-5d8fbffd47-w8x4g lead-manager 	from /usr/local/bundle/gems/activerecord-8.0.2/lib/active_record/core.rb:454:in `block in cached_find_by'
lead-manager-worker-prosody-5d8fbffd47-w8x4g lead-manager 	from /usr/local/bundle/gems/activerecord-8.0.2/lib/active_record/connection_adapters/abstract/connection_pool.rb:412:in `with_connection'
lead-manager-worker-prosody-5d8fbffd47-w8x4g lead-manager 	from /usr/local/bundle/gems/activerecord-8.0.2/lib/active_record/connection_handling.rb:310:in `with_connection'
lead-manager-worker-prosody-5d8fbffd47-w8x4g lead-manager 	from /usr/local/bundle/gems/activerecord-8.0.2/lib/active_record/core.rb:442:in `cached_find_by'
lead-manager-worker-prosody-5d8fbffd47-w8x4g lead-manager 	from /usr/local/bundle/gems/activerecord-8.0.2/lib/active_record/core.rb:327:in `find_by'
lead-manager-worker-prosody-5d8fbffd47-w8x4g lead-manager 	from /usr/src/app/services/prosody_handlers/crm_agent_asserted.rb:5:in `perform'
lead-manager-worker-prosody-5d8fbffd47-w8x4g lead-manager 	from /usr/src/app/services/prosody_handler.rb:9:in `on_message'
lead-manager-worker-prosody-5d8fbffd47-w8x4g lead-manager 	from /usr/local/bundle/gems/prosody-1.1.1-x86_64-linux/lib/prosody/processor.rb:281:in `block (2 levels) in start_worker'
lead-manager-worker-prosody-5d8fbffd47-w8x4g lead-manager 	from /usr/local/bundle/gems/opentelemetry-api-1.7.0/lib/opentelemetry/trace.rb:70:in `block in with_span'
lead-manager-worker-prosody-5d8fbffd47-w8x4g lead-manager 	from /usr/local/bundle/gems/opentelemetry-api-1.7.0/lib/opentelemetry/context.rb:88:in `with_value'
lead-manager-worker-prosody-5d8fbffd47-w8x4g lead-manager 	from /usr/local/bundle/gems/opentelemetry-api-1.7.0/lib/opentelemetry/trace.rb:70:in `with_span'
lead-manager-worker-prosody-5d8fbffd47-w8x4g lead-manager 	from /usr/local/bundle/gems/prosody-1.1.1-x86_64-linux/lib/prosody/processor.rb:279:in `block in start_worker'
lead-manager-worker-prosody-5d8fbffd47-w8x4g lead-manager 	from /usr/local/bundle/gems/async-2.32.0/lib/async/task.rb:207:in `block in run'
lead-manager-worker-prosody-5d8fbffd47-w8x4g lead-manager 	from /usr/local/bundle/gems/async-2.32.0/lib/async/task.rb:452:in `block in schedule'
lead-manager-worker-prosody-5d8fbffd47-w8x4g lead-manager /usr/local/bundle/gems/mysql2-0.5.5/lib/mysql2/client.rb:151:in `_query': This connection is in use by: #<Fiber:0x00007f10d019c958 /usr/local/bundle/gems/async-2.32.0/lib/async/task.rb:450 (suspended)> (Mysql2::Error)
lead-manager-worker-prosody-5d8fbffd47-w8x4g lead-manager 	from /usr/local/bundle/gems/mysql2-0.5.5/lib/mysql2/client.rb:151:in `block in query'
lead-manager-worker-prosody-5d8fbffd47-w8x4g lead-manager 	from /usr/local/bundle/gems/mysql2-0.5.5/lib/mysql2/client.rb:150:in `handle_interrupt'
lead-manager-worker-prosody-5d8fbffd47-w8x4g lead-manager 	from /usr/local/bundle/gems/mysql2-0.5.5/lib/mysql2/client.rb:150:in `query'
lead-manager-worker-prosody-5d8fbffd47-w8x4g lead-manager 	from /usr/local/bundle/gems/prometheus_exporter-2.1.0/lib/prometheus_exporter/instrumentation/method_profiler.rb:80:in `query'
lead-manager-worker-prosody-5d8fbffd47-w8x4g lead-manager 	from /usr/local/bundle/gems/activerecord-8.0.2/lib/active_record/connection_adapters/mysql2/database_statements.rb:54:in `block in perform_query'
lead-manager-worker-prosody-5d8fbffd47-w8x4g lead-manager 	from /usr/local/bundle/gems/activesupport-8.0.2/lib/active_support/concurrency/share_lock.rb:186:in `yield_shares'
lead-manager-worker-prosody-5d8fbffd47-w8x4g lead-manager 	from /usr/local/bundle/gems/activesupport-8.0.2/lib/active_support/dependencies/interlock.rb:41:in `permit_concurrent_loads'
lead-manager-worker-prosody-5d8fbffd47-w8x4g lead-manager 	from /usr/local/bundle/gems/activerecord-8.0.2/lib/active_record/connection_adapters/mysql2/database_statements.rb:53:in `perform_query'
lead-manager-worker-prosody-5d8fbffd47-w8x4g lead-manager 	from /usr/local/bundle/gems/activerecord-8.0.2/lib/active_record/connection_adapters/abstract/database_statements.rb:556:in `block (2 levels) in raw_execute'
lead-manager-worker-prosody-5d8fbffd47-w8x4g lead-manager 	from /usr/local/bundle/gems/activerecord-8.0.2/lib/active_record/connection_adapters/abstract_adapter.rb:1015:in `block in with_raw_connection'
lead-manager-worker-prosody-5d8fbffd47-w8x4g lead-manager 	from /usr/local/bundle/gems/activesupport-8.0.2/lib/active_support/concurrency/null_lock.rb:9:in `synchronize'
lead-manager-worker-prosody-5d8fbffd47-w8x4g lead-manager 	from /usr/local/bundle/gems/activerecord-8.0.2/lib/active_record/connection_adapters/abstract_adapter.rb:984:in `with_raw_connection'
lead-manager-worker-prosody-5d8fbffd47-w8x4g lead-manager 	from /usr/local/bundle/gems/activerecord-8.0.2/lib/active_record/connection_adapters/abstract/database_statements.rb:555:in `block in raw_execute'
lead-manager-worker-prosody-5d8fbffd47-w8x4g lead-manager 	from /usr/local/bundle/gems/activesupport-8.0.2/lib/active_support/notifications/instrumenter.rb:58:in `instrument'
lead-manager-worker-prosody-5d8fbffd47-w8x4g lead-manager 	from /usr/local/bundle/gems/activerecord-8.0.2/lib/active_record/connection_adapters/abstract_adapter.rb:1135:in `log'
lead-manager-worker-prosody-5d8fbffd47-w8x4g lead-manager 	from /usr/local/bundle/gems/activerecord-8.0.2/lib/active_record/connection_adapters/abstract/database_statements.rb:554:in `raw_execute'
lead-manager-worker-prosody-5d8fbffd47-w8x4g lead-manager 	from /usr/local/bundle/gems/activerecord-8.0.2/lib/active_record/connection_adapters/abstract/database_statements.rb:591:in `internal_execute'
lead-manager-worker-prosody-5d8fbffd47-w8x4g lead-manager 	from /usr/local/bundle/gems/activerecord-8.0.2/lib/active_record/connection_adapters/abstract/database_statements.rb:547:in `internal_exec_query'
lead-manager-worker-prosody-5d8fbffd47-w8x4g lead-manager 	from /usr/local/bundle/gems/activerecord-8.0.2/lib/active_record/connection_adapters/abstract/database_statements.rb:693:in `select'
lead-manager-worker-prosody-5d8fbffd47-w8x4g lead-manager 	from /usr/local/bundle/gems/activerecord-8.0.2/lib/active_record/connection_adapters/abstract/database_statements.rb:73:in `select_all'
lead-manager-worker-prosody-5d8fbffd47-w8x4g lead-manager 	from /usr/local/bundle/gems/activerecord-8.0.2/lib/active_record/connection_adapters/abstract/query_cache.rb:251:in `select_all'
lead-manager-worker-prosody-5d8fbffd47-w8x4g lead-manager 	from /usr/local/bundle/gems/activerecord-8.0.2/lib/active_record/connection_adapters/mysql2/database_statements.rb:12:in `select_all'
lead-manager-worker-prosody-5d8fbffd47-w8x4g lead-manager 	from /usr/local/bundle/gems/activerecord-8.0.2/lib/active_record/querying.rb:68:in `_query_by_sql'
lead-manager-worker-prosody-5d8fbffd47-w8x4g lead-manager 	from /usr/local/bundle/gems/activerecord-8.0.2/lib/active_record/querying.rb:53:in `block in find_by_sql'
lead-manager-worker-prosody-5d8fbffd47-w8x4g lead-manager 	from /usr/local/bundle/gems/activerecord-8.0.2/lib/active_record/connection_adapters/abstract/connection_pool.rb:412:in `with_connection'
lead-manager-worker-prosody-5d8fbffd47-w8x4g lead-manager 	from /usr/local/bundle/gems/activerecord-8.0.2/lib/active_record/connection_handling.rb:310:in `with_connection'
lead-manager-worker-prosody-5d8fbffd47-w8x4g lead-manager 	from /usr/local/bundle/gems/activerecord-8.0.2/lib/active_record/querying.rb:52:in `find_by_sql'
lead-manager-worker-prosody-5d8fbffd47-w8x4g lead-manager 	from /usr/local/bundle/gems/activerecord-8.0.2/lib/active_record/statement_cache.rb:152:in `execute'
lead-manager-worker-prosody-5d8fbffd47-w8x4g lead-manager 	from /usr/local/bundle/gems/activerecord-8.0.2/lib/active_record/core.rb:454:in `block in cached_find_by'
lead-manager-worker-prosody-5d8fbffd47-w8x4g lead-manager 	from /usr/local/bundle/gems/activerecord-8.0.2/lib/active_record/connection_adapters/abstract/connection_pool.rb:412:in `with_connection'
lead-manager-worker-prosody-5d8fbffd47-w8x4g lead-manager 	from /usr/local/bundle/gems/activerecord-8.0.2/lib/active_record/connection_handling.rb:310:in `with_connection'
lead-manager-worker-prosody-5d8fbffd47-w8x4g lead-manager 	from /usr/local/bundle/gems/activerecord-8.0.2/lib/active_record/core.rb:442:in `cached_find_by'
lead-manager-worker-prosody-5d8fbffd47-w8x4g lead-manager 	from /usr/local/bundle/gems/activerecord-8.0.2/lib/active_record/core.rb:327:in `find_by'
lead-manager-worker-prosody-5d8fbffd47-w8x4g lead-manager 	from /usr/src/app/services/prosody_handlers/crm_agent_asserted.rb:5:in `perform'
lead-manager-worker-prosody-5d8fbffd47-w8x4g lead-manager 	from /usr/src/app/services/prosody_handler.rb:9:in `on_message'
lead-manager-worker-prosody-5d8fbffd47-w8x4g lead-manager 	from /usr/local/bundle/gems/prosody-1.1.1-x86_64-linux/lib/prosody/processor.rb:281:in `block (2 levels) in start_worker'
lead-manager-worker-prosody-5d8fbffd47-w8x4g lead-manager 	from /usr/local/bundle/gems/opentelemetry-api-1.7.0/lib/opentelemetry/trace.rb:70:in `block in with_span'
lead-manager-worker-prosody-5d8fbffd47-w8x4g lead-manager 	from /usr/local/bundle/gems/opentelemetry-api-1.7.0/lib/opentelemetry/context.rb:88:in `with_value'
lead-manager-worker-prosody-5d8fbffd47-w8x4g lead-manager 	from /usr/local/bundle/gems/opentelemetry-api-1.7.0/lib/opentelemetry/trace.rb:70:in `with_span'
lead-manager-worker-prosody-5d8fbffd47-w8x4g lead-manager 	from /usr/local/bundle/gems/prosody-1.1.1-x86_64-linux/lib/prosody/processor.rb:279:in `block in start_worker'
lead-manager-worker-prosody-5d8fbffd47-w8x4g lead-manager 	from /usr/local/bundle/gems/async-2.32.0/lib/async/task.rb:207:in `block in run'
lead-manager-worker-prosody-5d8fbffd47-w8x4g lead-manager 	from /usr/local/bundle/gems/async-2.32.0/lib/async/task.rb:452:in `block in schedule'
lead-manager-worker-prosody-5d8fbffd47-w8x4g lead-manager ; retrying after 28ms module=prosody::consumer::failure::retry line=342 partition=0 key=realgeeks:77981 offset=191 attempt=1 topic=witco.agent-events
lead-manager-worker-prosody-5d8fbffd47-w8x4g lead-manager D, [2025-09-23T18:53:04.652969 #1] DEBUG -- : Executing task witco.agent-events/0:191
lead-manager-worker-prosody-5d8fbffd47-w8x4g lead-manager E, [2025-09-23T18:53:04.654716 #1] ERROR -- : Error executing task witco.agent-events/0:191: Mysql2::Error: This connection is in use by: #<Fiber:0x00007f10d019c958 /usr/local/bundle/gems/async-2.32.0/lib/async/task.rb:450 (suspended)>
lead-manager-worker-prosody-5d8fbffd47-w8x4g lead-manager E, [2025-09-23T18:53:04.655439 #1] ERROR -- : failed to handle message: handler error: transient error: /usr/local/bundle/gems/mysql2-0.5.5/lib/mysql2/client.rb:151:in `_query': Mysql2::Error: This connection is in use by: #<Fiber:0x00007f10d019c958 /usr/local/bundle/gems/async-2.32.0/lib/async/task.rb:450 (suspended)> (ActiveRecord::StatementInvalid)
lead-manager-worker-prosody-5d8fbffd47-w8x4g lead-manager 	from /usr/local/bundle/gems/mysql2-0.5.5/lib/mysql2/client.rb:151:in `block in query'
lead-manager-worker-prosody-5d8fbffd47-w8x4g lead-manager 	from /usr/local/bundle/gems/mysql2-0.5.5/lib/mysql2/client.rb:150:in `handle_interrupt'
lead-manager-worker-prosody-5d8fbffd47-w8x4g lead-manager 	from /usr/local/bundle/gems/mysql2-0.5.5/lib/mysql2/client.rb:150:in `query'
lead-manager-worker-prosody-5d8fbffd47-w8x4g lead-manager 	from /usr/local/bundle/gems/prometheus_exporter-2.1.0/lib/prometheus_exporter/instrumentation/method_profiler.rb:80:in `query'
lead-manager-worker-prosody-5d8fbffd47-w8x4g lead-manager 	from /usr/local/bundle/gems/activerecord-8.0.2/lib/active_record/connection_adapters/mysql2/database_statements.rb:54:in `block in perform_query'
lead-manager-worker-prosody-5d8fbffd47-w8x4g lead-manager 	from /usr/local/bundle/gems/activesupport-8.0.2/lib/active_support/concurrency/share_lock.rb:186:in `yield_shares'
lead-manager-worker-prosody-5d8fbffd47-w8x4g lead-manager 	from /usr/local/bundle/gems/activesupport-8.0.2/lib/active_support/dependencies/interlock.rb:41:in `permit_concurrent_loads'
lead-manager-worker-prosody-5d8fbffd47-w8x4g lead-manager 	from /usr/local/bundle/gems/activerecord-8.0.2/lib/active_record/connection_adapters/mysql2/database_statements.rb:53:in `perform_query'
lead-manager-worker-prosody-5d8fbffd47-w8x4g lead-manager 	from /usr/local/bundle/gems/activerecord-8.0.2/lib/active_record/connection_adapters/abstract/database_statements.rb:556:in `block (2 levels) in raw_execute'
lead-manager-worker-prosody-5d8fbffd47-w8x4g lead-manager 	from /usr/local/bundle/gems/activerecord-8.0.2/lib/active_record/connection_adapters/abstract_adapter.rb:1015:in `block in with_raw_connection'
lead-manager-worker-prosody-5d8fbffd47-w8x4g lead-manager 	from /usr/local/bundle/gems/activesupport-8.0.2/lib/active_support/concurrency/null_lock.rb:9:in `synchronize'
lead-manager-worker-prosody-5d8fbffd47-w8x4g lead-manager 	from /usr/local/bundle/gems/activerecord-8.0.2/lib/active_record/connection_adapters/abstract_adapter.rb:984:in `with_raw_connection'
lead-manager-worker-prosody-5d8fbffd47-w8x4g lead-manager 	from /usr/local/bundle/gems/activerecord-8.0.2/lib/active_record/connection_adapters/abstract/database_statements.rb:555:in `block in raw_execute'
lead-manager-worker-prosody-5d8fbffd47-w8x4g lead-manager 	from /usr/local/bundle/gems/activesupport-8.0.2/lib/active_support/notifications/instrumenter.rb:58:in `instrument'
lead-manager-worker-prosody-5d8fbffd47-w8x4g lead-manager 	from /usr/local/bundle/gems/activerecord-8.0.2/lib/active_record/connection_adapters/abstract_adapter.rb:1135:in `log'
lead-manager-worker-prosody-5d8fbffd47-w8x4g lead-manager 	from /usr/local/bundle/gems/activerecord-8.0.2/lib/active_record/connection_adapters/abstract/database_statements.rb:554:in `raw_execute'
lead-manager-worker-prosody-5d8fbffd47-w8x4g lead-manager 	from /usr/local/bundle/gems/activerecord-8.0.2/lib/active_record/connection_adapters/abstract/database_statements.rb:591:in `internal_execute'
lead-manager-worker-prosody-5d8fbffd47-w8x4g lead-manager 	from /usr/local/bundle/gems/activerecord-8.0.2/lib/active_record/connection_adapters/abstract/database_statements.rb:547:in `internal_exec_query'
lead-manager-worker-prosody-5d8fbffd47-w8x4g lead-manager 	from /usr/local/bundle/gems/activerecord-8.0.2/lib/active_record/connection_adapters/abstract/database_statements.rb:693:in `select'
lead-manager-worker-prosody-5d8fbffd47-w8x4g lead-manager 	from /usr/local/bundle/gems/activerecord-8.0.2/lib/active_record/connection_adapters/abstract/database_statements.rb:73:in `select_all'
lead-manager-worker-prosody-5d8fbffd47-w8x4g lead-manager 	from /usr/local/bundle/gems/activerecord-8.0.2/lib/active_record/connection_adapters/abstract/query_cache.rb:251:in `select_all'
lead-manager-worker-prosody-5d8fbffd47-w8x4g lead-manager 	from /usr/local/bundle/gems/activerecord-8.0.2/lib/active_record/connection_adapters/mysql2/database_statements.rb:12:in `select_all'
lead-manager-worker-prosody-5d8fbffd47-w8x4g lead-manager 	from /usr/local/bundle/gems/activerecord-8.0.2/lib/active_record/querying.rb:68:in `_query_by_sql'
lead-manager-worker-prosody-5d8fbffd47-w8x4g lead-manager 	from /usr/local/bundle/gems/activerecord-8.0.2/lib/active_record/querying.rb:53:in `block in find_by_sql'
lead-manager-worker-prosody-5d8fbffd47-w8x4g lead-manager 	from /usr/local/bundle/gems/activerecord-8.0.2/lib/active_record/connection_adapters/abstract/connection_pool.rb:412:in `with_connection'
lead-manager-worker-prosody-5d8fbffd47-w8x4g lead-manager 	from /usr/local/bundle/gems/activerecord-8.0.2/lib/active_record/connection_handling.rb:310:in `with_connection'
lead-manager-worker-prosody-5d8fbffd47-w8x4g lead-manager 	from /usr/local/bundle/gems/activerecord-8.0.2/lib/active_record/querying.rb:52:in `find_by_sql'
lead-manager-worker-prosody-5d8fbffd47-w8x4g lead-manager 	from /usr/local/bundle/gems/activerecord-8.0.2/lib/active_record/statement_cache.rb:152:in `execute'
lead-manager-worker-prosody-5d8fbffd47-w8x4g lead-manager 	from /usr/local/bundle/gems/activerecord-8.0.2/lib/active_record/core.rb:454:in `block in cached_find_by'
lead-manager-worker-prosody-5d8fbffd47-w8x4g lead-manager 	from /usr/local/bundle/gems/activerecord-8.0.2/lib/active_record/connection_adapters/abstract/connection_pool.rb:412:in `with_connection'
lead-manager-worker-prosody-5d8fbffd47-w8x4g lead-manager 	from /usr/local/bundle/gems/activerecord-8.0.2/lib/active_record/connection_handling.rb:310:in `with_connection'
lead-manager-worker-prosody-5d8fbffd47-w8x4g lead-manager 	from /usr/local/bundle/gems/activerecord-8.0.2/lib/active_record/core.rb:442:in `cached_find_by'
lead-manager-worker-prosody-5d8fbffd47-w8x4g lead-manager 	from /usr/local/bundle/gems/activerecord-8.0.2/lib/active_record/core.rb:327:in `find_by'
lead-manager-worker-prosody-5d8fbffd47-w8x4g lead-manager 	from /usr/src/app/services/prosody_handlers/crm_agent_asserted.rb:5:in `perform'
lead-manager-worker-prosody-5d8fbffd47-w8x4g lead-manager 	from /usr/src/app/services/prosody_handler.rb:9:in `on_message'
lead-manager-worker-prosody-5d8fbffd47-w8x4g lead-manager 	from /usr/local/bundle/gems/prosody-1.1.1-x86_64-linux/lib/prosody/processor.rb:281:in `block (2 levels) in start_worker'
lead-manager-worker-prosody-5d8fbffd47-w8x4g lead-manager 	from /usr/local/bundle/gems/opentelemetry-api-1.7.0/lib/opentelemetry/trace.rb:70:in `block in with_span'
lead-manager-worker-prosody-5d8fbffd47-w8x4g lead-manager 	from /usr/local/bundle/gems/opentelemetry-api-1.7.0/lib/opentelemetry/context.rb:88:in `with_value'
lead-manager-worker-prosody-5d8fbffd47-w8x4g lead-manager 	from /usr/local/bundle/gems/opentelemetry-api-1.7.0/lib/opentelemetry/trace.rb:70:in `with_span'
lead-manager-worker-prosody-5d8fbffd47-w8x4g lead-manager 	from /usr/local/bundle/gems/prosody-1.1.1-x86_64-linux/lib/prosody/processor.rb:279:in `block in start_worker'
lead-manager-worker-prosody-5d8fbffd47-w8x4g lead-manager 	from /usr/local/bundle/gems/async-2.32.0/lib/async/task.rb:207:in `block in run'
lead-manager-worker-prosody-5d8fbffd47-w8x4g lead-manager 	from /usr/local/bundle/gems/async-2.32.0/lib/async/task.rb:452:in `block in schedule'
lead-manager-worker-prosody-5d8fbffd47-w8x4g lead-manager /usr/local/bundle/gems/mysql2-0.5.5/lib/mysql2/client.rb:151:in `_query': This connection is in use by: #<Fiber:0x00007f10d019c958 /usr/local/bundle/gems/async-2.32.0/lib/async/task.rb:450 (suspended)> (Mysql2::Error)
lead-manager-worker-prosody-5d8fbffd47-w8x4g lead-manager 	from /usr/local/bundle/gems/mysql2-0.5.5/lib/mysql2/client.rb:151:in `block in query'
lead-manager-worker-prosody-5d8fbffd47-w8x4g lead-manager 	from /usr/local/bundle/gems/mysql2-0.5.5/lib/mysql2/client.rb:150:in `handle_interrupt'
lead-manager-worker-prosody-5d8fbffd47-w8x4g lead-manager 	from /usr/local/bundle/gems/mysql2-0.5.5/lib/mysql2/client.rb:150:in `query'
lead-manager-worker-prosody-5d8fbffd47-w8x4g lead-manager 	from /usr/local/bundle/gems/prometheus_exporter-2.1.0/lib/prometheus_exporter/instrumentation/method_profiler.rb:80:in `query'
lead-manager-worker-prosody-5d8fbffd47-w8x4g lead-manager 	from /usr/local/bundle/gems/activerecord-8.0.2/lib/active_record/connection_adapters/mysql2/database_statements.rb:54:in `block in perform_query'
lead-manager-worker-prosody-5d8fbffd47-w8x4g lead-manager 	from /usr/local/bundle/gems/activesupport-8.0.2/lib/active_support/concurrency/share_lock.rb:186:in `yield_shares'
lead-manager-worker-prosody-5d8fbffd47-w8x4g lead-manager 	from /usr/local/bundle/gems/activesupport-8.0.2/lib/active_support/dependencies/interlock.rb:41:in `permit_concurrent_loads'
lead-manager-worker-prosody-5d8fbffd47-w8x4g lead-manager 	from /usr/local/bundle/gems/activerecord-8.0.2/lib/active_record/connection_adapters/mysql2/database_statements.rb:53:in `perform_query'
lead-manager-worker-prosody-5d8fbffd47-w8x4g lead-manager 	from /usr/local/bundle/gems/activerecord-8.0.2/lib/active_record/connection_adapters/abstract/database_statements.rb:556:in `block (2 levels) in raw_execute'
lead-manager-worker-prosody-5d8fbffd47-w8x4g lead-manager 	from /usr/local/bundle/gems/activerecord-8.0.2/lib/active_record/connection_adapters/abstract_adapter.rb:1015:in `block in with_raw_connection'
lead-manager-worker-prosody-5d8fbffd47-w8x4g lead-manager 	from /usr/local/bundle/gems/activesupport-8.0.2/lib/active_support/concurrency/null_lock.rb:9:in `synchronize'
lead-manager-worker-prosody-5d8fbffd47-w8x4g lead-manager 	from /usr/local/bundle/gems/activerecord-8.0.2/lib/active_record/connection_adapters/abstract_adapter.rb:984:in `with_raw_connection'
lead-manager-worker-prosody-5d8fbffd47-w8x4g lead-manager 	from /usr/local/bundle/gems/activerecord-8.0.2/lib/active_record/connection_adapters/abstract/database_statements.rb:555:in `block in raw_execute'
lead-manager-worker-prosody-5d8fbffd47-w8x4g lead-manager 	from /usr/local/bundle/gems/activesupport-8.0.2/lib/active_support/notifications/instrumenter.rb:58:in `instrument'
lead-manager-worker-prosody-5d8fbffd47-w8x4g lead-manager 	from /usr/local/bundle/gems/activerecord-8.0.2/lib/active_record/connection_adapters/abstract_adapter.rb:1135:in `log'
lead-manager-worker-prosody-5d8fbffd47-w8x4g lead-manager 	from /usr/local/bundle/gems/activerecord-8.0.2/lib/active_record/connection_adapters/abstract/database_statements.rb:554:in `raw_execute'
lead-manager-worker-prosody-5d8fbffd47-w8x4g lead-manager 	from /usr/local/bundle/gems/activerecord-8.0.2/lib/active_record/connection_adapters/abstract/database_statements.rb:591:in `internal_execute'
lead-manager-worker-prosody-5d8fbffd47-w8x4g lead-manager 	from /usr/local/bundle/gems/activerecord-8.0.2/lib/active_record/connection_adapters/abstract/database_statements.rb:547:in `internal_exec_query'
lead-manager-worker-prosody-5d8fbffd47-w8x4g lead-manager 	from /usr/local/bundle/gems/activerecord-8.0.2/lib/active_record/connection_adapters/abstract/database_statements.rb:693:in `select'
lead-manager-worker-prosody-5d8fbffd47-w8x4g lead-manager 	from /usr/local/bundle/gems/activerecord-8.0.2/lib/active_record/connection_adapters/abstract/database_statements.rb:73:in `select_all'
lead-manager-worker-prosody-5d8fbffd47-w8x4g lead-manager 	from /usr/local/bundle/gems/activerecord-8.0.2/lib/active_record/connection_adapters/abstract/query_cache.rb:251:in `select_all'
lead-manager-worker-prosody-5d8fbffd47-w8x4g lead-manager 	from /usr/local/bundle/gems/activerecord-8.0.2/lib/active_record/connection_adapters/mysql2/database_statements.rb:12:in `select_all'
lead-manager-worker-prosody-5d8fbffd47-w8x4g lead-manager 	from /usr/local/bundle/gems/activerecord-8.0.2/lib/active_record/querying.rb:68:in `_query_by_sql'
lead-manager-worker-prosody-5d8fbffd47-w8x4g lead-manager 	from /usr/local/bundle/gems/activerecord-8.0.2/lib/active_record/querying.rb:53:in `block in find_by_sql'
lead-manager-worker-prosody-5d8fbffd47-w8x4g lead-manager 	from /usr/local/bundle/gems/activerecord-8.0.2/lib/active_record/connection_adapters/abstract/connection_pool.rb:412:in `with_connection'
lead-manager-worker-prosody-5d8fbffd47-w8x4g lead-manager 	from /usr/local/bundle/gems/activerecord-8.0.2/lib/active_record/connection_handling.rb:310:in `with_connection'
lead-manager-worker-prosody-5d8fbffd47-w8x4g lead-manager 	from /usr/local/bundle/gems/activerecord-8.0.2/lib/active_record/querying.rb:52:in `find_by_sql'
lead-manager-worker-prosody-5d8fbffd47-w8x4g lead-manager 	from /usr/local/bundle/gems/activerecord-8.0.2/lib/active_record/statement_cache.rb:152:in `execute'
lead-manager-worker-prosody-5d8fbffd47-w8x4g lead-manager 	from /usr/local/bundle/gems/activerecord-8.0.2/lib/active_record/core.rb:454:in `block in cached_find_by'
lead-manager-worker-prosody-5d8fbffd47-w8x4g lead-manager 	from /usr/local/bundle/gems/activerecord-8.0.2/lib/active_record/connection_adapters/abstract/connection_pool.rb:412:in `with_connection'
lead-manager-worker-prosody-5d8fbffd47-w8x4g lead-manager 	from /usr/local/bundle/gems/activerecord-8.0.2/lib/active_record/connection_handling.rb:310:in `with_connection'
lead-manager-worker-prosody-5d8fbffd47-w8x4g lead-manager 	from /usr/local/bundle/gems/activerecord-8.0.2/lib/active_record/core.rb:442:in `cached_find_by'
lead-manager-worker-prosody-5d8fbffd47-w8x4g lead-manager 	from /usr/local/bundle/gems/activerecord-8.0.2/lib/active_record/core.rb:327:in `find_by'
lead-manager-worker-prosody-5d8fbffd47-w8x4g lead-manager 	from /usr/src/app/services/prosody_handlers/crm_agent_asserted.rb:5:in `perform'
lead-manager-worker-prosody-5d8fbffd47-w8x4g lead-manager 	from /usr/src/app/services/prosody_handler.rb:9:in `on_message'
lead-manager-worker-prosody-5d8fbffd47-w8x4g lead-manager 	from /usr/local/bundle/gems/prosody-1.1.1-x86_64-linux/lib/prosody/processor.rb:281:in `block (2 levels) in start_worker'
lead-manager-worker-prosody-5d8fbffd47-w8x4g lead-manager 	from /usr/local/bundle/gems/opentelemetry-api-1.7.0/lib/opentelemetry/trace.rb:70:in `block in with_span'
lead-manager-worker-prosody-5d8fbffd47-w8x4g lead-manager 	from /usr/local/bundle/gems/opentelemetry-api-1.7.0/lib/opentelemetry/context.rb:88:in `with_value'
lead-manager-worker-prosody-5d8fbffd47-w8x4g lead-manager 	from /usr/local/bundle/gems/opentelemetry-api-1.7.0/lib/opentelemetry/trace.rb:70:in `with_span'
lead-manager-worker-prosody-5d8fbffd47-w8x4g lead-manager 	from /usr/local/bundle/gems/prosody-1.1.1-x86_64-linux/lib/prosody/processor.rb:279:in `block in start_worker'
lead-manager-worker-prosody-5d8fbffd47-w8x4g lead-manager 	from /usr/local/bundle/gems/async-2.32.0/lib/async/task.rb:207:in `block in run'
lead-manager-worker-prosody-5d8fbffd47-w8x4g lead-manager 	from /usr/local/bundle/gems/async-2.32.0/lib/async/task.rb:452:in `block in schedule'
lead-manager-worker-prosody-5d8fbffd47-w8x4g lead-manager ; retrying after 78ms module=prosody::consumer::failure::retry line=342 partition=0 key=realgeeks:77981 offset=191 attempt=2 topic=witco.agent-events
lead-manager-worker-prosody-5d8fbffd47-4tlhj lead-manager D, [2025-09-23T18:53:04.680591 #1] DEBUG -- : Task witco.agent-events/6:3321 completed successfully
lead-manager-worker-prosody-5d8fbffd47-4tlhj lead-manager D, [2025-09-23T18:53:04.681037 #1] DEBUG -- : Executing task witco.agent-events/6:3322
lead-manager-worker-prosody-5d8fbffd47-w8x4g lead-manager D, [2025-09-23T18:53:04.734230 #1] DEBUG -- : Executing task witco.agent-events/0:191
lead-manager-worker-prosody-5d8fbffd47-w8x4g lead-manager D, [2025-09-23T18:53:04.745286 #1] DEBUG -- : Task witco.agent-events/0:186 completed successfully
lead-manager-worker-prosody-5d8fbffd47-w8x4g lead-manager D, [2025-09-23T18:53:04.746105 #1] DEBUG -- : Executing task witco.agent-events/0:187
lead-manager-worker-prosody-5d8fbffd47-w8x4g lead-manager E, [2025-09-23T18:53:04.750955 #1] ERROR -- : Error executing task witco.agent-events/0:187: Mysql2::Error: This connection is in use by: #<Fiber:0x00007f10cc7e0b10 /usr/local/bundle/gems/async-2.32.0/lib/async/task.rb:450 (suspended)>
lead-manager-worker-prosody-5d8fbffd47-w8x4g lead-manager E, [2025-09-23T18:53:04.751046 #1] ERROR -- : failed to handle message: handler error: transient error: /usr/local/bundle/gems/mysql2-0.5.5/lib/mysql2/client.rb:151:in `_query': Mysql2::Error: This connection is in use by: #<Fiber:0x00007f10cc7e0b10 /usr/local/bundle/gems/async-2.32.0/lib/async/task.rb:450 (suspended)> (ActiveRecord::StatementInvalid)
lead-manager-worker-prosody-5d8fbffd47-w8x4g lead-manager 	from /usr/local/bundle/gems/mysql2-0.5.5/lib/mysql2/client.rb:151:in `block in query'
lead-manager-worker-prosody-5d8fbffd47-w8x4g lead-manager 	from /usr/local/bundle/gems/mysql2-0.5.5/lib/mysql2/client.rb:150:in `handle_interrupt'
lead-manager-worker-prosody-5d8fbffd47-w8x4g lead-manager 	from /usr/local/bundle/gems/mysql2-0.5.5/lib/mysql2/client.rb:150:in `query'
lead-manager-worker-prosody-5d8fbffd47-w8x4g lead-manager 	from /usr/local/bundle/gems/prometheus_exporter-2.1.0/lib/prometheus_exporter/instrumentation/method_profiler.rb:80:in `query'
lead-manager-worker-prosody-5d8fbffd47-w8x4g lead-manager 	from /usr/local/bundle/gems/activerecord-8.0.2/lib/active_record/connection_adapters/mysql2/database_statements.rb:54:in `block in perform_query'
lead-manager-worker-prosody-5d8fbffd47-w8x4g lead-manager 	from /usr/local/bundle/gems/activesupport-8.0.2/lib/active_support/concurrency/share_lock.rb:186:in `yield_shares'
lead-manager-worker-prosody-5d8fbffd47-w8x4g lead-manager 	from /usr/local/bundle/gems/activesupport-8.0.2/lib/active_support/dependencies/interlock.rb:41:in `permit_concurrent_loads'
lead-manager-worker-prosody-5d8fbffd47-w8x4g lead-manager 	from /usr/local/bundle/gems/activerecord-8.0.2/lib/active_record/connection_adapters/mysql2/database_statements.rb:53:in `perform_query'
lead-manager-worker-prosody-5d8fbffd47-w8x4g lead-manager 	from /usr/local/bundle/gems/activerecord-8.0.2/lib/active_record/connection_adapters/abstract/database_statements.rb:556:in `block (2 levels) in raw_execute'
lead-manager-worker-prosody-5d8fbffd47-w8x4g lead-manager 	from /usr/local/bundle/gems/activerecord-8.0.2/lib/active_record/connection_adapters/abstract_adapter.rb:1015:in `block in with_raw_connection'
lead-manager-worker-prosody-5d8fbffd47-w8x4g lead-manager 	from /usr/local/bundle/gems/activesupport-8.0.2/lib/active_support/concurrency/null_lock.rb:9:in `synchronize'
lead-manager-worker-prosody-5d8fbffd47-w8x4g lead-manager 	from /usr/local/bundle/gems/activerecord-8.0.2/lib/active_record/connection_adapters/abstract_adapter.rb:984:in `with_raw_connection'
lead-manager-worker-prosody-5d8fbffd47-w8x4g lead-manager 	from /usr/local/bundle/gems/activerecord-8.0.2/lib/active_record/connection_adapters/abstract/database_statements.rb:555:in `block in raw_execute'
lead-manager-worker-prosody-5d8fbffd47-w8x4g lead-manager 	from /usr/local/bundle/gems/activesupport-8.0.2/lib/active_support/notifications/instrumenter.rb:58:in `instrument'
lead-manager-worker-prosody-5d8fbffd47-w8x4g lead-manager 	from /usr/local/bundle/gems/activerecord-8.0.2/lib/active_record/connection_adapters/abstract_adapter.rb:1135:in `log'
lead-manager-worker-prosody-5d8fbffd47-w8x4g lead-manager 	from /usr/local/bundle/gems/activerecord-8.0.2/lib/active_record/connection_adapters/abstract/database_statements.rb:554:in `raw_execute'
lead-manager-worker-prosody-5d8fbffd47-w8x4g lead-manager 	from /usr/local/bundle/gems/activerecord-8.0.2/lib/active_record/connection_adapters/abstract/database_statements.rb:591:in `internal_execute'
lead-manager-worker-prosody-5d8fbffd47-w8x4g lead-manager 	from /usr/local/bundle/gems/activerecord-8.0.2/lib/active_record/connection_adapters/abstract/database_statements.rb:547:in `internal_exec_query'
lead-manager-worker-prosody-5d8fbffd47-w8x4g lead-manager 	from /usr/local/bundle/gems/activerecord-8.0.2/lib/active_record/connection_adapters/abstract/database_statements.rb:693:in `select'
lead-manager-worker-prosody-5d8fbffd47-w8x4g lead-manager 	from /usr/local/bundle/gems/activerecord-8.0.2/lib/active_record/connection_adapters/abstract/database_statements.rb:73:in `select_all'
lead-manager-worker-prosody-5d8fbffd47-w8x4g lead-manager 	from /usr/local/bundle/gems/activerecord-8.0.2/lib/active_record/connection_adapters/abstract/query_cache.rb:251:in `select_all'
lead-manager-worker-prosody-5d8fbffd47-w8x4g lead-manager 	from /usr/local/bundle/gems/activerecord-8.0.2/lib/active_record/connection_adapters/mysql2/database_statements.rb:12:in `select_all'
lead-manager-worker-prosody-5d8fbffd47-w8x4g lead-manager 	from /usr/local/bundle/gems/activerecord-8.0.2/lib/active_record/querying.rb:68:in `_query_by_sql'
lead-manager-worker-prosody-5d8fbffd47-w8x4g lead-manager 	from /usr/local/bundle/gems/activerecord-8.0.2/lib/active_record/querying.rb:53:in `block in find_by_sql'
lead-manager-worker-prosody-5d8fbffd47-w8x4g lead-manager 	from /usr/local/bundle/gems/activerecord-8.0.2/lib/active_record/connection_adapters/abstract/connection_pool.rb:412:in `with_connection'
lead-manager-worker-prosody-5d8fbffd47-w8x4g lead-manager 	from /usr/local/bundle/gems/activerecord-8.0.2/lib/active_record/connection_handling.rb:310:in `with_connection'
lead-manager-worker-prosody-5d8fbffd47-w8x4g lead-manager 	from /usr/local/bundle/gems/activerecord-8.0.2/lib/active_record/querying.rb:52:in `find_by_sql'
lead-manager-worker-prosody-5d8fbffd47-w8x4g lead-manager 	from /usr/local/bundle/gems/activerecord-8.0.2/lib/active_record/statement_cache.rb:152:in `execute'
lead-manager-worker-prosody-5d8fbffd47-w8x4g lead-manager 	from /usr/local/bundle/gems/activerecord-8.0.2/lib/active_record/core.rb:454:in `block in cached_find_by'
lead-manager-worker-prosody-5d8fbffd47-w8x4g lead-manager 	from /usr/local/bundle/gems/activerecord-8.0.2/lib/active_record/connection_adapters/abstract/connection_pool.rb:412:in `with_connection'
lead-manager-worker-prosody-5d8fbffd47-w8x4g lead-manager 	from /usr/local/bundle/gems/activerecord-8.0.2/lib/active_record/connection_handling.rb:310:in `with_connection'
lead-manager-worker-prosody-5d8fbffd47-w8x4g lead-manager 	from /usr/local/bundle/gems/activerecord-8.0.2/lib/active_record/core.rb:442:in `cached_find_by'
lead-manager-worker-prosody-5d8fbffd47-w8x4g lead-manager 	from /usr/local/bundle/gems/activerecord-8.0.2/lib/active_record/core.rb:327:in `find_by'
lead-manager-worker-prosody-5d8fbffd47-w8x4g lead-manager 	from /usr/src/app/services/prosody_handlers/crm_agent_asserted.rb:5:in `perform'
lead-manager-worker-prosody-5d8fbffd47-w8x4g lead-manager 	from /usr/src/app/services/prosody_handler.rb:9:in `on_message'
lead-manager-worker-prosody-5d8fbffd47-w8x4g lead-manager 	from /usr/local/bundle/gems/prosody-1.1.1-x86_64-linux/lib/prosody/processor.rb:281:in `block (2 levels) in start_worker'
lead-manager-worker-prosody-5d8fbffd47-w8x4g lead-manager 	from /usr/local/bundle/gems/opentelemetry-api-1.7.0/lib/opentelemetry/trace.rb:70:in `block in with_span'
lead-manager-worker-prosody-5d8fbffd47-w8x4g lead-manager 	from /usr/local/bundle/gems/opentelemetry-api-1.7.0/lib/opentelemetry/context.rb:88:in `with_value'
lead-manager-worker-prosody-5d8fbffd47-w8x4g lead-manager 	from /usr/local/bundle/gems/opentelemetry-api-1.7.0/lib/opentelemetry/trace.rb:70:in `with_span'
lead-manager-worker-prosody-5d8fbffd47-w8x4g lead-manager 	from /usr/local/bundle/gems/prosody-1.1.1-x86_64-linux/lib/prosody/processor.rb:279:in `block in start_worker'
lead-manager-worker-prosody-5d8fbffd47-w8x4g lead-manager 	from /usr/local/bundle/gems/async-2.32.0/lib/async/task.rb:207:in `block in run'
lead-manager-worker-prosody-5d8fbffd47-w8x4g lead-manager 	from /usr/local/bundle/gems/async-2.32.0/lib/async/task.rb:452:in `block in schedule'
lead-manager-worker-prosody-5d8fbffd47-w8x4g lead-manager /usr/local/bundle/gems/mysql2-0.5.5/lib/mysql2/client.rb:151:in `_query': This connection is in use by: #<Fiber:0x00007f10cc7e0b10 /usr/local/bundle/gems/async-2.32.0/lib/async/task.rb:450 (suspended)> (Mysql2::Error)
lead-manager-worker-prosody-5d8fbffd47-w8x4g lead-manager 	from /usr/local/bundle/gems/mysql2-0.5.5/lib/mysql2/client.rb:151:in `block in query'
lead-manager-worker-prosody-5d8fbffd47-w8x4g lead-manager 	from /usr/local/bundle/gems/mysql2-0.5.5/lib/mysql2/client.rb:150:in `handle_interrupt'
lead-manager-worker-prosody-5d8fbffd47-w8x4g lead-manager 	from /usr/local/bundle/gems/mysql2-0.5.5/lib/mysql2/client.rb:150:in `query'
lead-manager-worker-prosody-5d8fbffd47-w8x4g lead-manager 	from /usr/local/bundle/gems/prometheus_exporter-2.1.0/lib/prometheus_exporter/instrumentation/method_profiler.rb:80:in `query'
lead-manager-worker-prosody-5d8fbffd47-w8x4g lead-manager 	from /usr/local/bundle/gems/activerecord-8.0.2/lib/active_record/connection_adapters/mysql2/database_statements.rb:54:in `block in perform_query'
lead-manager-worker-prosody-5d8fbffd47-w8x4g lead-manager 	from /usr/local/bundle/gems/activesupport-8.0.2/lib/active_support/concurrency/share_lock.rb:186:in `yield_shares'
lead-manager-worker-prosody-5d8fbffd47-w8x4g lead-manager 	from /usr/local/bundle/gems/activesupport-8.0.2/lib/active_support/dependencies/interlock.rb:41:in `permit_concurrent_loads'
lead-manager-worker-prosody-5d8fbffd47-w8x4g lead-manager 	from /usr/local/bundle/gems/activerecord-8.0.2/lib/active_record/connection_adapters/mysql2/database_statements.rb:53:in `perform_query'
lead-manager-worker-prosody-5d8fbffd47-w8x4g lead-manager 	from /usr/local/bundle/gems/activerecord-8.0.2/lib/active_record/connection_adapters/abstract/database_statements.rb:556:in `block (2 levels) in raw_execute'
lead-manager-worker-prosody-5d8fbffd47-w8x4g lead-manager 	from /usr/local/bundle/gems/activerecord-8.0.2/lib/active_record/connection_adapters/abstract_adapter.rb:1015:in `block in with_raw_connection'
lead-manager-worker-prosody-5d8fbffd47-w8x4g lead-manager 	from /usr/local/bundle/gems/activesupport-8.0.2/lib/active_support/concurrency/null_lock.rb:9:in `synchronize'
lead-manager-worker-prosody-5d8fbffd47-w8x4g lead-manager 	from /usr/local/bundle/gems/activerecord-8.0.2/lib/active_record/connection_adapters/abstract_adapter.rb:984:in `with_raw_connection'
lead-manager-worker-prosody-5d8fbffd47-w8x4g lead-manager 	from /usr/local/bundle/gems/activerecord-8.0.2/lib/active_record/connection_adapters/abstract/database_statements.rb:555:in `block in raw_execute'
lead-manager-worker-prosody-5d8fbffd47-w8x4g lead-manager 	from /usr/local/bundle/gems/activesupport-8.0.2/lib/active_support/notifications/instrumenter.rb:58:in `instrument'
lead-manager-worker-prosody-5d8fbffd47-w8x4g lead-manager 	from /usr/local/bundle/gems/activerecord-8.0.2/lib/active_record/connection_adapters/abstract_adapter.rb:1135:in `log'
lead-manager-worker-prosody-5d8fbffd47-w8x4g lead-manager 	from /usr/local/bundle/gems/activerecord-8.0.2/lib/active_record/connection_adapters/abstract/database_statements.rb:554:in `raw_execute'
lead-manager-worker-prosody-5d8fbffd47-w8x4g lead-manager 	from /usr/local/bundle/gems/activerecord-8.0.2/lib/active_record/connection_adapters/abstract/database_statements.rb:591:in `internal_execute'
lead-manager-worker-prosody-5d8fbffd47-w8x4g lead-manager 	from /usr/local/bundle/gems/activerecord-8.0.2/lib/active_record/connection_adapters/abstract/database_statements.rb:547:in `internal_exec_query'
lead-manager-worker-prosody-5d8fbffd47-w8x4g lead-manager 	from /usr/local/bundle/gems/activerecord-8.0.2/lib/active_record/connection_adapters/abstract/database_statements.rb:693:in `select'
lead-manager-worker-prosody-5d8fbffd47-w8x4g lead-manager 	from /usr/local/bundle/gems/activerecord-8.0.2/lib/active_record/connection_adapters/abstract/database_statements.rb:73:in `select_all'
lead-manager-worker-prosody-5d8fbffd47-w8x4g lead-manager 	from /usr/local/bundle/gems/activerecord-8.0.2/lib/active_record/connection_adapters/abstract/query_cache.rb:251:in `select_all'
lead-manager-worker-prosody-5d8fbffd47-w8x4g lead-manager 	from /usr/local/bundle/gems/activerecord-8.0.2/lib/active_record/connection_adapters/mysql2/database_statements.rb:12:in `select_all'
lead-manager-worker-prosody-5d8fbffd47-4tlhj lead-manager D, [2025-09-23T18:53:04.754338 #1] DEBUG -- : Task witco.agent-events/6:3322 completed successfully
lead-manager-worker-prosody-5d8fbffd47-4tlhj lead-manager D, [2025-09-23T18:53:04.754759 #1] DEBUG -- : Executing task witco.agent-events/6:3323
lead-manager-worker-prosody-5d8fbffd47-w8x4g lead-manager 	from /usr/local/bundle/gems/activerecord-8.0.2/lib/active_record/querying.rb:68:in `_query_by_sql'
lead-manager-worker-prosody-5d8fbffd47-w8x4g lead-manager 	from /usr/local/bundle/gems/activerecord-8.0.2/lib/active_record/querying.rb:53:in `block in find_by_sql'
lead-manager-worker-prosody-5d8fbffd47-w8x4g lead-manager 	from /usr/local/bundle/gems/activerecord-8.0.2/lib/active_record/connection_adapters/abstract/connection_pool.rb:412:in `with_connection'
lead-manager-worker-prosody-5d8fbffd47-w8x4g lead-manager 	from /usr/local/bundle/gems/activerecord-8.0.2/lib/active_record/connection_handling.rb:310:in `with_connection'
lead-manager-worker-prosody-5d8fbffd47-w8x4g lead-manager 	from /usr/local/bundle/gems/activerecord-8.0.2/lib/active_record/querying.rb:52:in `find_by_sql'
lead-manager-worker-prosody-5d8fbffd47-w8x4g lead-manager 	from /usr/local/bundle/gems/activerecord-8.0.2/lib/active_record/statement_cache.rb:152:in `execute'
lead-manager-worker-prosody-5d8fbffd47-w8x4g lead-manager 	from /usr/local/bundle/gems/activerecord-8.0.2/lib/active_record/core.rb:454:in `block in cached_find_by'
lead-manager-worker-prosody-5d8fbffd47-w8x4g lead-manager 	from /usr/local/bundle/gems/activerecord-8.0.2/lib/active_record/connection_adapters/abstract/connection_pool.rb:412:in `with_connection'
lead-manager-worker-prosody-5d8fbffd47-w8x4g lead-manager 	from /usr/local/bundle/gems/activerecord-8.0.2/lib/active_record/connection_handling.rb:310:in `with_connection'
lead-manager-worker-prosody-5d8fbffd47-w8x4g lead-manager 	from /usr/local/bundle/gems/activerecord-8.0.2/lib/active_record/core.rb:442:in `cached_find_by'
lead-manager-worker-prosody-5d8fbffd47-w8x4g lead-manager 	from /usr/local/bundle/gems/activerecord-8.0.2/lib/active_record/core.rb:327:in `find_by'
lead-manager-worker-prosody-5d8fbffd47-w8x4g lead-manager 	from /usr/src/app/services/prosody_handlers/crm_agent_asserted.rb:5:in `perform'
lead-manager-worker-prosody-5d8fbffd47-w8x4g lead-manager 	from /usr/src/app/services/prosody_handler.rb:9:in `on_message'
lead-manager-worker-prosody-5d8fbffd47-w8x4g lead-manager 	from /usr/local/bundle/gems/prosody-1.1.1-x86_64-linux/lib/prosody/processor.rb:281:in `block (2 levels) in start_worker'
lead-manager-worker-prosody-5d8fbffd47-w8x4g lead-manager 	from /usr/local/bundle/gems/opentelemetry-api-1.7.0/lib/opentelemetry/trace.rb:70:in `block in with_span'
lead-manager-worker-prosody-5d8fbffd47-w8x4g lead-manager 	from /usr/local/bundle/gems/opentelemetry-api-1.7.0/lib/opentelemetry/context.rb:88:in `with_value'
lead-manager-worker-prosody-5d8fbffd47-w8x4g lead-manager 	from /usr/local/bundle/gems/opentelemetry-api-1.7.0/lib/opentelemetry/trace.rb:70:in `with_span'
lead-manager-worker-prosody-5d8fbffd47-w8x4g lead-manager 	from /usr/local/bundle/gems/prosody-1.1.1-x86_64-linux/lib/prosody/processor.rb:279:in `block in start_worker'
lead-manager-worker-prosody-5d8fbffd47-w8x4g lead-manager 	from /usr/local/bundle/gems/async-2.32.0/lib/async/task.rb:207:in `block in run'
lead-manager-worker-prosody-5d8fbffd47-w8x4g lead-manager 	from /usr/local/bundle/gems/async-2.32.0/lib/async/task.rb:452:in `block in schedule'
lead-manager-worker-prosody-5d8fbffd47-w8x4g lead-manager ; retrying after 23ms module=prosody::consumer::failure::retry line=342 partition=0 key=realgeeks:81660 offset=187 attempt=1 topic=witco.agent-events
lead-manager-worker-prosody-5d8fbffd47-w8x4g lead-manager D, [2025-09-23T18:53:04.778900 #1] DEBUG -- : Executing task witco.agent-events/0:187
lead-manager-worker-prosody-5d8fbffd47-w8x4g lead-manager D, [2025-09-23T18:53:04.798882 #1] DEBUG -- : Task witco.agent-events/0:191 completed successfully
lead-manager-worker-prosody-5d8fbffd47-w8x4g lead-manager D, [2025-09-23T18:53:04.799174 #1] DEBUG -- : Executing task witco.agent-events/0:192
lead-manager-worker-prosody-5d8fbffd47-4tlhj lead-manager D, [2025-09-23T18:53:04.800017 #1] DEBUG -- : Task witco.agent-events/6:3323 completed successfully
lead-manager-worker-prosody-5d8fbffd47-4tlhj lead-manager D, [2025-09-23T18:53:04.800628 #1] DEBUG -- : Executing task witco.agent-events/6:3324
lead-manager-worker-prosody-5d8fbffd47-w8x4g lead-manager E, [2025-09-23T18:53:04.802432 #1] ERROR -- : Error executing task witco.agent-events/0:192: Mysql2::Error: This connection is in use by: #<Fiber:0x00007f10cc85bef0 /usr/local/bundle/gems/async-2.32.0/lib/async/task.rb:450 (suspended)>
lead-manager-worker-prosody-5d8fbffd47-w8x4g lead-manager E, [2025-09-23T18:53:04.808256 #1] ERROR -- : failed to handle message: handler error: transient error: /usr/local/bundle/gems/mysql2-0.5.5/lib/mysql2/client.rb:151:in `_query': Mysql2::Error: This connection is in use by: #<Fiber:0x00007f10cc85bef0 /usr/local/bundle/gems/async-2.32.0/lib/async/task.rb:450 (suspended)> (ActiveRecord::StatementInvalid)
lead-manager-worker-prosody-5d8fbffd47-w8x4g lead-manager 	from /usr/local/bundle/gems/mysql2-0.5.5/lib/mysql2/client.rb:151:in `block in query'
lead-manager-worker-prosody-5d8fbffd47-w8x4g lead-manager 	from /usr/local/bundle/gems/mysql2-0.5.5/lib/mysql2/client.rb:150:in `handle_interrupt'
lead-manager-worker-prosody-5d8fbffd47-w8x4g lead-manager 	from /usr/local/bundle/gems/mysql2-0.5.5/lib/mysql2/client.rb:150:in `query'
lead-manager-worker-prosody-5d8fbffd47-w8x4g lead-manager 	from /usr/local/bundle/gems/prometheus_exporter-2.1.0/lib/prometheus_exporter/instrumentation/method_profiler.rb:80:in `query'
lead-manager-worker-prosody-5d8fbffd47-w8x4g lead-manager 	from /usr/local/bundle/gems/activerecord-8.0.2/lib/active_record/connection_adapters/mysql2/database_statements.rb:54:in `block in perform_query'
lead-manager-worker-prosody-5d8fbffd47-w8x4g lead-manager 	from /usr/local/bundle/gems/activesupport-8.0.2/lib/active_support/concurrency/share_lock.rb:186:in `yield_shares'
lead-manager-worker-prosody-5d8fbffd47-w8x4g lead-manager 	from /usr/local/bundle/gems/activesupport-8.0.2/lib/active_support/dependencies/interlock.rb:41:in `permit_concurrent_loads'
lead-manager-worker-prosody-5d8fbffd47-w8x4g lead-manager 	from /usr/local/bundle/gems/activerecord-8.0.2/lib/active_record/connection_adapters/mysql2/database_statements.rb:53:in `perform_query'
lead-manager-worker-prosody-5d8fbffd47-w8x4g lead-manager 	from /usr/local/bundle/gems/activerecord-8.0.2/lib/active_record/connection_adapters/abstract/database_statements.rb:556:in `block (2 levels) in raw_execute'
lead-manager-worker-prosody-5d8fbffd47-w8x4g lead-manager 	from /usr/local/bundle/gems/activerecord-8.0.2/lib/active_record/connection_adapters/abstract_adapter.rb:1015:in `block in with_raw_connection'
lead-manager-worker-prosody-5d8fbffd47-w8x4g lead-manager 	from /usr/local/bundle/gems/activesupport-8.0.2/lib/active_support/concurrency/null_lock.rb:9:in `synchronize'
lead-manager-worker-prosody-5d8fbffd47-w8x4g lead-manager 	from /usr/local/bundle/gems/activerecord-8.0.2/lib/active_record/connection_adapters/abstract_adapter.rb:984:in `with_raw_connection'
lead-manager-worker-prosody-5d8fbffd47-w8x4g lead-manager 	from /usr/local/bundle/gems/activerecord-8.0.2/lib/active_record/connection_adapters/abstract/database_statements.rb:555:in `block in raw_execute'
lead-manager-worker-prosody-5d8fbffd47-w8x4g lead-manager 	from /usr/local/bundle/gems/activesupport-8.0.2/lib/active_support/notifications/instrumenter.rb:58:in `instrument'
lead-manager-worker-prosody-5d8fbffd47-w8x4g lead-manager 	from /usr/local/bundle/gems/activerecord-8.0.2/lib/active_record/connection_adapters/abstract_adapter.rb:1135:in `log'
lead-manager-worker-prosody-5d8fbffd47-w8x4g lead-manager 	from /usr/local/bundle/gems/activerecord-8.0.2/lib/active_record/connection_adapters/abstract/database_statements.rb:554:in `raw_execute'
lead-manager-worker-prosody-5d8fbffd47-w8x4g lead-manager 	from /usr/local/bundle/gems/activerecord-8.0.2/lib/active_record/connection_adapters/abstract/database_statements.rb:591:in `internal_execute'
lead-manager-worker-prosody-5d8fbffd47-w8x4g lead-manager 	from /usr/local/bundle/gems/activerecord-8.0.2/lib/active_record/connection_adapters/abstract/database_statements.rb:547:in `internal_exec_query'
lead-manager-worker-prosody-5d8fbffd47-w8x4g lead-manager 	from /usr/local/bundle/gems/activerecord-8.0.2/lib/active_record/connection_adapters/abstract/database_statements.rb:693:in `select'
lead-manager-worker-prosody-5d8fbffd47-w8x4g lead-manager 	from /usr/local/bundle/gems/activerecord-8.0.2/lib/active_record/connection_adapters/abstract/database_statements.rb:73:in `select_all'
lead-manager-worker-prosody-5d8fbffd47-w8x4g lead-manager 	from /usr/local/bundle/gems/activerecord-8.0.2/lib/active_record/connection_adapters/abstract/query_cache.rb:251:in `select_all'
lead-manager-worker-prosody-5d8fbffd47-w8x4g lead-manager 	from /usr/local/bundle/gems/activerecord-8.0.2/lib/active_record/connection_adapters/mysql2/database_statements.rb:12:in `select_all'
lead-manager-worker-prosody-5d8fbffd47-w8x4g lead-manager 	from /usr/local/bundle/gems/activerecord-8.0.2/lib/active_record/querying.rb:68:in `_query_by_sql'
lead-manager-worker-prosody-5d8fbffd47-w8x4g lead-manager 	from /usr/local/bundle/gems/activerecord-8.0.2/lib/active_record/querying.rb:53:in `block in find_by_sql'
lead-manager-worker-prosody-5d8fbffd47-w8x4g lead-manager 	from /usr/local/bundle/gems/activerecord-8.0.2/lib/active_record/connection_adapters/abstract/connection_pool.rb:412:in `with_connection'
lead-manager-worker-prosody-5d8fbffd47-w8x4g lead-manager 	from /usr/local/bundle/gems/activerecord-8.0.2/lib/active_record/connection_handling.rb:310:in `with_connection'
lead-manager-worker-prosody-5d8fbffd47-w8x4g lead-manager 	from /usr/local/bundle/gems/activerecord-8.0.2/lib/active_record/querying.rb:52:in `find_by_sql'
lead-manager-worker-prosody-5d8fbffd47-w8x4g lead-manager 	from /usr/local/bundle/gems/activerecord-8.0.2/lib/active_record/statement_cache.rb:152:in `execute'
lead-manager-worker-prosody-5d8fbffd47-w8x4g lead-manager 	from /usr/local/bundle/gems/activerecord-8.0.2/lib/active_record/core.rb:454:in `block in cached_find_by'
lead-manager-worker-prosody-5d8fbffd47-w8x4g lead-manager 	from /usr/local/bundle/gems/activerecord-8.0.2/lib/active_record/connection_adapters/abstract/connection_pool.rb:412:in `with_connection'
lead-manager-worker-prosody-5d8fbffd47-w8x4g lead-manager 	from /usr/local/bundle/gems/activerecord-8.0.2/lib/active_record/connection_handling.rb:310:in `with_connection'
lead-manager-worker-prosody-5d8fbffd47-w8x4g lead-manager 	from /usr/local/bundle/gems/activerecord-8.0.2/lib/active_record/core.rb:442:in `cached_find_by'
lead-manager-worker-prosody-5d8fbffd47-w8x4g lead-manager 	from /usr/local/bundle/gems/activerecord-8.0.2/lib/active_record/core.rb:327:in `find_by'
lead-manager-worker-prosody-5d8fbffd47-w8x4g lead-manager 	from /usr/src/app/services/prosody_handlers/crm_agent_asserted.rb:5:in `perform'
lead-manager-worker-prosody-5d8fbffd47-w8x4g lead-manager 	from /usr/src/app/services/prosody_handler.rb:9:in `on_message'
lead-manager-worker-prosody-5d8fbffd47-w8x4g lead-manager 	from /usr/local/bundle/gems/prosody-1.1.1-x86_64-linux/lib/prosody/processor.rb:281:in `block (2 levels) in start_worker'
lead-manager-worker-prosody-5d8fbffd47-w8x4g lead-manager 	from /usr/local/bundle/gems/opentelemetry-api-1.7.0/lib/opentelemetry/trace.rb:70:in `block in with_span'
lead-manager-worker-prosody-5d8fbffd47-w8x4g lead-manager 	from /usr/local/bundle/gems/opentelemetry-api-1.7.0/lib/opentelemetry/context.rb:88:in `with_value'
lead-manager-worker-prosody-5d8fbffd47-w8x4g lead-manager 	from /usr/local/bundle/gems/opentelemetry-api-1.7.0/lib/opentelemetry/trace.rb:70:in `with_span'
lead-manager-worker-prosody-5d8fbffd47-w8x4g lead-manager 	from /usr/local/bundle/gems/prosody-1.1.1-x86_64-linux/lib/prosody/processor.rb:279:in `block in start_worker'
lead-manager-worker-prosody-5d8fbffd47-w8x4g lead-manager 	from /usr/local/bundle/gems/async-2.32.0/lib/async/task.rb:207:in `block in run'
lead-manager-worker-prosody-5d8fbffd47-w8x4g lead-manager 	from /usr/local/bundle/gems/async-2.32.0/lib/async/task.rb:452:in `block in schedule'
lead-manager-worker-prosody-5d8fbffd47-w8x4g lead-manager /usr/local/bundle/gems/mysql2-0.5.5/lib/mysql2/client.rb:151:in `_query': This connection is in use by: #<Fiber:0x00007f10cc85bef0 /usr/local/bundle/gems/async-2.32.0/lib/async/task.rb:450 (suspended)> (Mysql2::Error)
lead-manager-worker-prosody-5d8fbffd47-w8x4g lead-manager 	from /usr/local/bundle/gems/mysql2-0.5.5/lib/mysql2/client.rb:151:in `block in query'
lead-manager-worker-prosody-5d8fbffd47-w8x4g lead-manager 	from /usr/local/bundle/gems/mysql2-0.5.5/lib/mysql2/client.rb:150:in `handle_interrupt'
lead-manager-worker-prosody-5d8fbffd47-w8x4g lead-manager 	from /usr/local/bundle/gems/mysql2-0.5.5/lib/mysql2/client.rb:150:in `query'
lead-manager-worker-prosody-5d8fbffd47-w8x4g lead-manager 	from /usr/local/bundle/gems/prometheus_exporter-2.1.0/lib/prometheus_exporter/instrumentation/method_profiler.rb:80:in `query'
lead-manager-worker-prosody-5d8fbffd47-w8x4g lead-manager 	from /usr/local/bundle/gems/activerecord-8.0.2/lib/active_record/connection_adapters/mysql2/database_statements.rb:54:in `block in perform_query'
lead-manager-worker-prosody-5d8fbffd47-w8x4g lead-manager 	from /usr/local/bundle/gems/activesupport-8.0.2/lib/active_support/concurrency/share_lock.rb:186:in `yield_shares'
lead-manager-worker-prosody-5d8fbffd47-w8x4g lead-manager 	from /usr/local/bundle/gems/activesupport-8.0.2/lib/active_support/dependencies/interlock.rb:41:in `permit_concurrent_loads'
lead-manager-worker-prosody-5d8fbffd47-w8x4g lead-manager 	from /usr/local/bundle/gems/activerecord-8.0.2/lib/active_record/connection_adapters/mysql2/database_statements.rb:53:in `perform_query'
lead-manager-worker-prosody-5d8fbffd47-w8x4g lead-manager 	from /usr/local/bundle/gems/activerecord-8.0.2/lib/active_record/connection_adapters/abstract/database_statements.rb:556:in `block (2 levels) in raw_execute'
lead-manager-worker-prosody-5d8fbffd47-w8x4g lead-manager 	from /usr/local/bundle/gems/activerecord-8.0.2/lib/active_record/connection_adapters/abstract_adapter.rb:1015:in `block in with_raw_connection'
lead-manager-worker-prosody-5d8fbffd47-w8x4g lead-manager 	from /usr/local/bundle/gems/activesupport-8.0.2/lib/active_support/concurrency/null_lock.rb:9:in `synchronize'
lead-manager-worker-prosody-5d8fbffd47-w8x4g lead-manager 	from /usr/local/bundle/gems/activerecord-8.0.2/lib/active_record/connection_adapters/abstract_adapter.rb:984:in `with_raw_connection'
lead-manager-worker-prosody-5d8fbffd47-w8x4g lead-manager 	from /usr/local/bundle/gems/activerecord-8.0.2/lib/active_record/connection_adapters/abstract/database_statements.rb:555:in `block in raw_execute'
lead-manager-worker-prosody-5d8fbffd47-w8x4g lead-manager 	from /usr/local/bundle/gems/activesupport-8.0.2/lib/active_support/notifications/instrumenter.rb:58:in `instrument'
lead-manager-worker-prosody-5d8fbffd47-w8x4g lead-manager 	from /usr/local/bundle/gems/activerecord-8.0.2/lib/active_record/connection_adapters/abstract_adapter.rb:1135:in `log'
lead-manager-worker-prosody-5d8fbffd47-w8x4g lead-manager 	from /usr/local/bundle/gems/activerecord-8.0.2/lib/active_record/connection_adapters/abstract/database_statements.rb:554:in `raw_execute'
lead-manager-worker-prosody-5d8fbffd47-w8x4g lead-manager 	from /usr/local/bundle/gems/activerecord-8.0.2/lib/active_record/connection_adapters/abstract/database_statements.rb:591:in `internal_execute'
lead-manager-worker-prosody-5d8fbffd47-w8x4g lead-manager 	from /usr/local/bundle/gems/activerecord-8.0.2/lib/active_record/connection_adapters/abstract/database_statements.rb:547:in `internal_exec_query'
lead-manager-worker-prosody-5d8fbffd47-w8x4g lead-manager 	from /usr/local/bundle/gems/activerecord-8.0.2/lib/active_record/connection_adapters/abstract/database_statements.rb:693:in `select'
lead-manager-worker-prosody-5d8fbffd47-w8x4g lead-manager 	from /usr/local/bundle/gems/activerecord-8.0.2/lib/active_record/connection_adapters/abstract/database_statements.rb:73:in `select_all'
lead-manager-worker-prosody-5d8fbffd47-w8x4g lead-manager 	from /usr/local/bundle/gems/activerecord-8.0.2/lib/active_record/connection_adapters/abstract/query_cache.rb:251:in `select_all'
lead-manager-worker-prosody-5d8fbffd47-w8x4g lead-manager 	from /usr/local/bundle/gems/activerecord-8.0.2/lib/active_record/connection_adapters/mysql2/database_statements.rb:12:in `select_all'
lead-manager-worker-prosody-5d8fbffd47-w8x4g lead-manager 	from /usr/local/bundle/gems/activerecord-8.0.2/lib/active_record/querying.rb:68:in `_query_by_sql'
lead-manager-worker-prosody-5d8fbffd47-w8x4g lead-manager 	from /usr/local/bundle/gems/activerecord-8.0.2/lib/active_record/querying.rb:53:in `block in find_by_sql'
lead-manager-worker-prosody-5d8fbffd47-w8x4g lead-manager 	from /usr/local/bundle/gems/activerecord-8.0.2/lib/active_record/connection_adapters/abstract/connection_pool.rb:412:in `with_connection'
lead-manager-worker-prosody-5d8fbffd47-w8x4g lead-manager 	from /usr/local/bundle/gems/activerecord-8.0.2/lib/active_record/connection_handling.rb:310:in `with_connection'
lead-manager-worker-prosody-5d8fbffd47-w8x4g lead-manager 	from /usr/local/bundle/gems/activerecord-8.0.2/lib/active_record/querying.rb:52:in `find_by_sql'
lead-manager-worker-prosody-5d8fbffd47-w8x4g lead-manager 	from /usr/local/bundle/gems/activerecord-8.0.2/lib/active_record/statement_cache.rb:152:in `execute'
lead-manager-worker-prosody-5d8fbffd47-w8x4g lead-manager 	from /usr/local/bundle/gems/activerecord-8.0.2/lib/active_record/core.rb:454:in `block in cached_find_by'
lead-manager-worker-prosody-5d8fbffd47-w8x4g lead-manager 	from /usr/local/bundle/gems/activerecord-8.0.2/lib/active_record/connection_adapters/abstract/connection_pool.rb:412:in `with_connection'
lead-manager-worker-prosody-5d8fbffd47-w8x4g lead-manager 	from /usr/local/bundle/gems/activerecord-8.0.2/lib/active_record/connection_handling.rb:310:in `with_connection'
lead-manager-worker-prosody-5d8fbffd47-w8x4g lead-manager 	from /usr/local/bundle/gems/activerecord-8.0.2/lib/active_record/core.rb:442:in `cached_find_by'
lead-manager-worker-prosody-5d8fbffd47-w8x4g lead-manager 	from /usr/local/bundle/gems/activerecord-8.0.2/lib/active_record/core.rb:327:in `find_by'
lead-manager-worker-prosody-5d8fbffd47-w8x4g lead-manager 	from /usr/src/app/services/prosody_handlers/crm_agent_asserted.rb:5:in `perform'
lead-manager-worker-prosody-5d8fbffd47-w8x4g lead-manager 	from /usr/src/app/services/prosody_handler.rb:9:in `on_message'
lead-manager-worker-prosody-5d8fbffd47-w8x4g lead-manager 	from /usr/local/bundle/gems/prosody-1.1.1-x86_64-linux/lib/prosody/processor.rb:281:in `block (2 levels) in start_worker'
lead-manager-worker-prosody-5d8fbffd47-w8x4g lead-manager 	from /usr/local/bundle/gems/opentelemetry-api-1.7.0/lib/opentelemetry/trace.rb:70:in `block in with_span'
lead-manager-worker-prosody-5d8fbffd47-w8x4g lead-manager 	from /usr/local/bundle/gems/opentelemetry-api-1.7.0/lib/opentelemetry/context.rb:88:in `with_value'
lead-manager-worker-prosody-5d8fbffd47-w8x4g lead-manager 	from /usr/local/bundle/gems/opentelemetry-api-1.7.0/lib/opentelemetry/trace.rb:70:in `with_span'
lead-manager-worker-prosody-5d8fbffd47-w8x4g lead-manager 	from /usr/local/bundle/gems/prosody-1.1.1-x86_64-linux/lib/prosody/processor.rb:279:in `block in start_worker'
lead-manager-worker-prosody-5d8fbffd47-w8x4g lead-manager 	from /usr/local/bundle/gems/async-2.32.0/lib/async/task.rb:207:in `block in run'
lead-manager-worker-prosody-5d8fbffd47-w8x4g lead-manager 	from /usr/local/bundle/gems/async-2.32.0/lib/async/task.rb:452:in `block in schedule'
lead-manager-worker-prosody-5d8fbffd47-w8x4g lead-manager ; retrying after 37ms module=prosody::consumer::failure::retry line=342 partition=0 key=realgeeks:77981 offset=192 attempt=1 topic=witco.agent-events
lead-manager-worker-prosody-5d8fbffd47-w8x4g lead-manager D, [2025-09-23T18:53:04.819050 #1] DEBUG -- : Task witco.agent-events/0:187 completed successfully
lead-manager-worker-prosody-5d8fbffd47-w8x4g lead-manager D, [2025-09-23T18:53:04.819889 #1] DEBUG -- : Executing task witco.agent-events/0:190
lead-manager-worker-prosody-5d8fbffd47-4tlhj lead-manager D, [2025-09-23T18:53:04.830441 #1] DEBUG -- : Task witco.agent-events/6:3324 completed successfully
lead-manager-worker-prosody-5d8fbffd47-4tlhj lead-manager D, [2025-09-23T18:53:04.830926 #1] DEBUG -- : Executing task witco.agent-events/6:3325
lead-manager-worker-prosody-5d8fbffd47-w8x4g lead-manager D, [2025-09-23T18:53:04.842666 #1] DEBUG -- : Executing task witco.agent-events/0:192
lead-manager-worker-prosody-5d8fbffd47-w8x4g lead-manager 
lead-manager-worker-prosody-5d8fbffd47-w8x4g lead-manager thread '<unnamed>' panicked at /home/runner/work/prosody-rb/prosody-rb/tmp/cargo-vendor/tokio/src/runtime/context/current.rs:82:21:
lead-manager-worker-prosody-5d8fbffd47-w8x4g lead-manager `EnterGuard` values dropped out of order. Guards returned by `tokio::runtime::Handle::enter()` must be dropped in the reverse order as they were acquired.
lead-manager-worker-prosody-5d8fbffd47-w8x4g lead-manager note: run with `RUST_BACKTRACE=1` environment variable to display a backtrace
lead-manager-worker-prosody-5d8fbffd47-w8x4g lead-manager #<Thread:0x00007f10d1b2db88 /usr/local/bundle/gems/prosody-1.1.1-x86_64-linux/lib/prosody/processor.rb:124 run> terminated with exception (report_on_exception is true):
lead-manager-worker-prosody-5d8fbffd47-w8x4g lead-manager /usr/src/app/services/send_message.rb:15:in `send_message': `EnterGuard` values dropped out of order. Guards returned by `tokio::runtime::Handle::enter()` must be dropped in the reverse order as they were acquired. (fatal)
lead-manager-worker-prosody-5d8fbffd47-w8x4g lead-manager 	from /usr/src/app/services/send_message.rb:15:in `perform'
lead-manager-worker-prosody-5d8fbffd47-w8x4g lead-manager 	from /usr/src/app/services/send_message/asserted.rb:16:in `perform'
lead-manager-worker-prosody-5d8fbffd47-w8x4g lead-manager 	from /usr/src/app/services/prosody_handlers/crm_agent_asserted.rb:9:in `perform'
lead-manager-worker-prosody-5d8fbffd47-w8x4g lead-manager 	from /usr/src/app/services/prosody_handler.rb:9:in `on_message'
lead-manager-worker-prosody-5d8fbffd47-w8x4g lead-manager 	from /usr/local/bundle/gems/prosody-1.1.1-x86_64-linux/lib/prosody/processor.rb:281:in `block (2 levels) in start_worker'
lead-manager-worker-prosody-5d8fbffd47-w8x4g lead-manager 	from /usr/local/bundle/gems/opentelemetry-api-1.7.0/lib/opentelemetry/trace.rb:70:in `block in with_span'
lead-manager-worker-prosody-5d8fbffd47-w8x4g lead-manager 	from /usr/local/bundle/gems/opentelemetry-api-1.7.0/lib/opentelemetry/context.rb:88:in `with_value'
lead-manager-worker-prosody-5d8fbffd47-w8x4g lead-manager 	from /usr/local/bundle/gems/opentelemetry-api-1.7.0/lib/opentelemetry/trace.rb:70:in `with_span'
lead-manager-worker-prosody-5d8fbffd47-w8x4g lead-manager 	from /usr/local/bundle/gems/prosody-1.1.1-x86_64-linux/lib/prosody/processor.rb:279:in `block in start_worker'
lead-manager-worker-prosody-5d8fbffd47-w8x4g lead-manager 	from /usr/local/bundle/gems/async-2.32.0/lib/async/task.rb:207:in `block in run'
lead-manager-worker-prosody-5d8fbffd47-w8x4g lead-manager 	from /usr/local/bundle/gems/async-2.32.0/lib/async/task.rb:452:in `block in schedule'
lead-manager-worker-prosody-5d8fbffd47-4tlhj lead-manager D, [2025-09-23T18:53:04.862444 #1] DEBUG -- : Task witco.agent-events/6:3325 completed successfully
lead-manager-worker-prosody-5d8fbffd47-4tlhj lead-manager D, [2025-09-23T18:53:04.863129 #1] DEBUG -- : Executing task witco.agent-events/6:3326
lead-manager-worker-prosody-5d8fbffd47-4tlhj lead-manager D, [2025-09-23T18:53:04.894195 #1] DEBUG -- : Task witco.agent-events/6:3326 completed successfully
lead-manager-worker-prosody-5d8fbffd47-4tlhj lead-manager D, [2025-09-23T18:53:04.896937 #1] DEBUG -- : Executing task witco.agent-events/6:3327
lead-manager-worker-prosody-5d8fbffd47-4tlhj lead-manager D, [2025-09-23T18:53:04.934158 #1] DEBUG -- : Task witco.agent-events/6:3327 completed successfully
lead-manager-worker-prosody-5d8fbffd47-4tlhj lead-manager D, [2025-09-23T18:53:04.934548 #1] DEBUG -- : Executing task witco.agent-events/6:3328
lead-manager-worker-prosody-5d8fbffd47-4tlhj lead-manager D, [2025-09-23T18:53:04.959079 #1] DEBUG -- : Task witco.agent-events/6:3328 completed successfully
lead-manager-worker-prosody-5d8fbffd47-4tlhj lead-manager D, [2025-09-23T18:53:04.959501 #1] DEBUG -- : Executing task witco.agent-events/6:3329
lead-manager-worker-prosody-5d8fbffd47-4tlhj lead-manager D, [2025-09-23T18:53:05.009584 #1] DEBUG -- : Task witco.agent-events/6:3329 completed successfully
lead-manager-worker-prosody-5d8fbffd47-4tlhj lead-manager D, [2025-09-23T18:53:05.010236 #1] DEBUG -- : Executing task witco.agent-events/6:3330
lead-manager-worker-prosody-5d8fbffd47-4tlhj lead-manager D, [2025-09-23T18:53:05.038326 #1] DEBUG -- : Task witco.agent-events/6:3330 completed successfully
lead-manager-worker-prosody-5d8fbffd47-4tlhj lead-manager D, [2025-09-23T18:53:05.038957 #1] DEBUG -- : Executing task witco.agent-events/6:3331
lead-manager-worker-prosody-5d8fbffd47-4tlhj lead-manager D, [2025-09-23T18:53:05.062543 #1] DEBUG -- : Task witco.agent-events/6:3331 completed successfully
lead-manager-worker-prosody-5d8fbffd47-4tlhj lead-manager D, [2025-09-23T18:53:05.064016 #1] DEBUG -- : Executing task witco.agent-events/6:3332
lead-manager-worker-prosody-5d8fbffd47-4tlhj lead-manager D, [2025-09-23T18:53:05.107817 #1] DEBUG -- : Task witco.agent-events/6:3332 completed successfully
lead-manager-worker-prosody-5d8fbffd47-4tlhj lead-manager D, [2025-09-23T18:53:05.109452 #1] DEBUG -- : Executing task witco.agent-events/6:3333
lead-manager-worker-prosody-5d8fbffd47-4tlhj lead-manager D, [2025-09-23T18:53:05.143332 #1] DEBUG -- : Task witco.agent-events/6:3333 completed successfully
lead-manager-worker-prosody-5d8fbffd47-4tlhj lead-manager D, [2025-09-23T18:53:05.148305 #1] DEBUG -- : Executing task witco.agent-events/6:3334
lead-manager-worker-prosody-5d8fbffd47-4tlhj lead-manager D, [2025-09-23T18:53:05.198941 #1] DEBUG -- : Task witco.agent-events/6:3334 completed successfully
lead-manager-worker-prosody-5d8fbffd47-4tlhj lead-manager D, [2025-09-23T18:53:05.199527 #1] DEBUG -- : Executing task witco.agent-events/6:3335
lead-manager-worker-prosody-5d8fbffd47-4tlhj lead-manager D, [2025-09-23T18:53:05.228955 #1] DEBUG -- : Task witco.agent-events/6:3335 completed successfully
lead-manager-worker-prosody-5d8fbffd47-4tlhj lead-manager D, [2025-09-23T18:53:05.230700 #1] DEBUG -- : Executing task witco.agent-events/6:3336
lead-manager-worker-prosody-5d8fbffd47-4tlhj lead-manager D, [2025-09-23T18:53:05.271634 #1] DEBUG -- : Task witco.agent-events/6:3336 completed successfully
lead-manager-worker-prosody-5d8fbffd47-4tlhj lead-manager D, [2025-09-23T18:53:05.272072 #1] DEBUG -- : Executing task witco.agent-events/6:3337
lead-manager-worker-prosody-5d8fbffd47-4tlhj lead-manager D, [2025-09-23T18:53:05.303613 #1] DEBUG -- : Task witco.agent-events/6:3337 completed successfully
lead-manager-worker-prosody-5d8fbffd47-4tlhj lead-manager D, [2025-09-23T18:53:05.304294 #1] DEBUG -- : Executing task witco.agent-events/6:3338
lead-manager-worker-prosody-5d8fbffd47-4tlhj lead-manager D, [2025-09-23T18:53:05.351921 #1] DEBUG -- : Task witco.agent-events/6:3338 completed successfully
lead-manager-worker-prosody-5d8fbffd47-4tlhj lead-manager D, [2025-09-23T18:53:05.352284 #1] DEBUG -- : Executing task witco.agent-events/6:3339
lead-manager-worker-prosody-5d8fbffd47-4tlhj lead-manager D, [2025-09-23T18:53:05.381441 #1] DEBUG -- : Task witco.agent-events/6:3339 completed successfully
lead-manager-worker-prosody-5d8fbffd47-4tlhj lead-manager D, [2025-09-23T18:53:05.381960 #1] DEBUG -- : Executing task witco.agent-events/6:3340
lead-manager-worker-prosody-5d8fbffd47-4tlhj lead-manager D, [2025-09-23T18:53:05.407510 #1] DEBUG -- : Task witco.agent-events/6:3340 completed successfully
lead-manager-worker-prosody-5d8fbffd47-4tlhj lead-manager D, [2025-09-23T18:53:05.408023 #1] DEBUG -- : Executing task witco.agent-events/6:3341
lead-manager-worker-prosody-5d8fbffd47-4tlhj lead-manager D, [2025-09-23T18:53:05.455274 #1] DEBUG -- : Task witco.agent-events/6:3341 completed successfully
lead-manager-worker-prosody-5d8fbffd47-4tlhj lead-manager D, [2025-09-23T18:53:05.455614 #1] DEBUG -- : Executing task witco.agent-events/6:3342
lead-manager-worker-prosody-5d8fbffd47-4tlhj lead-manager D, [2025-09-23T18:53:05.500918 #1] DEBUG -- : Task witco.agent-events/6:3342 completed successfully
lead-manager-worker-prosody-5d8fbffd47-4tlhj lead-manager D, [2025-09-23T18:53:05.502137 #1] DEBUG -- : Executing task witco.agent-events/6:3343
lead-manager-worker-prosody-5d8fbffd47-4tlhj lead-manager D, [2025-09-23T18:53:05.534809 #1] DEBUG -- : Task witco.agent-events/6:3343 completed successfully
lead-manager-worker-prosody-5d8fbffd47-4tlhj lead-manager D, [2025-09-23T18:53:05.535772 #1] DEBUG -- : Executing task witco.agent-events/6:3344
lead-manager-worker-prosody-5d8fbffd47-4tlhj lead-manager D, [2025-09-23T18:53:05.574119 #1] DEBUG -- : Task witco.agent-events/6:3344 completed successfully
lead-manager-worker-prosody-5d8fbffd47-4tlhj lead-manager D, [2025-09-23T18:53:05.574909 #1] DEBUG -- : Executing task witco.agent-events/6:3345
lead-manager-worker-prosody-5d8fbffd47-4tlhj lead-manager D, [2025-09-23T18:53:05.601208 #1] DEBUG -- : Task witco.agent-events/6:3345 completed successfully
lead-manager-worker-prosody-5d8fbffd47-4tlhj lead-manager D, [2025-09-23T18:53:05.601555 #1] DEBUG -- : Executing task witco.agent-events/6:3346
lead-manager-worker-prosody-5d8fbffd47-4tlhj lead-manager D, [2025-09-23T18:53:05.636396 #1] DEBUG -- : Task witco.agent-events/6:3346 completed successfully
lead-manager-worker-prosody-5d8fbffd47-4tlhj lead-manager D, [2025-09-23T18:53:05.636787 #1] DEBUG -- : Executing task witco.agent-events/6:3347
lead-manager-worker-prosody-5d8fbffd47-4tlhj lead-manager D, [2025-09-23T18:53:05.656804 #1] DEBUG -- : Task witco.agent-events/6:3347 completed successfully
lead-manager-worker-prosody-5d8fbffd47-4tlhj lead-manager D, [2025-09-23T18:53:05.657468 #1] DEBUG -- : Executing task witco.agent-events/6:3348
lead-manager-worker-prosody-5d8fbffd47-4tlhj lead-manager D, [2025-09-23T18:53:05.683181 #1] DEBUG -- : Task witco.agent-events/6:3348 completed successfully
lead-manager-worker-prosody-5d8fbffd47-4tlhj lead-manager D, [2025-09-23T18:53:05.683617 #1] DEBUG -- : Executing task witco.agent-events/6:3349
lead-manager-worker-prosody-5d8fbffd47-4tlhj lead-manager D, [2025-09-23T18:53:05.703235 #1] DEBUG -- : Task witco.agent-events/6:3349 completed successfully
lead-manager-worker-prosody-5d8fbffd47-4tlhj lead-manager D, [2025-09-23T18:53:05.703570 #1] DEBUG -- : Executing task witco.agent-events/6:3350
lead-manager-worker-prosody-5d8fbffd47-4tlhj lead-manager D, [2025-09-23T18:53:05.734719 #1] DEBUG -- : Task witco.agent-events/6:3350 completed successfully
lead-manager-worker-prosody-5d8fbffd47-4tlhj lead-manager D, [2025-09-23T18:53:05.735436 #1] DEBUG -- : Executing task witco.agent-events/6:3351
lead-manager-worker-prosody-5d8fbffd47-4tlhj lead-manager D, [2025-09-23T18:53:05.759626 #1] DEBUG -- : Task witco.agent-events/6:3351 completed successfully
lead-manager-worker-prosody-5d8fbffd47-4tlhj lead-manager D, [2025-09-23T18:53:05.760070 #1] DEBUG -- : Executing task witco.agent-events/6:3352
lead-manager-worker-prosody-5d8fbffd47-4tlhj lead-manager D, [2025-09-23T18:53:05.818941 #1] DEBUG -- : Task witco.agent-events/6:3352 completed successfully
lead-manager-worker-prosody-5d8fbffd47-4tlhj lead-manager D, [2025-09-23T18:53:05.822159 #1] DEBUG -- : Executing task witco.agent-events/6:3353
lead-manager-worker-prosody-5d8fbffd47-4tlhj lead-manager D, [2025-09-23T18:53:05.876748 #1] DEBUG -- : Task witco.agent-events/6:3353 completed successfully
lead-manager-worker-prosody-5d8fbffd47-4tlhj lead-manager D, [2025-09-23T18:53:05.877423 #1] DEBUG -- : Executing task witco.agent-events/6:3354
lead-manager-worker-prosody-5d8fbffd47-4tlhj lead-manager D, [2025-09-23T18:53:05.900380 #1] DEBUG -- : Task witco.agent-events/6:3354 completed successfully
lead-manager-worker-prosody-5d8fbffd47-4tlhj lead-manager D, [2025-09-23T18:53:05.900895 #1] DEBUG -- : Executing task witco.agent-events/6:3355
lead-manager-worker-prosody-5d8fbffd47-4tlhj lead-manager D, [2025-09-23T18:53:05.939504 #1] DEBUG -- : Task witco.agent-events/6:3355 completed successfully
lead-manager-worker-prosody-5d8fbffd47-4tlhj lead-manager D, [2025-09-23T18:53:05.939892 #1] DEBUG -- : Executing task witco.agent-events/6:3356
lead-manager-worker-prosody-5d8fbffd47-4tlhj lead-manager D, [2025-09-23T18:53:05.979569 #1] DEBUG -- : Task witco.agent-events/6:3356 completed successfully
lead-manager-worker-prosody-5d8fbffd47-4tlhj lead-manager D, [2025-09-23T18:53:05.980003 #1] DEBUG -- : Executing task witco.agent-events/6:3357
lead-manager-worker-prosody-5d8fbffd47-4tlhj lead-manager D, [2025-09-23T18:53:06.008516 #1] DEBUG -- : Task witco.agent-events/6:3357 completed successfully
lead-manager-worker-prosody-5d8fbffd47-4tlhj lead-manager D, [2025-09-23T18:53:06.008820 #1] DEBUG -- : Executing task witco.agent-events/6:3358
lead-manager-worker-prosody-5d8fbffd47-4tlhj lead-manager D, [2025-09-23T18:53:06.032026 #1] DEBUG -- : Task witco.agent-events/6:3358 completed successfully
lead-manager-worker-prosody-5d8fbffd47-4tlhj lead-manager D, [2025-09-23T18:53:06.032705 #1] DEBUG -- : Executing task witco.agent-events/6:3359
lead-manager-worker-prosody-5d8fbffd47-4tlhj lead-manager D, [2025-09-23T18:53:06.060083 #1] DEBUG -- : Task witco.agent-events/6:3359 completed successfully
lead-manager-worker-prosody-5d8fbffd47-4tlhj lead-manager D, [2025-09-23T18:53:06.060712 #1] DEBUG -- : Executing task witco.agent-events/6:3360
lead-manager-worker-prosody-5d8fbffd47-4tlhj lead-manager D, [2025-09-23T18:53:06.089360 #1] DEBUG -- : Task witco.agent-events/6:3360 completed successfully
lead-manager-worker-prosody-5d8fbffd47-4tlhj lead-manager D, [2025-09-23T18:53:06.090112 #1] DEBUG -- : Executing task witco.agent-events/6:3361
lead-manager-worker-prosody-5d8fbffd47-4tlhj lead-manager D, [2025-09-23T18:53:06.114237 #1] DEBUG -- : Task witco.agent-events/6:3361 completed successfully
lead-manager-worker-prosody-5d8fbffd47-4tlhj lead-manager D, [2025-09-23T18:53:06.115827 #1] DEBUG -- : Executing task witco.agent-events/6:3362
lead-manager-worker-prosody-5d8fbffd47-4tlhj lead-manager D, [2025-09-23T18:53:06.144347 #1] DEBUG -- : Task witco.agent-events/6:3362 completed successfully
lead-manager-worker-prosody-5d8fbffd47-4tlhj lead-manager D, [2025-09-23T18:53:06.144995 #1] DEBUG -- : Executing task witco.agent-events/6:3363
lead-manager-worker-prosody-5d8fbffd47-4tlhj lead-manager D, [2025-09-23T18:53:06.165520 #1] DEBUG -- : Task witco.agent-events/6:3363 completed successfully
lead-manager-worker-prosody-5d8fbffd47-4tlhj lead-manager D, [2025-09-23T18:53:06.166385 #1] DEBUG -- : Executing task witco.agent-events/6:3364
lead-manager-worker-prosody-5d8fbffd47-4tlhj lead-manager D, [2025-09-23T18:53:06.188434 #1] DEBUG -- : Task witco.agent-events/6:3364 completed successfully
lead-manager-worker-prosody-5d8fbffd47-4tlhj lead-manager D, [2025-09-23T18:53:06.188733 #1] DEBUG -- : Executing task witco.agent-events/6:3365
lead-manager-worker-prosody-5d8fbffd47-4tlhj lead-manager D, [2025-09-23T18:53:06.220250 #1] DEBUG -- : Task witco.agent-events/6:3365 completed successfully
lead-manager-worker-prosody-5d8fbffd47-4tlhj lead-manager D, [2025-09-23T18:53:06.220646 #1] DEBUG -- : Executing task witco.agent-events/6:3366
lead-manager-worker-prosody-5d8fbffd47-4tlhj lead-manager D, [2025-09-23T18:53:06.242421 #1] DEBUG -- : Task witco.agent-events/6:3366 completed successfully
lead-manager-worker-prosody-5d8fbffd47-4tlhj lead-manager D, [2025-09-23T18:53:06.243983 #1] DEBUG -- : Executing task witco.agent-events/6:3367
lead-manager-worker-prosody-5d8fbffd47-4tlhj lead-manager D, [2025-09-23T18:53:06.288417 #1] DEBUG -- : Task witco.agent-events/6:3367 completed successfully
lead-manager-worker-prosody-5d8fbffd47-4tlhj lead-manager D, [2025-09-23T18:53:06.289783 #1] DEBUG -- : Executing task witco.agent-events/6:3368
lead-manager-worker-prosody-5d8fbffd47-4tlhj lead-manager D, [2025-09-23T18:53:06.317580 #1] DEBUG -- : Task witco.agent-events/6:3368 completed successfully
lead-manager-worker-prosody-5d8fbffd47-4tlhj lead-manager D, [2025-09-23T18:53:06.317984 #1] DEBUG -- : Executing task witco.agent-events/6:3369
lead-manager-worker-prosody-5d8fbffd47-4tlhj lead-manager D, [2025-09-23T18:53:06.346058 #1] DEBUG -- : Task witco.agent-events/6:3369 completed successfully
lead-manager-worker-prosody-5d8fbffd47-4tlhj lead-manager D, [2025-09-23T18:53:06.346314 #1] DEBUG -- : Executing task witco.agent-events/6:3370
lead-manager-worker-prosody-5d8fbffd47-4tlhj lead-manager D, [2025-09-23T18:53:06.393363 #1] DEBUG -- : Task witco.agent-events/6:3370 completed successfully
lead-manager-worker-prosody-5d8fbffd47-4tlhj lead-manager D, [2025-09-23T18:53:06.393901 #1] DEBUG -- : Executing task witco.agent-events/6:3371
lead-manager-worker-prosody-5d8fbffd47-4tlhj lead-manager D, [2025-09-23T18:53:06.434638 #1] DEBUG -- : Task witco.agent-events/6:3371 completed successfully
lead-manager-worker-prosody-5d8fbffd47-4tlhj lead-manager D, [2025-09-23T18:53:06.435059 #1] DEBUG -- : Executing task witco.agent-events/6:3372
lead-manager-worker-prosody-5d8fbffd47-4tlhj lead-manager D, [2025-09-23T18:53:06.500688 #1] DEBUG -- : Task witco.agent-events/6:3372 completed successfully
lead-manager-worker-prosody-5d8fbffd47-4tlhj lead-manager D, [2025-09-23T18:53:06.502421 #1] DEBUG -- : Executing task witco.agent-events/6:3373
lead-manager-worker-prosody-5d8fbffd47-4tlhj lead-manager D, [2025-09-23T18:53:06.536465 #1] DEBUG -- : Task witco.agent-events/6:3373 completed successfully
lead-manager-worker-prosody-5d8fbffd47-4tlhj lead-manager D, [2025-09-23T18:53:06.537013 #1] DEBUG -- : Executing task witco.agent-events/6:3374
lead-manager-worker-prosody-5d8fbffd47-4tlhj lead-manager D, [2025-09-23T18:53:06.561947 #1] DEBUG -- : Task witco.agent-events/6:3374 completed successfully
lead-manager-worker-prosody-5d8fbffd47-4tlhj lead-manager D, [2025-09-23T18:53:06.562931 #1] DEBUG -- : Executing task witco.agent-events/6:3375
lead-manager-worker-prosody-5d8fbffd47-w8x4g lead-manager I, [2025-09-23T18:53:06.576864 #1]  INFO -- : message with id 59d48fb6-dfc0-516e-9f05-1bd17af1e1cf already processed; skipping module=prosody::consumer::partition line=731
lead-manager-worker-prosody-5d8fbffd47-4tlhj lead-manager D, [2025-09-23T18:53:06.581398 #1] DEBUG -- : Task witco.agent-events/6:3375 completed successfully
lead-manager-worker-prosody-5d8fbffd47-4tlhj lead-manager D, [2025-09-23T18:53:06.581738 #1] DEBUG -- : Executing task witco.agent-events/6:3376
lead-manager-worker-prosody-5d8fbffd47-4tlhj lead-manager D, [2025-09-23T18:53:06.649361 #1] DEBUG -- : Task witco.agent-events/6:3376 completed successfully
lead-manager-worker-prosody-5d8fbffd47-4tlhj lead-manager D, [2025-09-23T18:53:07.575457 #1] DEBUG -- : Executing task witco.agent-events/6:3377
lead-manager-worker-prosody-5d8fbffd47-4tlhj lead-manager D, [2025-09-23T18:53:07.596944 #1] DEBUG -- : Task witco.agent-events/6:3377 completed successfully
lead-manager-worker-prosody-5d8fbffd47-4tlhj lead-manager D, [2025-09-23T18:53:10.575427 #1] DEBUG -- : Executing task witco.agent-events/6:3378
lead-manager-worker-prosody-5d8fbffd47-4tlhj lead-manager D, [2025-09-23T18:53:10.594238 #1] DEBUG -- : Task witco.agent-events/6:3378 completed successfully
lead-manager-worker-prosody-5d8fbffd47-4tlhj lead-manager D, [2025-09-23T18:53:10.594571 #1] DEBUG -- : Executing task witco.agent-events/6:3379
lead-manager-worker-prosody-5d8fbffd47-4tlhj lead-manager D, [2025-09-23T18:53:10.619077 #1] DEBUG -- : Task witco.agent-events/6:3379 completed successfully
lead-manager-worker-prosody-5d8fbffd47-4tlhj lead-manager D, [2025-09-23T18:53:11.582776 #1] DEBUG -- : Executing task witco.agent-events/6:3380
lead-manager-worker-prosody-5d8fbffd47-4tlhj lead-manager D, [2025-09-23T18:53:11.615868 #1] DEBUG -- : Task witco.agent-events/6:3380 completed successfully
lead-manager-worker-prosody-5d8fbffd47-4j89x lead-manager Shutting down gracefully...
lead-manager-worker-prosody-5d8fbffd47-4j89x lead-manager I, [2025-09-23T18:53:20.174700 #1]  INFO -- : shutting down consumer module=prosody::high_level line=269
lead-manager-worker-prosody-5d8fbffd47-4j89x lead-manager I, [2025-09-23T18:53:20.210616 #1]  INFO -- : revoking realgeeks.lead-manager.agent-events:1 module=prosody::consumer::kafka_context line=189
lead-manager-worker-prosody-5d8fbffd47-4j89x lead-manager I, [2025-09-23T18:53:20.210748 #1]  INFO -- : revoking realgeeks.lead-manager.agent-events:3 module=prosody::consumer::kafka_context line=189
lead-manager-worker-prosody-5d8fbffd47-4j89x lead-manager I, [2025-09-23T18:53:20.210778 #1]  INFO -- : revoking realgeeks.lead-manager.agent-events:5 module=prosody::consumer::kafka_context line=189
lead-manager-worker-prosody-5d8fbffd47-4j89x lead-manager I, [2025-09-23T18:53:20.210808 #1]  INFO -- : revoking realgeeks.lead-manager.agent-events:7 module=prosody::consumer::kafka_context line=189
lead-manager-worker-prosody-5d8fbffd47-4j89x lead-manager I, [2025-09-23T18:53:20.210839 #1]  INFO -- : revoking realgeeks.lead-manager.crm-events:2 module=prosody::consumer::kafka_context line=189
lead-manager-worker-prosody-5d8fbffd47-4j89x lead-manager I, [2025-09-23T18:53:20.210880 #1]  INFO -- : revoking realgeeks.lead-manager.lead-events:5 module=prosody::consumer::kafka_context line=189
lead-manager-worker-prosody-5d8fbffd47-4j89x lead-manager I, [2025-09-23T18:53:20.210914 #1]  INFO -- : revoking witco.lead-events:1 module=prosody::consumer::kafka_context line=189
lead-manager-worker-prosody-5d8fbffd47-4j89x lead-manager I, [2025-09-23T18:53:20.210990 #1]  INFO -- : revoking witco.lead-events:3 module=prosody::consumer::kafka_context line=189
lead-manager-worker-prosody-5d8fbffd47-4j89x lead-manager D, [2025-09-23T18:53:20.313008 #1] DEBUG -- : Stopping async task processor
lead-manager-worker-prosody-5d8fbffd47-4j89x lead-manager I, [2025-09-23T18:53:20.313563 #1]  INFO -- : probe server shutdown module=prosody::consumer::probes line=157
lead-manager-worker-prosody-5d8fbffd47-4j89x lead-manager D, [2025-09-23T18:53:20.314280 #1] DEBUG -- : Received shutdown command
lead-manager-worker-prosody-5d8fbffd47-8tpdd lead-manager Shutting down gracefully...
lead-manager-worker-prosody-5d8fbffd47-8tpdd lead-manager I, [2025-09-23T18:53:20.819701 #1]  INFO -- : shutting down consumer module=prosody::high_level line=269
lead-manager-worker-prosody-5d8fbffd47-8tpdd lead-manager I, [2025-09-23T18:53:20.889366 #1]  INFO -- : revoking realgeeks.lead-manager.crm-events:3 module=prosody::consumer::kafka_context line=189
lead-manager-worker-prosody-5d8fbffd47-8tpdd lead-manager I, [2025-09-23T18:53:20.889484 #1]  INFO -- : revoking realgeeks.lead-manager.lead-events:0 module=prosody::consumer::kafka_context line=189
lead-manager-worker-prosody-5d8fbffd47-8tpdd lead-manager I, [2025-09-23T18:53:20.889518 #1]  INFO -- : revoking realgeeks.lead-manager.lead-events:1 module=prosody::consumer::kafka_context line=189
lead-manager-worker-prosody-5d8fbffd47-8tpdd lead-manager I, [2025-09-23T18:53:20.889554 #1]  INFO -- : revoking realgeeks.lead-manager.lead-events:6 module=prosody::consumer::kafka_context line=189
lead-manager-worker-prosody-5d8fbffd47-8tpdd lead-manager I, [2025-09-23T18:53:20.889584 #1]  INFO -- : revoking witco.agent-events:2 module=prosody::consumer::kafka_context line=189
lead-manager-worker-prosody-5d8fbffd47-8tpdd lead-manager I, [2025-09-23T18:53:20.889617 #1]  INFO -- : revoking witco.agent-events:7 module=prosody::consumer::kafka_context line=189
lead-manager-worker-prosody-5d8fbffd47-8tpdd lead-manager I, [2025-09-23T18:53:20.889672 #1]  INFO -- : revoking witco.crm-events:4 module=prosody::consumer::kafka_context line=189
lead-manager-worker-prosody-5d8fbffd47-8tpdd lead-manager I, [2025-09-23T18:53:20.889706 #1]  INFO -- : revoking witco.lead-events:0 module=prosody::consumer::kafka_context line=189
lead-manager-worker-prosody-5d8fbffd47-8tpdd lead-manager D, [2025-09-23T18:53:20.991690 #1] DEBUG -- : Stopping async task processor
lead-manager-worker-prosody-5d8fbffd47-8tpdd lead-manager D, [2025-09-23T18:53:20.992360 #1] DEBUG -- : Received shutdown command
lead-manager-worker-prosody-5d8fbffd47-8tpdd lead-manager I, [2025-09-23T18:53:20.993475 #1]  INFO -- : probe server shutdown module=prosody::consumer::probes line=157
- lead-manager-worker-prosody-5d8fbffd47-4j89x › lead-manager
lead-manager-worker-prosody-5d8fbffd47-hczbx lead-manager I, [2025-09-23T18:53:21.599569 #1]  INFO -- : assigning witco.agent-events:2 module=prosody::consumer::kafka_context line=154
lead-manager-worker-prosody-5d8fbffd47-hczbx lead-manager I, [2025-09-23T18:53:21.599705 #1]  INFO -- : assigning realgeeks.lead-manager.agent-events:1 module=prosody::consumer::kafka_context line=154
lead-manager-worker-prosody-5d8fbffd47-tlqzd lead-manager I, [2025-09-23T18:53:21.599481 #1]  INFO -- : assigning realgeeks.lead-manager.agent-events:7 module=prosody::consumer::kafka_context line=154
lead-manager-worker-prosody-5d8fbffd47-tlqzd lead-manager I, [2025-09-23T18:53:21.599595 #1]  INFO -- : assigning witco.lead-events:3 module=prosody::consumer::kafka_context line=154
lead-manager-worker-prosody-5d8fbffd47-tlqzd lead-manager I, [2025-09-23T18:53:21.599625 #1]  INFO -- : assigning realgeeks.lead-manager.crm-events:2 module=prosody::consumer::kafka_context line=154
lead-manager-worker-prosody-5d8fbffd47-hczbx lead-manager I, [2025-09-23T18:53:21.599757 #1]  INFO -- : assigning realgeeks.lead-manager.crm-events:3 module=prosody::consumer::kafka_context line=154
lead-manager-worker-prosody-5d8fbffd47-hczbx lead-manager I, [2025-09-23T18:53:21.599781 #1]  INFO -- : assigning realgeeks.lead-manager.lead-events:1 module=prosody::consumer::kafka_context line=154
lead-manager-worker-prosody-5d8fbffd47-tlqzd lead-manager I, [2025-09-23T18:53:21.599658 #1]  INFO -- : assigning realgeeks.lead-manager.lead-events:0 module=prosody::consumer::kafka_context line=154
lead-manager-worker-prosody-5d8fbffd47-w8x4g lead-manager I, [2025-09-23T18:53:21.599885 #1]  INFO -- : assigning realgeeks.lead-manager.agent-events:5 module=prosody::consumer::kafka_context line=154
lead-manager-worker-prosody-5d8fbffd47-w8x4g lead-manager I, [2025-09-23T18:53:21.600037 #1]  INFO -- : assigning witco.lead-events:1 module=prosody::consumer::kafka_context line=154
lead-manager-worker-prosody-5d8fbffd47-w8x4g lead-manager I, [2025-09-23T18:53:21.600074 #1]  INFO -- : assigning realgeeks.lead-manager.lead-events:6 module=prosody::consumer::kafka_context line=154
lead-manager-worker-prosody-5d8fbffd47-w8x4g lead-manager I, [2025-09-23T18:53:21.600089 #1]  INFO -- : assigning witco.crm-events:4 module=prosody::consumer::kafka_context line=154
lead-manager-worker-prosody-5d8fbffd47-4tlhj lead-manager I, [2025-09-23T18:53:21.600182 #1]  INFO -- : assigning witco.agent-events:7 module=prosody::consumer::kafka_context line=154
lead-manager-worker-prosody-5d8fbffd47-4tlhj lead-manager I, [2025-09-23T18:53:21.601609 #1]  INFO -- : assigning realgeeks.lead-manager.agent-events:3 module=prosody::consumer::kafka_context line=154
lead-manager-worker-prosody-5d8fbffd47-4tlhj lead-manager I, [2025-09-23T18:53:21.601654 #1]  INFO -- : assigning witco.lead-events:0 module=prosody::consumer::kafka_context line=154
lead-manager-worker-prosody-5d8fbffd47-4tlhj lead-manager I, [2025-09-23T18:53:21.601698 #1]  INFO -- : assigning realgeeks.lead-manager.lead-events:5 module=prosody::consumer::kafka_context line=154
- lead-manager-worker-prosody-5d8fbffd47-8tpdd › lead-manager
+ lead-manager-worker-prosody-5d8fbffd47-99fq9 › lead-manager
+ lead-manager-worker-prosody-5d8fbffd47-lbnlw › lead-manager
+ lead-manager-worker-prosody-5d8fbffd47-tl8nk › lead-manager
+ lead-manager-worker-prosody-5d8fbffd47-4n8zd › lead-manager
lead-manager-worker-prosody-5d8fbffd47-4n8zd lead-manager /usr/local/bundle/gems/httparty-0.21.0/lib/httparty.rb:10: warning: csv was loaded from the standard library, but will no longer be part of the default gems starting from Ruby 3.4.0.
lead-manager-worker-prosody-5d8fbffd47-4n8zd lead-manager You can add csv to your Gemfile or gemspec to silence this warning.
lead-manager-worker-prosody-5d8fbffd47-tl8nk lead-manager /usr/local/bundle/gems/httparty-0.21.0/lib/httparty.rb:10: warning: csv was loaded from the standard library, but will no longer be part of the default gems starting from Ruby 3.4.0.
lead-manager-worker-prosody-5d8fbffd47-tl8nk lead-manager You can add csv to your Gemfile or gemspec to silence this warning.
lead-manager-worker-prosody-5d8fbffd47-4n8zd lead-manager /usr/local/bundle/gems/highline-1.6.21/lib/highline.rb:13: warning: abbrev was loaded from the standard library, but will no longer be part of the default gems starting from Ruby 3.4.0.
lead-manager-worker-prosody-5d8fbffd47-4n8zd lead-manager You can add abbrev to your Gemfile or gemspec to silence this warning.
lead-manager-worker-prosody-5d8fbffd47-tl8nk lead-manager /usr/local/bundle/gems/highline-1.6.21/lib/highline.rb:13: warning: abbrev was loaded from the standard library, but will no longer be part of the default gems starting from Ruby 3.4.0.
lead-manager-worker-prosody-5d8fbffd47-tl8nk lead-manager You can add abbrev to your Gemfile or gemspec to silence this warning.
lead-manager-worker-prosody-5d8fbffd47-4n8zd lead-manager mysql2://lead_manager:skdisWSJD273SJFHSKssuens@am30-lead-manager-db0.rg-infra.com:3306/lead_management_BRANCH_production
lead-manager-worker-prosody-5d8fbffd47-4n8zd lead-manager mysql2://lead_manager:skdisWSJD273SJFHSKssuens@am30-lead-manager-db0.rg-infra.com:3306/lead_management_BRANCH_production
lead-manager-worker-prosody-5d8fbffd47-tl8nk lead-manager mysql2://lead_manager:skdisWSJD273SJFHSKssuens@am30-lead-manager-db0.rg-infra.com:3306/lead_management_BRANCH_production
lead-manager-worker-prosody-5d8fbffd47-tl8nk lead-manager mysql2://lead_manager:skdisWSJD273SJFHSKssuens@am30-lead-manager-db0.rg-infra.com:3306/lead_management_BRANCH_production
lead-manager-worker-prosody-5d8fbffd47-4n8zd lead-manager Starting Prosody Worker...
lead-manager-worker-prosody-5d8fbffd47-4n8zd lead-manager D, [2025-09-23T18:53:36.359564 #1] DEBUG -- : Starting async task processor
lead-manager-worker-prosody-5d8fbffd47-tl8nk lead-manager Starting Prosody Worker...
lead-manager-worker-prosody-5d8fbffd47-tl8nk lead-manager D, [2025-09-23T18:53:36.463713 #1] DEBUG -- : Starting async task processor
lead-manager-worker-prosody-5d8fbffd47-4n8zd lead-manager I, [2025-09-23T18:53:36.935676 #1]  INFO -- : starting probe server on 0.0.0.0:8000 module=prosody::consumer::probes line=116
lead-manager-worker-prosody-5d8fbffd47-tl8nk lead-manager I, [2025-09-23T18:53:37.084134 #1]  INFO -- : starting probe server on 0.0.0.0:8000 module=prosody::consumer::probes line=116
lead-manager-worker-prosody-5d8fbffd47-lbnlw lead-manager /usr/local/bundle/gems/httparty-0.21.0/lib/httparty.rb:10: warning: csv was loaded from the standard library, but will no longer be part of the default gems starting from Ruby 3.4.0.
lead-manager-worker-prosody-5d8fbffd47-lbnlw lead-manager You can add csv to your Gemfile or gemspec to silence this warning.
lead-manager-worker-prosody-5d8fbffd47-lbnlw lead-manager /usr/local/bundle/gems/highline-1.6.21/lib/highline.rb:13: warning: abbrev was loaded from the standard library, but will no longer be part of the default gems starting from Ruby 3.4.0.
lead-manager-worker-prosody-5d8fbffd47-lbnlw lead-manager You can add abbrev to your Gemfile or gemspec to silence this warning.
lead-manager-worker-prosody-5d8fbffd47-w8x4g lead-manager I, [2025-09-23T18:53:39.638386 #1]  INFO -- : revoking realgeeks.lead-manager.agent-events:0 module=prosody::consumer::kafka_context line=189
lead-manager-worker-prosody-5d8fbffd47-w8x4g lead-manager I, [2025-09-23T18:53:39.638477 #1]  INFO -- : revoking realgeeks.lead-manager.agent-events:4 module=prosody::consumer::kafka_context line=189
lead-manager-worker-prosody-5d8fbffd47-w8x4g lead-manager I, [2025-09-23T18:53:39.638487 #1]  INFO -- : revoking realgeeks.lead-manager.agent-events:5 module=prosody::consumer::kafka_context line=189
lead-manager-worker-prosody-5d8fbffd47-w8x4g lead-manager I, [2025-09-23T18:53:39.638497 #1]  INFO -- : revoking realgeeks.lead-manager.crm-events:1 module=prosody::consumer::kafka_context line=189
lead-manager-worker-prosody-5d8fbffd47-4tlhj lead-manager I, [2025-09-23T18:53:39.638133 #1]  INFO -- : revoking realgeeks.lead-manager.agent-events:2 module=prosody::consumer::kafka_context line=189
lead-manager-worker-prosody-5d8fbffd47-4tlhj lead-manager I, [2025-09-23T18:53:39.638241 #1]  INFO -- : revoking realgeeks.lead-manager.agent-events:3 module=prosody::consumer::kafka_context line=189
lead-manager-worker-prosody-5d8fbffd47-4tlhj lead-manager I, [2025-09-23T18:53:39.638265 #1]  INFO -- : revoking realgeeks.lead-manager.agent-events:6 module=prosody::consumer::kafka_context line=189
lead-manager-worker-prosody-5d8fbffd47-4tlhj lead-manager I, [2025-09-23T18:53:39.638289 #1]  INFO -- : revoking realgeeks.lead-manager.lead-events:4 module=prosody::consumer::kafka_context line=189
lead-manager-worker-prosody-5d8fbffd47-hczbx lead-manager I, [2025-09-23T18:53:39.637962 #1]  INFO -- : revoking realgeeks.lead-manager.agent-events:1 module=prosody::consumer::kafka_context line=189
lead-manager-worker-prosody-5d8fbffd47-hczbx lead-manager I, [2025-09-23T18:53:39.638087 #1]  INFO -- : revoking realgeeks.lead-manager.crm-events:0 module=prosody::consumer::kafka_context line=189
lead-manager-worker-prosody-5d8fbffd47-hczbx lead-manager I, [2025-09-23T18:53:39.638147 #1]  INFO -- : revoking realgeeks.lead-manager.crm-events:3 module=prosody::consumer::kafka_context line=189
lead-manager-worker-prosody-5d8fbffd47-hczbx lead-manager I, [2025-09-23T18:53:39.638190 #1]  INFO -- : revoking realgeeks.lead-manager.crm-events:5 module=prosody::consumer::kafka_context line=189
lead-manager-worker-prosody-5d8fbffd47-tlqzd lead-manager I, [2025-09-23T18:53:39.643282 #1]  INFO -- : revoking realgeeks.lead-manager.agent-events:7 module=prosody::consumer::kafka_context line=189
lead-manager-worker-prosody-5d8fbffd47-tlqzd lead-manager I, [2025-09-23T18:53:39.643401 #1]  INFO -- : revoking realgeeks.lead-manager.crm-events:2 module=prosody::consumer::kafka_context line=189
lead-manager-worker-prosody-5d8fbffd47-tlqzd lead-manager I, [2025-09-23T18:53:39.643439 #1]  INFO -- : revoking realgeeks.lead-manager.crm-events:4 module=prosody::consumer::kafka_context line=189
lead-manager-worker-prosody-5d8fbffd47-tlqzd lead-manager I, [2025-09-23T18:53:39.643461 #1]  INFO -- : revoking realgeeks.lead-manager.crm-events:6 module=prosody::consumer::kafka_context line=189
lead-manager-worker-prosody-5d8fbffd47-4tlhj lead-manager D, [2025-09-23T18:53:40.726095 #1] DEBUG -- : Executing task witco.agent-events/6:3381
lead-manager-worker-prosody-5d8fbffd47-4tlhj lead-manager D, [2025-09-23T18:53:40.754315 #1] DEBUG -- : Task witco.agent-events/6:3381 completed successfully
lead-manager-worker-prosody-5d8fbffd47-4n8zd lead-manager I, [2025-09-23T18:53:42.652559 #1]  INFO -- : assigning realgeeks.lead-manager.agent-events:7 module=prosody::consumer::kafka_context line=154
lead-manager-worker-prosody-5d8fbffd47-tl8nk lead-manager I, [2025-09-23T18:53:42.653757 #1]  INFO -- : assigning realgeeks.lead-manager.agent-events:6 module=prosody::consumer::kafka_context line=154
lead-manager-worker-prosody-5d8fbffd47-tl8nk lead-manager I, [2025-09-23T18:53:42.653904 #1]  INFO -- : assigning realgeeks.lead-manager.agent-events:4 module=prosody::consumer::kafka_context line=154
lead-manager-worker-prosody-5d8fbffd47-tl8nk lead-manager I, [2025-09-23T18:53:42.653955 #1]  INFO -- : assigning realgeeks.lead-manager.agent-events:2 module=prosody::consumer::kafka_context line=154
lead-manager-worker-prosody-5d8fbffd47-tl8nk lead-manager I, [2025-09-23T18:53:42.654016 #1]  INFO -- : assigning realgeeks.lead-manager.agent-events:0 module=prosody::consumer::kafka_context line=154
lead-manager-worker-prosody-5d8fbffd47-4n8zd lead-manager I, [2025-09-23T18:53:42.654380 #1]  INFO -- : assigning realgeeks.lead-manager.agent-events:5 module=prosody::consumer::kafka_context line=154
lead-manager-worker-prosody-5d8fbffd47-4n8zd lead-manager I, [2025-09-23T18:53:42.654451 #1]  INFO -- : assigning realgeeks.lead-manager.agent-events:3 module=prosody::consumer::kafka_context line=154
lead-manager-worker-prosody-5d8fbffd47-4n8zd lead-manager I, [2025-09-23T18:53:42.654465 #1]  INFO -- : assigning realgeeks.lead-manager.agent-events:1 module=prosody::consumer::kafka_context line=154
lead-manager-worker-prosody-5d8fbffd47-4n8zd lead-manager I, [2025-09-23T18:53:42.654476 #1]  INFO -- : assigning realgeeks.lead-manager.crm-events:6 module=prosody::consumer::kafka_context line=154
lead-manager-worker-prosody-5d8fbffd47-tl8nk lead-manager I, [2025-09-23T18:53:42.654053 #1]  INFO -- : assigning realgeeks.lead-manager.crm-events:5 module=prosody::consumer::kafka_context line=154
lead-manager-worker-prosody-5d8fbffd47-tl8nk lead-manager I, [2025-09-23T18:53:42.654087 #1]  INFO -- : assigning realgeeks.lead-manager.crm-events:3 module=prosody::consumer::kafka_context line=154
lead-manager-worker-prosody-5d8fbffd47-tl8nk lead-manager I, [2025-09-23T18:53:42.654122 #1]  INFO -- : assigning realgeeks.lead-manager.crm-events:1 module=prosody::consumer::kafka_context line=154
lead-manager-worker-prosody-5d8fbffd47-tl8nk lead-manager I, [2025-09-23T18:53:42.654251 #1]  INFO -- : assigning realgeeks.lead-manager.lead-events:4 module=prosody::consumer::kafka_context line=154
lead-manager-worker-prosody-5d8fbffd47-4n8zd lead-manager I, [2025-09-23T18:53:42.654486 #1]  INFO -- : assigning realgeeks.lead-manager.crm-events:4 module=prosody::consumer::kafka_context line=154
lead-manager-worker-prosody-5d8fbffd47-4n8zd lead-manager I, [2025-09-23T18:53:42.654496 #1]  INFO -- : assigning realgeeks.lead-manager.crm-events:2 module=prosody::consumer::kafka_context line=154
lead-manager-worker-prosody-5d8fbffd47-4n8zd lead-manager I, [2025-09-23T18:53:42.654507 #1]  INFO -- : assigning realgeeks.lead-manager.crm-events:0 module=prosody::consumer::kafka_context line=154
lead-manager-worker-prosody-5d8fbffd47-lbnlw lead-manager mysql2://lead_manager:skdisWSJD273SJFHSKssuens@am30-lead-manager-db0.rg-infra.com:3306/lead_management_BRANCH_production
lead-manager-worker-prosody-5d8fbffd47-lbnlw lead-manager mysql2://lead_manager:skdisWSJD273SJFHSKssuens@am30-lead-manager-db0.rg-infra.com:3306/lead_management_BRANCH_production
lead-manager-worker-prosody-5d8fbffd47-lbnlw lead-manager Starting Prosody Worker...
lead-manager-worker-prosody-5d8fbffd47-lbnlw lead-manager D, [2025-09-23T18:53:42.958980 #1] DEBUG -- : Starting async task processor
lead-manager-worker-prosody-5d8fbffd47-lbnlw lead-manager I, [2025-09-23T18:53:43.611368 #1]  INFO -- : starting probe server on 0.0.0.0:8000 module=prosody::consumer::probes line=116
lead-manager-worker-prosody-5d8fbffd47-tlqzd lead-manager I, [2025-09-23T18:53:45.670969 #1]  INFO -- : revoking realgeeks.lead-manager.lead-events:0 module=prosody::consumer::kafka_context line=189
lead-manager-worker-prosody-5d8fbffd47-tl8nk lead-manager I, [2025-09-23T18:53:45.671878 #1]  INFO -- : revoking realgeeks.lead-manager.agent-events:0 module=prosody::consumer::kafka_context line=189
lead-manager-worker-prosody-5d8fbffd47-4tlhj lead-manager I, [2025-09-23T18:53:45.670966 #1]  INFO -- : revoking realgeeks.lead-manager.lead-events:5 module=prosody::consumer::kafka_context line=189
lead-manager-worker-prosody-5d8fbffd47-4n8zd lead-manager I, [2025-09-23T18:53:45.672353 #1]  INFO -- : revoking realgeeks.lead-manager.agent-events:1 module=prosody::consumer::kafka_context line=189
lead-manager-worker-prosody-5d8fbffd47-hczbx lead-manager I, [2025-09-23T18:53:45.672419 #1]  INFO -- : revoking realgeeks.lead-manager.crm-events:7 module=prosody::consumer::kafka_context line=189
lead-manager-worker-prosody-5d8fbffd47-w8x4g lead-manager I, [2025-09-23T18:53:45.672686 #1]  INFO -- : revoking realgeeks.lead-manager.lead-events:6 module=prosody::consumer::kafka_context line=189
lead-manager-worker-prosody-5d8fbffd47-4tlhj lead-manager D, [2025-09-23T18:53:45.729969 #1] DEBUG -- : Executing task witco.agent-events/6:3382
lead-manager-worker-prosody-5d8fbffd47-4tlhj lead-manager D, [2025-09-23T18:53:45.750461 #1] DEBUG -- : Task witco.agent-events/6:3382 completed successfully
lead-manager-worker-prosody-5d8fbffd47-4tlhj lead-manager D, [2025-09-23T18:53:45.751171 #1] DEBUG -- : Executing task witco.agent-events/6:3383
lead-manager-worker-prosody-5d8fbffd47-4tlhj lead-manager D, [2025-09-23T18:53:45.772006 #1] DEBUG -- : Task witco.agent-events/6:3383 completed successfully
lead-manager-worker-prosody-5d8fbffd47-4tlhj lead-manager D, [2025-09-23T18:53:46.730717 #1] DEBUG -- : Executing task witco.agent-events/6:3384
lead-manager-worker-prosody-5d8fbffd47-4tlhj lead-manager D, [2025-09-23T18:53:46.760196 #1] DEBUG -- : Task witco.agent-events/6:3384 completed successfully
lead-manager-worker-prosody-5d8fbffd47-4tlhj lead-manager D, [2025-09-23T18:53:47.737694 #1] DEBUG -- : Executing task witco.agent-events/6:3385
lead-manager-worker-prosody-5d8fbffd47-4tlhj lead-manager D, [2025-09-23T18:53:47.759057 #1] DEBUG -- : Task witco.agent-events/6:3385 completed successfully
lead-manager-worker-prosody-5d8fbffd47-4tlhj lead-manager D, [2025-09-23T18:53:47.761082 #1] DEBUG -- : Executing task witco.agent-events/6:3386
lead-manager-worker-prosody-5d8fbffd47-4tlhj lead-manager D, [2025-09-23T18:53:47.781171 #1] DEBUG -- : Task witco.agent-events/6:3386 completed successfully
lead-manager-worker-prosody-5d8fbffd47-lbnlw lead-manager I, [2025-09-23T18:53:48.689396 #1]  INFO -- : assigning realgeeks.lead-manager.agent-events:1 module=prosody::consumer::kafka_context line=154
lead-manager-worker-prosody-5d8fbffd47-lbnlw lead-manager I, [2025-09-23T18:53:48.689603 #1]  INFO -- : assigning realgeeks.lead-manager.agent-events:0 module=prosody::consumer::kafka_context line=154
lead-manager-worker-prosody-5d8fbffd47-lbnlw lead-manager I, [2025-09-23T18:53:48.689659 #1]  INFO -- : assigning realgeeks.lead-manager.crm-events:7 module=prosody::consumer::kafka_context line=154
lead-manager-worker-prosody-5d8fbffd47-lbnlw lead-manager I, [2025-09-23T18:53:48.689709 #1]  INFO -- : assigning realgeeks.lead-manager.lead-events:6 module=prosody::consumer::kafka_context line=154
lead-manager-worker-prosody-5d8fbffd47-lbnlw lead-manager I, [2025-09-23T18:53:48.689753 #1]  INFO -- : assigning realgeeks.lead-manager.lead-events:5 module=prosody::consumer::kafka_context line=154
lead-manager-worker-prosody-5d8fbffd47-lbnlw lead-manager I, [2025-09-23T18:53:48.689791 #1]  INFO -- : assigning realgeeks.lead-manager.lead-events:0 module=prosody::consumer::kafka_context line=154
lead-manager-worker-prosody-5d8fbffd47-99fq9 lead-manager /usr/local/bundle/gems/httparty-0.21.0/lib/httparty.rb:10: warning: csv was loaded from the standard library, but will no longer be part of the default gems starting from Ruby 3.4.0.
lead-manager-worker-prosody-5d8fbffd47-99fq9 lead-manager You can add csv to your Gemfile or gemspec to silence this warning.
lead-manager-worker-prosody-5d8fbffd47-4tlhj lead-manager D, [2025-09-23T18:53:50.735416 #1] DEBUG -- : Executing task witco.agent-events/6:3387
lead-manager-worker-prosody-5d8fbffd47-4tlhj lead-manager D, [2025-09-23T18:53:50.755831 #1] DEBUG -- : Task witco.agent-events/6:3387 completed successfully
lead-manager-worker-prosody-5d8fbffd47-4tlhj lead-manager D, [2025-09-23T18:53:50.756596 #1] DEBUG -- : Executing task witco.agent-events/6:3388
lead-manager-worker-prosody-5d8fbffd47-4tlhj lead-manager D, [2025-09-23T18:53:50.786279 #1] DEBUG -- : Task witco.agent-events/6:3388 completed successfully
lead-manager-worker-prosody-5d8fbffd47-99fq9 lead-manager /usr/local/bundle/gems/highline-1.6.21/lib/highline.rb:13: warning: abbrev was loaded from the standard library, but will no longer be part of the default gems starting from Ruby 3.4.0.
lead-manager-worker-prosody-5d8fbffd47-99fq9 lead-manager You can add abbrev to your Gemfile or gemspec to silence this warning.
lead-manager-worker-prosody-5d8fbffd47-99fq9 lead-manager mysql2://lead_manager:skdisWSJD273SJFHSKssuens@am30-lead-manager-db0.rg-infra.com:3306/lead_management_BRANCH_production
lead-manager-worker-prosody-5d8fbffd47-99fq9 lead-manager mysql2://lead_manager:skdisWSJD273SJFHSKssuens@am30-lead-manager-db0.rg-infra.com:3306/lead_management_BRANCH_production
lead-manager-worker-prosody-5d8fbffd47-99fq9 lead-manager Starting Prosody Worker...
lead-manager-worker-prosody-5d8fbffd47-99fq9 lead-manager D, [2025-09-23T18:54:04.710541 #1] DEBUG -- : Starting async task processor
lead-manager-worker-prosody-5d8fbffd47-99fq9 lead-manager I, [2025-09-23T18:54:05.015613 #1]  INFO -- : starting probe server on 0.0.0.0:8000 module=prosody::consumer::probes line=116
lead-manager-worker-prosody-5d8fbffd47-tlqzd lead-manager I, [2025-09-23T18:54:06.732847 #1]  INFO -- : revoking realgeeks.lead-manager.lead-events:2 module=prosody::consumer::kafka_context line=189
lead-manager-worker-prosody-5d8fbffd47-4n8zd lead-manager I, [2025-09-23T18:54:06.734068 #1]  INFO -- : revoking realgeeks.lead-manager.agent-events:3 module=prosody::consumer::kafka_context line=189
lead-manager-worker-prosody-5d8fbffd47-hczbx lead-manager I, [2025-09-23T18:54:06.734914 #1]  INFO -- : revoking realgeeks.lead-manager.lead-events:1 module=prosody::consumer::kafka_context line=189
lead-manager-worker-prosody-5d8fbffd47-4tlhj lead-manager I, [2025-09-23T18:54:06.733690 #1]  INFO -- : revoking witco.agent-events:1 module=prosody::consumer::kafka_context line=189
lead-manager-worker-prosody-5d8fbffd47-tl8nk lead-manager I, [2025-09-23T18:54:06.738034 #1]  INFO -- : revoking realgeeks.lead-manager.agent-events:2 module=prosody::consumer::kafka_context line=189
lead-manager-worker-prosody-5d8fbffd47-w8x4g lead-manager I, [2025-09-23T18:54:06.738533 #1]  INFO -- : revoking witco.agent-events:0 module=prosody::consumer::kafka_context line=189
lead-manager-worker-prosody-5d8fbffd47-4tlhj lead-manager D, [2025-09-23T18:54:10.753619 #1] DEBUG -- : Executing task witco.agent-events/6:3389
lead-manager-worker-prosody-5d8fbffd47-4tlhj lead-manager D, [2025-09-23T18:54:10.775101 #1] DEBUG -- : Task witco.agent-events/6:3389 completed successfully
lead-manager-worker-prosody-5d8fbffd47-tlqzd lead-manager Shutting down gracefully...
lead-manager-worker-prosody-5d8fbffd47-tlqzd lead-manager I, [2025-09-23T18:54:20.165469 #1]  INFO -- : shutting down consumer module=prosody::high_level line=269
lead-manager-worker-prosody-5d8fbffd47-tlqzd lead-manager I, [2025-09-23T18:54:20.256820 #1]  INFO -- : revoking realgeeks.lead-manager.lead-events:7 module=prosody::consumer::kafka_context line=189
lead-manager-worker-prosody-5d8fbffd47-tlqzd lead-manager I, [2025-09-23T18:54:20.256944 #1]  INFO -- : revoking witco.agent-events:3 module=prosody::consumer::kafka_context line=189
lead-manager-worker-prosody-5d8fbffd47-tlqzd lead-manager I, [2025-09-23T18:54:20.256975 #1]  INFO -- : revoking witco.crm-events:0 module=prosody::consumer::kafka_context line=189
lead-manager-worker-prosody-5d8fbffd47-tlqzd lead-manager I, [2025-09-23T18:54:20.256997 #1]  INFO -- : revoking witco.crm-events:3 module=prosody::consumer::kafka_context line=189
lead-manager-worker-prosody-5d8fbffd47-tlqzd lead-manager I, [2025-09-23T18:54:20.257021 #1]  INFO -- : revoking witco.crm-events:5 module=prosody::consumer::kafka_context line=189
lead-manager-worker-prosody-5d8fbffd47-tlqzd lead-manager I, [2025-09-23T18:54:20.257063 #1]  INFO -- : revoking witco.lead-events:3 module=prosody::consumer::kafka_context line=189
lead-manager-worker-prosody-5d8fbffd47-hczbx lead-manager Shutting down gracefully...
lead-manager-worker-prosody-5d8fbffd47-hczbx lead-manager I, [2025-09-23T18:54:20.321457 #1]  INFO -- : shutting down consumer module=prosody::high_level line=269
lead-manager-worker-prosody-5d8fbffd47-hczbx lead-manager I, [2025-09-23T18:54:20.356506 #1]  INFO -- : revoking realgeeks.lead-manager.lead-events:3 module=prosody::consumer::kafka_context line=189
lead-manager-worker-prosody-5d8fbffd47-hczbx lead-manager I, [2025-09-23T18:54:20.356899 #1]  INFO -- : revoking witco.agent-events:2 module=prosody::consumer::kafka_context line=189
lead-manager-worker-prosody-5d8fbffd47-hczbx lead-manager I, [2025-09-23T18:54:20.357116 #1]  INFO -- : revoking witco.agent-events:4 module=prosody::consumer::kafka_context line=189
lead-manager-worker-prosody-5d8fbffd47-hczbx lead-manager I, [2025-09-23T18:54:20.357509 #1]  INFO -- : revoking witco.crm-events:1 module=prosody::consumer::kafka_context line=189
lead-manager-worker-prosody-5d8fbffd47-hczbx lead-manager I, [2025-09-23T18:54:20.358858 #1]  INFO -- : revoking witco.crm-events:6 module=prosody::consumer::kafka_context line=189
lead-manager-worker-prosody-5d8fbffd47-hczbx lead-manager I, [2025-09-23T18:54:20.358940 #1]  INFO -- : revoking witco.crm-events:7 module=prosody::consumer::kafka_context line=189
+ lead-manager-worker-prosody-5d8fbffd47-g2tq7 › lead-manager
+ lead-manager-worker-prosody-5d8fbffd47-4ssr8 › lead-manager
lead-manager-worker-prosody-5d8fbffd47-tlqzd lead-manager E, [2025-09-23T18:54:25.261487 #1] ERROR -- : librdkafka: FAIL [thrd:GroupCoordinator]: GroupCoordinator: 10.104.81.188:31102: 1 request(s) timed out: disconnect (average rtt 366.355ms) (after 397628ms in state UP) module=rdkafka::client line=74
lead-manager-worker-prosody-5d8fbffd47-tlqzd lead-manager E, [2025-09-23T18:54:25.261984 #1] ERROR -- : librdkafka: Global error: OperationTimedOut (Local: Timed out): GroupCoordinator: 10.104.81.188:31102: 1 request(s) timed out: disconnect (average rtt 366.355ms) (after 397628ms in state UP) module=rdkafka::client line=116
lead-manager-worker-prosody-5d8fbffd47-tlqzd lead-manager D, [2025-09-23T18:54:25.264095 #1] DEBUG -- : Stopping async task processor
lead-manager-worker-prosody-5d8fbffd47-tlqzd lead-manager I, [2025-09-23T18:54:25.264818 #1]  INFO -- : probe server shutdown module=prosody::consumer::probes line=157
lead-manager-worker-prosody-5d8fbffd47-tlqzd lead-manager D, [2025-09-23T18:54:25.265200 #1] DEBUG -- : Received shutdown command
lead-manager-worker-prosody-5d8fbffd47-hczbx lead-manager E, [2025-09-23T18:54:25.360883 #1] ERROR -- : librdkafka: FAIL [thrd:GroupCoordinator]: GroupCoordinator: 1 request(s) timed out: disconnect (average rtt 355.149ms) (after 398263ms in state UP) module=rdkafka::client line=74
lead-manager-worker-prosody-5d8fbffd47-hczbx lead-manager E, [2025-09-23T18:54:25.361027 #1] ERROR -- : librdkafka: Global error: OperationTimedOut (Local: Timed out): GroupCoordinator: 1 request(s) timed out: disconnect (average rtt 355.149ms) (after 398263ms in state UP) module=rdkafka::client line=116
lead-manager-worker-prosody-5d8fbffd47-hczbx lead-manager D, [2025-09-23T18:54:25.363682 #1] DEBUG -- : Stopping async task processor
lead-manager-worker-prosody-5d8fbffd47-hczbx lead-manager I, [2025-09-23T18:54:25.364441 #1]  INFO -- : probe server shutdown module=prosody::consumer::probes line=157
lead-manager-worker-prosody-5d8fbffd47-hczbx lead-manager D, [2025-09-23T18:54:25.369345 #1] DEBUG -- : Received shutdown command
- lead-manager-worker-prosody-5d8fbffd47-tlqzd › lead-manager
- lead-manager-worker-prosody-5d8fbffd47-hczbx › lead-manager
lead-manager-worker-prosody-5d8fbffd47-g2tq7 lead-manager /usr/local/bundle/gems/httparty-0.21.0/lib/httparty.rb:10: warning: csv was loaded from the standard library, but will no longer be part of the default gems starting from Ruby 3.4.0.
lead-manager-worker-prosody-5d8fbffd47-g2tq7 lead-manager You can add csv to your Gemfile or gemspec to silence this warning.
lead-manager-worker-prosody-5d8fbffd47-4ssr8 lead-manager /usr/local/bundle/gems/httparty-0.21.0/lib/httparty.rb:10: warning: csv was loaded from the standard library, but will no longer be part of the default gems starting from Ruby 3.4.0.
lead-manager-worker-prosody-5d8fbffd47-4ssr8 lead-manager You can add csv to your Gemfile or gemspec to silence this warning.
lead-manager-worker-prosody-5d8fbffd47-w8x4g lead-manager W, [2025-09-23T18:54:36.740390 #1]  WARN -- : shutdown timeout reached with 2 tasks in progress module=prosody::consumer::partition::keyed line=224
lead-manager-worker-prosody-5d8fbffd47-w8x4g lead-manager W, [2025-09-23T18:54:36.740483 #1]  WARN -- : offset was dropped without committing module=prosody::consumer::partition::offsets line=209 self.offset=192
lead-manager-worker-prosody-5d8fbffd47-w8x4g lead-manager W, [2025-09-23T18:54:36.740495 #1]  WARN -- : offset was dropped without committing module=prosody::consumer::partition::offsets line=209 self.offset=190
lead-manager-worker-prosody-5d8fbffd47-w8x4g lead-manager W, [2025-09-23T18:54:36.740502 #1]  WARN -- : offset was dropped without committing module=prosody::consumer::partition::offsets line=209 self.offset=194
lead-manager-worker-prosody-5d8fbffd47-g2tq7 lead-manager /usr/local/bundle/gems/highline-1.6.21/lib/highline.rb:13: warning: abbrev was loaded from the standard library, but will no longer be part of the default gems starting from Ruby 3.4.0.
lead-manager-worker-prosody-5d8fbffd47-g2tq7 lead-manager You can add abbrev to your Gemfile or gemspec to silence this warning.
lead-manager-worker-prosody-5d8fbffd47-w8x4g lead-manager I, [2025-09-23T18:54:37.762633 #1]  INFO -- : assigning realgeeks.lead-manager.lead-events:1 module=prosody::consumer::kafka_context line=154
lead-manager-worker-prosody-5d8fbffd47-tl8nk lead-manager I, [2025-09-23T18:54:37.762363 #1]  INFO -- : assigning realgeeks.lead-manager.lead-events:2 module=prosody::consumer::kafka_context line=154
lead-manager-worker-prosody-5d8fbffd47-4tlhj lead-manager I, [2025-09-23T18:54:37.763051 #1]  INFO -- : assigning witco.lead-events:3 module=prosody::consumer::kafka_context line=154
lead-manager-worker-prosody-5d8fbffd47-4tlhj lead-manager I, [2025-09-23T18:54:37.763220 #1]  INFO -- : assigning witco.crm-events:6 module=prosody::consumer::kafka_context line=154
lead-manager-worker-prosody-5d8fbffd47-4n8zd lead-manager I, [2025-09-23T18:54:37.762460 #1]  INFO -- : assigning realgeeks.lead-manager.agent-events:2 module=prosody::consumer::kafka_context line=154
lead-manager-worker-prosody-5d8fbffd47-w8x4g lead-manager I, [2025-09-23T18:54:37.763798 #1]  INFO -- : assigning witco.crm-events:0 module=prosody::consumer::kafka_context line=154
lead-manager-worker-prosody-5d8fbffd47-tl8nk lead-manager I, [2025-09-23T18:54:37.762636 #1]  INFO -- : assigning witco.crm-events:1 module=prosody::consumer::kafka_context line=154
lead-manager-worker-prosody-5d8fbffd47-4n8zd lead-manager I, [2025-09-23T18:54:37.762614 #1]  INFO -- : assigning witco.crm-events:7 module=prosody::consumer::kafka_context line=154
lead-manager-worker-prosody-5d8fbffd47-lbnlw lead-manager I, [2025-09-23T18:54:37.765168 #1]  INFO -- : assigning realgeeks.lead-manager.lead-events:3 module=prosody::consumer::kafka_context line=154
lead-manager-worker-prosody-5d8fbffd47-lbnlw lead-manager I, [2025-09-23T18:54:37.775128 #1]  INFO -- : assigning witco.crm-events:3 module=prosody::consumer::kafka_context line=154
lead-manager-worker-prosody-5d8fbffd47-99fq9 lead-manager I, [2025-09-23T18:54:37.787776 #1]  INFO -- : assigning witco.agent-events:4 module=prosody::consumer::kafka_context line=154
lead-manager-worker-prosody-5d8fbffd47-99fq9 lead-manager I, [2025-09-23T18:54:37.787951 #1]  INFO -- : assigning witco.agent-events:3 module=prosody::consumer::kafka_context line=154
lead-manager-worker-prosody-5d8fbffd47-99fq9 lead-manager I, [2025-09-23T18:54:37.787987 #1]  INFO -- : assigning witco.agent-events:2 module=prosody::consumer::kafka_context line=154
lead-manager-worker-prosody-5d8fbffd47-99fq9 lead-manager I, [2025-09-23T18:54:37.788016 #1]  INFO -- : assigning witco.agent-events:1 module=prosody::consumer::kafka_context line=154
lead-manager-worker-prosody-5d8fbffd47-99fq9 lead-manager I, [2025-09-23T18:54:37.788043 #1]  INFO -- : assigning witco.agent-events:0 module=prosody::consumer::kafka_context line=154
lead-manager-worker-prosody-5d8fbffd47-99fq9 lead-manager I, [2025-09-23T18:54:37.788070 #1]  INFO -- : assigning realgeeks.lead-manager.agent-events:3 module=prosody::consumer::kafka_context line=154
lead-manager-worker-prosody-5d8fbffd47-99fq9 lead-manager I, [2025-09-23T18:54:37.788096 #1]  INFO -- : assigning realgeeks.lead-manager.lead-events:7 module=prosody::consumer::kafka_context line=154
lead-manager-worker-prosody-5d8fbffd47-99fq9 lead-manager I, [2025-09-23T18:54:37.788121 #1]  INFO -- : assigning witco.crm-events:5 module=prosody::consumer::kafka_context line=154
lead-manager-worker-prosody-5d8fbffd47-99fq9 lead-manager I, [2025-09-23T18:54:37.883674 #1]  INFO -- : message with id 59d48fb6-dfc0-516e-9f05-1bd17af1e1cf already processed; skipping module=prosody::consumer::partition line=731
lead-manager-worker-prosody-5d8fbffd47-99fq9 lead-manager I, [2025-09-23T18:54:37.886983 #1]  INFO -- : message with id a89e4a8f-c59a-5652-975d-9974429cdf8c already processed; skipping module=prosody::consumer::partition line=731
lead-manager-worker-prosody-5d8fbffd47-99fq9 lead-manager D, [2025-09-23T18:54:37.886708 #1] DEBUG -- : Executing task witco.agent-events/0:190
lead-manager-worker-prosody-5d8fbffd47-99fq9 lead-manager D, [2025-09-23T18:54:37.887612 #1] DEBUG -- : Executing task witco.agent-events/0:191
lead-manager-worker-prosody-5d8fbffd47-99fq9 lead-manager E, [2025-09-23T18:54:38.059539 #1] ERROR -- : Error executing task witco.agent-events/0:191: Mysql2::Error: This connection is in use by: #<Fiber:0x00007f6128a2d330 /usr/local/bundle/gems/async-2.32.0/lib/async/task.rb:450 (suspended)>
lead-manager-worker-prosody-5d8fbffd47-99fq9 lead-manager E, [2025-09-23T18:54:38.065214 #1] ERROR -- : failed to handle message: handler error: transient error: /usr/local/bundle/gems/mysql2-0.5.5/lib/mysql2/client.rb:151:in `_query': Mysql2::Error: This connection is in use by: #<Fiber:0x00007f6128a2d330 /usr/local/bundle/gems/async-2.32.0/lib/async/task.rb:450 (suspended)> (ActiveRecord::StatementInvalid)
lead-manager-worker-prosody-5d8fbffd47-99fq9 lead-manager 	from /usr/local/bundle/gems/mysql2-0.5.5/lib/mysql2/client.rb:151:in `block in query'
lead-manager-worker-prosody-5d8fbffd47-99fq9 lead-manager 	from /usr/local/bundle/gems/mysql2-0.5.5/lib/mysql2/client.rb:150:in `handle_interrupt'
lead-manager-worker-prosody-5d8fbffd47-99fq9 lead-manager 	from /usr/local/bundle/gems/mysql2-0.5.5/lib/mysql2/client.rb:150:in `query'
lead-manager-worker-prosody-5d8fbffd47-99fq9 lead-manager 	from /usr/local/bundle/gems/prometheus_exporter-2.1.0/lib/prometheus_exporter/instrumentation/method_profiler.rb:80:in `query'
lead-manager-worker-prosody-5d8fbffd47-99fq9 lead-manager 	from /usr/local/bundle/gems/activerecord-8.0.2/lib/active_record/connection_adapters/mysql2/database_statements.rb:54:in `block in perform_query'
lead-manager-worker-prosody-5d8fbffd47-99fq9 lead-manager 	from /usr/local/bundle/gems/activesupport-8.0.2/lib/active_support/concurrency/share_lock.rb:186:in `yield_shares'
lead-manager-worker-prosody-5d8fbffd47-99fq9 lead-manager 	from /usr/local/bundle/gems/activesupport-8.0.2/lib/active_support/dependencies/interlock.rb:41:in `permit_concurrent_loads'
lead-manager-worker-prosody-5d8fbffd47-99fq9 lead-manager 	from /usr/local/bundle/gems/activerecord-8.0.2/lib/active_record/connection_adapters/mysql2/database_statements.rb:53:in `perform_query'
lead-manager-worker-prosody-5d8fbffd47-99fq9 lead-manager 	from /usr/local/bundle/gems/activerecord-8.0.2/lib/active_record/connection_adapters/abstract/database_statements.rb:556:in `block (2 levels) in raw_execute'
lead-manager-worker-prosody-5d8fbffd47-99fq9 lead-manager 	from /usr/local/bundle/gems/activerecord-8.0.2/lib/active_record/connection_adapters/abstract_adapter.rb:1015:in `block in with_raw_connection'
lead-manager-worker-prosody-5d8fbffd47-99fq9 lead-manager 	from /usr/local/bundle/gems/activesupport-8.0.2/lib/active_support/concurrency/null_lock.rb:9:in `synchronize'
lead-manager-worker-prosody-5d8fbffd47-99fq9 lead-manager 	from /usr/local/bundle/gems/activerecord-8.0.2/lib/active_record/connection_adapters/abstract_adapter.rb:984:in `with_raw_connection'
lead-manager-worker-prosody-5d8fbffd47-99fq9 lead-manager 	from /usr/local/bundle/gems/activerecord-8.0.2/lib/active_record/connection_adapters/abstract/database_statements.rb:555:in `block in raw_execute'
lead-manager-worker-prosody-5d8fbffd47-99fq9 lead-manager 	from /usr/local/bundle/gems/activesupport-8.0.2/lib/active_support/notifications/instrumenter.rb:58:in `instrument'
lead-manager-worker-prosody-5d8fbffd47-99fq9 lead-manager 	from /usr/local/bundle/gems/activerecord-8.0.2/lib/active_record/connection_adapters/abstract_adapter.rb:1135:in `log'
lead-manager-worker-prosody-5d8fbffd47-99fq9 lead-manager 	from /usr/local/bundle/gems/activerecord-8.0.2/lib/active_record/connection_adapters/abstract/database_statements.rb:554:in `raw_execute'
lead-manager-worker-prosody-5d8fbffd47-99fq9 lead-manager 	from /usr/local/bundle/gems/activerecord-8.0.2/lib/active_record/connection_adapters/abstract/database_statements.rb:591:in `internal_execute'
lead-manager-worker-prosody-5d8fbffd47-99fq9 lead-manager 	from /usr/local/bundle/gems/activerecord-8.0.2/lib/active_record/connection_adapters/abstract/database_statements.rb:547:in `internal_exec_query'
lead-manager-worker-prosody-5d8fbffd47-99fq9 lead-manager 	from /usr/local/bundle/gems/activerecord-8.0.2/lib/active_record/connection_adapters/abstract/database_statements.rb:693:in `select'
lead-manager-worker-prosody-5d8fbffd47-99fq9 lead-manager 	from /usr/local/bundle/gems/activerecord-8.0.2/lib/active_record/connection_adapters/abstract/database_statements.rb:73:in `select_all'
lead-manager-worker-prosody-5d8fbffd47-99fq9 lead-manager 	from /usr/local/bundle/gems/activerecord-8.0.2/lib/active_record/connection_adapters/abstract/query_cache.rb:251:in `select_all'
lead-manager-worker-prosody-5d8fbffd47-99fq9 lead-manager 	from /usr/local/bundle/gems/activerecord-8.0.2/lib/active_record/connection_adapters/mysql2/database_statements.rb:12:in `select_all'
lead-manager-worker-prosody-5d8fbffd47-99fq9 lead-manager 	from /usr/local/bundle/gems/activerecord-8.0.2/lib/active_record/querying.rb:68:in `_query_by_sql'
lead-manager-worker-prosody-5d8fbffd47-99fq9 lead-manager 	from /usr/local/bundle/gems/activerecord-8.0.2/lib/active_record/querying.rb:53:in `block in find_by_sql'
lead-manager-worker-prosody-5d8fbffd47-99fq9 lead-manager 	from /usr/local/bundle/gems/activerecord-8.0.2/lib/active_record/connection_adapters/abstract/connection_pool.rb:412:in `with_connection'
lead-manager-worker-prosody-5d8fbffd47-99fq9 lead-manager 	from /usr/local/bundle/gems/activerecord-8.0.2/lib/active_record/connection_handling.rb:310:in `with_connection'
lead-manager-worker-prosody-5d8fbffd47-99fq9 lead-manager 	from /usr/local/bundle/gems/activerecord-8.0.2/lib/active_record/querying.rb:52:in `find_by_sql'
lead-manager-worker-prosody-5d8fbffd47-99fq9 lead-manager 	from /usr/local/bundle/gems/activerecord-8.0.2/lib/active_record/statement_cache.rb:152:in `execute'
lead-manager-worker-prosody-5d8fbffd47-99fq9 lead-manager 	from /usr/local/bundle/gems/activerecord-8.0.2/lib/active_record/core.rb:454:in `block in cached_find_by'
lead-manager-worker-prosody-5d8fbffd47-99fq9 lead-manager 	from /usr/local/bundle/gems/activerecord-8.0.2/lib/active_record/connection_adapters/abstract/connection_pool.rb:412:in `with_connection'
lead-manager-worker-prosody-5d8fbffd47-99fq9 lead-manager 	from /usr/local/bundle/gems/activerecord-8.0.2/lib/active_record/connection_handling.rb:310:in `with_connection'
lead-manager-worker-prosody-5d8fbffd47-99fq9 lead-manager 	from /usr/local/bundle/gems/activerecord-8.0.2/lib/active_record/core.rb:442:in `cached_find_by'
lead-manager-worker-prosody-5d8fbffd47-99fq9 lead-manager 	from /usr/local/bundle/gems/activerecord-8.0.2/lib/active_record/core.rb:327:in `find_by'
lead-manager-worker-prosody-5d8fbffd47-99fq9 lead-manager 	from /usr/src/app/services/prosody_handlers/crm_agent_asserted.rb:5:in `perform'
lead-manager-worker-prosody-5d8fbffd47-99fq9 lead-manager 	from /usr/src/app/services/prosody_handler.rb:9:in `on_message'
lead-manager-worker-prosody-5d8fbffd47-99fq9 lead-manager 	from /usr/local/bundle/gems/prosody-1.1.1-x86_64-linux/lib/prosody/processor.rb:281:in `block (2 levels) in start_worker'
lead-manager-worker-prosody-5d8fbffd47-99fq9 lead-manager 	from /usr/local/bundle/gems/opentelemetry-api-1.7.0/lib/opentelemetry/trace.rb:70:in `block in with_span'
lead-manager-worker-prosody-5d8fbffd47-99fq9 lead-manager 	from /usr/local/bundle/gems/opentelemetry-api-1.7.0/lib/opentelemetry/context.rb:88:in `with_value'
lead-manager-worker-prosody-5d8fbffd47-99fq9 lead-manager 	from /usr/local/bundle/gems/opentelemetry-api-1.7.0/lib/opentelemetry/trace.rb:70:in `with_span'
lead-manager-worker-prosody-5d8fbffd47-99fq9 lead-manager 	from /usr/local/bundle/gems/prosody-1.1.1-x86_64-linux/lib/prosody/processor.rb:279:in `block in start_worker'
lead-manager-worker-prosody-5d8fbffd47-99fq9 lead-manager 	from /usr/local/bundle/gems/async-2.32.0/lib/async/task.rb:207:in `block in run'
lead-manager-worker-prosody-5d8fbffd47-99fq9 lead-manager 	from /usr/local/bundle/gems/async-2.32.0/lib/async/task.rb:452:in `block in schedule'
lead-manager-worker-prosody-5d8fbffd47-99fq9 lead-manager /usr/local/bundle/gems/mysql2-0.5.5/lib/mysql2/client.rb:151:in `_query': This connection is in use by: #<Fiber:0x00007f6128a2d330 /usr/local/bundle/gems/async-2.32.0/lib/async/task.rb:450 (suspended)> (Mysql2::Error)
lead-manager-worker-prosody-5d8fbffd47-99fq9 lead-manager 	from /usr/local/bundle/gems/mysql2-0.5.5/lib/mysql2/client.rb:151:in `block in query'
lead-manager-worker-prosody-5d8fbffd47-99fq9 lead-manager 	from /usr/local/bundle/gems/mysql2-0.5.5/lib/mysql2/client.rb:150:in `handle_interrupt'
lead-manager-worker-prosody-5d8fbffd47-99fq9 lead-manager 	from /usr/local/bundle/gems/mysql2-0.5.5/lib/mysql2/client.rb:150:in `query'
lead-manager-worker-prosody-5d8fbffd47-99fq9 lead-manager 	from /usr/local/bundle/gems/prometheus_exporter-2.1.0/lib/prometheus_exporter/instrumentation/method_profiler.rb:80:in `query'
lead-manager-worker-prosody-5d8fbffd47-99fq9 lead-manager 	from /usr/local/bundle/gems/activerecord-8.0.2/lib/active_record/connection_adapters/mysql2/database_statements.rb:54:in `block in perform_query'
lead-manager-worker-prosody-5d8fbffd47-99fq9 lead-manager 	from /usr/local/bundle/gems/activesupport-8.0.2/lib/active_support/concurrency/share_lock.rb:186:in `yield_shares'
lead-manager-worker-prosody-5d8fbffd47-99fq9 lead-manager 	from /usr/local/bundle/gems/activesupport-8.0.2/lib/active_support/dependencies/interlock.rb:41:in `permit_concurrent_loads'
lead-manager-worker-prosody-5d8fbffd47-99fq9 lead-manager 	from /usr/local/bundle/gems/activerecord-8.0.2/lib/active_record/connection_adapters/mysql2/database_statements.rb:53:in `perform_query'
lead-manager-worker-prosody-5d8fbffd47-99fq9 lead-manager 	from /usr/local/bundle/gems/activerecord-8.0.2/lib/active_record/connection_adapters/abstract/database_statements.rb:556:in `block (2 levels) in raw_execute'
lead-manager-worker-prosody-5d8fbffd47-99fq9 lead-manager 	from /usr/local/bundle/gems/activerecord-8.0.2/lib/active_record/connection_adapters/abstract_adapter.rb:1015:in `block in with_raw_connection'
lead-manager-worker-prosody-5d8fbffd47-99fq9 lead-manager 	from /usr/local/bundle/gems/activesupport-8.0.2/lib/active_support/concurrency/null_lock.rb:9:in `synchronize'
lead-manager-worker-prosody-5d8fbffd47-99fq9 lead-manager 	from /usr/local/bundle/gems/activerecord-8.0.2/lib/active_record/connection_adapters/abstract_adapter.rb:984:in `with_raw_connection'
lead-manager-worker-prosody-5d8fbffd47-99fq9 lead-manager 	from /usr/local/bundle/gems/activerecord-8.0.2/lib/active_record/connection_adapters/abstract/database_statements.rb:555:in `block in raw_execute'
lead-manager-worker-prosody-5d8fbffd47-99fq9 lead-manager 	from /usr/local/bundle/gems/activesupport-8.0.2/lib/active_support/notifications/instrumenter.rb:58:in `instrument'
lead-manager-worker-prosody-5d8fbffd47-99fq9 lead-manager 	from /usr/local/bundle/gems/activerecord-8.0.2/lib/active_record/connection_adapters/abstract_adapter.rb:1135:in `log'
lead-manager-worker-prosody-5d8fbffd47-99fq9 lead-manager 	from /usr/local/bundle/gems/activerecord-8.0.2/lib/active_record/connection_adapters/abstract/database_statements.rb:554:in `raw_execute'
lead-manager-worker-prosody-5d8fbffd47-99fq9 lead-manager 	from /usr/local/bundle/gems/activerecord-8.0.2/lib/active_record/connection_adapters/abstract/database_statements.rb:591:in `internal_execute'
lead-manager-worker-prosody-5d8fbffd47-99fq9 lead-manager 	from /usr/local/bundle/gems/activerecord-8.0.2/lib/active_record/connection_adapters/abstract/database_statements.rb:547:in `internal_exec_query'
lead-manager-worker-prosody-5d8fbffd47-99fq9 lead-manager 	from /usr/local/bundle/gems/activerecord-8.0.2/lib/active_record/connection_adapters/abstract/database_statements.rb:693:in `select'
lead-manager-worker-prosody-5d8fbffd47-99fq9 lead-manager 	from /usr/local/bundle/gems/activerecord-8.0.2/lib/active_record/connection_adapters/abstract/database_statements.rb:73:in `select_all'
lead-manager-worker-prosody-5d8fbffd47-99fq9 lead-manager 	from /usr/local/bundle/gems/activerecord-8.0.2/lib/active_record/connection_adapters/abstract/query_cache.rb:251:in `select_all'
lead-manager-worker-prosody-5d8fbffd47-99fq9 lead-manager 	from /usr/local/bundle/gems/activerecord-8.0.2/lib/active_record/connection_adapters/mysql2/database_statements.rb:12:in `select_all'
lead-manager-worker-prosody-5d8fbffd47-99fq9 lead-manager 	from /usr/local/bundle/gems/activerecord-8.0.2/lib/active_record/querying.rb:68:in `_query_by_sql'
lead-manager-worker-prosody-5d8fbffd47-99fq9 lead-manager 	from /usr/local/bundle/gems/activerecord-8.0.2/lib/active_record/querying.rb:53:in `block in find_by_sql'
lead-manager-worker-prosody-5d8fbffd47-99fq9 lead-manager 	from /usr/local/bundle/gems/activerecord-8.0.2/lib/active_record/connection_adapters/abstract/connection_pool.rb:412:in `with_connection'
lead-manager-worker-prosody-5d8fbffd47-99fq9 lead-manager 	from /usr/local/bundle/gems/activerecord-8.0.2/lib/active_record/connection_handling.rb:310:in `with_connection'
lead-manager-worker-prosody-5d8fbffd47-99fq9 lead-manager 	from /usr/local/bundle/gems/activerecord-8.0.2/lib/active_record/querying.rb:52:in `find_by_sql'
lead-manager-worker-prosody-5d8fbffd47-99fq9 lead-manager 	from /usr/local/bundle/gems/activerecord-8.0.2/lib/active_record/statement_cache.rb:152:in `execute'
lead-manager-worker-prosody-5d8fbffd47-99fq9 lead-manager 	from /usr/local/bundle/gems/activerecord-8.0.2/lib/active_record/core.rb:454:in `block in cached_find_by'
lead-manager-worker-prosody-5d8fbffd47-99fq9 lead-manager 	from /usr/local/bundle/gems/activerecord-8.0.2/lib/active_record/connection_adapters/abstract/connection_pool.rb:412:in `with_connection'
lead-manager-worker-prosody-5d8fbffd47-99fq9 lead-manager 	from /usr/local/bundle/gems/activerecord-8.0.2/lib/active_record/connection_handling.rb:310:in `with_connection'
lead-manager-worker-prosody-5d8fbffd47-99fq9 lead-manager 	from /usr/local/bundle/gems/activerecord-8.0.2/lib/active_record/core.rb:442:in `cached_find_by'
lead-manager-worker-prosody-5d8fbffd47-99fq9 lead-manager 	from /usr/local/bundle/gems/activerecord-8.0.2/lib/active_record/core.rb:327:in `find_by'
lead-manager-worker-prosody-5d8fbffd47-99fq9 lead-manager 	from /usr/src/app/services/prosody_handlers/crm_agent_asserted.rb:5:in `perform'
lead-manager-worker-prosody-5d8fbffd47-99fq9 lead-manager 	from /usr/src/app/services/prosody_handler.rb:9:in `on_message'
lead-manager-worker-prosody-5d8fbffd47-99fq9 lead-manager 	from /usr/local/bundle/gems/prosody-1.1.1-x86_64-linux/lib/prosody/processor.rb:281:in `block (2 levels) in start_worker'
lead-manager-worker-prosody-5d8fbffd47-99fq9 lead-manager 	from /usr/local/bundle/gems/opentelemetry-api-1.7.0/lib/opentelemetry/trace.rb:70:in `block in with_span'
lead-manager-worker-prosody-5d8fbffd47-99fq9 lead-manager 	from /usr/local/bundle/gems/opentelemetry-api-1.7.0/lib/opentelemetry/context.rb:88:in `with_value'
lead-manager-worker-prosody-5d8fbffd47-99fq9 lead-manager 	from /usr/local/bundle/gems/opentelemetry-api-1.7.0/lib/opentelemetry/trace.rb:70:in `with_span'
lead-manager-worker-prosody-5d8fbffd47-99fq9 lead-manager 	from /usr/local/bundle/gems/prosody-1.1.1-x86_64-linux/lib/prosody/processor.rb:279:in `block in start_worker'
lead-manager-worker-prosody-5d8fbffd47-99fq9 lead-manager 	from /usr/local/bundle/gems/async-2.32.0/lib/async/task.rb:207:in `block in run'
lead-manager-worker-prosody-5d8fbffd47-99fq9 lead-manager 	from /usr/local/bundle/gems/async-2.32.0/lib/async/task.rb:452:in `block in schedule'
lead-manager-worker-prosody-5d8fbffd47-99fq9 lead-manager ; retrying after 3ms module=prosody::consumer::failure::retry line=342 partition=0 key=realgeeks:77981 offset=191 attempt=1 topic=witco.agent-events
lead-manager-worker-prosody-5d8fbffd47-99fq9 lead-manager D, [2025-09-23T18:54:38.077959 #1] DEBUG -- : Executing task witco.agent-events/0:191
lead-manager-worker-prosody-5d8fbffd47-4ssr8 lead-manager /usr/local/bundle/gems/highline-1.6.21/lib/highline.rb:13: warning: abbrev was loaded from the standard library, but will no longer be part of the default gems starting from Ruby 3.4.0.
lead-manager-worker-prosody-5d8fbffd47-4ssr8 lead-manager You can add abbrev to your Gemfile or gemspec to silence this warning.
lead-manager-worker-prosody-5d8fbffd47-99fq9 lead-manager E, [2025-09-23T18:54:38.331763 #1] ERROR -- : Error executing task witco.agent-events/0:191: Mysql2::Error: This connection is in use by: #<Fiber:0x00007f6128a2d330 /usr/local/bundle/gems/async-2.32.0/lib/async/task.rb:450 (suspended)>
lead-manager-worker-prosody-5d8fbffd47-99fq9 lead-manager E, [2025-09-23T18:54:38.340693 #1] ERROR -- : failed to handle message: handler error: transient error: /usr/local/bundle/gems/mysql2-0.5.5/lib/mysql2/client.rb:151:in `_query': Mysql2::Error: This connection is in use by: #<Fiber:0x00007f6128a2d330 /usr/local/bundle/gems/async-2.32.0/lib/async/task.rb:450 (suspended)> (ActiveRecord::StatementInvalid)
lead-manager-worker-prosody-5d8fbffd47-99fq9 lead-manager 	from /usr/local/bundle/gems/mysql2-0.5.5/lib/mysql2/client.rb:151:in `block in query'
lead-manager-worker-prosody-5d8fbffd47-99fq9 lead-manager 	from /usr/local/bundle/gems/mysql2-0.5.5/lib/mysql2/client.rb:150:in `handle_interrupt'
lead-manager-worker-prosody-5d8fbffd47-99fq9 lead-manager 	from /usr/local/bundle/gems/mysql2-0.5.5/lib/mysql2/client.rb:150:in `query'
lead-manager-worker-prosody-5d8fbffd47-99fq9 lead-manager 	from /usr/local/bundle/gems/prometheus_exporter-2.1.0/lib/prometheus_exporter/instrumentation/method_profiler.rb:80:in `query'
lead-manager-worker-prosody-5d8fbffd47-99fq9 lead-manager 	from /usr/local/bundle/gems/activerecord-8.0.2/lib/active_record/connection_adapters/mysql2/database_statements.rb:54:in `block in perform_query'
lead-manager-worker-prosody-5d8fbffd47-99fq9 lead-manager 	from /usr/local/bundle/gems/activesupport-8.0.2/lib/active_support/concurrency/share_lock.rb:186:in `yield_shares'
lead-manager-worker-prosody-5d8fbffd47-99fq9 lead-manager 	from /usr/local/bundle/gems/activesupport-8.0.2/lib/active_support/dependencies/interlock.rb:41:in `permit_concurrent_loads'
lead-manager-worker-prosody-5d8fbffd47-99fq9 lead-manager 	from /usr/local/bundle/gems/activerecord-8.0.2/lib/active_record/connection_adapters/mysql2/database_statements.rb:53:in `perform_query'
lead-manager-worker-prosody-5d8fbffd47-99fq9 lead-manager 	from /usr/local/bundle/gems/activerecord-8.0.2/lib/active_record/connection_adapters/abstract/database_statements.rb:556:in `block (2 levels) in raw_execute'
lead-manager-worker-prosody-5d8fbffd47-99fq9 lead-manager 	from /usr/local/bundle/gems/activerecord-8.0.2/lib/active_record/connection_adapters/abstract_adapter.rb:1015:in `block in with_raw_connection'
lead-manager-worker-prosody-5d8fbffd47-99fq9 lead-manager 	from /usr/local/bundle/gems/activesupport-8.0.2/lib/active_support/concurrency/null_lock.rb:9:in `synchronize'
lead-manager-worker-prosody-5d8fbffd47-99fq9 lead-manager 	from /usr/local/bundle/gems/activerecord-8.0.2/lib/active_record/connection_adapters/abstract_adapter.rb:984:in `with_raw_connection'
lead-manager-worker-prosody-5d8fbffd47-99fq9 lead-manager 	from /usr/local/bundle/gems/activerecord-8.0.2/lib/active_record/connection_adapters/abstract/database_statements.rb:555:in `block in raw_execute'
lead-manager-worker-prosody-5d8fbffd47-99fq9 lead-manager 	from /usr/local/bundle/gems/activesupport-8.0.2/lib/active_support/notifications/instrumenter.rb:58:in `instrument'
lead-manager-worker-prosody-5d8fbffd47-99fq9 lead-manager 	from /usr/local/bundle/gems/activerecord-8.0.2/lib/active_record/connection_adapters/abstract_adapter.rb:1135:in `log'
lead-manager-worker-prosody-5d8fbffd47-99fq9 lead-manager 	from /usr/local/bundle/gems/activerecord-8.0.2/lib/active_record/connection_adapters/abstract/database_statements.rb:554:in `raw_execute'
lead-manager-worker-prosody-5d8fbffd47-99fq9 lead-manager 	from /usr/local/bundle/gems/activerecord-8.0.2/lib/active_record/connection_adapters/abstract/database_statements.rb:591:in `internal_execute'
lead-manager-worker-prosody-5d8fbffd47-99fq9 lead-manager 	from /usr/local/bundle/gems/activerecord-8.0.2/lib/active_record/connection_adapters/abstract/database_statements.rb:547:in `internal_exec_query'
lead-manager-worker-prosody-5d8fbffd47-99fq9 lead-manager 	from /usr/local/bundle/gems/activerecord-8.0.2/lib/active_record/connection_adapters/abstract/database_statements.rb:693:in `select'
lead-manager-worker-prosody-5d8fbffd47-99fq9 lead-manager 	from /usr/local/bundle/gems/activerecord-8.0.2/lib/active_record/connection_adapters/abstract/database_statements.rb:73:in `select_all'
lead-manager-worker-prosody-5d8fbffd47-99fq9 lead-manager 	from /usr/local/bundle/gems/activerecord-8.0.2/lib/active_record/connection_adapters/abstract/query_cache.rb:251:in `select_all'
lead-manager-worker-prosody-5d8fbffd47-99fq9 lead-manager 	from /usr/local/bundle/gems/activerecord-8.0.2/lib/active_record/connection_adapters/mysql2/database_statements.rb:12:in `select_all'
lead-manager-worker-prosody-5d8fbffd47-99fq9 lead-manager 	from /usr/local/bundle/gems/activerecord-8.0.2/lib/active_record/querying.rb:68:in `_query_by_sql'
lead-manager-worker-prosody-5d8fbffd47-99fq9 lead-manager 	from /usr/local/bundle/gems/activerecord-8.0.2/lib/active_record/querying.rb:53:in `block in find_by_sql'
lead-manager-worker-prosody-5d8fbffd47-99fq9 lead-manager 	from /usr/local/bundle/gems/activerecord-8.0.2/lib/active_record/connection_adapters/abstract/connection_pool.rb:412:in `with_connection'
lead-manager-worker-prosody-5d8fbffd47-99fq9 lead-manager 	from /usr/local/bundle/gems/activerecord-8.0.2/lib/active_record/connection_handling.rb:310:in `with_connection'
lead-manager-worker-prosody-5d8fbffd47-99fq9 lead-manager 	from /usr/local/bundle/gems/activerecord-8.0.2/lib/active_record/querying.rb:52:in `find_by_sql'
lead-manager-worker-prosody-5d8fbffd47-99fq9 lead-manager 	from /usr/local/bundle/gems/activerecord-8.0.2/lib/active_record/statement_cache.rb:152:in `execute'
lead-manager-worker-prosody-5d8fbffd47-99fq9 lead-manager 	from /usr/local/bundle/gems/activerecord-8.0.2/lib/active_record/core.rb:454:in `block in cached_find_by'
lead-manager-worker-prosody-5d8fbffd47-99fq9 lead-manager 	from /usr/local/bundle/gems/activerecord-8.0.2/lib/active_record/connection_adapters/abstract/connection_pool.rb:412:in `with_connection'
lead-manager-worker-prosody-5d8fbffd47-99fq9 lead-manager 	from /usr/local/bundle/gems/activerecord-8.0.2/lib/active_record/connection_handling.rb:310:in `with_connection'
lead-manager-worker-prosody-5d8fbffd47-99fq9 lead-manager 	from /usr/local/bundle/gems/activerecord-8.0.2/lib/active_record/core.rb:442:in `cached_find_by'
lead-manager-worker-prosody-5d8fbffd47-99fq9 lead-manager 	from /usr/local/bundle/gems/activerecord-8.0.2/lib/active_record/core.rb:327:in `find_by'
lead-manager-worker-prosody-5d8fbffd47-99fq9 lead-manager 	from /usr/src/app/services/prosody_handlers/crm_agent_asserted.rb:5:in `perform'
lead-manager-worker-prosody-5d8fbffd47-99fq9 lead-manager 	from /usr/src/app/services/prosody_handler.rb:9:in `on_message'
lead-manager-worker-prosody-5d8fbffd47-99fq9 lead-manager 	from /usr/local/bundle/gems/prosody-1.1.1-x86_64-linux/lib/prosody/processor.rb:281:in `block (2 levels) in start_worker'
lead-manager-worker-prosody-5d8fbffd47-99fq9 lead-manager 	from /usr/local/bundle/gems/opentelemetry-api-1.7.0/lib/opentelemetry/trace.rb:70:in `block in with_span'
lead-manager-worker-prosody-5d8fbffd47-99fq9 lead-manager 	from /usr/local/bundle/gems/opentelemetry-api-1.7.0/lib/opentelemetry/context.rb:88:in `with_value'
lead-manager-worker-prosody-5d8fbffd47-99fq9 lead-manager 	from /usr/local/bundle/gems/opentelemetry-api-1.7.0/lib/opentelemetry/trace.rb:70:in `with_span'
lead-manager-worker-prosody-5d8fbffd47-99fq9 lead-manager 	from /usr/local/bundle/gems/prosody-1.1.1-x86_64-linux/lib/prosody/processor.rb:279:in `block in start_worker'
lead-manager-worker-prosody-5d8fbffd47-99fq9 lead-manager 	from /usr/local/bundle/gems/async-2.32.0/lib/async/task.rb:207:in `block in run'
lead-manager-worker-prosody-5d8fbffd47-99fq9 lead-manager 	from /usr/local/bundle/gems/async-2.32.0/lib/async/task.rb:452:in `block in schedule'
lead-manager-worker-prosody-5d8fbffd47-99fq9 lead-manager /usr/local/bundle/gems/mysql2-0.5.5/lib/mysql2/client.rb:151:in `_query': This connection is in use by: #<Fiber:0x00007f6128a2d330 /usr/local/bundle/gems/async-2.32.0/lib/async/task.rb:450 (suspended)> (Mysql2::Error)
lead-manager-worker-prosody-5d8fbffd47-99fq9 lead-manager 	from /usr/local/bundle/gems/mysql2-0.5.5/lib/mysql2/client.rb:151:in `block in query'
lead-manager-worker-prosody-5d8fbffd47-99fq9 lead-manager 	from /usr/local/bundle/gems/mysql2-0.5.5/lib/mysql2/client.rb:150:in `handle_interrupt'
lead-manager-worker-prosody-5d8fbffd47-99fq9 lead-manager 	from /usr/local/bundle/gems/mysql2-0.5.5/lib/mysql2/client.rb:150:in `query'
lead-manager-worker-prosody-5d8fbffd47-99fq9 lead-manager 	from /usr/local/bundle/gems/prometheus_exporter-2.1.0/lib/prometheus_exporter/instrumentation/method_profiler.rb:80:in `query'
lead-manager-worker-prosody-5d8fbffd47-99fq9 lead-manager 	from /usr/local/bundle/gems/activerecord-8.0.2/lib/active_record/connection_adapters/mysql2/database_statements.rb:54:in `block in perform_query'
lead-manager-worker-prosody-5d8fbffd47-99fq9 lead-manager 	from /usr/local/bundle/gems/activesupport-8.0.2/lib/active_support/concurrency/share_lock.rb:186:in `yield_shares'
lead-manager-worker-prosody-5d8fbffd47-99fq9 lead-manager 	from /usr/local/bundle/gems/activesupport-8.0.2/lib/active_support/dependencies/interlock.rb:41:in `permit_concurrent_loads'
lead-manager-worker-prosody-5d8fbffd47-99fq9 lead-manager 	from /usr/local/bundle/gems/activerecord-8.0.2/lib/active_record/connection_adapters/mysql2/database_statements.rb:53:in `perform_query'
lead-manager-worker-prosody-5d8fbffd47-99fq9 lead-manager 	from /usr/local/bundle/gems/activerecord-8.0.2/lib/active_record/connection_adapters/abstract/database_statements.rb:556:in `block (2 levels) in raw_execute'
lead-manager-worker-prosody-5d8fbffd47-99fq9 lead-manager 	from /usr/local/bundle/gems/activerecord-8.0.2/lib/active_record/connection_adapters/abstract_adapter.rb:1015:in `block in with_raw_connection'
lead-manager-worker-prosody-5d8fbffd47-99fq9 lead-manager 	from /usr/local/bundle/gems/activesupport-8.0.2/lib/active_support/concurrency/null_lock.rb:9:in `synchronize'
lead-manager-worker-prosody-5d8fbffd47-99fq9 lead-manager 	from /usr/local/bundle/gems/activerecord-8.0.2/lib/active_record/connection_adapters/abstract_adapter.rb:984:in `with_raw_connection'
lead-manager-worker-prosody-5d8fbffd47-99fq9 lead-manager 	from /usr/local/bundle/gems/activerecord-8.0.2/lib/active_record/connection_adapters/abstract/database_statements.rb:555:in `block in raw_execute'
lead-manager-worker-prosody-5d8fbffd47-99fq9 lead-manager 	from /usr/local/bundle/gems/activesupport-8.0.2/lib/active_support/notifications/instrumenter.rb:58:in `instrument'
lead-manager-worker-prosody-5d8fbffd47-99fq9 lead-manager 	from /usr/local/bundle/gems/activerecord-8.0.2/lib/active_record/connection_adapters/abstract_adapter.rb:1135:in `log'
lead-manager-worker-prosody-5d8fbffd47-99fq9 lead-manager 	from /usr/local/bundle/gems/activerecord-8.0.2/lib/active_record/connection_adapters/abstract/database_statements.rb:554:in `raw_execute'
lead-manager-worker-prosody-5d8fbffd47-99fq9 lead-manager 	from /usr/local/bundle/gems/activerecord-8.0.2/lib/active_record/connection_adapters/abstract/database_statements.rb:591:in `internal_execute'
lead-manager-worker-prosody-5d8fbffd47-99fq9 lead-manager 	from /usr/local/bundle/gems/activerecord-8.0.2/lib/active_record/connection_adapters/abstract/database_statements.rb:547:in `internal_exec_query'
lead-manager-worker-prosody-5d8fbffd47-99fq9 lead-manager 	from /usr/local/bundle/gems/activerecord-8.0.2/lib/active_record/connection_adapters/abstract/database_statements.rb:693:in `select'
lead-manager-worker-prosody-5d8fbffd47-99fq9 lead-manager 	from /usr/local/bundle/gems/activerecord-8.0.2/lib/active_record/connection_adapters/abstract/database_statements.rb:73:in `select_all'
lead-manager-worker-prosody-5d8fbffd47-99fq9 lead-manager 	from /usr/local/bundle/gems/activerecord-8.0.2/lib/active_record/connection_adapters/abstract/query_cache.rb:251:in `select_all'
lead-manager-worker-prosody-5d8fbffd47-99fq9 lead-manager 	from /usr/local/bundle/gems/activerecord-8.0.2/lib/active_record/connection_adapters/mysql2/database_statements.rb:12:in `select_all'
lead-manager-worker-prosody-5d8fbffd47-99fq9 lead-manager 	from /usr/local/bundle/gems/activerecord-8.0.2/lib/active_record/querying.rb:68:in `_query_by_sql'
lead-manager-worker-prosody-5d8fbffd47-99fq9 lead-manager 	from /usr/local/bundle/gems/activerecord-8.0.2/lib/active_record/querying.rb:53:in `block in find_by_sql'
lead-manager-worker-prosody-5d8fbffd47-99fq9 lead-manager 	from /usr/local/bundle/gems/activerecord-8.0.2/lib/active_record/connection_adapters/abstract/connection_pool.rb:412:in `with_connection'
lead-manager-worker-prosody-5d8fbffd47-99fq9 lead-manager 	from /usr/local/bundle/gems/activerecord-8.0.2/lib/active_record/connection_handling.rb:310:in `with_connection'
lead-manager-worker-prosody-5d8fbffd47-99fq9 lead-manager 	from /usr/local/bundle/gems/activerecord-8.0.2/lib/active_record/querying.rb:52:in `find_by_sql'
lead-manager-worker-prosody-5d8fbffd47-99fq9 lead-manager 	from /usr/local/bundle/gems/activerecord-8.0.2/lib/active_record/statement_cache.rb:152:in `execute'
lead-manager-worker-prosody-5d8fbffd47-99fq9 lead-manager 	from /usr/local/bundle/gems/activerecord-8.0.2/lib/active_record/core.rb:454:in `block in cached_find_by'
lead-manager-worker-prosody-5d8fbffd47-99fq9 lead-manager 	from /usr/local/bundle/gems/activerecord-8.0.2/lib/active_record/connection_adapters/abstract/connection_pool.rb:412:in `with_connection'
lead-manager-worker-prosody-5d8fbffd47-99fq9 lead-manager 	from /usr/local/bundle/gems/activerecord-8.0.2/lib/active_record/connection_handling.rb:310:in `with_connection'
lead-manager-worker-prosody-5d8fbffd47-99fq9 lead-manager 	from /usr/local/bundle/gems/activerecord-8.0.2/lib/active_record/core.rb:442:in `cached_find_by'
lead-manager-worker-prosody-5d8fbffd47-99fq9 lead-manager 	from /usr/local/bundle/gems/activerecord-8.0.2/lib/active_record/core.rb:327:in `find_by'
lead-manager-worker-prosody-5d8fbffd47-99fq9 lead-manager 	from /usr/src/app/services/prosody_handlers/crm_agent_asserted.rb:5:in `perform'
lead-manager-worker-prosody-5d8fbffd47-99fq9 lead-manager 	from /usr/src/app/services/prosody_handler.rb:9:in `on_message'
lead-manager-worker-prosody-5d8fbffd47-99fq9 lead-manager 	from /usr/local/bundle/gems/prosody-1.1.1-x86_64-linux/lib/prosody/processor.rb:281:in `block (2 levels) in start_worker'
lead-manager-worker-prosody-5d8fbffd47-99fq9 lead-manager 	from /usr/local/bundle/gems/opentelemetry-api-1.7.0/lib/opentelemetry/trace.rb:70:in `block in with_span'
lead-manager-worker-prosody-5d8fbffd47-99fq9 lead-manager 	from /usr/local/bundle/gems/opentelemetry-api-1.7.0/lib/opentelemetry/context.rb:88:in `with_value'
lead-manager-worker-prosody-5d8fbffd47-99fq9 lead-manager 	from /usr/local/bundle/gems/opentelemetry-api-1.7.0/lib/opentelemetry/trace.rb:70:in `with_span'
lead-manager-worker-prosody-5d8fbffd47-99fq9 lead-manager 	from /usr/local/bundle/gems/prosody-1.1.1-x86_64-linux/lib/prosody/processor.rb:279:in `block in start_worker'
lead-manager-worker-prosody-5d8fbffd47-99fq9 lead-manager 	from /usr/local/bundle/gems/async-2.32.0/lib/async/task.rb:207:in `block in run'
lead-manager-worker-prosody-5d8fbffd47-99fq9 lead-manager 	from /usr/local/bundle/gems/async-2.32.0/lib/async/task.rb:452:in `block in schedule'
lead-manager-worker-prosody-5d8fbffd47-99fq9 lead-manager ; retrying after 4ms module=prosody::consumer::failure::retry line=342 partition=0 key=realgeeks:77981 offset=191 attempt=2 topic=witco.agent-events
lead-manager-worker-prosody-5d8fbffd47-99fq9 lead-manager D, [2025-09-23T18:54:38.446910 #1] DEBUG -- : Executing task witco.agent-events/0:191
lead-manager-worker-prosody-5d8fbffd47-99fq9 lead-manager E, [2025-09-23T18:54:38.551952 #1] ERROR -- : Error executing task witco.agent-events/0:191: Mysql2::Error: This connection is in use by: #<Fiber:0x00007f6128a2d330 /usr/local/bundle/gems/async-2.32.0/lib/async/task.rb:450 (suspended)>
lead-manager-worker-prosody-5d8fbffd47-99fq9 lead-manager E, [2025-09-23T18:54:38.554878 #1] ERROR -- : failed to handle message: handler error: transient error: /usr/local/bundle/gems/mysql2-0.5.5/lib/mysql2/client.rb:151:in `_query': Mysql2::Error: This connection is in use by: #<Fiber:0x00007f6128a2d330 /usr/local/bundle/gems/async-2.32.0/lib/async/task.rb:450 (suspended)> (ActiveRecord::StatementInvalid)
lead-manager-worker-prosody-5d8fbffd47-99fq9 lead-manager 	from /usr/local/bundle/gems/mysql2-0.5.5/lib/mysql2/client.rb:151:in `block in query'
lead-manager-worker-prosody-5d8fbffd47-99fq9 lead-manager 	from /usr/local/bundle/gems/mysql2-0.5.5/lib/mysql2/client.rb:150:in `handle_interrupt'
lead-manager-worker-prosody-5d8fbffd47-99fq9 lead-manager 	from /usr/local/bundle/gems/mysql2-0.5.5/lib/mysql2/client.rb:150:in `query'
lead-manager-worker-prosody-5d8fbffd47-99fq9 lead-manager 	from /usr/local/bundle/gems/prometheus_exporter-2.1.0/lib/prometheus_exporter/instrumentation/method_profiler.rb:80:in `query'
lead-manager-worker-prosody-5d8fbffd47-99fq9 lead-manager 	from /usr/local/bundle/gems/activerecord-8.0.2/lib/active_record/connection_adapters/mysql2/database_statements.rb:54:in `block in perform_query'
lead-manager-worker-prosody-5d8fbffd47-99fq9 lead-manager 	from /usr/local/bundle/gems/activesupport-8.0.2/lib/active_support/concurrency/share_lock.rb:186:in `yield_shares'
lead-manager-worker-prosody-5d8fbffd47-99fq9 lead-manager 	from /usr/local/bundle/gems/activesupport-8.0.2/lib/active_support/dependencies/interlock.rb:41:in `permit_concurrent_loads'
lead-manager-worker-prosody-5d8fbffd47-99fq9 lead-manager 	from /usr/local/bundle/gems/activerecord-8.0.2/lib/active_record/connection_adapters/mysql2/database_statements.rb:53:in `perform_query'
lead-manager-worker-prosody-5d8fbffd47-99fq9 lead-manager 	from /usr/local/bundle/gems/activerecord-8.0.2/lib/active_record/connection_adapters/abstract/database_statements.rb:556:in `block (2 levels) in raw_execute'
lead-manager-worker-prosody-5d8fbffd47-99fq9 lead-manager 	from /usr/local/bundle/gems/activerecord-8.0.2/lib/active_record/connection_adapters/abstract_adapter.rb:1015:in `block in with_raw_connection'
lead-manager-worker-prosody-5d8fbffd47-99fq9 lead-manager 	from /usr/local/bundle/gems/activesupport-8.0.2/lib/active_support/concurrency/null_lock.rb:9:in `synchronize'
lead-manager-worker-prosody-5d8fbffd47-99fq9 lead-manager 	from /usr/local/bundle/gems/activerecord-8.0.2/lib/active_record/connection_adapters/abstract_adapter.rb:984:in `with_raw_connection'
lead-manager-worker-prosody-5d8fbffd47-99fq9 lead-manager 	from /usr/local/bundle/gems/activerecord-8.0.2/lib/active_record/connection_adapters/abstract/database_statements.rb:555:in `block in raw_execute'
lead-manager-worker-prosody-5d8fbffd47-99fq9 lead-manager 	from /usr/local/bundle/gems/activesupport-8.0.2/lib/active_support/notifications/instrumenter.rb:58:in `instrument'
lead-manager-worker-prosody-5d8fbffd47-99fq9 lead-manager 	from /usr/local/bundle/gems/activerecord-8.0.2/lib/active_record/connection_adapters/abstract_adapter.rb:1135:in `log'
lead-manager-worker-prosody-5d8fbffd47-99fq9 lead-manager 	from /usr/local/bundle/gems/activerecord-8.0.2/lib/active_record/connection_adapters/abstract/database_statements.rb:554:in `raw_execute'
lead-manager-worker-prosody-5d8fbffd47-99fq9 lead-manager 	from /usr/local/bundle/gems/activerecord-8.0.2/lib/active_record/connection_adapters/abstract/database_statements.rb:591:in `internal_execute'
lead-manager-worker-prosody-5d8fbffd47-99fq9 lead-manager 	from /usr/local/bundle/gems/activerecord-8.0.2/lib/active_record/connection_adapters/abstract/database_statements.rb:547:in `internal_exec_query'
lead-manager-worker-prosody-5d8fbffd47-99fq9 lead-manager 	from /usr/local/bundle/gems/activerecord-8.0.2/lib/active_record/connection_adapters/abstract/database_statements.rb:693:in `select'
lead-manager-worker-prosody-5d8fbffd47-99fq9 lead-manager 	from /usr/local/bundle/gems/activerecord-8.0.2/lib/active_record/connection_adapters/abstract/database_statements.rb:73:in `select_all'
lead-manager-worker-prosody-5d8fbffd47-99fq9 lead-manager 	from /usr/local/bundle/gems/activerecord-8.0.2/lib/active_record/connection_adapters/abstract/query_cache.rb:251:in `select_all'
lead-manager-worker-prosody-5d8fbffd47-99fq9 lead-manager 	from /usr/local/bundle/gems/activerecord-8.0.2/lib/active_record/connection_adapters/mysql2/database_statements.rb:12:in `select_all'
lead-manager-worker-prosody-5d8fbffd47-99fq9 lead-manager 	from /usr/local/bundle/gems/activerecord-8.0.2/lib/active_record/querying.rb:68:in `_query_by_sql'
lead-manager-worker-prosody-5d8fbffd47-99fq9 lead-manager 	from /usr/local/bundle/gems/activerecord-8.0.2/lib/active_record/querying.rb:53:in `block in find_by_sql'
lead-manager-worker-prosody-5d8fbffd47-99fq9 lead-manager 	from /usr/local/bundle/gems/activerecord-8.0.2/lib/active_record/connection_adapters/abstract/connection_pool.rb:412:in `with_connection'
lead-manager-worker-prosody-5d8fbffd47-99fq9 lead-manager 	from /usr/local/bundle/gems/activerecord-8.0.2/lib/active_record/connection_handling.rb:310:in `with_connection'
lead-manager-worker-prosody-5d8fbffd47-99fq9 lead-manager 	from /usr/local/bundle/gems/activerecord-8.0.2/lib/active_record/querying.rb:52:in `find_by_sql'
lead-manager-worker-prosody-5d8fbffd47-99fq9 lead-manager 	from /usr/local/bundle/gems/activerecord-8.0.2/lib/active_record/statement_cache.rb:152:in `execute'
lead-manager-worker-prosody-5d8fbffd47-99fq9 lead-manager 	from /usr/local/bundle/gems/activerecord-8.0.2/lib/active_record/core.rb:454:in `block in cached_find_by'
lead-manager-worker-prosody-5d8fbffd47-99fq9 lead-manager 	from /usr/local/bundle/gems/activerecord-8.0.2/lib/active_record/connection_adapters/abstract/connection_pool.rb:412:in `with_connection'
lead-manager-worker-prosody-5d8fbffd47-99fq9 lead-manager 	from /usr/local/bundle/gems/activerecord-8.0.2/lib/active_record/connection_handling.rb:310:in `with_connection'
lead-manager-worker-prosody-5d8fbffd47-99fq9 lead-manager 	from /usr/local/bundle/gems/activerecord-8.0.2/lib/active_record/core.rb:442:in `cached_find_by'
lead-manager-worker-prosody-5d8fbffd47-99fq9 lead-manager 	from /usr/local/bundle/gems/activerecord-8.0.2/lib/active_record/core.rb:327:in `find_by'
lead-manager-worker-prosody-5d8fbffd47-99fq9 lead-manager 	from /usr/src/app/services/prosody_handlers/crm_agent_asserted.rb:5:in `perform'
lead-manager-worker-prosody-5d8fbffd47-99fq9 lead-manager 	from /usr/src/app/services/prosody_handler.rb:9:in `on_message'
lead-manager-worker-prosody-5d8fbffd47-99fq9 lead-manager 	from /usr/local/bundle/gems/prosody-1.1.1-x86_64-linux/lib/prosody/processor.rb:281:in `block (2 levels) in start_worker'
lead-manager-worker-prosody-5d8fbffd47-99fq9 lead-manager 	from /usr/local/bundle/gems/opentelemetry-api-1.7.0/lib/opentelemetry/trace.rb:70:in `block in with_span'
lead-manager-worker-prosody-5d8fbffd47-99fq9 lead-manager 	from /usr/local/bundle/gems/opentelemetry-api-1.7.0/lib/opentelemetry/context.rb:88:in `with_value'
lead-manager-worker-prosody-5d8fbffd47-99fq9 lead-manager 	from /usr/local/bundle/gems/opentelemetry-api-1.7.0/lib/opentelemetry/trace.rb:70:in `with_span'
lead-manager-worker-prosody-5d8fbffd47-99fq9 lead-manager 	from /usr/local/bundle/gems/prosody-1.1.1-x86_64-linux/lib/prosody/processor.rb:279:in `block in start_worker'
lead-manager-worker-prosody-5d8fbffd47-99fq9 lead-manager 	from /usr/local/bundle/gems/async-2.32.0/lib/async/task.rb:207:in `block in run'
lead-manager-worker-prosody-5d8fbffd47-99fq9 lead-manager 	from /usr/local/bundle/gems/async-2.32.0/lib/async/task.rb:452:in `block in schedule'
lead-manager-worker-prosody-5d8fbffd47-99fq9 lead-manager /usr/local/bundle/gems/mysql2-0.5.5/lib/mysql2/client.rb:151:in `_query': This connection is in use by: #<Fiber:0x00007f6128a2d330 /usr/local/bundle/gems/async-2.32.0/lib/async/task.rb:450 (suspended)> (Mysql2::Error)
lead-manager-worker-prosody-5d8fbffd47-99fq9 lead-manager 	from /usr/local/bundle/gems/mysql2-0.5.5/lib/mysql2/client.rb:151:in `block in query'
lead-manager-worker-prosody-5d8fbffd47-99fq9 lead-manager 	from /usr/local/bundle/gems/mysql2-0.5.5/lib/mysql2/client.rb:150:in `handle_interrupt'
lead-manager-worker-prosody-5d8fbffd47-99fq9 lead-manager 	from /usr/local/bundle/gems/mysql2-0.5.5/lib/mysql2/client.rb:150:in `query'
lead-manager-worker-prosody-5d8fbffd47-99fq9 lead-manager 	from /usr/local/bundle/gems/prometheus_exporter-2.1.0/lib/prometheus_exporter/instrumentation/method_profiler.rb:80:in `query'
lead-manager-worker-prosody-5d8fbffd47-99fq9 lead-manager 	from /usr/local/bundle/gems/activerecord-8.0.2/lib/active_record/connection_adapters/mysql2/database_statements.rb:54:in `block in perform_query'
lead-manager-worker-prosody-5d8fbffd47-99fq9 lead-manager 	from /usr/local/bundle/gems/activesupport-8.0.2/lib/active_support/concurrency/share_lock.rb:186:in `yield_shares'
lead-manager-worker-prosody-5d8fbffd47-99fq9 lead-manager 	from /usr/local/bundle/gems/activesupport-8.0.2/lib/active_support/dependencies/interlock.rb:41:in `permit_concurrent_loads'
lead-manager-worker-prosody-5d8fbffd47-99fq9 lead-manager 	from /usr/local/bundle/gems/activerecord-8.0.2/lib/active_record/connection_adapters/mysql2/database_statements.rb:53:in `perform_query'
lead-manager-worker-prosody-5d8fbffd47-99fq9 lead-manager 	from /usr/local/bundle/gems/activerecord-8.0.2/lib/active_record/connection_adapters/abstract/database_statements.rb:556:in `block (2 levels) in raw_execute'
lead-manager-worker-prosody-5d8fbffd47-99fq9 lead-manager 	from /usr/local/bundle/gems/activerecord-8.0.2/lib/active_record/connection_adapters/abstract_adapter.rb:1015:in `block in with_raw_connection'
lead-manager-worker-prosody-5d8fbffd47-99fq9 lead-manager 	from /usr/local/bundle/gems/activesupport-8.0.2/lib/active_support/concurrency/null_lock.rb:9:in `synchronize'
lead-manager-worker-prosody-5d8fbffd47-99fq9 lead-manager 	from /usr/local/bundle/gems/activerecord-8.0.2/lib/active_record/connection_adapters/abstract_adapter.rb:984:in `with_raw_connection'
lead-manager-worker-prosody-5d8fbffd47-99fq9 lead-manager 	from /usr/local/bundle/gems/activerecord-8.0.2/lib/active_record/connection_adapters/abstract/database_statements.rb:555:in `block in raw_execute'
lead-manager-worker-prosody-5d8fbffd47-99fq9 lead-manager 	from /usr/local/bundle/gems/activesupport-8.0.2/lib/active_support/notifications/instrumenter.rb:58:in `instrument'
lead-manager-worker-prosody-5d8fbffd47-99fq9 lead-manager 	from /usr/local/bundle/gems/activerecord-8.0.2/lib/active_record/connection_adapters/abstract_adapter.rb:1135:in `log'
lead-manager-worker-prosody-5d8fbffd47-99fq9 lead-manager 	from /usr/local/bundle/gems/activerecord-8.0.2/lib/active_record/connection_adapters/abstract/database_statements.rb:554:in `raw_execute'
lead-manager-worker-prosody-5d8fbffd47-99fq9 lead-manager 	from /usr/local/bundle/gems/activerecord-8.0.2/lib/active_record/connection_adapters/abstract/database_statements.rb:591:in `internal_execute'
lead-manager-worker-prosody-5d8fbffd47-99fq9 lead-manager 	from /usr/local/bundle/gems/activerecord-8.0.2/lib/active_record/connection_adapters/abstract/database_statements.rb:547:in `internal_exec_query'
lead-manager-worker-prosody-5d8fbffd47-99fq9 lead-manager 	from /usr/local/bundle/gems/activerecord-8.0.2/lib/active_record/connection_adapters/abstract/database_statements.rb:693:in `select'
lead-manager-worker-prosody-5d8fbffd47-99fq9 lead-manager 	from /usr/local/bundle/gems/activerecord-8.0.2/lib/active_record/connection_adapters/abstract/database_statements.rb:73:in `select_all'
lead-manager-worker-prosody-5d8fbffd47-99fq9 lead-manager 	from /usr/local/bundle/gems/activerecord-8.0.2/lib/active_record/connection_adapters/abstract/query_cache.rb:251:in `select_all'
lead-manager-worker-prosody-5d8fbffd47-99fq9 lead-manager 	from /usr/local/bundle/gems/activerecord-8.0.2/lib/active_record/connection_adapters/mysql2/database_statements.rb:12:in `select_all'
lead-manager-worker-prosody-5d8fbffd47-99fq9 lead-manager 	from /usr/local/bundle/gems/activerecord-8.0.2/lib/active_record/querying.rb:68:in `_query_by_sql'
lead-manager-worker-prosody-5d8fbffd47-99fq9 lead-manager 	from /usr/local/bundle/gems/activerecord-8.0.2/lib/active_record/querying.rb:53:in `block in find_by_sql'
lead-manager-worker-prosody-5d8fbffd47-99fq9 lead-manager 	from /usr/local/bundle/gems/activerecord-8.0.2/lib/active_record/connection_adapters/abstract/connection_pool.rb:412:in `with_connection'
lead-manager-worker-prosody-5d8fbffd47-99fq9 lead-manager 	from /usr/local/bundle/gems/activerecord-8.0.2/lib/active_record/connection_handling.rb:310:in `with_connection'
lead-manager-worker-prosody-5d8fbffd47-99fq9 lead-manager 	from /usr/local/bundle/gems/activerecord-8.0.2/lib/active_record/querying.rb:52:in `find_by_sql'
lead-manager-worker-prosody-5d8fbffd47-99fq9 lead-manager 	from /usr/local/bundle/gems/activerecord-8.0.2/lib/active_record/statement_cache.rb:152:in `execute'
lead-manager-worker-prosody-5d8fbffd47-99fq9 lead-manager 	from /usr/local/bundle/gems/activerecord-8.0.2/lib/active_record/core.rb:454:in `block in cached_find_by'
lead-manager-worker-prosody-5d8fbffd47-99fq9 lead-manager 	from /usr/local/bundle/gems/activerecord-8.0.2/lib/active_record/connection_adapters/abstract/connection_pool.rb:412:in `with_connection'
lead-manager-worker-prosody-5d8fbffd47-99fq9 lead-manager 	from /usr/local/bundle/gems/activerecord-8.0.2/lib/active_record/connection_handling.rb:310:in `with_connection'
lead-manager-worker-prosody-5d8fbffd47-99fq9 lead-manager 	from /usr/local/bundle/gems/activerecord-8.0.2/lib/active_record/core.rb:442:in `cached_find_by'
lead-manager-worker-prosody-5d8fbffd47-99fq9 lead-manager 	from /usr/local/bundle/gems/activerecord-8.0.2/lib/active_record/core.rb:327:in `find_by'
lead-manager-worker-prosody-5d8fbffd47-99fq9 lead-manager 	from /usr/src/app/services/prosody_handlers/crm_agent_asserted.rb:5:in `perform'
lead-manager-worker-prosody-5d8fbffd47-99fq9 lead-manager 	from /usr/src/app/services/prosody_handler.rb:9:in `on_message'
lead-manager-worker-prosody-5d8fbffd47-99fq9 lead-manager 	from /usr/local/bundle/gems/prosody-1.1.1-x86_64-linux/lib/prosody/processor.rb:281:in `block (2 levels) in start_worker'
lead-manager-worker-prosody-5d8fbffd47-99fq9 lead-manager 	from /usr/local/bundle/gems/opentelemetry-api-1.7.0/lib/opentelemetry/trace.rb:70:in `block in with_span'
lead-manager-worker-prosody-5d8fbffd47-99fq9 lead-manager 	from /usr/local/bundle/gems/opentelemetry-api-1.7.0/lib/opentelemetry/context.rb:88:in `with_value'
lead-manager-worker-prosody-5d8fbffd47-99fq9 lead-manager 	from /usr/local/bundle/gems/opentelemetry-api-1.7.0/lib/opentelemetry/trace.rb:70:in `with_span'
lead-manager-worker-prosody-5d8fbffd47-99fq9 lead-manager 	from /usr/local/bundle/gems/prosody-1.1.1-x86_64-linux/lib/prosody/processor.rb:279:in `block in start_worker'
lead-manager-worker-prosody-5d8fbffd47-99fq9 lead-manager 	from /usr/local/bundle/gems/async-2.32.0/lib/async/task.rb:207:in `block in run'
lead-manager-worker-prosody-5d8fbffd47-99fq9 lead-manager 	from /usr/local/bundle/gems/async-2.32.0/lib/async/task.rb:452:in `block in schedule'
lead-manager-worker-prosody-5d8fbffd47-99fq9 lead-manager ; retrying after 135ms module=prosody::consumer::failure::retry line=342 partition=0 key=realgeeks:77981 offset=191 attempt=3 topic=witco.agent-events
lead-manager-worker-prosody-5d8fbffd47-99fq9 lead-manager D, [2025-09-23T18:54:38.671931 #1] DEBUG -- : Task witco.agent-events/0:190 completed successfully
lead-manager-worker-prosody-5d8fbffd47-99fq9 lead-manager D, [2025-09-23T18:54:38.682944 #1] DEBUG -- : Executing task witco.agent-events/0:195
lead-manager-worker-prosody-5d8fbffd47-99fq9 lead-manager D, [2025-09-23T18:54:38.714117 #1] DEBUG -- : Executing task witco.agent-events/0:191
lead-manager-worker-prosody-5d8fbffd47-99fq9 lead-manager E, [2025-09-23T18:54:38.737637 #1] ERROR -- : Error executing task witco.agent-events/0:191: Mysql2::Error: This connection is in use by: #<Fiber:0x00007f612344c6c8 /usr/local/bundle/gems/async-2.32.0/lib/async/task.rb:450 (suspended)>
lead-manager-worker-prosody-5d8fbffd47-99fq9 lead-manager E, [2025-09-23T18:54:38.742757 #1] ERROR -- : failed to handle message: handler error: transient error: /usr/local/bundle/gems/mysql2-0.5.5/lib/mysql2/client.rb:151:in `_query': Mysql2::Error: This connection is in use by: #<Fiber:0x00007f612344c6c8 /usr/local/bundle/gems/async-2.32.0/lib/async/task.rb:450 (suspended)> (ActiveRecord::StatementInvalid)
lead-manager-worker-prosody-5d8fbffd47-99fq9 lead-manager 	from /usr/local/bundle/gems/mysql2-0.5.5/lib/mysql2/client.rb:151:in `block in query'
lead-manager-worker-prosody-5d8fbffd47-99fq9 lead-manager 	from /usr/local/bundle/gems/mysql2-0.5.5/lib/mysql2/client.rb:150:in `handle_interrupt'
lead-manager-worker-prosody-5d8fbffd47-99fq9 lead-manager 	from /usr/local/bundle/gems/mysql2-0.5.5/lib/mysql2/client.rb:150:in `query'
lead-manager-worker-prosody-5d8fbffd47-99fq9 lead-manager 	from /usr/local/bundle/gems/prometheus_exporter-2.1.0/lib/prometheus_exporter/instrumentation/method_profiler.rb:80:in `query'
lead-manager-worker-prosody-5d8fbffd47-99fq9 lead-manager 	from /usr/local/bundle/gems/activerecord-8.0.2/lib/active_record/connection_adapters/mysql2/database_statements.rb:54:in `block in perform_query'
lead-manager-worker-prosody-5d8fbffd47-99fq9 lead-manager 	from /usr/local/bundle/gems/activesupport-8.0.2/lib/active_support/concurrency/share_lock.rb:186:in `yield_shares'
lead-manager-worker-prosody-5d8fbffd47-99fq9 lead-manager 	from /usr/local/bundle/gems/activesupport-8.0.2/lib/active_support/dependencies/interlock.rb:41:in `permit_concurrent_loads'
lead-manager-worker-prosody-5d8fbffd47-99fq9 lead-manager 	from /usr/local/bundle/gems/activerecord-8.0.2/lib/active_record/connection_adapters/mysql2/database_statements.rb:53:in `perform_query'
lead-manager-worker-prosody-5d8fbffd47-99fq9 lead-manager 	from /usr/local/bundle/gems/activerecord-8.0.2/lib/active_record/connection_adapters/abstract/database_statements.rb:556:in `block (2 levels) in raw_execute'
lead-manager-worker-prosody-5d8fbffd47-99fq9 lead-manager 	from /usr/local/bundle/gems/activerecord-8.0.2/lib/active_record/connection_adapters/abstract_adapter.rb:1015:in `block in with_raw_connection'
lead-manager-worker-prosody-5d8fbffd47-99fq9 lead-manager 	from /usr/local/bundle/gems/activesupport-8.0.2/lib/active_support/concurrency/null_lock.rb:9:in `synchronize'
lead-manager-worker-prosody-5d8fbffd47-99fq9 lead-manager 	from /usr/local/bundle/gems/activerecord-8.0.2/lib/active_record/connection_adapters/abstract_adapter.rb:984:in `with_raw_connection'
lead-manager-worker-prosody-5d8fbffd47-99fq9 lead-manager 	from /usr/local/bundle/gems/activerecord-8.0.2/lib/active_record/connection_adapters/abstract/database_statements.rb:555:in `block in raw_execute'
lead-manager-worker-prosody-5d8fbffd47-99fq9 lead-manager 	from /usr/local/bundle/gems/activesupport-8.0.2/lib/active_support/notifications/instrumenter.rb:58:in `instrument'
lead-manager-worker-prosody-5d8fbffd47-99fq9 lead-manager 	from /usr/local/bundle/gems/activerecord-8.0.2/lib/active_record/connection_adapters/abstract_adapter.rb:1135:in `log'
lead-manager-worker-prosody-5d8fbffd47-99fq9 lead-manager 	from /usr/local/bundle/gems/activerecord-8.0.2/lib/active_record/connection_adapters/abstract/database_statements.rb:554:in `raw_execute'
lead-manager-worker-prosody-5d8fbffd47-99fq9 lead-manager 	from /usr/local/bundle/gems/activerecord-8.0.2/lib/active_record/connection_adapters/abstract/database_statements.rb:591:in `internal_execute'
lead-manager-worker-prosody-5d8fbffd47-99fq9 lead-manager 	from /usr/local/bundle/gems/activerecord-8.0.2/lib/active_record/connection_adapters/abstract/database_statements.rb:547:in `internal_exec_query'
lead-manager-worker-prosody-5d8fbffd47-99fq9 lead-manager 	from /usr/local/bundle/gems/activerecord-8.0.2/lib/active_record/connection_adapters/abstract/database_statements.rb:693:in `select'
lead-manager-worker-prosody-5d8fbffd47-99fq9 lead-manager 	from /usr/local/bundle/gems/activerecord-8.0.2/lib/active_record/connection_adapters/abstract/database_statements.rb:73:in `select_all'
lead-manager-worker-prosody-5d8fbffd47-99fq9 lead-manager 	from /usr/local/bundle/gems/activerecord-8.0.2/lib/active_record/connection_adapters/abstract/query_cache.rb:251:in `select_all'
lead-manager-worker-prosody-5d8fbffd47-99fq9 lead-manager 	from /usr/local/bundle/gems/activerecord-8.0.2/lib/active_record/connection_adapters/mysql2/database_statements.rb:12:in `select_all'
lead-manager-worker-prosody-5d8fbffd47-99fq9 lead-manager 	from /usr/local/bundle/gems/activerecord-8.0.2/lib/active_record/querying.rb:68:in `_query_by_sql'
lead-manager-worker-prosody-5d8fbffd47-99fq9 lead-manager 	from /usr/local/bundle/gems/activerecord-8.0.2/lib/active_record/querying.rb:53:in `block in find_by_sql'
lead-manager-worker-prosody-5d8fbffd47-99fq9 lead-manager 	from /usr/local/bundle/gems/activerecord-8.0.2/lib/active_record/connection_adapters/abstract/connection_pool.rb:412:in `with_connection'
lead-manager-worker-prosody-5d8fbffd47-99fq9 lead-manager 	from /usr/local/bundle/gems/activerecord-8.0.2/lib/active_record/connection_handling.rb:310:in `with_connection'
lead-manager-worker-prosody-5d8fbffd47-99fq9 lead-manager 	from /usr/local/bundle/gems/activerecord-8.0.2/lib/active_record/querying.rb:52:in `find_by_sql'
lead-manager-worker-prosody-5d8fbffd47-99fq9 lead-manager 	from /usr/local/bundle/gems/activerecord-8.0.2/lib/active_record/statement_cache.rb:152:in `execute'
lead-manager-worker-prosody-5d8fbffd47-99fq9 lead-manager 	from /usr/local/bundle/gems/activerecord-8.0.2/lib/active_record/core.rb:454:in `block in cached_find_by'
lead-manager-worker-prosody-5d8fbffd47-99fq9 lead-manager 	from /usr/local/bundle/gems/activerecord-8.0.2/lib/active_record/connection_adapters/abstract/connection_pool.rb:412:in `with_connection'
lead-manager-worker-prosody-5d8fbffd47-99fq9 lead-manager 	from /usr/local/bundle/gems/activerecord-8.0.2/lib/active_record/connection_handling.rb:310:in `with_connection'
lead-manager-worker-prosody-5d8fbffd47-99fq9 lead-manager 	from /usr/local/bundle/gems/activerecord-8.0.2/lib/active_record/core.rb:442:in `cached_find_by'
lead-manager-worker-prosody-5d8fbffd47-99fq9 lead-manager 	from /usr/local/bundle/gems/activerecord-8.0.2/lib/active_record/core.rb:327:in `find_by'
lead-manager-worker-prosody-5d8fbffd47-99fq9 lead-manager 	from /usr/src/app/services/prosody_handlers/crm_agent_asserted.rb:5:in `perform'
lead-manager-worker-prosody-5d8fbffd47-99fq9 lead-manager 	from /usr/src/app/services/prosody_handler.rb:9:in `on_message'
lead-manager-worker-prosody-5d8fbffd47-99fq9 lead-manager 	from /usr/local/bundle/gems/prosody-1.1.1-x86_64-linux/lib/prosody/processor.rb:281:in `block (2 levels) in start_worker'
lead-manager-worker-prosody-5d8fbffd47-99fq9 lead-manager 	from /usr/local/bundle/gems/opentelemetry-api-1.7.0/lib/opentelemetry/trace.rb:70:in `block in with_span'
lead-manager-worker-prosody-5d8fbffd47-99fq9 lead-manager 	from /usr/local/bundle/gems/opentelemetry-api-1.7.0/lib/opentelemetry/context.rb:88:in `with_value'
lead-manager-worker-prosody-5d8fbffd47-99fq9 lead-manager 	from /usr/local/bundle/gems/opentelemetry-api-1.7.0/lib/opentelemetry/trace.rb:70:in `with_span'
lead-manager-worker-prosody-5d8fbffd47-99fq9 lead-manager 	from /usr/local/bundle/gems/prosody-1.1.1-x86_64-linux/lib/prosody/processor.rb:279:in `block in start_worker'
lead-manager-worker-prosody-5d8fbffd47-99fq9 lead-manager 	from /usr/local/bundle/gems/async-2.32.0/lib/async/task.rb:207:in `block in run'
lead-manager-worker-prosody-5d8fbffd47-99fq9 lead-manager 	from /usr/local/bundle/gems/async-2.32.0/lib/async/task.rb:452:in `block in schedule'
lead-manager-worker-prosody-5d8fbffd47-99fq9 lead-manager /usr/local/bundle/gems/mysql2-0.5.5/lib/mysql2/client.rb:151:in `_query': This connection is in use by: #<Fiber:0x00007f612344c6c8 /usr/local/bundle/gems/async-2.32.0/lib/async/task.rb:450 (suspended)> (Mysql2::Error)
lead-manager-worker-prosody-5d8fbffd47-99fq9 lead-manager 	from /usr/local/bundle/gems/mysql2-0.5.5/lib/mysql2/client.rb:151:in `block in query'
lead-manager-worker-prosody-5d8fbffd47-99fq9 lead-manager 	from /usr/local/bundle/gems/mysql2-0.5.5/lib/mysql2/client.rb:150:in `handle_interrupt'
lead-manager-worker-prosody-5d8fbffd47-99fq9 lead-manager 	from /usr/local/bundle/gems/mysql2-0.5.5/lib/mysql2/client.rb:150:in `query'
lead-manager-worker-prosody-5d8fbffd47-99fq9 lead-manager 	from /usr/local/bundle/gems/prometheus_exporter-2.1.0/lib/prometheus_exporter/instrumentation/method_profiler.rb:80:in `query'
lead-manager-worker-prosody-5d8fbffd47-99fq9 lead-manager 	from /usr/local/bundle/gems/activerecord-8.0.2/lib/active_record/connection_adapters/mysql2/database_statements.rb:54:in `block in perform_query'
lead-manager-worker-prosody-5d8fbffd47-99fq9 lead-manager 	from /usr/local/bundle/gems/activesupport-8.0.2/lib/active_support/concurrency/share_lock.rb:186:in `yield_shares'
lead-manager-worker-prosody-5d8fbffd47-99fq9 lead-manager 	from /usr/local/bundle/gems/activesupport-8.0.2/lib/active_support/dependencies/interlock.rb:41:in `permit_concurrent_loads'
lead-manager-worker-prosody-5d8fbffd47-99fq9 lead-manager 	from /usr/local/bundle/gems/activerecord-8.0.2/lib/active_record/connection_adapters/mysql2/database_statements.rb:53:in `perform_query'
lead-manager-worker-prosody-5d8fbffd47-99fq9 lead-manager 	from /usr/local/bundle/gems/activerecord-8.0.2/lib/active_record/connection_adapters/abstract/database_statements.rb:556:in `block (2 levels) in raw_execute'
lead-manager-worker-prosody-5d8fbffd47-99fq9 lead-manager 	from /usr/local/bundle/gems/activerecord-8.0.2/lib/active_record/connection_adapters/abstract_adapter.rb:1015:in `block in with_raw_connection'
lead-manager-worker-prosody-5d8fbffd47-99fq9 lead-manager 	from /usr/local/bundle/gems/activesupport-8.0.2/lib/active_support/concurrency/null_lock.rb:9:in `synchronize'
lead-manager-worker-prosody-5d8fbffd47-99fq9 lead-manager 	from /usr/local/bundle/gems/activerecord-8.0.2/lib/active_record/connection_adapters/abstract_adapter.rb:984:in `with_raw_connection'
lead-manager-worker-prosody-5d8fbffd47-99fq9 lead-manager 	from /usr/local/bundle/gems/activerecord-8.0.2/lib/active_record/connection_adapters/abstract/database_statements.rb:555:in `block in raw_execute'
lead-manager-worker-prosody-5d8fbffd47-99fq9 lead-manager 	from /usr/local/bundle/gems/activesupport-8.0.2/lib/active_support/notifications/instrumenter.rb:58:in `instrument'
lead-manager-worker-prosody-5d8fbffd47-99fq9 lead-manager 	from /usr/local/bundle/gems/activerecord-8.0.2/lib/active_record/connection_adapters/abstract_adapter.rb:1135:in `log'
lead-manager-worker-prosody-5d8fbffd47-99fq9 lead-manager 	from /usr/local/bundle/gems/activerecord-8.0.2/lib/active_record/connection_adapters/abstract/database_statements.rb:554:in `raw_execute'
lead-manager-worker-prosody-5d8fbffd47-99fq9 lead-manager 	from /usr/local/bundle/gems/activerecord-8.0.2/lib/active_record/connection_adapters/abstract/database_statements.rb:591:in `internal_execute'
lead-manager-worker-prosody-5d8fbffd47-99fq9 lead-manager 	from /usr/local/bundle/gems/activerecord-8.0.2/lib/active_record/connection_adapters/abstract/database_statements.rb:547:in `internal_exec_query'
lead-manager-worker-prosody-5d8fbffd47-99fq9 lead-manager 	from /usr/local/bundle/gems/activerecord-8.0.2/lib/active_record/connection_adapters/abstract/database_statements.rb:693:in `select'
lead-manager-worker-prosody-5d8fbffd47-99fq9 lead-manager 	from /usr/local/bundle/gems/activerecord-8.0.2/lib/active_record/connection_adapters/abstract/database_statements.rb:73:in `select_all'
lead-manager-worker-prosody-5d8fbffd47-99fq9 lead-manager 	from /usr/local/bundle/gems/activerecord-8.0.2/lib/active_record/connection_adapters/abstract/query_cache.rb:251:in `select_all'
lead-manager-worker-prosody-5d8fbffd47-99fq9 lead-manager 	from /usr/local/bundle/gems/activerecord-8.0.2/lib/active_record/connection_adapters/mysql2/database_statements.rb:12:in `select_all'
lead-manager-worker-prosody-5d8fbffd47-99fq9 lead-manager 	from /usr/local/bundle/gems/activerecord-8.0.2/lib/active_record/querying.rb:68:in `_query_by_sql'
lead-manager-worker-prosody-5d8fbffd47-99fq9 lead-manager 	from /usr/local/bundle/gems/activerecord-8.0.2/lib/active_record/querying.rb:53:in `block in find_by_sql'
lead-manager-worker-prosody-5d8fbffd47-99fq9 lead-manager 	from /usr/local/bundle/gems/activerecord-8.0.2/lib/active_record/connection_adapters/abstract/connection_pool.rb:412:in `with_connection'
lead-manager-worker-prosody-5d8fbffd47-99fq9 lead-manager 	from /usr/local/bundle/gems/activerecord-8.0.2/lib/active_record/connection_handling.rb:310:in `with_connection'
lead-manager-worker-prosody-5d8fbffd47-99fq9 lead-manager 	from /usr/local/bundle/gems/activerecord-8.0.2/lib/active_record/querying.rb:52:in `find_by_sql'
lead-manager-worker-prosody-5d8fbffd47-99fq9 lead-manager 	from /usr/local/bundle/gems/activerecord-8.0.2/lib/active_record/statement_cache.rb:152:in `execute'
lead-manager-worker-prosody-5d8fbffd47-99fq9 lead-manager 	from /usr/local/bundle/gems/activerecord-8.0.2/lib/active_record/core.rb:454:in `block in cached_find_by'
lead-manager-worker-prosody-5d8fbffd47-99fq9 lead-manager 	from /usr/local/bundle/gems/activerecord-8.0.2/lib/active_record/connection_adapters/abstract/connection_pool.rb:412:in `with_connection'
lead-manager-worker-prosody-5d8fbffd47-99fq9 lead-manager 	from /usr/local/bundle/gems/activerecord-8.0.2/lib/active_record/connection_handling.rb:310:in `with_connection'
lead-manager-worker-prosody-5d8fbffd47-99fq9 lead-manager 	from /usr/local/bundle/gems/activerecord-8.0.2/lib/active_record/core.rb:442:in `cached_find_by'
lead-manager-worker-prosody-5d8fbffd47-99fq9 lead-manager 	from /usr/local/bundle/gems/activerecord-8.0.2/lib/active_record/core.rb:327:in `find_by'
lead-manager-worker-prosody-5d8fbffd47-99fq9 lead-manager 	from /usr/src/app/services/prosody_handlers/crm_agent_asserted.rb:5:in `perform'
lead-manager-worker-prosody-5d8fbffd47-99fq9 lead-manager 	from /usr/src/app/services/prosody_handler.rb:9:in `on_message'
lead-manager-worker-prosody-5d8fbffd47-99fq9 lead-manager 	from /usr/local/bundle/gems/prosody-1.1.1-x86_64-linux/lib/prosody/processor.rb:281:in `block (2 levels) in start_worker'
lead-manager-worker-prosody-5d8fbffd47-99fq9 lead-manager 	from /usr/local/bundle/gems/opentelemetry-api-1.7.0/lib/opentelemetry/trace.rb:70:in `block in with_span'
lead-manager-worker-prosody-5d8fbffd47-99fq9 lead-manager 	from /usr/local/bundle/gems/opentelemetry-api-1.7.0/lib/opentelemetry/context.rb:88:in `with_value'
lead-manager-worker-prosody-5d8fbffd47-99fq9 lead-manager 	from /usr/local/bundle/gems/opentelemetry-api-1.7.0/lib/opentelemetry/trace.rb:70:in `with_span'
lead-manager-worker-prosody-5d8fbffd47-99fq9 lead-manager 	from /usr/local/bundle/gems/prosody-1.1.1-x86_64-linux/lib/prosody/processor.rb:279:in `block in start_worker'
lead-manager-worker-prosody-5d8fbffd47-99fq9 lead-manager 	from /usr/local/bundle/gems/async-2.32.0/lib/async/task.rb:207:in `block in run'
lead-manager-worker-prosody-5d8fbffd47-99fq9 lead-manager 	from /usr/local/bundle/gems/async-2.32.0/lib/async/task.rb:452:in `block in schedule'
lead-manager-worker-prosody-5d8fbffd47-99fq9 lead-manager ; retrying after 287ms module=prosody::consumer::failure::retry line=342 partition=0 key=realgeeks:77981 offset=191 attempt=4 topic=witco.agent-events
lead-manager-worker-prosody-5d8fbffd47-99fq9 lead-manager D, [2025-09-23T18:54:38.848247 #1] DEBUG -- : Task witco.agent-events/0:195 completed successfully
lead-manager-worker-prosody-5d8fbffd47-99fq9 lead-manager D, [2025-09-23T18:54:38.854125 #1] DEBUG -- : Executing task witco.agent-events/0:197
lead-manager-worker-prosody-5d8fbffd47-99fq9 lead-manager D, [2025-09-23T18:54:39.031380 #1] DEBUG -- : Executing task witco.agent-events/0:191
lead-manager-worker-prosody-5d8fbffd47-99fq9 lead-manager D, [2025-09-23T18:54:39.041746 #1] DEBUG -- : Task witco.agent-events/0:197 completed successfully
lead-manager-worker-prosody-5d8fbffd47-99fq9 lead-manager D, [2025-09-23T18:54:39.069154 #1] DEBUG -- : Executing task witco.agent-events/0:202
lead-manager-worker-prosody-5d8fbffd47-99fq9 lead-manager E, [2025-09-23T18:54:39.105100 #1] ERROR -- : Error executing task witco.agent-events/0:202: Mysql2::Error: This connection is in use by: #<Fiber:0x00007f6123114a50 /usr/local/bundle/gems/async-2.32.0/lib/async/task.rb:450 (suspended)>
lead-manager-worker-prosody-5d8fbffd47-99fq9 lead-manager E, [2025-09-23T18:54:39.106649 #1] ERROR -- : failed to handle message: handler error: transient error: /usr/local/bundle/gems/mysql2-0.5.5/lib/mysql2/client.rb:151:in `_query': Mysql2::Error: This connection is in use by: #<Fiber:0x00007f6123114a50 /usr/local/bundle/gems/async-2.32.0/lib/async/task.rb:450 (suspended)> (ActiveRecord::StatementInvalid)
lead-manager-worker-prosody-5d8fbffd47-99fq9 lead-manager 	from /usr/local/bundle/gems/mysql2-0.5.5/lib/mysql2/client.rb:151:in `block in query'
lead-manager-worker-prosody-5d8fbffd47-99fq9 lead-manager 	from /usr/local/bundle/gems/mysql2-0.5.5/lib/mysql2/client.rb:150:in `handle_interrupt'
lead-manager-worker-prosody-5d8fbffd47-99fq9 lead-manager 	from /usr/local/bundle/gems/mysql2-0.5.5/lib/mysql2/client.rb:150:in `query'
lead-manager-worker-prosody-5d8fbffd47-99fq9 lead-manager 	from /usr/local/bundle/gems/prometheus_exporter-2.1.0/lib/prometheus_exporter/instrumentation/method_profiler.rb:80:in `query'
lead-manager-worker-prosody-5d8fbffd47-99fq9 lead-manager 	from /usr/local/bundle/gems/activerecord-8.0.2/lib/active_record/connection_adapters/mysql2/database_statements.rb:54:in `block in perform_query'
lead-manager-worker-prosody-5d8fbffd47-99fq9 lead-manager 	from /usr/local/bundle/gems/activesupport-8.0.2/lib/active_support/concurrency/share_lock.rb:186:in `yield_shares'
lead-manager-worker-prosody-5d8fbffd47-99fq9 lead-manager 	from /usr/local/bundle/gems/activesupport-8.0.2/lib/active_support/dependencies/interlock.rb:41:in `permit_concurrent_loads'
lead-manager-worker-prosody-5d8fbffd47-99fq9 lead-manager 	from /usr/local/bundle/gems/activerecord-8.0.2/lib/active_record/connection_adapters/mysql2/database_statements.rb:53:in `perform_query'
lead-manager-worker-prosody-5d8fbffd47-99fq9 lead-manager 	from /usr/local/bundle/gems/activerecord-8.0.2/lib/active_record/connection_adapters/abstract/database_statements.rb:556:in `block (2 levels) in raw_execute'
lead-manager-worker-prosody-5d8fbffd47-99fq9 lead-manager 	from /usr/local/bundle/gems/activerecord-8.0.2/lib/active_record/connection_adapters/abstract_adapter.rb:1015:in `block in with_raw_connection'
lead-manager-worker-prosody-5d8fbffd47-99fq9 lead-manager 	from /usr/local/bundle/gems/activesupport-8.0.2/lib/active_support/concurrency/null_lock.rb:9:in `synchronize'
lead-manager-worker-prosody-5d8fbffd47-99fq9 lead-manager 	from /usr/local/bundle/gems/activerecord-8.0.2/lib/active_record/connection_adapters/abstract_adapter.rb:984:in `with_raw_connection'
lead-manager-worker-prosody-5d8fbffd47-99fq9 lead-manager 	from /usr/local/bundle/gems/activerecord-8.0.2/lib/active_record/connection_adapters/abstract/database_statements.rb:555:in `block in raw_execute'
lead-manager-worker-prosody-5d8fbffd47-99fq9 lead-manager 	from /usr/local/bundle/gems/activesupport-8.0.2/lib/active_support/notifications/instrumenter.rb:58:in `instrument'
lead-manager-worker-prosody-5d8fbffd47-99fq9 lead-manager 	from /usr/local/bundle/gems/activerecord-8.0.2/lib/active_record/connection_adapters/abstract_adapter.rb:1135:in `log'
lead-manager-worker-prosody-5d8fbffd47-99fq9 lead-manager 	from /usr/local/bundle/gems/activerecord-8.0.2/lib/active_record/connection_adapters/abstract/database_statements.rb:554:in `raw_execute'
lead-manager-worker-prosody-5d8fbffd47-99fq9 lead-manager 	from /usr/local/bundle/gems/activerecord-8.0.2/lib/active_record/connection_adapters/abstract/database_statements.rb:591:in `internal_execute'
lead-manager-worker-prosody-5d8fbffd47-99fq9 lead-manager 	from /usr/local/bundle/gems/activerecord-8.0.2/lib/active_record/connection_adapters/abstract/database_statements.rb:547:in `internal_exec_query'
lead-manager-worker-prosody-5d8fbffd47-99fq9 lead-manager 	from /usr/local/bundle/gems/activerecord-8.0.2/lib/active_record/connection_adapters/abstract/database_statements.rb:693:in `select'
lead-manager-worker-prosody-5d8fbffd47-99fq9 lead-manager 	from /usr/local/bundle/gems/activerecord-8.0.2/lib/active_record/connection_adapters/abstract/database_statements.rb:73:in `select_all'
lead-manager-worker-prosody-5d8fbffd47-99fq9 lead-manager 	from /usr/local/bundle/gems/activerecord-8.0.2/lib/active_record/connection_adapters/abstract/query_cache.rb:251:in `select_all'
lead-manager-worker-prosody-5d8fbffd47-99fq9 lead-manager 	from /usr/local/bundle/gems/activerecord-8.0.2/lib/active_record/connection_adapters/mysql2/database_statements.rb:12:in `select_all'
lead-manager-worker-prosody-5d8fbffd47-99fq9 lead-manager 	from /usr/local/bundle/gems/activerecord-8.0.2/lib/active_record/querying.rb:68:in `_query_by_sql'
lead-manager-worker-prosody-5d8fbffd47-99fq9 lead-manager 	from /usr/local/bundle/gems/activerecord-8.0.2/lib/active_record/querying.rb:53:in `block in find_by_sql'
lead-manager-worker-prosody-5d8fbffd47-99fq9 lead-manager 	from /usr/local/bundle/gems/activerecord-8.0.2/lib/active_record/connection_adapters/abstract/connection_pool.rb:412:in `with_connection'
lead-manager-worker-prosody-5d8fbffd47-99fq9 lead-manager 	from /usr/local/bundle/gems/activerecord-8.0.2/lib/active_record/connection_handling.rb:310:in `with_connection'
lead-manager-worker-prosody-5d8fbffd47-99fq9 lead-manager 	from /usr/local/bundle/gems/activerecord-8.0.2/lib/active_record/querying.rb:52:in `find_by_sql'
lead-manager-worker-prosody-5d8fbffd47-99fq9 lead-manager 	from /usr/local/bundle/gems/activerecord-8.0.2/lib/active_record/statement_cache.rb:152:in `execute'
lead-manager-worker-prosody-5d8fbffd47-99fq9 lead-manager 	from /usr/local/bundle/gems/activerecord-8.0.2/lib/active_record/core.rb:454:in `block in cached_find_by'
lead-manager-worker-prosody-5d8fbffd47-99fq9 lead-manager 	from /usr/local/bundle/gems/activerecord-8.0.2/lib/active_record/connection_adapters/abstract/connection_pool.rb:412:in `with_connection'
lead-manager-worker-prosody-5d8fbffd47-99fq9 lead-manager 	from /usr/local/bundle/gems/activerecord-8.0.2/lib/active_record/connection_handling.rb:310:in `with_connection'
lead-manager-worker-prosody-5d8fbffd47-99fq9 lead-manager 	from /usr/local/bundle/gems/activerecord-8.0.2/lib/active_record/core.rb:442:in `cached_find_by'
lead-manager-worker-prosody-5d8fbffd47-99fq9 lead-manager 	from /usr/local/bundle/gems/activerecord-8.0.2/lib/active_record/core.rb:327:in `find_by'
lead-manager-worker-prosody-5d8fbffd47-99fq9 lead-manager 	from /usr/src/app/services/prosody_handlers/crm_agent_asserted.rb:5:in `perform'
lead-manager-worker-prosody-5d8fbffd47-99fq9 lead-manager 	from /usr/src/app/services/prosody_handler.rb:9:in `on_message'
lead-manager-worker-prosody-5d8fbffd47-99fq9 lead-manager 	from /usr/local/bundle/gems/prosody-1.1.1-x86_64-linux/lib/prosody/processor.rb:281:in `block (2 levels) in start_worker'
lead-manager-worker-prosody-5d8fbffd47-99fq9 lead-manager 	from /usr/local/bundle/gems/opentelemetry-api-1.7.0/lib/opentelemetry/trace.rb:70:in `block in with_span'
lead-manager-worker-prosody-5d8fbffd47-99fq9 lead-manager 	from /usr/local/bundle/gems/opentelemetry-api-1.7.0/lib/opentelemetry/context.rb:88:in `with_value'
lead-manager-worker-prosody-5d8fbffd47-99fq9 lead-manager 	from /usr/local/bundle/gems/opentelemetry-api-1.7.0/lib/opentelemetry/trace.rb:70:in `with_span'
lead-manager-worker-prosody-5d8fbffd47-99fq9 lead-manager 	from /usr/local/bundle/gems/prosody-1.1.1-x86_64-linux/lib/prosody/processor.rb:279:in `block in start_worker'
lead-manager-worker-prosody-5d8fbffd47-99fq9 lead-manager 	from /usr/local/bundle/gems/async-2.32.0/lib/async/task.rb:207:in `block in run'
lead-manager-worker-prosody-5d8fbffd47-99fq9 lead-manager 	from /usr/local/bundle/gems/async-2.32.0/lib/async/task.rb:452:in `block in schedule'
lead-manager-worker-prosody-5d8fbffd47-99fq9 lead-manager /usr/local/bundle/gems/mysql2-0.5.5/lib/mysql2/client.rb:151:in `_query': This connection is in use by: #<Fiber:0x00007f6123114a50 /usr/local/bundle/gems/async-2.32.0/lib/async/task.rb:450 (suspended)> (Mysql2::Error)
lead-manager-worker-prosody-5d8fbffd47-99fq9 lead-manager 	from /usr/local/bundle/gems/mysql2-0.5.5/lib/mysql2/client.rb:151:in `block in query'
lead-manager-worker-prosody-5d8fbffd47-99fq9 lead-manager 	from /usr/local/bundle/gems/mysql2-0.5.5/lib/mysql2/client.rb:150:in `handle_interrupt'
lead-manager-worker-prosody-5d8fbffd47-99fq9 lead-manager 	from /usr/local/bundle/gems/mysql2-0.5.5/lib/mysql2/client.rb:150:in `query'
lead-manager-worker-prosody-5d8fbffd47-99fq9 lead-manager 	from /usr/local/bundle/gems/prometheus_exporter-2.1.0/lib/prometheus_exporter/instrumentation/method_profiler.rb:80:in `query'
lead-manager-worker-prosody-5d8fbffd47-99fq9 lead-manager 	from /usr/local/bundle/gems/activerecord-8.0.2/lib/active_record/connection_adapters/mysql2/database_statements.rb:54:in `block in perform_query'
lead-manager-worker-prosody-5d8fbffd47-99fq9 lead-manager 	from /usr/local/bundle/gems/activesupport-8.0.2/lib/active_support/concurrency/share_lock.rb:186:in `yield_shares'
lead-manager-worker-prosody-5d8fbffd47-99fq9 lead-manager 	from /usr/local/bundle/gems/activesupport-8.0.2/lib/active_support/dependencies/interlock.rb:41:in `permit_concurrent_loads'
lead-manager-worker-prosody-5d8fbffd47-99fq9 lead-manager 	from /usr/local/bundle/gems/activerecord-8.0.2/lib/active_record/connection_adapters/mysql2/database_statements.rb:53:in `perform_query'
lead-manager-worker-prosody-5d8fbffd47-99fq9 lead-manager 	from /usr/local/bundle/gems/activerecord-8.0.2/lib/active_record/connection_adapters/abstract/database_statements.rb:556:in `block (2 levels) in raw_execute'
lead-manager-worker-prosody-5d8fbffd47-99fq9 lead-manager 	from /usr/local/bundle/gems/activerecord-8.0.2/lib/active_record/connection_adapters/abstract_adapter.rb:1015:in `block in with_raw_connection'
lead-manager-worker-prosody-5d8fbffd47-99fq9 lead-manager 	from /usr/local/bundle/gems/activesupport-8.0.2/lib/active_support/concurrency/null_lock.rb:9:in `synchronize'
lead-manager-worker-prosody-5d8fbffd47-99fq9 lead-manager 	from /usr/local/bundle/gems/activerecord-8.0.2/lib/active_record/connection_adapters/abstract_adapter.rb:984:in `with_raw_connection'
lead-manager-worker-prosody-5d8fbffd47-99fq9 lead-manager 	from /usr/local/bundle/gems/activerecord-8.0.2/lib/active_record/connection_adapters/abstract/database_statements.rb:555:in `block in raw_execute'
lead-manager-worker-prosody-5d8fbffd47-99fq9 lead-manager 	from /usr/local/bundle/gems/activesupport-8.0.2/lib/active_support/notifications/instrumenter.rb:58:in `instrument'
lead-manager-worker-prosody-5d8fbffd47-99fq9 lead-manager 	from /usr/local/bundle/gems/activerecord-8.0.2/lib/active_record/connection_adapters/abstract_adapter.rb:1135:in `log'
lead-manager-worker-prosody-5d8fbffd47-99fq9 lead-manager 	from /usr/local/bundle/gems/activerecord-8.0.2/lib/active_record/connection_adapters/abstract/database_statements.rb:554:in `raw_execute'
lead-manager-worker-prosody-5d8fbffd47-99fq9 lead-manager 	from /usr/local/bundle/gems/activerecord-8.0.2/lib/active_record/connection_adapters/abstract/database_statements.rb:591:in `internal_execute'
lead-manager-worker-prosody-5d8fbffd47-99fq9 lead-manager 	from /usr/local/bundle/gems/activerecord-8.0.2/lib/active_record/connection_adapters/abstract/database_statements.rb:547:in `internal_exec_query'
lead-manager-worker-prosody-5d8fbffd47-99fq9 lead-manager 	from /usr/local/bundle/gems/activerecord-8.0.2/lib/active_record/connection_adapters/abstract/database_statements.rb:693:in `select'
lead-manager-worker-prosody-5d8fbffd47-99fq9 lead-manager 	from /usr/local/bundle/gems/activerecord-8.0.2/lib/active_record/connection_adapters/abstract/database_statements.rb:73:in `select_all'
lead-manager-worker-prosody-5d8fbffd47-99fq9 lead-manager 	from /usr/local/bundle/gems/activerecord-8.0.2/lib/active_record/connection_adapters/abstract/query_cache.rb:251:in `select_all'
lead-manager-worker-prosody-5d8fbffd47-99fq9 lead-manager 	from /usr/local/bundle/gems/activerecord-8.0.2/lib/active_record/connection_adapters/mysql2/database_statements.rb:12:in `select_all'
lead-manager-worker-prosody-5d8fbffd47-99fq9 lead-manager 	from /usr/local/bundle/gems/activerecord-8.0.2/lib/active_record/querying.rb:68:in `_query_by_sql'
lead-manager-worker-prosody-5d8fbffd47-99fq9 lead-manager 	from /usr/local/bundle/gems/activerecord-8.0.2/lib/active_record/querying.rb:53:in `block in find_by_sql'
lead-manager-worker-prosody-5d8fbffd47-99fq9 lead-manager 	from /usr/local/bundle/gems/activerecord-8.0.2/lib/active_record/connection_adapters/abstract/connection_pool.rb:412:in `with_connection'
lead-manager-worker-prosody-5d8fbffd47-99fq9 lead-manager 	from /usr/local/bundle/gems/activerecord-8.0.2/lib/active_record/connection_handling.rb:310:in `with_connection'
lead-manager-worker-prosody-5d8fbffd47-99fq9 lead-manager 	from /usr/local/bundle/gems/activerecord-8.0.2/lib/active_record/querying.rb:52:in `find_by_sql'
lead-manager-worker-prosody-5d8fbffd47-99fq9 lead-manager 	from /usr/local/bundle/gems/activerecord-8.0.2/lib/active_record/statement_cache.rb:152:in `execute'
lead-manager-worker-prosody-5d8fbffd47-99fq9 lead-manager 	from /usr/local/bundle/gems/activerecord-8.0.2/lib/active_record/core.rb:454:in `block in cached_find_by'
lead-manager-worker-prosody-5d8fbffd47-99fq9 lead-manager 	from /usr/local/bundle/gems/activerecord-8.0.2/lib/active_record/connection_adapters/abstract/connection_pool.rb:412:in `with_connection'
lead-manager-worker-prosody-5d8fbffd47-99fq9 lead-manager 	from /usr/local/bundle/gems/activerecord-8.0.2/lib/active_record/connection_handling.rb:310:in `with_connection'
lead-manager-worker-prosody-5d8fbffd47-99fq9 lead-manager 	from /usr/local/bundle/gems/activerecord-8.0.2/lib/active_record/core.rb:442:in `cached_find_by'
lead-manager-worker-prosody-5d8fbffd47-99fq9 lead-manager 	from /usr/local/bundle/gems/activerecord-8.0.2/lib/active_record/core.rb:327:in `find_by'
lead-manager-worker-prosody-5d8fbffd47-99fq9 lead-manager 	from /usr/src/app/services/prosody_handlers/crm_agent_asserted.rb:5:in `perform'
lead-manager-worker-prosody-5d8fbffd47-99fq9 lead-manager 	from /usr/src/app/services/prosody_handler.rb:9:in `on_message'
lead-manager-worker-prosody-5d8fbffd47-99fq9 lead-manager 	from /usr/local/bundle/gems/prosody-1.1.1-x86_64-linux/lib/prosody/processor.rb:281:in `block (2 levels) in start_worker'
lead-manager-worker-prosody-5d8fbffd47-99fq9 lead-manager 	from /usr/local/bundle/gems/opentelemetry-api-1.7.0/lib/opentelemetry/trace.rb:70:in `block in with_span'
lead-manager-worker-prosody-5d8fbffd47-99fq9 lead-manager 	from /usr/local/bundle/gems/opentelemetry-api-1.7.0/lib/opentelemetry/context.rb:88:in `with_value'
lead-manager-worker-prosody-5d8fbffd47-99fq9 lead-manager 	from /usr/local/bundle/gems/opentelemetry-api-1.7.0/lib/opentelemetry/trace.rb:70:in `with_span'
lead-manager-worker-prosody-5d8fbffd47-99fq9 lead-manager 	from /usr/local/bundle/gems/prosody-1.1.1-x86_64-linux/lib/prosody/processor.rb:279:in `block in start_worker'
lead-manager-worker-prosody-5d8fbffd47-99fq9 lead-manager 	from /usr/local/bundle/gems/async-2.32.0/lib/async/task.rb:207:in `block in run'
lead-manager-worker-prosody-5d8fbffd47-99fq9 lead-manager 	from /usr/local/bundle/gems/async-2.32.0/lib/async/task.rb:452:in `block in schedule'
lead-manager-worker-prosody-5d8fbffd47-99fq9 lead-manager ; retrying after 9ms module=prosody::consumer::failure::retry line=342 partition=0 key=realgeeks:81660 offset=202 attempt=1 topic=witco.agent-events
lead-manager-worker-prosody-5d8fbffd47-99fq9 lead-manager D, [2025-09-23T18:54:39.197595 #1] DEBUG -- : Executing task witco.agent-events/0:202
lead-manager-worker-prosody-5d8fbffd47-99fq9 lead-manager D, [2025-09-23T18:54:39.212799 #1] DEBUG -- : Task witco.agent-events/0:191 completed successfully
lead-manager-worker-prosody-5d8fbffd47-99fq9 lead-manager I, [2025-09-23T18:54:39.218555 #1]  INFO -- : message with id a89e4a8f-c59a-5652-975d-9974429cdf8c already processed; skipping module=prosody::consumer::partition line=731
lead-manager-worker-prosody-5d8fbffd47-99fq9 lead-manager I, [2025-09-23T18:54:39.236991 #1]  INFO -- : message with id 0a09373b-2c73-5910-8d6b-0bd107849f6d already processed; skipping module=prosody::consumer::partition line=731
lead-manager-worker-prosody-5d8fbffd47-99fq9 lead-manager I, [2025-09-23T18:54:39.264961 #1]  INFO -- : message with id 0a09373b-2c73-5910-8d6b-0bd107849f6d already processed; skipping module=prosody::consumer::partition line=731
lead-manager-worker-prosody-5d8fbffd47-99fq9 lead-manager I, [2025-09-23T18:54:39.330730 #1]  INFO -- : message with id a89e4a8f-c59a-5652-975d-9974429cdf8c already processed; skipping module=prosody::consumer::partition line=731
lead-manager-worker-prosody-5d8fbffd47-99fq9 lead-manager I, [2025-09-23T18:54:39.352472 #1]  INFO -- : message with id a89e4a8f-c59a-5652-975d-9974429cdf8c already processed; skipping module=prosody::consumer::partition line=731
lead-manager-worker-prosody-5d8fbffd47-99fq9 lead-manager I, [2025-09-23T18:54:39.378926 #1]  INFO -- : message with id 0a09373b-2c73-5910-8d6b-0bd107849f6d already processed; skipping module=prosody::consumer::partition line=731
lead-manager-worker-prosody-5d8fbffd47-99fq9 lead-manager D, [2025-09-23T18:54:39.242802 #1] DEBUG -- : Executing task witco.agent-events/0:192
lead-manager-worker-prosody-5d8fbffd47-99fq9 lead-manager D, [2025-09-23T18:54:39.421822 #1] DEBUG -- : Task witco.agent-events/0:202 completed successfully
lead-manager-worker-prosody-5d8fbffd47-99fq9 lead-manager D, [2025-09-23T18:54:39.436012 #1] DEBUG -- : Executing task witco.agent-events/0:212
lead-manager-worker-prosody-5d8fbffd47-99fq9 lead-manager E, [2025-09-23T18:54:39.450041 #1] ERROR -- : Error executing task witco.agent-events/0:212: Mysql2::Error: This connection is in use by: #<Fiber:0x00007f61231bfe50 /usr/local/bundle/gems/async-2.32.0/lib/async/task.rb:450 (suspended)>
lead-manager-worker-prosody-5d8fbffd47-99fq9 lead-manager E, [2025-09-23T18:54:39.450302 #1] ERROR -- : failed to handle message: handler error: transient error: /usr/local/bundle/gems/mysql2-0.5.5/lib/mysql2/client.rb:151:in `_query': Mysql2::Error: This connection is in use by: #<Fiber:0x00007f61231bfe50 /usr/local/bundle/gems/async-2.32.0/lib/async/task.rb:450 (suspended)> (ActiveRecord::StatementInvalid)
lead-manager-worker-prosody-5d8fbffd47-99fq9 lead-manager 	from /usr/local/bundle/gems/mysql2-0.5.5/lib/mysql2/client.rb:151:in `block in query'
lead-manager-worker-prosody-5d8fbffd47-99fq9 lead-manager 	from /usr/local/bundle/gems/mysql2-0.5.5/lib/mysql2/client.rb:150:in `handle_interrupt'
lead-manager-worker-prosody-5d8fbffd47-99fq9 lead-manager 	from /usr/local/bundle/gems/mysql2-0.5.5/lib/mysql2/client.rb:150:in `query'
lead-manager-worker-prosody-5d8fbffd47-99fq9 lead-manager 	from /usr/local/bundle/gems/prometheus_exporter-2.1.0/lib/prometheus_exporter/instrumentation/method_profiler.rb:80:in `query'
lead-manager-worker-prosody-5d8fbffd47-99fq9 lead-manager 	from /usr/local/bundle/gems/activerecord-8.0.2/lib/active_record/connection_adapters/mysql2/database_statements.rb:54:in `block in perform_query'
lead-manager-worker-prosody-5d8fbffd47-99fq9 lead-manager 	from /usr/local/bundle/gems/activesupport-8.0.2/lib/active_support/concurrency/share_lock.rb:186:in `yield_shares'
lead-manager-worker-prosody-5d8fbffd47-99fq9 lead-manager 	from /usr/local/bundle/gems/activesupport-8.0.2/lib/active_support/dependencies/interlock.rb:41:in `permit_concurrent_loads'
lead-manager-worker-prosody-5d8fbffd47-99fq9 lead-manager 	from /usr/local/bundle/gems/activerecord-8.0.2/lib/active_record/connection_adapters/mysql2/database_statements.rb:53:in `perform_query'
lead-manager-worker-prosody-5d8fbffd47-99fq9 lead-manager 	from /usr/local/bundle/gems/activerecord-8.0.2/lib/active_record/connection_adapters/abstract/database_statements.rb:556:in `block (2 levels) in raw_execute'
lead-manager-worker-prosody-5d8fbffd47-99fq9 lead-manager 	from /usr/local/bundle/gems/activerecord-8.0.2/lib/active_record/connection_adapters/abstract_adapter.rb:1015:in `block in with_raw_connection'
lead-manager-worker-prosody-5d8fbffd47-99fq9 lead-manager 	from /usr/local/bundle/gems/activesupport-8.0.2/lib/active_support/concurrency/null_lock.rb:9:in `synchronize'
lead-manager-worker-prosody-5d8fbffd47-99fq9 lead-manager 	from /usr/local/bundle/gems/activerecord-8.0.2/lib/active_record/connection_adapters/abstract_adapter.rb:984:in `with_raw_connection'
lead-manager-worker-prosody-5d8fbffd47-99fq9 lead-manager 	from /usr/local/bundle/gems/activerecord-8.0.2/lib/active_record/connection_adapters/abstract/database_statements.rb:555:in `block in raw_execute'
lead-manager-worker-prosody-5d8fbffd47-99fq9 lead-manager 	from /usr/local/bundle/gems/activesupport-8.0.2/lib/active_support/notifications/instrumenter.rb:58:in `instrument'
lead-manager-worker-prosody-5d8fbffd47-99fq9 lead-manager 	from /usr/local/bundle/gems/activerecord-8.0.2/lib/active_record/connection_adapters/abstract_adapter.rb:1135:in `log'
lead-manager-worker-prosody-5d8fbffd47-99fq9 lead-manager 	from /usr/local/bundle/gems/activerecord-8.0.2/lib/active_record/connection_adapters/abstract/database_statements.rb:554:in `raw_execute'
lead-manager-worker-prosody-5d8fbffd47-99fq9 lead-manager 	from /usr/local/bundle/gems/activerecord-8.0.2/lib/active_record/connection_adapters/abstract/database_statements.rb:591:in `internal_execute'
lead-manager-worker-prosody-5d8fbffd47-99fq9 lead-manager 	from /usr/local/bundle/gems/activerecord-8.0.2/lib/active_record/connection_adapters/abstract/database_statements.rb:547:in `internal_exec_query'
lead-manager-worker-prosody-5d8fbffd47-99fq9 lead-manager 	from /usr/local/bundle/gems/activerecord-8.0.2/lib/active_record/connection_adapters/abstract/database_statements.rb:693:in `select'
lead-manager-worker-prosody-5d8fbffd47-99fq9 lead-manager 	from /usr/local/bundle/gems/activerecord-8.0.2/lib/active_record/connection_adapters/abstract/database_statements.rb:73:in `select_all'
lead-manager-worker-prosody-5d8fbffd47-99fq9 lead-manager 	from /usr/local/bundle/gems/activerecord-8.0.2/lib/active_record/connection_adapters/abstract/query_cache.rb:251:in `select_all'
lead-manager-worker-prosody-5d8fbffd47-99fq9 lead-manager 	from /usr/local/bundle/gems/activerecord-8.0.2/lib/active_record/connection_adapters/mysql2/database_statements.rb:12:in `select_all'
lead-manager-worker-prosody-5d8fbffd47-99fq9 lead-manager 	from /usr/local/bundle/gems/activerecord-8.0.2/lib/active_record/querying.rb:68:in `_query_by_sql'
lead-manager-worker-prosody-5d8fbffd47-99fq9 lead-manager 	from /usr/local/bundle/gems/activerecord-8.0.2/lib/active_record/querying.rb:53:in `block in find_by_sql'
lead-manager-worker-prosody-5d8fbffd47-99fq9 lead-manager 	from /usr/local/bundle/gems/activerecord-8.0.2/lib/active_record/connection_adapters/abstract/connection_pool.rb:412:in `with_connection'
lead-manager-worker-prosody-5d8fbffd47-99fq9 lead-manager 	from /usr/local/bundle/gems/activerecord-8.0.2/lib/active_record/connection_handling.rb:310:in `with_connection'
lead-manager-worker-prosody-5d8fbffd47-99fq9 lead-manager 	from /usr/local/bundle/gems/activerecord-8.0.2/lib/active_record/querying.rb:52:in `find_by_sql'
lead-manager-worker-prosody-5d8fbffd47-99fq9 lead-manager 	from /usr/local/bundle/gems/activerecord-8.0.2/lib/active_record/statement_cache.rb:152:in `execute'
lead-manager-worker-prosody-5d8fbffd47-99fq9 lead-manager 	from /usr/local/bundle/gems/activerecord-8.0.2/lib/active_record/core.rb:454:in `block in cached_find_by'
lead-manager-worker-prosody-5d8fbffd47-99fq9 lead-manager 	from /usr/local/bundle/gems/activerecord-8.0.2/lib/active_record/connection_adapters/abstract/connection_pool.rb:412:in `with_connection'
lead-manager-worker-prosody-5d8fbffd47-99fq9 lead-manager 	from /usr/local/bundle/gems/activerecord-8.0.2/lib/active_record/connection_handling.rb:310:in `with_connection'
lead-manager-worker-prosody-5d8fbffd47-99fq9 lead-manager 	from /usr/local/bundle/gems/activerecord-8.0.2/lib/active_record/core.rb:442:in `cached_find_by'
lead-manager-worker-prosody-5d8fbffd47-99fq9 lead-manager 	from /usr/local/bundle/gems/activerecord-8.0.2/lib/active_record/core.rb:327:in `find_by'
lead-manager-worker-prosody-5d8fbffd47-99fq9 lead-manager 	from /usr/src/app/services/prosody_handlers/crm_agent_asserted.rb:5:in `perform'
lead-manager-worker-prosody-5d8fbffd47-99fq9 lead-manager 	from /usr/src/app/services/prosody_handler.rb:9:in `on_message'
lead-manager-worker-prosody-5d8fbffd47-99fq9 lead-manager 	from /usr/local/bundle/gems/prosody-1.1.1-x86_64-linux/lib/prosody/processor.rb:281:in `block (2 levels) in start_worker'
lead-manager-worker-prosody-5d8fbffd47-99fq9 lead-manager 	from /usr/local/bundle/gems/opentelemetry-api-1.7.0/lib/opentelemetry/trace.rb:70:in `block in with_span'
lead-manager-worker-prosody-5d8fbffd47-99fq9 lead-manager 	from /usr/local/bundle/gems/opentelemetry-api-1.7.0/lib/opentelemetry/context.rb:88:in `with_value'
lead-manager-worker-prosody-5d8fbffd47-99fq9 lead-manager 	from /usr/local/bundle/gems/opentelemetry-api-1.7.0/lib/opentelemetry/trace.rb:70:in `with_span'
lead-manager-worker-prosody-5d8fbffd47-99fq9 lead-manager 	from /usr/local/bundle/gems/prosody-1.1.1-x86_64-linux/lib/prosody/processor.rb:279:in `block in start_worker'
lead-manager-worker-prosody-5d8fbffd47-99fq9 lead-manager 	from /usr/local/bundle/gems/async-2.32.0/lib/async/task.rb:207:in `block in run'
lead-manager-worker-prosody-5d8fbffd47-99fq9 lead-manager 	from /usr/local/bundle/gems/async-2.32.0/lib/async/task.rb:452:in `block in schedule'
lead-manager-worker-prosody-5d8fbffd47-99fq9 lead-manager /usr/local/bundle/gems/mysql2-0.5.5/lib/mysql2/client.rb:151:in `_query': This connection is in use by: #<Fiber:0x00007f61231bfe50 /usr/local/bundle/gems/async-2.32.0/lib/async/task.rb:450 (suspended)> (Mysql2::Error)
lead-manager-worker-prosody-5d8fbffd47-99fq9 lead-manager 	from /usr/local/bundle/gems/mysql2-0.5.5/lib/mysql2/client.rb:151:in `block in query'
lead-manager-worker-prosody-5d8fbffd47-99fq9 lead-manager 	from /usr/local/bundle/gems/mysql2-0.5.5/lib/mysql2/client.rb:150:in `handle_interrupt'
lead-manager-worker-prosody-5d8fbffd47-99fq9 lead-manager 	from /usr/local/bundle/gems/mysql2-0.5.5/lib/mysql2/client.rb:150:in `query'
lead-manager-worker-prosody-5d8fbffd47-99fq9 lead-manager 	from /usr/local/bundle/gems/prometheus_exporter-2.1.0/lib/prometheus_exporter/instrumentation/method_profiler.rb:80:in `query'
lead-manager-worker-prosody-5d8fbffd47-99fq9 lead-manager 	from /usr/local/bundle/gems/activerecord-8.0.2/lib/active_record/connection_adapters/mysql2/database_statements.rb:54:in `block in perform_query'
lead-manager-worker-prosody-5d8fbffd47-99fq9 lead-manager 	from /usr/local/bundle/gems/activesupport-8.0.2/lib/active_support/concurrency/share_lock.rb:186:in `yield_shares'
lead-manager-worker-prosody-5d8fbffd47-99fq9 lead-manager 	from /usr/local/bundle/gems/activesupport-8.0.2/lib/active_support/dependencies/interlock.rb:41:in `permit_concurrent_loads'
lead-manager-worker-prosody-5d8fbffd47-99fq9 lead-manager 	from /usr/local/bundle/gems/activerecord-8.0.2/lib/active_record/connection_adapters/mysql2/database_statements.rb:53:in `perform_query'
lead-manager-worker-prosody-5d8fbffd47-99fq9 lead-manager 	from /usr/local/bundle/gems/activerecord-8.0.2/lib/active_record/connection_adapters/abstract/database_statements.rb:556:in `block (2 levels) in raw_execute'
lead-manager-worker-prosody-5d8fbffd47-99fq9 lead-manager 	from /usr/local/bundle/gems/activerecord-8.0.2/lib/active_record/connection_adapters/abstract_adapter.rb:1015:in `block in with_raw_connection'
lead-manager-worker-prosody-5d8fbffd47-99fq9 lead-manager 	from /usr/local/bundle/gems/activesupport-8.0.2/lib/active_support/concurrency/null_lock.rb:9:in `synchronize'
lead-manager-worker-prosody-5d8fbffd47-99fq9 lead-manager 	from /usr/local/bundle/gems/activerecord-8.0.2/lib/active_record/connection_adapters/abstract_adapter.rb:984:in `with_raw_connection'
lead-manager-worker-prosody-5d8fbffd47-99fq9 lead-manager 	from /usr/local/bundle/gems/activerecord-8.0.2/lib/active_record/connection_adapters/abstract/database_statements.rb:555:in `block in raw_execute'
lead-manager-worker-prosody-5d8fbffd47-99fq9 lead-manager 	from /usr/local/bundle/gems/activesupport-8.0.2/lib/active_support/notifications/instrumenter.rb:58:in `instrument'
lead-manager-worker-prosody-5d8fbffd47-99fq9 lead-manager 	from /usr/local/bundle/gems/activerecord-8.0.2/lib/active_record/connection_adapters/abstract_adapter.rb:1135:in `log'
lead-manager-worker-prosody-5d8fbffd47-99fq9 lead-manager 	from /usr/local/bundle/gems/activerecord-8.0.2/lib/active_record/connection_adapters/abstract/database_statements.rb:554:in `raw_execute'
lead-manager-worker-prosody-5d8fbffd47-99fq9 lead-manager 	from /usr/local/bundle/gems/activerecord-8.0.2/lib/active_record/connection_adapters/abstract/database_statements.rb:591:in `internal_execute'
lead-manager-worker-prosody-5d8fbffd47-99fq9 lead-manager 	from /usr/local/bundle/gems/activerecord-8.0.2/lib/active_record/connection_adapters/abstract/database_statements.rb:547:in `internal_exec_query'
lead-manager-worker-prosody-5d8fbffd47-99fq9 lead-manager 	from /usr/local/bundle/gems/activerecord-8.0.2/lib/active_record/connection_adapters/abstract/database_statements.rb:693:in `select'
lead-manager-worker-prosody-5d8fbffd47-99fq9 lead-manager 	from /usr/local/bundle/gems/activerecord-8.0.2/lib/active_record/connection_adapters/abstract/database_statements.rb:73:in `select_all'
lead-manager-worker-prosody-5d8fbffd47-99fq9 lead-manager 	from /usr/local/bundle/gems/activerecord-8.0.2/lib/active_record/connection_adapters/abstract/query_cache.rb:251:in `select_all'
lead-manager-worker-prosody-5d8fbffd47-99fq9 lead-manager 	from /usr/local/bundle/gems/activerecord-8.0.2/lib/active_record/connection_adapters/mysql2/database_statements.rb:12:in `select_all'
lead-manager-worker-prosody-5d8fbffd47-99fq9 lead-manager 	from /usr/local/bundle/gems/activerecord-8.0.2/lib/active_record/querying.rb:68:in `_query_by_sql'
lead-manager-worker-prosody-5d8fbffd47-99fq9 lead-manager 	from /usr/local/bundle/gems/activerecord-8.0.2/lib/active_record/querying.rb:53:in `block in find_by_sql'
lead-manager-worker-prosody-5d8fbffd47-99fq9 lead-manager 	from /usr/local/bundle/gems/activerecord-8.0.2/lib/active_record/connection_adapters/abstract/connection_pool.rb:412:in `with_connection'
lead-manager-worker-prosody-5d8fbffd47-99fq9 lead-manager 	from /usr/local/bundle/gems/activerecord-8.0.2/lib/active_record/connection_handling.rb:310:in `with_connection'
lead-manager-worker-prosody-5d8fbffd47-99fq9 lead-manager 	from /usr/local/bundle/gems/activerecord-8.0.2/lib/active_record/querying.rb:52:in `find_by_sql'
lead-manager-worker-prosody-5d8fbffd47-99fq9 lead-manager 	from /usr/local/bundle/gems/activerecord-8.0.2/lib/active_record/statement_cache.rb:152:in `execute'
lead-manager-worker-prosody-5d8fbffd47-99fq9 lead-manager 	from /usr/local/bundle/gems/activerecord-8.0.2/lib/active_record/core.rb:454:in `block in cached_find_by'
lead-manager-worker-prosody-5d8fbffd47-99fq9 lead-manager 	from /usr/local/bundle/gems/activerecord-8.0.2/lib/active_record/connection_adapters/abstract/connection_pool.rb:412:in `with_connection'
lead-manager-worker-prosody-5d8fbffd47-99fq9 lead-manager 	from /usr/local/bundle/gems/activerecord-8.0.2/lib/active_record/connection_handling.rb:310:in `with_connection'
lead-manager-worker-prosody-5d8fbffd47-99fq9 lead-manager 	from /usr/local/bundle/gems/activerecord-8.0.2/lib/active_record/core.rb:442:in `cached_find_by'
lead-manager-worker-prosody-5d8fbffd47-99fq9 lead-manager 	from /usr/local/bundle/gems/activerecord-8.0.2/lib/active_record/core.rb:327:in `find_by'
lead-manager-worker-prosody-5d8fbffd47-99fq9 lead-manager 	from /usr/src/app/services/prosody_handlers/crm_agent_asserted.rb:5:in `perform'
lead-manager-worker-prosody-5d8fbffd47-99fq9 lead-manager 	from /usr/src/app/services/prosody_handler.rb:9:in `on_message'
lead-manager-worker-prosody-5d8fbffd47-99fq9 lead-manager 	from /usr/local/bundle/gems/prosody-1.1.1-x86_64-linux/lib/prosody/processor.rb:281:in `block (2 levels) in start_worker'
lead-manager-worker-prosody-5d8fbffd47-99fq9 lead-manager 	from /usr/local/bundle/gems/opentelemetry-api-1.7.0/lib/opentelemetry/trace.rb:70:in `block in with_span'
lead-manager-worker-prosody-5d8fbffd47-99fq9 lead-manager 	from /usr/local/bundle/gems/opentelemetry-api-1.7.0/lib/opentelemetry/context.rb:88:in `with_value'
lead-manager-worker-prosody-5d8fbffd47-99fq9 lead-manager 	from /usr/local/bundle/gems/opentelemetry-api-1.7.0/lib/opentelemetry/trace.rb:70:in `with_span'
lead-manager-worker-prosody-5d8fbffd47-99fq9 lead-manager 	from /usr/local/bundle/gems/prosody-1.1.1-x86_64-linux/lib/prosody/processor.rb:279:in `block in start_worker'
lead-manager-worker-prosody-5d8fbffd47-99fq9 lead-manager 	from /usr/local/bundle/gems/async-2.32.0/lib/async/task.rb:207:in `block in run'
lead-manager-worker-prosody-5d8fbffd47-99fq9 lead-manager 	from /usr/local/bundle/gems/async-2.32.0/lib/async/task.rb:452:in `block in schedule'
lead-manager-worker-prosody-5d8fbffd47-99fq9 lead-manager ; retrying after 20ms module=prosody::consumer::failure::retry line=342 partition=0 key=realgeeks:81660 offset=212 attempt=1 topic=witco.agent-events
lead-manager-worker-prosody-5d8fbffd47-99fq9 lead-manager D, [2025-09-23T18:54:39.472134 #1] DEBUG -- : Executing task witco.agent-events/0:212
lead-manager-worker-prosody-5d8fbffd47-99fq9 lead-manager D, [2025-09-23T18:54:39.494537 #1] DEBUG -- : Task witco.agent-events/0:192 completed successfully
lead-manager-worker-prosody-5d8fbffd47-99fq9 lead-manager D, [2025-09-23T18:54:39.516663 #1] DEBUG -- : Executing task witco.agent-events/0:194
lead-manager-worker-prosody-5d8fbffd47-99fq9 lead-manager D, [2025-09-23T18:54:39.528208 #1] DEBUG -- : Executing task witco.agent-events/0:216
lead-manager-worker-prosody-5d8fbffd47-99fq9 lead-manager E, [2025-09-23T18:54:39.535740 #1] ERROR -- : Error executing task witco.agent-events/0:194: Mysql2::Error: This connection is in use by: #<Fiber:0x00007f61231db3d0 /usr/local/bundle/gems/async-2.32.0/lib/async/task.rb:450 (suspended)>
lead-manager-worker-prosody-5d8fbffd47-99fq9 lead-manager E, [2025-09-23T18:54:39.548013 #1] ERROR -- : Error executing task witco.agent-events/0:216: Mysql2::Error: This connection is in use by: #<Fiber:0x00007f61231db3d0 /usr/local/bundle/gems/async-2.32.0/lib/async/task.rb:450 (suspended)>
lead-manager-worker-prosody-5d8fbffd47-99fq9 lead-manager E, [2025-09-23T18:54:39.557663 #1] ERROR -- : failed to handle message: handler error: transient error: /usr/local/bundle/gems/mysql2-0.5.5/lib/mysql2/client.rb:151:in `_query': Mysql2::Error: This connection is in use by: #<Fiber:0x00007f61231db3d0 /usr/local/bundle/gems/async-2.32.0/lib/async/task.rb:450 (suspended)> (ActiveRecord::StatementInvalid)
lead-manager-worker-prosody-5d8fbffd47-99fq9 lead-manager 	from /usr/local/bundle/gems/mysql2-0.5.5/lib/mysql2/client.rb:151:in `block in query'
lead-manager-worker-prosody-5d8fbffd47-99fq9 lead-manager 	from /usr/local/bundle/gems/mysql2-0.5.5/lib/mysql2/client.rb:150:in `handle_interrupt'
lead-manager-worker-prosody-5d8fbffd47-99fq9 lead-manager 	from /usr/local/bundle/gems/mysql2-0.5.5/lib/mysql2/client.rb:150:in `query'
lead-manager-worker-prosody-5d8fbffd47-99fq9 lead-manager 	from /usr/local/bundle/gems/prometheus_exporter-2.1.0/lib/prometheus_exporter/instrumentation/method_profiler.rb:80:in `query'
lead-manager-worker-prosody-5d8fbffd47-99fq9 lead-manager 	from /usr/local/bundle/gems/activerecord-8.0.2/lib/active_record/connection_adapters/mysql2/database_statements.rb:54:in `block in perform_query'
lead-manager-worker-prosody-5d8fbffd47-99fq9 lead-manager 	from /usr/local/bundle/gems/activesupport-8.0.2/lib/active_support/concurrency/share_lock.rb:186:in `yield_shares'
lead-manager-worker-prosody-5d8fbffd47-99fq9 lead-manager 	from /usr/local/bundle/gems/activesupport-8.0.2/lib/active_support/dependencies/interlock.rb:41:in `permit_concurrent_loads'
lead-manager-worker-prosody-5d8fbffd47-99fq9 lead-manager 	from /usr/local/bundle/gems/activerecord-8.0.2/lib/active_record/connection_adapters/mysql2/database_statements.rb:53:in `perform_query'
lead-manager-worker-prosody-5d8fbffd47-99fq9 lead-manager 	from /usr/local/bundle/gems/activerecord-8.0.2/lib/active_record/connection_adapters/abstract/database_statements.rb:556:in `block (2 levels) in raw_execute'
lead-manager-worker-prosody-5d8fbffd47-99fq9 lead-manager 	from /usr/local/bundle/gems/activerecord-8.0.2/lib/active_record/connection_adapters/abstract_adapter.rb:1015:in `block in with_raw_connection'
lead-manager-worker-prosody-5d8fbffd47-99fq9 lead-manager 	from /usr/local/bundle/gems/activesupport-8.0.2/lib/active_support/concurrency/null_lock.rb:9:in `synchronize'
lead-manager-worker-prosody-5d8fbffd47-99fq9 lead-manager 	from /usr/local/bundle/gems/activerecord-8.0.2/lib/active_record/connection_adapters/abstract_adapter.rb:984:in `with_raw_connection'
lead-manager-worker-prosody-5d8fbffd47-99fq9 lead-manager 	from /usr/local/bundle/gems/activerecord-8.0.2/lib/active_record/connection_adapters/abstract/database_statements.rb:555:in `block in raw_execute'
lead-manager-worker-prosody-5d8fbffd47-99fq9 lead-manager 	from /usr/local/bundle/gems/activesupport-8.0.2/lib/active_support/notifications/instrumenter.rb:58:in `instrument'
lead-manager-worker-prosody-5d8fbffd47-99fq9 lead-manager 	from /usr/local/bundle/gems/activerecord-8.0.2/lib/active_record/connection_adapters/abstract_adapter.rb:1135:in `log'
lead-manager-worker-prosody-5d8fbffd47-99fq9 lead-manager 	from /usr/local/bundle/gems/activerecord-8.0.2/lib/active_record/connection_adapters/abstract/database_statements.rb:554:in `raw_execute'
lead-manager-worker-prosody-5d8fbffd47-99fq9 lead-manager 	from /usr/local/bundle/gems/activerecord-8.0.2/lib/active_record/connection_adapters/abstract/database_statements.rb:591:in `internal_execute'
lead-manager-worker-prosody-5d8fbffd47-99fq9 lead-manager 	from /usr/local/bundle/gems/activerecord-8.0.2/lib/active_record/connection_adapters/abstract/database_statements.rb:547:in `internal_exec_query'
lead-manager-worker-prosody-5d8fbffd47-99fq9 lead-manager 	from /usr/local/bundle/gems/activerecord-8.0.2/lib/active_record/connection_adapters/abstract/database_statements.rb:693:in `select'
lead-manager-worker-prosody-5d8fbffd47-99fq9 lead-manager 	from /usr/local/bundle/gems/activerecord-8.0.2/lib/active_record/connection_adapters/abstract/database_statements.rb:73:in `select_all'
lead-manager-worker-prosody-5d8fbffd47-99fq9 lead-manager 	from /usr/local/bundle/gems/activerecord-8.0.2/lib/active_record/connection_adapters/abstract/query_cache.rb:251:in `select_all'
lead-manager-worker-prosody-5d8fbffd47-99fq9 lead-manager 	from /usr/local/bundle/gems/activerecord-8.0.2/lib/active_record/connection_adapters/mysql2/database_statements.rb:12:in `select_all'
lead-manager-worker-prosody-5d8fbffd47-99fq9 lead-manager 	from /usr/local/bundle/gems/activerecord-8.0.2/lib/active_record/querying.rb:68:in `_query_by_sql'
lead-manager-worker-prosody-5d8fbffd47-99fq9 lead-manager 	from /usr/local/bundle/gems/activerecord-8.0.2/lib/active_record/querying.rb:53:in `block in find_by_sql'
lead-manager-worker-prosody-5d8fbffd47-99fq9 lead-manager 	from /usr/local/bundle/gems/activerecord-8.0.2/lib/active_record/connection_adapters/abstract/connection_pool.rb:412:in `with_connection'
lead-manager-worker-prosody-5d8fbffd47-99fq9 lead-manager 	from /usr/local/bundle/gems/activerecord-8.0.2/lib/active_record/connection_handling.rb:310:in `with_connection'
lead-manager-worker-prosody-5d8fbffd47-99fq9 lead-manager 	from /usr/local/bundle/gems/activerecord-8.0.2/lib/active_record/querying.rb:52:in `find_by_sql'
lead-manager-worker-prosody-5d8fbffd47-99fq9 lead-manager 	from /usr/local/bundle/gems/activerecord-8.0.2/lib/active_record/statement_cache.rb:152:in `execute'
lead-manager-worker-prosody-5d8fbffd47-99fq9 lead-manager 	from /usr/local/bundle/gems/activerecord-8.0.2/lib/active_record/core.rb:454:in `block in cached_find_by'
lead-manager-worker-prosody-5d8fbffd47-99fq9 lead-manager 	from /usr/local/bundle/gems/activerecord-8.0.2/lib/active_record/connection_adapters/abstract/connection_pool.rb:412:in `with_connection'
lead-manager-worker-prosody-5d8fbffd47-99fq9 lead-manager 	from /usr/local/bundle/gems/activerecord-8.0.2/lib/active_record/connection_handling.rb:310:in `with_connection'
lead-manager-worker-prosody-5d8fbffd47-99fq9 lead-manager 	from /usr/local/bundle/gems/activerecord-8.0.2/lib/active_record/core.rb:442:in `cached_find_by'
lead-manager-worker-prosody-5d8fbffd47-99fq9 lead-manager 	from /usr/local/bundle/gems/activerecord-8.0.2/lib/active_record/core.rb:327:in `find_by'
lead-manager-worker-prosody-5d8fbffd47-99fq9 lead-manager 	from /usr/src/app/services/prosody_handlers/crm_agent_asserted.rb:5:in `perform'
lead-manager-worker-prosody-5d8fbffd47-99fq9 lead-manager 	from /usr/src/app/services/prosody_handler.rb:9:in `on_message'
lead-manager-worker-prosody-5d8fbffd47-99fq9 lead-manager 	from /usr/local/bundle/gems/prosody-1.1.1-x86_64-linux/lib/prosody/processor.rb:281:in `block (2 levels) in start_worker'
lead-manager-worker-prosody-5d8fbffd47-99fq9 lead-manager 	from /usr/local/bundle/gems/opentelemetry-api-1.7.0/lib/opentelemetry/trace.rb:70:in `block in with_span'
lead-manager-worker-prosody-5d8fbffd47-99fq9 lead-manager 	from /usr/local/bundle/gems/opentelemetry-api-1.7.0/lib/opentelemetry/context.rb:88:in `with_value'
lead-manager-worker-prosody-5d8fbffd47-99fq9 lead-manager 	from /usr/local/bundle/gems/opentelemetry-api-1.7.0/lib/opentelemetry/trace.rb:70:in `with_span'
lead-manager-worker-prosody-5d8fbffd47-99fq9 lead-manager 	from /usr/local/bundle/gems/prosody-1.1.1-x86_64-linux/lib/prosody/processor.rb:279:in `block in start_worker'
lead-manager-worker-prosody-5d8fbffd47-99fq9 lead-manager 	from /usr/local/bundle/gems/async-2.32.0/lib/async/task.rb:207:in `block in run'
lead-manager-worker-prosody-5d8fbffd47-99fq9 lead-manager 	from /usr/local/bundle/gems/async-2.32.0/lib/async/task.rb:452:in `block in schedule'
lead-manager-worker-prosody-5d8fbffd47-99fq9 lead-manager /usr/local/bundle/gems/mysql2-0.5.5/lib/mysql2/client.rb:151:in `_query': This connection is in use by: #<Fiber:0x00007f61231db3d0 /usr/local/bundle/gems/async-2.32.0/lib/async/task.rb:450 (suspended)> (Mysql2::Error)
lead-manager-worker-prosody-5d8fbffd47-99fq9 lead-manager 	from /usr/local/bundle/gems/mysql2-0.5.5/lib/mysql2/client.rb:151:in `block in query'
lead-manager-worker-prosody-5d8fbffd47-99fq9 lead-manager 	from /usr/local/bundle/gems/mysql2-0.5.5/lib/mysql2/client.rb:150:in `handle_interrupt'
lead-manager-worker-prosody-5d8fbffd47-99fq9 lead-manager 	from /usr/local/bundle/gems/mysql2-0.5.5/lib/mysql2/client.rb:150:in `query'
lead-manager-worker-prosody-5d8fbffd47-99fq9 lead-manager 	from /usr/local/bundle/gems/prometheus_exporter-2.1.0/lib/prometheus_exporter/instrumentation/method_profiler.rb:80:in `query'
lead-manager-worker-prosody-5d8fbffd47-99fq9 lead-manager 	from /usr/local/bundle/gems/activerecord-8.0.2/lib/active_record/connection_adapters/mysql2/database_statements.rb:54:in `block in perform_query'
lead-manager-worker-prosody-5d8fbffd47-99fq9 lead-manager 	from /usr/local/bundle/gems/activesupport-8.0.2/lib/active_support/concurrency/share_lock.rb:186:in `yield_shares'
lead-manager-worker-prosody-5d8fbffd47-99fq9 lead-manager 	from /usr/local/bundle/gems/activesupport-8.0.2/lib/active_support/dependencies/interlock.rb:41:in `permit_concurrent_loads'
lead-manager-worker-prosody-5d8fbffd47-99fq9 lead-manager 	from /usr/local/bundle/gems/activerecord-8.0.2/lib/active_record/connection_adapters/mysql2/database_statements.rb:53:in `perform_query'
lead-manager-worker-prosody-5d8fbffd47-99fq9 lead-manager 	from /usr/local/bundle/gems/activerecord-8.0.2/lib/active_record/connection_adapters/abstract/database_statements.rb:556:in `block (2 levels) in raw_execute'
lead-manager-worker-prosody-5d8fbffd47-99fq9 lead-manager 	from /usr/local/bundle/gems/activerecord-8.0.2/lib/active_record/connection_adapters/abstract_adapter.rb:1015:in `block in with_raw_connection'
lead-manager-worker-prosody-5d8fbffd47-99fq9 lead-manager 	from /usr/local/bundle/gems/activesupport-8.0.2/lib/active_support/concurrency/null_lock.rb:9:in `synchronize'
lead-manager-worker-prosody-5d8fbffd47-99fq9 lead-manager 	from /usr/local/bundle/gems/activerecord-8.0.2/lib/active_record/connection_adapters/abstract_adapter.rb:984:in `with_raw_connection'
lead-manager-worker-prosody-5d8fbffd47-99fq9 lead-manager 	from /usr/local/bundle/gems/activerecord-8.0.2/lib/active_record/connection_adapters/abstract/database_statements.rb:555:in `block in raw_execute'
lead-manager-worker-prosody-5d8fbffd47-99fq9 lead-manager 	from /usr/local/bundle/gems/activesupport-8.0.2/lib/active_support/notifications/instrumenter.rb:58:in `instrument'
lead-manager-worker-prosody-5d8fbffd47-99fq9 lead-manager 	from /usr/local/bundle/gems/activerecord-8.0.2/lib/active_record/connection_adapters/abstract_adapter.rb:1135:in `log'
lead-manager-worker-prosody-5d8fbffd47-99fq9 lead-manager 	from /usr/local/bundle/gems/activerecord-8.0.2/lib/active_record/connection_adapters/abstract/database_statements.rb:554:in `raw_execute'
lead-manager-worker-prosody-5d8fbffd47-99fq9 lead-manager 	from /usr/local/bundle/gems/activerecord-8.0.2/lib/active_record/connection_adapters/abstract/database_statements.rb:591:in `internal_execute'
lead-manager-worker-prosody-5d8fbffd47-99fq9 lead-manager 	from /usr/local/bundle/gems/activerecord-8.0.2/lib/active_record/connection_adapters/abstract/database_statements.rb:547:in `internal_exec_query'
lead-manager-worker-prosody-5d8fbffd47-99fq9 lead-manager 	from /usr/local/bundle/gems/activerecord-8.0.2/lib/active_record/connection_adapters/abstract/database_statements.rb:693:in `select'
lead-manager-worker-prosody-5d8fbffd47-99fq9 lead-manager 	from /usr/local/bundle/gems/activerecord-8.0.2/lib/active_record/connection_adapters/abstract/database_statements.rb:73:in `select_all'
lead-manager-worker-prosody-5d8fbffd47-99fq9 lead-manager 	from /usr/local/bundle/gems/activerecord-8.0.2/lib/active_record/connection_adapters/abstract/query_cache.rb:251:in `select_all'
lead-manager-worker-prosody-5d8fbffd47-99fq9 lead-manager 	from /usr/local/bundle/gems/activerecord-8.0.2/lib/active_record/connection_adapters/mysql2/database_statements.rb:12:in `select_all'
lead-manager-worker-prosody-5d8fbffd47-99fq9 lead-manager 	from /usr/local/bundle/gems/activerecord-8.0.2/lib/active_record/querying.rb:68:in `_query_by_sql'
lead-manager-worker-prosody-5d8fbffd47-99fq9 lead-manager 	from /usr/local/bundle/gems/activerecord-8.0.2/lib/active_record/querying.rb:53:in `block in find_by_sql'
lead-manager-worker-prosody-5d8fbffd47-99fq9 lead-manager 	from /usr/local/bundle/gems/activerecord-8.0.2/lib/active_record/connection_adapters/abstract/connection_pool.rb:412:in `with_connection'
lead-manager-worker-prosody-5d8fbffd47-99fq9 lead-manager 	from /usr/local/bundle/gems/activerecord-8.0.2/lib/active_record/connection_handling.rb:310:in `with_connection'
lead-manager-worker-prosody-5d8fbffd47-99fq9 lead-manager 	from /usr/local/bundle/gems/activerecord-8.0.2/lib/active_record/querying.rb:52:in `find_by_sql'
lead-manager-worker-prosody-5d8fbffd47-99fq9 lead-manager 	from /usr/local/bundle/gems/activerecord-8.0.2/lib/active_record/statement_cache.rb:152:in `execute'
lead-manager-worker-prosody-5d8fbffd47-99fq9 lead-manager 	from /usr/local/bundle/gems/activerecord-8.0.2/lib/active_record/core.rb:454:in `block in cached_find_by'
lead-manager-worker-prosody-5d8fbffd47-99fq9 lead-manager 	from /usr/local/bundle/gems/activerecord-8.0.2/lib/active_record/connection_adapters/abstract/connection_pool.rb:412:in `with_connection'
lead-manager-worker-prosody-5d8fbffd47-99fq9 lead-manager 	from /usr/local/bundle/gems/activerecord-8.0.2/lib/active_record/connection_handling.rb:310:in `with_connection'
lead-manager-worker-prosody-5d8fbffd47-99fq9 lead-manager 	from /usr/local/bundle/gems/activerecord-8.0.2/lib/active_record/core.rb:442:in `cached_find_by'
lead-manager-worker-prosody-5d8fbffd47-99fq9 lead-manager 	from /usr/local/bundle/gems/activerecord-8.0.2/lib/active_record/core.rb:327:in `find_by'
lead-manager-worker-prosody-5d8fbffd47-99fq9 lead-manager 	from /usr/src/app/services/prosody_handlers/crm_agent_asserted.rb:5:in `perform'
lead-manager-worker-prosody-5d8fbffd47-99fq9 lead-manager 	from /usr/src/app/services/prosody_handler.rb:9:in `on_message'
lead-manager-worker-prosody-5d8fbffd47-99fq9 lead-manager 	from /usr/local/bundle/gems/prosody-1.1.1-x86_64-linux/lib/prosody/processor.rb:281:in `block (2 levels) in start_worker'
lead-manager-worker-prosody-5d8fbffd47-99fq9 lead-manager 	from /usr/local/bundle/gems/opentelemetry-api-1.7.0/lib/opentelemetry/trace.rb:70:in `block in with_span'
lead-manager-worker-prosody-5d8fbffd47-99fq9 lead-manager 	from /usr/local/bundle/gems/opentelemetry-api-1.7.0/lib/opentelemetry/context.rb:88:in `with_value'
lead-manager-worker-prosody-5d8fbffd47-99fq9 lead-manager 	from /usr/local/bundle/gems/opentelemetry-api-1.7.0/lib/opentelemetry/trace.rb:70:in `with_span'
lead-manager-worker-prosody-5d8fbffd47-99fq9 lead-manager 	from /usr/local/bundle/gems/prosody-1.1.1-x86_64-linux/lib/prosody/processor.rb:279:in `block in start_worker'
lead-manager-worker-prosody-5d8fbffd47-99fq9 lead-manager 	from /usr/local/bundle/gems/async-2.32.0/lib/async/task.rb:207:in `block in run'
lead-manager-worker-prosody-5d8fbffd47-99fq9 lead-manager 	from /usr/local/bundle/gems/async-2.32.0/lib/async/task.rb:452:in `block in schedule'
lead-manager-worker-prosody-5d8fbffd47-99fq9 lead-manager ; retrying after 23ms module=prosody::consumer::failure::retry line=342 partition=0 key=realgeeks:77981 offset=194 attempt=1 topic=witco.agent-events
lead-manager-worker-prosody-5d8fbffd47-99fq9 lead-manager E, [2025-09-23T18:54:39.565581 #1] ERROR -- : failed to handle message: handler error: transient error: /usr/local/bundle/gems/mysql2-0.5.5/lib/mysql2/client.rb:151:in `_query': Mysql2::Error: This connection is in use by: #<Fiber:0x00007f61231db3d0 /usr/local/bundle/gems/async-2.32.0/lib/async/task.rb:450 (suspended)> (ActiveRecord::StatementInvalid)
lead-manager-worker-prosody-5d8fbffd47-99fq9 lead-manager 	from /usr/local/bundle/gems/mysql2-0.5.5/lib/mysql2/client.rb:151:in `block in query'
lead-manager-worker-prosody-5d8fbffd47-99fq9 lead-manager 	from /usr/local/bundle/gems/mysql2-0.5.5/lib/mysql2/client.rb:150:in `handle_interrupt'
lead-manager-worker-prosody-5d8fbffd47-99fq9 lead-manager 	from /usr/local/bundle/gems/mysql2-0.5.5/lib/mysql2/client.rb:150:in `query'
lead-manager-worker-prosody-5d8fbffd47-99fq9 lead-manager 	from /usr/local/bundle/gems/prometheus_exporter-2.1.0/lib/prometheus_exporter/instrumentation/method_profiler.rb:80:in `query'
lead-manager-worker-prosody-5d8fbffd47-99fq9 lead-manager 	from /usr/local/bundle/gems/activerecord-8.0.2/lib/active_record/connection_adapters/mysql2/database_statements.rb:54:in `block in perform_query'
lead-manager-worker-prosody-5d8fbffd47-99fq9 lead-manager 	from /usr/local/bundle/gems/activesupport-8.0.2/lib/active_support/concurrency/share_lock.rb:186:in `yield_shares'
lead-manager-worker-prosody-5d8fbffd47-99fq9 lead-manager 	from /usr/local/bundle/gems/activesupport-8.0.2/lib/active_support/dependencies/interlock.rb:41:in `permit_concurrent_loads'
lead-manager-worker-prosody-5d8fbffd47-99fq9 lead-manager 	from /usr/local/bundle/gems/activerecord-8.0.2/lib/active_record/connection_adapters/mysql2/database_statements.rb:53:in `perform_query'
lead-manager-worker-prosody-5d8fbffd47-99fq9 lead-manager 	from /usr/local/bundle/gems/activerecord-8.0.2/lib/active_record/connection_adapters/abstract/database_statements.rb:556:in `block (2 levels) in raw_execute'
lead-manager-worker-prosody-5d8fbffd47-99fq9 lead-manager 	from /usr/local/bundle/gems/activerecord-8.0.2/lib/active_record/connection_adapters/abstract_adapter.rb:1015:in `block in with_raw_connection'
lead-manager-worker-prosody-5d8fbffd47-99fq9 lead-manager 	from /usr/local/bundle/gems/activesupport-8.0.2/lib/active_support/concurrency/null_lock.rb:9:in `synchronize'
lead-manager-worker-prosody-5d8fbffd47-99fq9 lead-manager 	from /usr/local/bundle/gems/activerecord-8.0.2/lib/active_record/connection_adapters/abstract_adapter.rb:984:in `with_raw_connection'
lead-manager-worker-prosody-5d8fbffd47-99fq9 lead-manager 	from /usr/local/bundle/gems/activerecord-8.0.2/lib/active_record/connection_adapters/abstract/database_statements.rb:555:in `block in raw_execute'
lead-manager-worker-prosody-5d8fbffd47-99fq9 lead-manager 	from /usr/local/bundle/gems/activesupport-8.0.2/lib/active_support/notifications/instrumenter.rb:58:in `instrument'
lead-manager-worker-prosody-5d8fbffd47-99fq9 lead-manager 	from /usr/local/bundle/gems/activerecord-8.0.2/lib/active_record/connection_adapters/abstract_adapter.rb:1135:in `log'
lead-manager-worker-prosody-5d8fbffd47-99fq9 lead-manager 	from /usr/local/bundle/gems/activerecord-8.0.2/lib/active_record/connection_adapters/abstract/database_statements.rb:554:in `raw_execute'
lead-manager-worker-prosody-5d8fbffd47-99fq9 lead-manager 	from /usr/local/bundle/gems/activerecord-8.0.2/lib/active_record/connection_adapters/abstract/database_statements.rb:591:in `internal_execute'
lead-manager-worker-prosody-5d8fbffd47-99fq9 lead-manager 	from /usr/local/bundle/gems/activerecord-8.0.2/lib/active_record/connection_adapters/abstract/database_statements.rb:547:in `internal_exec_query'
lead-manager-worker-prosody-5d8fbffd47-99fq9 lead-manager 	from /usr/local/bundle/gems/activerecord-8.0.2/lib/active_record/connection_adapters/abstract/database_statements.rb:693:in `select'
lead-manager-worker-prosody-5d8fbffd47-99fq9 lead-manager 	from /usr/local/bundle/gems/activerecord-8.0.2/lib/active_record/connection_adapters/abstract/database_statements.rb:73:in `select_all'
lead-manager-worker-prosody-5d8fbffd47-99fq9 lead-manager 	from /usr/local/bundle/gems/activerecord-8.0.2/lib/active_record/connection_adapters/abstract/query_cache.rb:251:in `select_all'
lead-manager-worker-prosody-5d8fbffd47-99fq9 lead-manager 	from /usr/local/bundle/gems/activerecord-8.0.2/lib/active_record/connection_adapters/mysql2/database_statements.rb:12:in `select_all'
lead-manager-worker-prosody-5d8fbffd47-99fq9 lead-manager 	from /usr/local/bundle/gems/activerecord-8.0.2/lib/active_record/querying.rb:68:in `_query_by_sql'
lead-manager-worker-prosody-5d8fbffd47-99fq9 lead-manager 	from /usr/local/bundle/gems/activerecord-8.0.2/lib/active_record/querying.rb:53:in `block in find_by_sql'
lead-manager-worker-prosody-5d8fbffd47-99fq9 lead-manager 	from /usr/local/bundle/gems/activerecord-8.0.2/lib/active_record/connection_adapters/abstract/connection_pool.rb:412:in `with_connection'
lead-manager-worker-prosody-5d8fbffd47-99fq9 lead-manager 	from /usr/local/bundle/gems/activerecord-8.0.2/lib/active_record/connection_handling.rb:310:in `with_connection'
lead-manager-worker-prosody-5d8fbffd47-99fq9 lead-manager 	from /usr/local/bundle/gems/activerecord-8.0.2/lib/active_record/querying.rb:52:in `find_by_sql'
lead-manager-worker-prosody-5d8fbffd47-99fq9 lead-manager 	from /usr/local/bundle/gems/activerecord-8.0.2/lib/active_record/statement_cache.rb:152:in `execute'
lead-manager-worker-prosody-5d8fbffd47-99fq9 lead-manager 	from /usr/local/bundle/gems/activerecord-8.0.2/lib/active_record/core.rb:454:in `block in cached_find_by'
lead-manager-worker-prosody-5d8fbffd47-99fq9 lead-manager 	from /usr/local/bundle/gems/activerecord-8.0.2/lib/active_record/connection_adapters/abstract/connection_pool.rb:412:in `with_connection'
lead-manager-worker-prosody-5d8fbffd47-99fq9 lead-manager 	from /usr/local/bundle/gems/activerecord-8.0.2/lib/active_record/connection_handling.rb:310:in `with_connection'
lead-manager-worker-prosody-5d8fbffd47-99fq9 lead-manager 	from /usr/local/bundle/gems/activerecord-8.0.2/lib/active_record/core.rb:442:in `cached_find_by'
lead-manager-worker-prosody-5d8fbffd47-99fq9 lead-manager 	from /usr/local/bundle/gems/activerecord-8.0.2/lib/active_record/core.rb:327:in `find_by'
lead-manager-worker-prosody-5d8fbffd47-99fq9 lead-manager 	from /usr/src/app/services/prosody_handlers/crm_agent_asserted.rb:5:in `perform'
lead-manager-worker-prosody-5d8fbffd47-99fq9 lead-manager 	from /usr/src/app/services/prosody_handler.rb:9:in `on_message'
lead-manager-worker-prosody-5d8fbffd47-99fq9 lead-manager 	from /usr/local/bundle/gems/prosody-1.1.1-x86_64-linux/lib/prosody/processor.rb:281:in `block (2 levels) in start_worker'
lead-manager-worker-prosody-5d8fbffd47-99fq9 lead-manager 	from /usr/local/bundle/gems/opentelemetry-api-1.7.0/lib/opentelemetry/trace.rb:70:in `block in with_span'
lead-manager-worker-prosody-5d8fbffd47-99fq9 lead-manager 	from /usr/local/bundle/gems/opentelemetry-api-1.7.0/lib/opentelemetry/context.rb:88:in `with_value'
lead-manager-worker-prosody-5d8fbffd47-99fq9 lead-manager 	from /usr/local/bundle/gems/opentelemetry-api-1.7.0/lib/opentelemetry/trace.rb:70:in `with_span'
lead-manager-worker-prosody-5d8fbffd47-99fq9 lead-manager 	from /usr/local/bundle/gems/prosody-1.1.1-x86_64-linux/lib/prosody/processor.rb:279:in `block in start_worker'
lead-manager-worker-prosody-5d8fbffd47-99fq9 lead-manager 	from /usr/local/bundle/gems/async-2.32.0/lib/async/task.rb:207:in `block in run'
lead-manager-worker-prosody-5d8fbffd47-99fq9 lead-manager 	from /usr/local/bundle/gems/async-2.32.0/lib/async/task.rb:452:in `block in schedule'
lead-manager-worker-prosody-5d8fbffd47-99fq9 lead-manager /usr/local/bundle/gems/mysql2-0.5.5/lib/mysql2/client.rb:151:in `_query': This connection is in use by: #<Fiber:0x00007f61231db3d0 /usr/local/bundle/gems/async-2.32.0/lib/async/task.rb:450 (suspended)> (Mysql2::Error)
lead-manager-worker-prosody-5d8fbffd47-99fq9 lead-manager 	from /usr/local/bundle/gems/mysql2-0.5.5/lib/mysql2/client.rb:151:in `block in query'
lead-manager-worker-prosody-5d8fbffd47-99fq9 lead-manager 	from /usr/local/bundle/gems/mysql2-0.5.5/lib/mysql2/client.rb:150:in `handle_interrupt'
lead-manager-worker-prosody-5d8fbffd47-99fq9 lead-manager 	from /usr/local/bundle/gems/mysql2-0.5.5/lib/mysql2/client.rb:150:in `query'
lead-manager-worker-prosody-5d8fbffd47-99fq9 lead-manager 	from /usr/local/bundle/gems/prometheus_exporter-2.1.0/lib/prometheus_exporter/instrumentation/method_profiler.rb:80:in `query'
lead-manager-worker-prosody-5d8fbffd47-99fq9 lead-manager 	from /usr/local/bundle/gems/activerecord-8.0.2/lib/active_record/connection_adapters/mysql2/database_statements.rb:54:in `block in perform_query'
lead-manager-worker-prosody-5d8fbffd47-99fq9 lead-manager 	from /usr/local/bundle/gems/activesupport-8.0.2/lib/active_support/concurrency/share_lock.rb:186:in `yield_shares'
lead-manager-worker-prosody-5d8fbffd47-99fq9 lead-manager 	from /usr/local/bundle/gems/activesupport-8.0.2/lib/active_support/dependencies/interlock.rb:41:in `permit_concurrent_loads'
lead-manager-worker-prosody-5d8fbffd47-99fq9 lead-manager 	from /usr/local/bundle/gems/activerecord-8.0.2/lib/active_record/connection_adapters/mysql2/database_statements.rb:53:in `perform_query'
lead-manager-worker-prosody-5d8fbffd47-99fq9 lead-manager 	from /usr/local/bundle/gems/activerecord-8.0.2/lib/active_record/connection_adapters/abstract/database_statements.rb:556:in `block (2 levels) in raw_execute'
lead-manager-worker-prosody-5d8fbffd47-99fq9 lead-manager 	from /usr/local/bundle/gems/activerecord-8.0.2/lib/active_record/connection_adapters/abstract_adapter.rb:1015:in `block in with_raw_connection'
lead-manager-worker-prosody-5d8fbffd47-99fq9 lead-manager 	from /usr/local/bundle/gems/activesupport-8.0.2/lib/active_support/concurrency/null_lock.rb:9:in `synchronize'
lead-manager-worker-prosody-5d8fbffd47-99fq9 lead-manager 	from /usr/local/bundle/gems/activerecord-8.0.2/lib/active_record/connection_adapters/abstract_adapter.rb:984:in `with_raw_connection'
lead-manager-worker-prosody-5d8fbffd47-99fq9 lead-manager 	from /usr/local/bundle/gems/activerecord-8.0.2/lib/active_record/connection_adapters/abstract/database_statements.rb:555:in `block in raw_execute'
lead-manager-worker-prosody-5d8fbffd47-99fq9 lead-manager 	from /usr/local/bundle/gems/activesupport-8.0.2/lib/active_support/notifications/instrumenter.rb:58:in `instrument'
lead-manager-worker-prosody-5d8fbffd47-99fq9 lead-manager 	from /usr/local/bundle/gems/activerecord-8.0.2/lib/active_record/connection_adapters/abstract_adapter.rb:1135:in `log'
lead-manager-worker-prosody-5d8fbffd47-99fq9 lead-manager 	from /usr/local/bundle/gems/activerecord-8.0.2/lib/active_record/connection_adapters/abstract/database_statements.rb:554:in `raw_execute'
lead-manager-worker-prosody-5d8fbffd47-99fq9 lead-manager 	from /usr/local/bundle/gems/activerecord-8.0.2/lib/active_record/connection_adapters/abstract/database_statements.rb:591:in `internal_execute'
lead-manager-worker-prosody-5d8fbffd47-99fq9 lead-manager 	from /usr/local/bundle/gems/activerecord-8.0.2/lib/active_record/connection_adapters/abstract/database_statements.rb:547:in `internal_exec_query'
lead-manager-worker-prosody-5d8fbffd47-99fq9 lead-manager 	from /usr/local/bundle/gems/activerecord-8.0.2/lib/active_record/connection_adapters/abstract/database_statements.rb:693:in `select'
lead-manager-worker-prosody-5d8fbffd47-99fq9 lead-manager 	from /usr/local/bundle/gems/activerecord-8.0.2/lib/active_record/connection_adapters/abstract/database_statements.rb:73:in `select_all'
lead-manager-worker-prosody-5d8fbffd47-99fq9 lead-manager 	from /usr/local/bundle/gems/activerecord-8.0.2/lib/active_record/connection_adapters/abstract/query_cache.rb:251:in `select_all'
lead-manager-worker-prosody-5d8fbffd47-99fq9 lead-manager 	from /usr/local/bundle/gems/activerecord-8.0.2/lib/active_record/connection_adapters/mysql2/database_statements.rb:12:in `select_all'
lead-manager-worker-prosody-5d8fbffd47-99fq9 lead-manager 	from /usr/local/bundle/gems/activerecord-8.0.2/lib/active_record/querying.rb:68:in `_query_by_sql'
lead-manager-worker-prosody-5d8fbffd47-99fq9 lead-manager 	from /usr/local/bundle/gems/activerecord-8.0.2/lib/active_record/querying.rb:53:in `block in find_by_sql'
lead-manager-worker-prosody-5d8fbffd47-99fq9 lead-manager 	from /usr/local/bundle/gems/activerecord-8.0.2/lib/active_record/connection_adapters/abstract/connection_pool.rb:412:in `with_connection'
lead-manager-worker-prosody-5d8fbffd47-99fq9 lead-manager 	from /usr/local/bundle/gems/activerecord-8.0.2/lib/active_record/connection_handling.rb:310:in `with_connection'
lead-manager-worker-prosody-5d8fbffd47-99fq9 lead-manager 	from /usr/local/bundle/gems/activerecord-8.0.2/lib/active_record/querying.rb:52:in `find_by_sql'
lead-manager-worker-prosody-5d8fbffd47-99fq9 lead-manager 	from /usr/local/bundle/gems/activerecord-8.0.2/lib/active_record/statement_cache.rb:152:in `execute'
lead-manager-worker-prosody-5d8fbffd47-99fq9 lead-manager 	from /usr/local/bundle/gems/activerecord-8.0.2/lib/active_record/core.rb:454:in `block in cached_find_by'
lead-manager-worker-prosody-5d8fbffd47-99fq9 lead-manager 	from /usr/local/bundle/gems/activerecord-8.0.2/lib/active_record/connection_adapters/abstract/connection_pool.rb:412:in `with_connection'
lead-manager-worker-prosody-5d8fbffd47-99fq9 lead-manager 	from /usr/local/bundle/gems/activerecord-8.0.2/lib/active_record/connection_handling.rb:310:in `with_connection'
lead-manager-worker-prosody-5d8fbffd47-99fq9 lead-manager 	from /usr/local/bundle/gems/activerecord-8.0.2/lib/active_record/core.rb:442:in `cached_find_by'
lead-manager-worker-prosody-5d8fbffd47-99fq9 lead-manager 	from /usr/local/bundle/gems/activerecord-8.0.2/lib/active_record/core.rb:327:in `find_by'
lead-manager-worker-prosody-5d8fbffd47-99fq9 lead-manager 	from /usr/src/app/services/prosody_handlers/crm_agent_asserted.rb:5:in `perform'
lead-manager-worker-prosody-5d8fbffd47-99fq9 lead-manager 	from /usr/src/app/services/prosody_handler.rb:9:in `on_message'
lead-manager-worker-prosody-5d8fbffd47-99fq9 lead-manager 	from /usr/local/bundle/gems/prosody-1.1.1-x86_64-linux/lib/prosody/processor.rb:281:in `block (2 levels) in start_worker'
lead-manager-worker-prosody-5d8fbffd47-99fq9 lead-manager 	from /usr/local/bundle/gems/opentelemetry-api-1.7.0/lib/opentelemetry/trace.rb:70:in `block in with_span'
lead-manager-worker-prosody-5d8fbffd47-99fq9 lead-manager 	from /usr/local/bundle/gems/opentelemetry-api-1.7.0/lib/opentelemetry/context.rb:88:in `with_value'
lead-manager-worker-prosody-5d8fbffd47-99fq9 lead-manager 	from /usr/local/bundle/gems/opentelemetry-api-1.7.0/lib/opentelemetry/trace.rb:70:in `with_span'
lead-manager-worker-prosody-5d8fbffd47-99fq9 lead-manager 	from /usr/local/bundle/gems/prosody-1.1.1-x86_64-linux/lib/prosody/processor.rb:279:in `block in start_worker'
lead-manager-worker-prosody-5d8fbffd47-99fq9 lead-manager 	from /usr/local/bundle/gems/async-2.32.0/lib/async/task.rb:207:in `block in run'
lead-manager-worker-prosody-5d8fbffd47-99fq9 lead-manager 	from /usr/local/bundle/gems/async-2.32.0/lib/async/task.rb:452:in `block in schedule'
lead-manager-worker-prosody-5d8fbffd47-99fq9 lead-manager ; retrying after 36ms module=prosody::consumer::failure::retry line=342 partition=0 key=realgeeks:81727 offset=216 attempt=1 topic=witco.agent-events
lead-manager-worker-prosody-5d8fbffd47-99fq9 lead-manager D, [2025-09-23T18:54:39.566228 #1] DEBUG -- : Executing task witco.agent-events/0:194
lead-manager-worker-prosody-5d8fbffd47-99fq9 lead-manager D, [2025-09-23T18:54:39.581199 #1] DEBUG -- : Task witco.agent-events/0:212 completed successfully
lead-manager-worker-prosody-5d8fbffd47-99fq9 lead-manager D, [2025-09-23T18:54:39.585125 #1] DEBUG -- : Executing task witco.agent-events/0:213
lead-manager-worker-prosody-5d8fbffd47-99fq9 lead-manager D, [2025-09-23T18:54:39.591824 #1] DEBUG -- : Executing task witco.agent-events/0:216
lead-manager-worker-prosody-5d8fbffd47-99fq9 lead-manager E, [2025-09-23T18:54:39.600928 #1] ERROR -- : Error executing task witco.agent-events/0:213: Mysql2::Error: This connection is in use by: #<Fiber:0x00007f61232129e8 /usr/local/bundle/gems/async-2.32.0/lib/async/task.rb:450 (suspended)>
lead-manager-worker-prosody-5d8fbffd47-99fq9 lead-manager E, [2025-09-23T18:54:39.601255 #1] ERROR -- : failed to handle message: handler error: transient error: /usr/local/bundle/gems/mysql2-0.5.5/lib/mysql2/client.rb:151:in `_query': Mysql2::Error: This connection is in use by: #<Fiber:0x00007f61232129e8 /usr/local/bundle/gems/async-2.32.0/lib/async/task.rb:450 (suspended)> (ActiveRecord::StatementInvalid)
lead-manager-worker-prosody-5d8fbffd47-99fq9 lead-manager 	from /usr/local/bundle/gems/mysql2-0.5.5/lib/mysql2/client.rb:151:in `block in query'
lead-manager-worker-prosody-5d8fbffd47-99fq9 lead-manager 	from /usr/local/bundle/gems/mysql2-0.5.5/lib/mysql2/client.rb:150:in `handle_interrupt'
lead-manager-worker-prosody-5d8fbffd47-99fq9 lead-manager 	from /usr/local/bundle/gems/mysql2-0.5.5/lib/mysql2/client.rb:150:in `query'
lead-manager-worker-prosody-5d8fbffd47-99fq9 lead-manager 	from /usr/local/bundle/gems/prometheus_exporter-2.1.0/lib/prometheus_exporter/instrumentation/method_profiler.rb:80:in `query'
lead-manager-worker-prosody-5d8fbffd47-99fq9 lead-manager 	from /usr/local/bundle/gems/activerecord-8.0.2/lib/active_record/connection_adapters/mysql2/database_statements.rb:54:in `block in perform_query'
lead-manager-worker-prosody-5d8fbffd47-99fq9 lead-manager 	from /usr/local/bundle/gems/activesupport-8.0.2/lib/active_support/concurrency/share_lock.rb:186:in `yield_shares'
lead-manager-worker-prosody-5d8fbffd47-99fq9 lead-manager 	from /usr/local/bundle/gems/activesupport-8.0.2/lib/active_support/dependencies/interlock.rb:41:in `permit_concurrent_loads'
lead-manager-worker-prosody-5d8fbffd47-99fq9 lead-manager 	from /usr/local/bundle/gems/activerecord-8.0.2/lib/active_record/connection_adapters/mysql2/database_statements.rb:53:in `perform_query'
lead-manager-worker-prosody-5d8fbffd47-99fq9 lead-manager 	from /usr/local/bundle/gems/activerecord-8.0.2/lib/active_record/connection_adapters/abstract/database_statements.rb:556:in `block (2 levels) in raw_execute'
lead-manager-worker-prosody-5d8fbffd47-99fq9 lead-manager 	from /usr/local/bundle/gems/activerecord-8.0.2/lib/active_record/connection_adapters/abstract_adapter.rb:1015:in `block in with_raw_connection'
lead-manager-worker-prosody-5d8fbffd47-99fq9 lead-manager 	from /usr/local/bundle/gems/activesupport-8.0.2/lib/active_support/concurrency/null_lock.rb:9:in `synchronize'
lead-manager-worker-prosody-5d8fbffd47-99fq9 lead-manager 	from /usr/local/bundle/gems/activerecord-8.0.2/lib/active_record/connection_adapters/abstract_adapter.rb:984:in `with_raw_connection'
lead-manager-worker-prosody-5d8fbffd47-99fq9 lead-manager 	from /usr/local/bundle/gems/activerecord-8.0.2/lib/active_record/connection_adapters/abstract/database_statements.rb:555:in `block in raw_execute'
lead-manager-worker-prosody-5d8fbffd47-99fq9 lead-manager 	from /usr/local/bundle/gems/activesupport-8.0.2/lib/active_support/notifications/instrumenter.rb:58:in `instrument'
lead-manager-worker-prosody-5d8fbffd47-99fq9 lead-manager 	from /usr/local/bundle/gems/activerecord-8.0.2/lib/active_record/connection_adapters/abstract_adapter.rb:1135:in `log'
lead-manager-worker-prosody-5d8fbffd47-99fq9 lead-manager 	from /usr/local/bundle/gems/activerecord-8.0.2/lib/active_record/connection_adapters/abstract/database_statements.rb:554:in `raw_execute'
lead-manager-worker-prosody-5d8fbffd47-99fq9 lead-manager 	from /usr/local/bundle/gems/activerecord-8.0.2/lib/active_record/connection_adapters/abstract/database_statements.rb:591:in `internal_execute'
lead-manager-worker-prosody-5d8fbffd47-99fq9 lead-manager 	from /usr/local/bundle/gems/activerecord-8.0.2/lib/active_record/connection_adapters/abstract/database_statements.rb:547:in `internal_exec_query'
lead-manager-worker-prosody-5d8fbffd47-99fq9 lead-manager 	from /usr/local/bundle/gems/activerecord-8.0.2/lib/active_record/connection_adapters/abstract/database_statements.rb:693:in `select'
lead-manager-worker-prosody-5d8fbffd47-99fq9 lead-manager 	from /usr/local/bundle/gems/activerecord-8.0.2/lib/active_record/connection_adapters/abstract/database_statements.rb:73:in `select_all'
lead-manager-worker-prosody-5d8fbffd47-99fq9 lead-manager 	from /usr/local/bundle/gems/activerecord-8.0.2/lib/active_record/connection_adapters/abstract/query_cache.rb:251:in `select_all'
lead-manager-worker-prosody-5d8fbffd47-99fq9 lead-manager 	from /usr/local/bundle/gems/activerecord-8.0.2/lib/active_record/connection_adapters/mysql2/database_statements.rb:12:in `select_all'
lead-manager-worker-prosody-5d8fbffd47-99fq9 lead-manager 	from /usr/local/bundle/gems/activerecord-8.0.2/lib/active_record/querying.rb:68:in `_query_by_sql'
lead-manager-worker-prosody-5d8fbffd47-99fq9 lead-manager 	from /usr/local/bundle/gems/activerecord-8.0.2/lib/active_record/querying.rb:53:in `block in find_by_sql'
lead-manager-worker-prosody-5d8fbffd47-99fq9 lead-manager 	from /usr/local/bundle/gems/activerecord-8.0.2/lib/active_record/connection_adapters/abstract/connection_pool.rb:412:in `with_connection'
lead-manager-worker-prosody-5d8fbffd47-99fq9 lead-manager 	from /usr/local/bundle/gems/activerecord-8.0.2/lib/active_record/connection_handling.rb:310:in `with_connection'
lead-manager-worker-prosody-5d8fbffd47-99fq9 lead-manager 	from /usr/local/bundle/gems/activerecord-8.0.2/lib/active_record/querying.rb:52:in `find_by_sql'
lead-manager-worker-prosody-5d8fbffd47-99fq9 lead-manager 	from /usr/local/bundle/gems/activerecord-8.0.2/lib/active_record/statement_cache.rb:152:in `execute'
lead-manager-worker-prosody-5d8fbffd47-99fq9 lead-manager 	from /usr/local/bundle/gems/activerecord-8.0.2/lib/active_record/core.rb:454:in `block in cached_find_by'
lead-manager-worker-prosody-5d8fbffd47-99fq9 lead-manager 	from /usr/local/bundle/gems/activerecord-8.0.2/lib/active_record/connection_adapters/abstract/connection_pool.rb:412:in `with_connection'
lead-manager-worker-prosody-5d8fbffd47-99fq9 lead-manager 	from /usr/local/bundle/gems/activerecord-8.0.2/lib/active_record/connection_handling.rb:310:in `with_connection'
lead-manager-worker-prosody-5d8fbffd47-99fq9 lead-manager 	from /usr/local/bundle/gems/activerecord-8.0.2/lib/active_record/core.rb:442:in `cached_find_by'
lead-manager-worker-prosody-5d8fbffd47-99fq9 lead-manager 	from /usr/local/bundle/gems/activerecord-8.0.2/lib/active_record/core.rb:327:in `find_by'
lead-manager-worker-prosody-5d8fbffd47-99fq9 lead-manager 	from /usr/src/app/services/prosody_handlers/crm_agent_asserted.rb:5:in `perform'
lead-manager-worker-prosody-5d8fbffd47-99fq9 lead-manager 	from /usr/src/app/services/prosody_handler.rb:9:in `on_message'
lead-manager-worker-prosody-5d8fbffd47-99fq9 lead-manager 	from /usr/local/bundle/gems/prosody-1.1.1-x86_64-linux/lib/prosody/processor.rb:281:in `block (2 levels) in start_worker'
lead-manager-worker-prosody-5d8fbffd47-99fq9 lead-manager 	from /usr/local/bundle/gems/opentelemetry-api-1.7.0/lib/opentelemetry/trace.rb:70:in `block in with_span'
lead-manager-worker-prosody-5d8fbffd47-99fq9 lead-manager 	from /usr/local/bundle/gems/opentelemetry-api-1.7.0/lib/opentelemetry/context.rb:88:in `with_value'
lead-manager-worker-prosody-5d8fbffd47-99fq9 lead-manager 	from /usr/local/bundle/gems/opentelemetry-api-1.7.0/lib/opentelemetry/trace.rb:70:in `with_span'
lead-manager-worker-prosody-5d8fbffd47-99fq9 lead-manager 	from /usr/local/bundle/gems/prosody-1.1.1-x86_64-linux/lib/prosody/processor.rb:279:in `block in start_worker'
lead-manager-worker-prosody-5d8fbffd47-99fq9 lead-manager 	from /usr/local/bundle/gems/async-2.32.0/lib/async/task.rb:207:in `block in run'
lead-manager-worker-prosody-5d8fbffd47-99fq9 lead-manager 	from /usr/local/bundle/gems/async-2.32.0/lib/async/task.rb:452:in `block in schedule'
lead-manager-worker-prosody-5d8fbffd47-99fq9 lead-manager /usr/local/bundle/gems/mysql2-0.5.5/lib/mysql2/client.rb:151:in `_query': This connection is in use by: #<Fiber:0x00007f61232129e8 /usr/local/bundle/gems/async-2.32.0/lib/async/task.rb:450 (suspended)> (Mysql2::Error)
lead-manager-worker-prosody-5d8fbffd47-99fq9 lead-manager 	from /usr/local/bundle/gems/mysql2-0.5.5/lib/mysql2/client.rb:151:in `block in query'
lead-manager-worker-prosody-5d8fbffd47-99fq9 lead-manager 	from /usr/local/bundle/gems/mysql2-0.5.5/lib/mysql2/client.rb:150:in `handle_interrupt'
lead-manager-worker-prosody-5d8fbffd47-99fq9 lead-manager 	from /usr/local/bundle/gems/mysql2-0.5.5/lib/mysql2/client.rb:150:in `query'
lead-manager-worker-prosody-5d8fbffd47-99fq9 lead-manager 	from /usr/local/bundle/gems/prometheus_exporter-2.1.0/lib/prometheus_exporter/instrumentation/method_profiler.rb:80:in `query'
lead-manager-worker-prosody-5d8fbffd47-99fq9 lead-manager 	from /usr/local/bundle/gems/activerecord-8.0.2/lib/active_record/connection_adapters/mysql2/database_statements.rb:54:in `block in perform_query'
lead-manager-worker-prosody-5d8fbffd47-99fq9 lead-manager 	from /usr/local/bundle/gems/activesupport-8.0.2/lib/active_support/concurrency/share_lock.rb:186:in `yield_shares'
lead-manager-worker-prosody-5d8fbffd47-99fq9 lead-manager 	from /usr/local/bundle/gems/activesupport-8.0.2/lib/active_support/dependencies/interlock.rb:41:in `permit_concurrent_loads'
lead-manager-worker-prosody-5d8fbffd47-99fq9 lead-manager 	from /usr/local/bundle/gems/activerecord-8.0.2/lib/active_record/connection_adapters/mysql2/database_statements.rb:53:in `perform_query'
lead-manager-worker-prosody-5d8fbffd47-99fq9 lead-manager 	from /usr/local/bundle/gems/activerecord-8.0.2/lib/active_record/connection_adapters/abstract/database_statements.rb:556:in `block (2 levels) in raw_execute'
lead-manager-worker-prosody-5d8fbffd47-99fq9 lead-manager 	from /usr/local/bundle/gems/activerecord-8.0.2/lib/active_record/connection_adapters/abstract_adapter.rb:1015:in `block in with_raw_connection'
lead-manager-worker-prosody-5d8fbffd47-99fq9 lead-manager 	from /usr/local/bundle/gems/activesupport-8.0.2/lib/active_support/concurrency/null_lock.rb:9:in `synchronize'
lead-manager-worker-prosody-5d8fbffd47-99fq9 lead-manager 	from /usr/local/bundle/gems/activerecord-8.0.2/lib/active_record/connection_adapters/abstract_adapter.rb:984:in `with_raw_connection'
lead-manager-worker-prosody-5d8fbffd47-99fq9 lead-manager 	from /usr/local/bundle/gems/activerecord-8.0.2/lib/active_record/connection_adapters/abstract/database_statements.rb:555:in `block in raw_execute'
lead-manager-worker-prosody-5d8fbffd47-99fq9 lead-manager 	from /usr/local/bundle/gems/activesupport-8.0.2/lib/active_support/notifications/instrumenter.rb:58:in `instrument'
lead-manager-worker-prosody-5d8fbffd47-99fq9 lead-manager 	from /usr/local/bundle/gems/activerecord-8.0.2/lib/active_record/connection_adapters/abstract_adapter.rb:1135:in `log'
lead-manager-worker-prosody-5d8fbffd47-99fq9 lead-manager 	from /usr/local/bundle/gems/activerecord-8.0.2/lib/active_record/connection_adapters/abstract/database_statements.rb:554:in `raw_execute'
lead-manager-worker-prosody-5d8fbffd47-99fq9 lead-manager 	from /usr/local/bundle/gems/activerecord-8.0.2/lib/active_record/connection_adapters/abstract/database_statements.rb:591:in `internal_execute'
lead-manager-worker-prosody-5d8fbffd47-99fq9 lead-manager 	from /usr/local/bundle/gems/activerecord-8.0.2/lib/active_record/connection_adapters/abstract/database_statements.rb:547:in `internal_exec_query'
lead-manager-worker-prosody-5d8fbffd47-99fq9 lead-manager 	from /usr/local/bundle/gems/activerecord-8.0.2/lib/active_record/connection_adapters/abstract/database_statements.rb:693:in `select'
lead-manager-worker-prosody-5d8fbffd47-99fq9 lead-manager 	from /usr/local/bundle/gems/activerecord-8.0.2/lib/active_record/connection_adapters/abstract/database_statements.rb:73:in `select_all'
lead-manager-worker-prosody-5d8fbffd47-99fq9 lead-manager 	from /usr/local/bundle/gems/activerecord-8.0.2/lib/active_record/connection_adapters/abstract/query_cache.rb:251:in `select_all'
lead-manager-worker-prosody-5d8fbffd47-99fq9 lead-manager 	from /usr/local/bundle/gems/activerecord-8.0.2/lib/active_record/connection_adapters/mysql2/database_statements.rb:12:in `select_all'
lead-manager-worker-prosody-5d8fbffd47-99fq9 lead-manager 	from /usr/local/bundle/gems/activerecord-8.0.2/lib/active_record/querying.rb:68:in `_query_by_sql'
lead-manager-worker-prosody-5d8fbffd47-99fq9 lead-manager 	from /usr/local/bundle/gems/activerecord-8.0.2/lib/active_record/querying.rb:53:in `block in find_by_sql'
lead-manager-worker-prosody-5d8fbffd47-99fq9 lead-manager 	from /usr/local/bundle/gems/activerecord-8.0.2/lib/active_record/connection_adapters/abstract/connection_pool.rb:412:in `with_connection'
lead-manager-worker-prosody-5d8fbffd47-99fq9 lead-manager 	from /usr/local/bundle/gems/activerecord-8.0.2/lib/active_record/connection_handling.rb:310:in `with_connection'
lead-manager-worker-prosody-5d8fbffd47-99fq9 lead-manager 	from /usr/local/bundle/gems/activerecord-8.0.2/lib/active_record/querying.rb:52:in `find_by_sql'
lead-manager-worker-prosody-5d8fbffd47-99fq9 lead-manager 	from /usr/local/bundle/gems/activerecord-8.0.2/lib/active_record/statement_cache.rb:152:in `execute'
lead-manager-worker-prosody-5d8fbffd47-99fq9 lead-manager 	from /usr/local/bundle/gems/activerecord-8.0.2/lib/active_record/core.rb:454:in `block in cached_find_by'
lead-manager-worker-prosody-5d8fbffd47-99fq9 lead-manager 	from /usr/local/bundle/gems/activerecord-8.0.2/lib/active_record/connection_adapters/abstract/connection_pool.rb:412:in `with_connection'
lead-manager-worker-prosody-5d8fbffd47-99fq9 lead-manager 	from /usr/local/bundle/gems/activerecord-8.0.2/lib/active_record/connection_handling.rb:310:in `with_connection'
lead-manager-worker-prosody-5d8fbffd47-99fq9 lead-manager 	from /usr/local/bundle/gems/activerecord-8.0.2/lib/active_record/core.rb:442:in `cached_find_by'
lead-manager-worker-prosody-5d8fbffd47-99fq9 lead-manager 	from /usr/local/bundle/gems/activerecord-8.0.2/lib/active_record/core.rb:327:in `find_by'
lead-manager-worker-prosody-5d8fbffd47-99fq9 lead-manager 	from /usr/src/app/services/prosody_handlers/crm_agent_asserted.rb:5:in `perform'
lead-manager-worker-prosody-5d8fbffd47-99fq9 lead-manager 	from /usr/src/app/services/prosody_handler.rb:9:in `on_message'
lead-manager-worker-prosody-5d8fbffd47-99fq9 lead-manager 	from /usr/local/bundle/gems/prosody-1.1.1-x86_64-linux/lib/prosody/processor.rb:281:in `block (2 levels) in start_worker'
lead-manager-worker-prosody-5d8fbffd47-99fq9 lead-manager 	from /usr/local/bundle/gems/opentelemetry-api-1.7.0/lib/opentelemetry/trace.rb:70:in `block in with_span'
lead-manager-worker-prosody-5d8fbffd47-99fq9 lead-manager 	from /usr/local/bundle/gems/opentelemetry-api-1.7.0/lib/opentelemetry/context.rb:88:in `with_value'
lead-manager-worker-prosody-5d8fbffd47-99fq9 lead-manager 	from /usr/local/bundle/gems/opentelemetry-api-1.7.0/lib/opentelemetry/trace.rb:70:in `with_span'
lead-manager-worker-prosody-5d8fbffd47-99fq9 lead-manager 	from /usr/local/bundle/gems/prosody-1.1.1-x86_64-linux/lib/prosody/processor.rb:279:in `block in start_worker'
lead-manager-worker-prosody-5d8fbffd47-99fq9 lead-manager 	from /usr/local/bundle/gems/async-2.32.0/lib/async/task.rb:207:in `block in run'
lead-manager-worker-prosody-5d8fbffd47-99fq9 lead-manager 	from /usr/local/bundle/gems/async-2.32.0/lib/async/task.rb:452:in `block in schedule'
lead-manager-worker-prosody-5d8fbffd47-99fq9 lead-manager ; retrying after 22ms module=prosody::consumer::failure::retry line=342 partition=0 key=realgeeks:81660 offset=213 attempt=1 topic=witco.agent-events
lead-manager-worker-prosody-5d8fbffd47-99fq9 lead-manager E, [2025-09-23T18:54:39.614954 #1] ERROR -- : Error executing task witco.agent-events/0:216: Mysql2::Error: This connection is in use by: #<Fiber:0x00007f61232129e8 /usr/local/bundle/gems/async-2.32.0/lib/async/task.rb:450 (suspended)>
lead-manager-worker-prosody-5d8fbffd47-99fq9 lead-manager E, [2025-09-23T18:54:39.615234 #1] ERROR -- : failed to handle message: handler error: transient error: /usr/local/bundle/gems/mysql2-0.5.5/lib/mysql2/client.rb:151:in `_query': Mysql2::Error: This connection is in use by: #<Fiber:0x00007f61232129e8 /usr/local/bundle/gems/async-2.32.0/lib/async/task.rb:450 (suspended)> (ActiveRecord::StatementInvalid)
lead-manager-worker-prosody-5d8fbffd47-99fq9 lead-manager 	from /usr/local/bundle/gems/mysql2-0.5.5/lib/mysql2/client.rb:151:in `block in query'
lead-manager-worker-prosody-5d8fbffd47-99fq9 lead-manager 	from /usr/local/bundle/gems/mysql2-0.5.5/lib/mysql2/client.rb:150:in `handle_interrupt'
lead-manager-worker-prosody-5d8fbffd47-99fq9 lead-manager 	from /usr/local/bundle/gems/mysql2-0.5.5/lib/mysql2/client.rb:150:in `query'
lead-manager-worker-prosody-5d8fbffd47-99fq9 lead-manager 	from /usr/local/bundle/gems/prometheus_exporter-2.1.0/lib/prometheus_exporter/instrumentation/method_profiler.rb:80:in `query'
lead-manager-worker-prosody-5d8fbffd47-99fq9 lead-manager 	from /usr/local/bundle/gems/activerecord-8.0.2/lib/active_record/connection_adapters/mysql2/database_statements.rb:54:in `block in perform_query'
lead-manager-worker-prosody-5d8fbffd47-99fq9 lead-manager 	from /usr/local/bundle/gems/activesupport-8.0.2/lib/active_support/concurrency/share_lock.rb:186:in `yield_shares'
lead-manager-worker-prosody-5d8fbffd47-99fq9 lead-manager 	from /usr/local/bundle/gems/activesupport-8.0.2/lib/active_support/dependencies/interlock.rb:41:in `permit_concurrent_loads'
lead-manager-worker-prosody-5d8fbffd47-99fq9 lead-manager 	from /usr/local/bundle/gems/activerecord-8.0.2/lib/active_record/connection_adapters/mysql2/database_statements.rb:53:in `perform_query'
lead-manager-worker-prosody-5d8fbffd47-99fq9 lead-manager 	from /usr/local/bundle/gems/activerecord-8.0.2/lib/active_record/connection_adapters/abstract/database_statements.rb:556:in `block (2 levels) in raw_execute'
lead-manager-worker-prosody-5d8fbffd47-99fq9 lead-manager 	from /usr/local/bundle/gems/activerecord-8.0.2/lib/active_record/connection_adapters/abstract_adapter.rb:1015:in `block in with_raw_connection'
lead-manager-worker-prosody-5d8fbffd47-99fq9 lead-manager 	from /usr/local/bundle/gems/activesupport-8.0.2/lib/active_support/concurrency/null_lock.rb:9:in `synchronize'
lead-manager-worker-prosody-5d8fbffd47-99fq9 lead-manager 	from /usr/local/bundle/gems/activerecord-8.0.2/lib/active_record/connection_adapters/abstract_adapter.rb:984:in `with_raw_connection'
lead-manager-worker-prosody-5d8fbffd47-99fq9 lead-manager 	from /usr/local/bundle/gems/activerecord-8.0.2/lib/active_record/connection_adapters/abstract/database_statements.rb:555:in `block in raw_execute'
lead-manager-worker-prosody-5d8fbffd47-99fq9 lead-manager 	from /usr/local/bundle/gems/activesupport-8.0.2/lib/active_support/notifications/instrumenter.rb:58:in `instrument'
lead-manager-worker-prosody-5d8fbffd47-99fq9 lead-manager 	from /usr/local/bundle/gems/activerecord-8.0.2/lib/active_record/connection_adapters/abstract_adapter.rb:1135:in `log'
lead-manager-worker-prosody-5d8fbffd47-99fq9 lead-manager 	from /usr/local/bundle/gems/activerecord-8.0.2/lib/active_record/connection_adapters/abstract/database_statements.rb:554:in `raw_execute'
lead-manager-worker-prosody-5d8fbffd47-99fq9 lead-manager 	from /usr/local/bundle/gems/activerecord-8.0.2/lib/active_record/connection_adapters/abstract/database_statements.rb:591:in `internal_execute'
lead-manager-worker-prosody-5d8fbffd47-99fq9 lead-manager 	from /usr/local/bundle/gems/activerecord-8.0.2/lib/active_record/connection_adapters/abstract/database_statements.rb:547:in `internal_exec_query'
lead-manager-worker-prosody-5d8fbffd47-99fq9 lead-manager 	from /usr/local/bundle/gems/activerecord-8.0.2/lib/active_record/connection_adapters/abstract/database_statements.rb:693:in `select'
lead-manager-worker-prosody-5d8fbffd47-99fq9 lead-manager 	from /usr/local/bundle/gems/activerecord-8.0.2/lib/active_record/connection_adapters/abstract/database_statements.rb:73:in `select_all'
lead-manager-worker-prosody-5d8fbffd47-99fq9 lead-manager 	from /usr/local/bundle/gems/activerecord-8.0.2/lib/active_record/connection_adapters/abstract/query_cache.rb:251:in `select_all'
lead-manager-worker-prosody-5d8fbffd47-99fq9 lead-manager 	from /usr/local/bundle/gems/activerecord-8.0.2/lib/active_record/connection_adapters/mysql2/database_statements.rb:12:in `select_all'
lead-manager-worker-prosody-5d8fbffd47-99fq9 lead-manager 	from /usr/local/bundle/gems/activerecord-8.0.2/lib/active_record/querying.rb:68:in `_query_by_sql'
lead-manager-worker-prosody-5d8fbffd47-99fq9 lead-manager 	from /usr/local/bundle/gems/activerecord-8.0.2/lib/active_record/querying.rb:53:in `block in find_by_sql'
lead-manager-worker-prosody-5d8fbffd47-99fq9 lead-manager 	from /usr/local/bundle/gems/activerecord-8.0.2/lib/active_record/connection_adapters/abstract/connection_pool.rb:412:in `with_connection'
lead-manager-worker-prosody-5d8fbffd47-99fq9 lead-manager 	from /usr/local/bundle/gems/activerecord-8.0.2/lib/active_record/connection_handling.rb:310:in `with_connection'
lead-manager-worker-prosody-5d8fbffd47-99fq9 lead-manager 	from /usr/local/bundle/gems/activerecord-8.0.2/lib/active_record/querying.rb:52:in `find_by_sql'
lead-manager-worker-prosody-5d8fbffd47-99fq9 lead-manager 	from /usr/local/bundle/gems/activerecord-8.0.2/lib/active_record/statement_cache.rb:152:in `execute'
lead-manager-worker-prosody-5d8fbffd47-99fq9 lead-manager 	from /usr/local/bundle/gems/activerecord-8.0.2/lib/active_record/core.rb:454:in `block in cached_find_by'
lead-manager-worker-prosody-5d8fbffd47-99fq9 lead-manager 	from /usr/local/bundle/gems/activerecord-8.0.2/lib/active_record/connection_adapters/abstract/connection_pool.rb:412:in `with_connection'
lead-manager-worker-prosody-5d8fbffd47-99fq9 lead-manager 	from /usr/local/bundle/gems/activerecord-8.0.2/lib/active_record/connection_handling.rb:310:in `with_connection'
lead-manager-worker-prosody-5d8fbffd47-99fq9 lead-manager 	from /usr/local/bundle/gems/activerecord-8.0.2/lib/active_record/core.rb:442:in `cached_find_by'
lead-manager-worker-prosody-5d8fbffd47-99fq9 lead-manager 	from /usr/local/bundle/gems/activerecord-8.0.2/lib/active_record/core.rb:327:in `find_by'
lead-manager-worker-prosody-5d8fbffd47-99fq9 lead-manager 	from /usr/src/app/services/prosody_handlers/crm_agent_asserted.rb:5:in `perform'
lead-manager-worker-prosody-5d8fbffd47-99fq9 lead-manager 	from /usr/src/app/services/prosody_handler.rb:9:in `on_message'
lead-manager-worker-prosody-5d8fbffd47-99fq9 lead-manager 	from /usr/local/bundle/gems/prosody-1.1.1-x86_64-linux/lib/prosody/processor.rb:281:in `block (2 levels) in start_worker'
lead-manager-worker-prosody-5d8fbffd47-99fq9 lead-manager 	from /usr/local/bundle/gems/opentelemetry-api-1.7.0/lib/opentelemetry/trace.rb:70:in `block in with_span'
lead-manager-worker-prosody-5d8fbffd47-99fq9 lead-manager 	from /usr/local/bundle/gems/opentelemetry-api-1.7.0/lib/opentelemetry/context.rb:88:in `with_value'
lead-manager-worker-prosody-5d8fbffd47-99fq9 lead-manager 	from /usr/local/bundle/gems/opentelemetry-api-1.7.0/lib/opentelemetry/trace.rb:70:in `with_span'
lead-manager-worker-prosody-5d8fbffd47-99fq9 lead-manager 	from /usr/local/bundle/gems/prosody-1.1.1-x86_64-linux/lib/prosody/processor.rb:279:in `block in start_worker'
lead-manager-worker-prosody-5d8fbffd47-99fq9 lead-manager 	from /usr/local/bundle/gems/async-2.32.0/lib/async/task.rb:207:in `block in run'
lead-manager-worker-prosody-5d8fbffd47-99fq9 lead-manager 	from /usr/local/bundle/gems/async-2.32.0/lib/async/task.rb:452:in `block in schedule'
lead-manager-worker-prosody-5d8fbffd47-99fq9 lead-manager /usr/local/bundle/gems/mysql2-0.5.5/lib/mysql2/client.rb:151:in `_query': This connection is in use by: #<Fiber:0x00007f61232129e8 /usr/local/bundle/gems/async-2.32.0/lib/async/task.rb:450 (suspended)> (Mysql2::Error)
lead-manager-worker-prosody-5d8fbffd47-99fq9 lead-manager 	from /usr/local/bundle/gems/mysql2-0.5.5/lib/mysql2/client.rb:151:in `block in query'
lead-manager-worker-prosody-5d8fbffd47-99fq9 lead-manager 	from /usr/local/bundle/gems/mysql2-0.5.5/lib/mysql2/client.rb:150:in `handle_interrupt'
lead-manager-worker-prosody-5d8fbffd47-99fq9 lead-manager 	from /usr/local/bundle/gems/mysql2-0.5.5/lib/mysql2/client.rb:150:in `query'
lead-manager-worker-prosody-5d8fbffd47-99fq9 lead-manager 	from /usr/local/bundle/gems/prometheus_exporter-2.1.0/lib/prometheus_exporter/instrumentation/method_profiler.rb:80:in `query'
lead-manager-worker-prosody-5d8fbffd47-99fq9 lead-manager 	from /usr/local/bundle/gems/activerecord-8.0.2/lib/active_record/connection_adapters/mysql2/database_statements.rb:54:in `block in perform_query'
lead-manager-worker-prosody-5d8fbffd47-99fq9 lead-manager 	from /usr/local/bundle/gems/activesupport-8.0.2/lib/active_support/concurrency/share_lock.rb:186:in `yield_shares'
lead-manager-worker-prosody-5d8fbffd47-99fq9 lead-manager 	from /usr/local/bundle/gems/activesupport-8.0.2/lib/active_support/dependencies/interlock.rb:41:in `permit_concurrent_loads'
lead-manager-worker-prosody-5d8fbffd47-99fq9 lead-manager 	from /usr/local/bundle/gems/activerecord-8.0.2/lib/active_record/connection_adapters/mysql2/database_statements.rb:53:in `perform_query'
lead-manager-worker-prosody-5d8fbffd47-99fq9 lead-manager 	from /usr/local/bundle/gems/activerecord-8.0.2/lib/active_record/connection_adapters/abstract/database_statements.rb:556:in `block (2 levels) in raw_execute'
lead-manager-worker-prosody-5d8fbffd47-99fq9 lead-manager 	from /usr/local/bundle/gems/activerecord-8.0.2/lib/active_record/connection_adapters/abstract_adapter.rb:1015:in `block in with_raw_connection'
lead-manager-worker-prosody-5d8fbffd47-99fq9 lead-manager 	from /usr/local/bundle/gems/activesupport-8.0.2/lib/active_support/concurrency/null_lock.rb:9:in `synchronize'
lead-manager-worker-prosody-5d8fbffd47-99fq9 lead-manager 	from /usr/local/bundle/gems/activerecord-8.0.2/lib/active_record/connection_adapters/abstract_adapter.rb:984:in `with_raw_connection'
lead-manager-worker-prosody-5d8fbffd47-99fq9 lead-manager 	from /usr/local/bundle/gems/activerecord-8.0.2/lib/active_record/connection_adapters/abstract/database_statements.rb:555:in `block in raw_execute'
lead-manager-worker-prosody-5d8fbffd47-99fq9 lead-manager 	from /usr/local/bundle/gems/activesupport-8.0.2/lib/active_support/notifications/instrumenter.rb:58:in `instrument'
lead-manager-worker-prosody-5d8fbffd47-99fq9 lead-manager 	from /usr/local/bundle/gems/activerecord-8.0.2/lib/active_record/connection_adapters/abstract_adapter.rb:1135:in `log'
lead-manager-worker-prosody-5d8fbffd47-99fq9 lead-manager 	from /usr/local/bundle/gems/activerecord-8.0.2/lib/active_record/connection_adapters/abstract/database_statements.rb:554:in `raw_execute'
lead-manager-worker-prosody-5d8fbffd47-99fq9 lead-manager 	from /usr/local/bundle/gems/activerecord-8.0.2/lib/active_record/connection_adapters/abstract/database_statements.rb:591:in `internal_execute'
lead-manager-worker-prosody-5d8fbffd47-99fq9 lead-manager 	from /usr/local/bundle/gems/activerecord-8.0.2/lib/active_record/connection_adapters/abstract/database_statements.rb:547:in `internal_exec_query'
lead-manager-worker-prosody-5d8fbffd47-99fq9 lead-manager 	from /usr/local/bundle/gems/activerecord-8.0.2/lib/active_record/connection_adapters/abstract/database_statements.rb:693:in `select'
lead-manager-worker-prosody-5d8fbffd47-99fq9 lead-manager 	from /usr/local/bundle/gems/activerecord-8.0.2/lib/active_record/connection_adapters/abstract/database_statements.rb:73:in `select_all'
lead-manager-worker-prosody-5d8fbffd47-99fq9 lead-manager 	from /usr/local/bundle/gems/activerecord-8.0.2/lib/active_record/connection_adapters/abstract/query_cache.rb:251:in `select_all'
lead-manager-worker-prosody-5d8fbffd47-99fq9 lead-manager 	from /usr/local/bundle/gems/activerecord-8.0.2/lib/active_record/connection_adapters/mysql2/database_statements.rb:12:in `select_all'
lead-manager-worker-prosody-5d8fbffd47-99fq9 lead-manager 	from /usr/local/bundle/gems/activerecord-8.0.2/lib/active_record/querying.rb:68:in `_query_by_sql'
lead-manager-worker-prosody-5d8fbffd47-99fq9 lead-manager 	from /usr/local/bundle/gems/activerecord-8.0.2/lib/active_record/querying.rb:53:in `block in find_by_sql'
lead-manager-worker-prosody-5d8fbffd47-99fq9 lead-manager 	from /usr/local/bundle/gems/activerecord-8.0.2/lib/active_record/connection_adapters/abstract/connection_pool.rb:412:in `with_connection'
lead-manager-worker-prosody-5d8fbffd47-99fq9 lead-manager 	from /usr/local/bundle/gems/activerecord-8.0.2/lib/active_record/connection_handling.rb:310:in `with_connection'
lead-manager-worker-prosody-5d8fbffd47-99fq9 lead-manager 	from /usr/local/bundle/gems/activerecord-8.0.2/lib/active_record/querying.rb:52:in `find_by_sql'
lead-manager-worker-prosody-5d8fbffd47-99fq9 lead-manager 	from /usr/local/bundle/gems/activerecord-8.0.2/lib/active_record/statement_cache.rb:152:in `execute'
lead-manager-worker-prosody-5d8fbffd47-99fq9 lead-manager 	from /usr/local/bundle/gems/activerecord-8.0.2/lib/active_record/core.rb:454:in `block in cached_find_by'
lead-manager-worker-prosody-5d8fbffd47-99fq9 lead-manager 	from /usr/local/bundle/gems/activerecord-8.0.2/lib/active_record/connection_adapters/abstract/connection_pool.rb:412:in `with_connection'
lead-manager-worker-prosody-5d8fbffd47-99fq9 lead-manager 	from /usr/local/bundle/gems/activerecord-8.0.2/lib/active_record/connection_handling.rb:310:in `with_connection'
lead-manager-worker-prosody-5d8fbffd47-99fq9 lead-manager 	from /usr/local/bundle/gems/activerecord-8.0.2/lib/active_record/core.rb:442:in `cached_find_by'
lead-manager-worker-prosody-5d8fbffd47-99fq9 lead-manager 	from /usr/local/bundle/gems/activerecord-8.0.2/lib/active_record/core.rb:327:in `find_by'
lead-manager-worker-prosody-5d8fbffd47-99fq9 lead-manager 	from /usr/src/app/services/prosody_handlers/crm_agent_asserted.rb:5:in `perform'
lead-manager-worker-prosody-5d8fbffd47-99fq9 lead-manager 	from /usr/src/app/services/prosody_handler.rb:9:in `on_message'
lead-manager-worker-prosody-5d8fbffd47-99fq9 lead-manager 	from /usr/local/bundle/gems/prosody-1.1.1-x86_64-linux/lib/prosody/processor.rb:281:in `block (2 levels) in start_worker'
lead-manager-worker-prosody-5d8fbffd47-99fq9 lead-manager 	from /usr/local/bundle/gems/opentelemetry-api-1.7.0/lib/opentelemetry/trace.rb:70:in `block in with_span'
lead-manager-worker-prosody-5d8fbffd47-99fq9 lead-manager 	from /usr/local/bundle/gems/opentelemetry-api-1.7.0/lib/opentelemetry/context.rb:88:in `with_value'
lead-manager-worker-prosody-5d8fbffd47-99fq9 lead-manager 	from /usr/local/bundle/gems/opentelemetry-api-1.7.0/lib/opentelemetry/trace.rb:70:in `with_span'
lead-manager-worker-prosody-5d8fbffd47-99fq9 lead-manager 	from /usr/local/bundle/gems/prosody-1.1.1-x86_64-linux/lib/prosody/processor.rb:279:in `block in start_worker'
lead-manager-worker-prosody-5d8fbffd47-99fq9 lead-manager 	from /usr/local/bundle/gems/async-2.32.0/lib/async/task.rb:207:in `block in run'
lead-manager-worker-prosody-5d8fbffd47-99fq9 lead-manager 	from /usr/local/bundle/gems/async-2.32.0/lib/async/task.rb:452:in `block in schedule'
lead-manager-worker-prosody-5d8fbffd47-99fq9 lead-manager ; retrying after 53ms module=prosody::consumer::failure::retry line=342 partition=0 key=realgeeks:81727 offset=216 attempt=2 topic=witco.agent-events
lead-manager-worker-prosody-5d8fbffd47-99fq9 lead-manager D, [2025-09-23T18:54:39.625757 #1] DEBUG -- : Executing task witco.agent-events/0:213
lead-manager-worker-prosody-5d8fbffd47-99fq9 lead-manager D, [2025-09-23T18:54:39.650534 #1] DEBUG -- : Task witco.agent-events/0:194 completed successfully
lead-manager-worker-prosody-5d8fbffd47-99fq9 lead-manager D, [2025-09-23T18:54:39.678423 #1] DEBUG -- : Executing task witco.agent-events/0:196
lead-manager-worker-prosody-5d8fbffd47-99fq9 lead-manager D, [2025-09-23T18:54:39.678794 #1] DEBUG -- : Executing task witco.agent-events/0:216
lead-manager-worker-prosody-5d8fbffd47-99fq9 lead-manager E, [2025-09-23T18:54:39.687943 #1] ERROR -- : Error executing task witco.agent-events/0:196: Mysql2::Error: This connection is in use by: #<Fiber:0x00007f6123288f08 /usr/local/bundle/gems/async-2.32.0/lib/async/task.rb:450 (suspended)>
lead-manager-worker-prosody-5d8fbffd47-99fq9 lead-manager E, [2025-09-23T18:54:39.688518 #1] ERROR -- : failed to handle message: handler error: transient error: /usr/local/bundle/gems/mysql2-0.5.5/lib/mysql2/client.rb:151:in `_query': Mysql2::Error: This connection is in use by: #<Fiber:0x00007f6123288f08 /usr/local/bundle/gems/async-2.32.0/lib/async/task.rb:450 (suspended)> (ActiveRecord::StatementInvalid)
lead-manager-worker-prosody-5d8fbffd47-99fq9 lead-manager 	from /usr/local/bundle/gems/mysql2-0.5.5/lib/mysql2/client.rb:151:in `block in query'
lead-manager-worker-prosody-5d8fbffd47-99fq9 lead-manager 	from /usr/local/bundle/gems/mysql2-0.5.5/lib/mysql2/client.rb:150:in `handle_interrupt'
lead-manager-worker-prosody-5d8fbffd47-99fq9 lead-manager 	from /usr/local/bundle/gems/mysql2-0.5.5/lib/mysql2/client.rb:150:in `query'
lead-manager-worker-prosody-5d8fbffd47-99fq9 lead-manager 	from /usr/local/bundle/gems/prometheus_exporter-2.1.0/lib/prometheus_exporter/instrumentation/method_profiler.rb:80:in `query'
lead-manager-worker-prosody-5d8fbffd47-99fq9 lead-manager 	from /usr/local/bundle/gems/activerecord-8.0.2/lib/active_record/connection_adapters/mysql2/database_statements.rb:54:in `block in perform_query'
lead-manager-worker-prosody-5d8fbffd47-99fq9 lead-manager 	from /usr/local/bundle/gems/activesupport-8.0.2/lib/active_support/concurrency/share_lock.rb:186:in `yield_shares'
lead-manager-worker-prosody-5d8fbffd47-99fq9 lead-manager 	from /usr/local/bundle/gems/activesupport-8.0.2/lib/active_support/dependencies/interlock.rb:41:in `permit_concurrent_loads'
lead-manager-worker-prosody-5d8fbffd47-99fq9 lead-manager 	from /usr/local/bundle/gems/activerecord-8.0.2/lib/active_record/connection_adapters/mysql2/database_statements.rb:53:in `perform_query'
lead-manager-worker-prosody-5d8fbffd47-99fq9 lead-manager 	from /usr/local/bundle/gems/activerecord-8.0.2/lib/active_record/connection_adapters/abstract/database_statements.rb:556:in `block (2 levels) in raw_execute'
lead-manager-worker-prosody-5d8fbffd47-99fq9 lead-manager 	from /usr/local/bundle/gems/activerecord-8.0.2/lib/active_record/connection_adapters/abstract_adapter.rb:1015:in `block in with_raw_connection'
lead-manager-worker-prosody-5d8fbffd47-99fq9 lead-manager 	from /usr/local/bundle/gems/activesupport-8.0.2/lib/active_support/concurrency/null_lock.rb:9:in `synchronize'
lead-manager-worker-prosody-5d8fbffd47-99fq9 lead-manager 	from /usr/local/bundle/gems/activerecord-8.0.2/lib/active_record/connection_adapters/abstract_adapter.rb:984:in `with_raw_connection'
lead-manager-worker-prosody-5d8fbffd47-99fq9 lead-manager 	from /usr/local/bundle/gems/activerecord-8.0.2/lib/active_record/connection_adapters/abstract/database_statements.rb:555:in `block in raw_execute'
lead-manager-worker-prosody-5d8fbffd47-99fq9 lead-manager 	from /usr/local/bundle/gems/activesupport-8.0.2/lib/active_support/notifications/instrumenter.rb:58:in `instrument'
lead-manager-worker-prosody-5d8fbffd47-99fq9 lead-manager 	from /usr/local/bundle/gems/activerecord-8.0.2/lib/active_record/connection_adapters/abstract_adapter.rb:1135:in `log'
lead-manager-worker-prosody-5d8fbffd47-99fq9 lead-manager 	from /usr/local/bundle/gems/activerecord-8.0.2/lib/active_record/connection_adapters/abstract/database_statements.rb:554:in `raw_execute'
lead-manager-worker-prosody-5d8fbffd47-99fq9 lead-manager 	from /usr/local/bundle/gems/activerecord-8.0.2/lib/active_record/connection_adapters/abstract/database_statements.rb:591:in `internal_execute'
lead-manager-worker-prosody-5d8fbffd47-99fq9 lead-manager 	from /usr/local/bundle/gems/activerecord-8.0.2/lib/active_record/connection_adapters/abstract/database_statements.rb:547:in `internal_exec_query'
lead-manager-worker-prosody-5d8fbffd47-99fq9 lead-manager 	from /usr/local/bundle/gems/activerecord-8.0.2/lib/active_record/connection_adapters/abstract/database_statements.rb:693:in `select'
lead-manager-worker-prosody-5d8fbffd47-99fq9 lead-manager 	from /usr/local/bundle/gems/activerecord-8.0.2/lib/active_record/connection_adapters/abstract/database_statements.rb:73:in `select_all'
lead-manager-worker-prosody-5d8fbffd47-99fq9 lead-manager 	from /usr/local/bundle/gems/activerecord-8.0.2/lib/active_record/connection_adapters/abstract/query_cache.rb:251:in `select_all'
lead-manager-worker-prosody-5d8fbffd47-99fq9 lead-manager 	from /usr/local/bundle/gems/activerecord-8.0.2/lib/active_record/connection_adapters/mysql2/database_statements.rb:12:in `select_all'
lead-manager-worker-prosody-5d8fbffd47-99fq9 lead-manager 	from /usr/local/bundle/gems/activerecord-8.0.2/lib/active_record/querying.rb:68:in `_query_by_sql'
lead-manager-worker-prosody-5d8fbffd47-99fq9 lead-manager 	from /usr/local/bundle/gems/activerecord-8.0.2/lib/active_record/querying.rb:53:in `block in find_by_sql'
lead-manager-worker-prosody-5d8fbffd47-99fq9 lead-manager 	from /usr/local/bundle/gems/activerecord-8.0.2/lib/active_record/connection_adapters/abstract/connection_pool.rb:412:in `with_connection'
lead-manager-worker-prosody-5d8fbffd47-99fq9 lead-manager 	from /usr/local/bundle/gems/activerecord-8.0.2/lib/active_record/connection_handling.rb:310:in `with_connection'
lead-manager-worker-prosody-5d8fbffd47-99fq9 lead-manager 	from /usr/local/bundle/gems/activerecord-8.0.2/lib/active_record/querying.rb:52:in `find_by_sql'
lead-manager-worker-prosody-5d8fbffd47-99fq9 lead-manager 	from /usr/local/bundle/gems/activerecord-8.0.2/lib/active_record/statement_cache.rb:152:in `execute'
lead-manager-worker-prosody-5d8fbffd47-99fq9 lead-manager 	from /usr/local/bundle/gems/activerecord-8.0.2/lib/active_record/core.rb:454:in `block in cached_find_by'
lead-manager-worker-prosody-5d8fbffd47-99fq9 lead-manager 	from /usr/local/bundle/gems/activerecord-8.0.2/lib/active_record/connection_adapters/abstract/connection_pool.rb:412:in `with_connection'
lead-manager-worker-prosody-5d8fbffd47-99fq9 lead-manager 	from /usr/local/bundle/gems/activerecord-8.0.2/lib/active_record/connection_handling.rb:310:in `with_connection'
lead-manager-worker-prosody-5d8fbffd47-99fq9 lead-manager 	from /usr/local/bundle/gems/activerecord-8.0.2/lib/active_record/core.rb:442:in `cached_find_by'
lead-manager-worker-prosody-5d8fbffd47-99fq9 lead-manager 	from /usr/local/bundle/gems/activerecord-8.0.2/lib/active_record/core.rb:327:in `find_by'
lead-manager-worker-prosody-5d8fbffd47-99fq9 lead-manager 	from /usr/src/app/services/prosody_handlers/crm_agent_asserted.rb:5:in `perform'
lead-manager-worker-prosody-5d8fbffd47-99fq9 lead-manager 	from /usr/src/app/services/prosody_handler.rb:9:in `on_message'
lead-manager-worker-prosody-5d8fbffd47-99fq9 lead-manager 	from /usr/local/bundle/gems/prosody-1.1.1-x86_64-linux/lib/prosody/processor.rb:281:in `block (2 levels) in start_worker'
lead-manager-worker-prosody-5d8fbffd47-99fq9 lead-manager 	from /usr/local/bundle/gems/opentelemetry-api-1.7.0/lib/opentelemetry/trace.rb:70:in `block in with_span'
lead-manager-worker-prosody-5d8fbffd47-99fq9 lead-manager 	from /usr/local/bundle/gems/opentelemetry-api-1.7.0/lib/opentelemetry/context.rb:88:in `with_value'
lead-manager-worker-prosody-5d8fbffd47-99fq9 lead-manager 	from /usr/local/bundle/gems/opentelemetry-api-1.7.0/lib/opentelemetry/trace.rb:70:in `with_span'
lead-manager-worker-prosody-5d8fbffd47-99fq9 lead-manager 	from /usr/local/bundle/gems/prosody-1.1.1-x86_64-linux/lib/prosody/processor.rb:279:in `block in start_worker'
lead-manager-worker-prosody-5d8fbffd47-99fq9 lead-manager 	from /usr/local/bundle/gems/async-2.32.0/lib/async/task.rb:207:in `block in run'
lead-manager-worker-prosody-5d8fbffd47-99fq9 lead-manager 	from /usr/local/bundle/gems/async-2.32.0/lib/async/task.rb:452:in `block in schedule'
lead-manager-worker-prosody-5d8fbffd47-99fq9 lead-manager /usr/local/bundle/gems/mysql2-0.5.5/lib/mysql2/client.rb:151:in `_query': This connection is in use by: #<Fiber:0x00007f6123288f08 /usr/local/bundle/gems/async-2.32.0/lib/async/task.rb:450 (suspended)> (Mysql2::Error)
lead-manager-worker-prosody-5d8fbffd47-99fq9 lead-manager 	from /usr/local/bundle/gems/mysql2-0.5.5/lib/mysql2/client.rb:151:in `block in query'
lead-manager-worker-prosody-5d8fbffd47-99fq9 lead-manager 	from /usr/local/bundle/gems/mysql2-0.5.5/lib/mysql2/client.rb:150:in `handle_interrupt'
lead-manager-worker-prosody-5d8fbffd47-99fq9 lead-manager 	from /usr/local/bundle/gems/mysql2-0.5.5/lib/mysql2/client.rb:150:in `query'
lead-manager-worker-prosody-5d8fbffd47-99fq9 lead-manager 	from /usr/local/bundle/gems/prometheus_exporter-2.1.0/lib/prometheus_exporter/instrumentation/method_profiler.rb:80:in `query'
lead-manager-worker-prosody-5d8fbffd47-99fq9 lead-manager 	from /usr/local/bundle/gems/activerecord-8.0.2/lib/active_record/connection_adapters/mysql2/database_statements.rb:54:in `block in perform_query'
lead-manager-worker-prosody-5d8fbffd47-99fq9 lead-manager 	from /usr/local/bundle/gems/activesupport-8.0.2/lib/active_support/concurrency/share_lock.rb:186:in `yield_shares'
lead-manager-worker-prosody-5d8fbffd47-99fq9 lead-manager 	from /usr/local/bundle/gems/activesupport-8.0.2/lib/active_support/dependencies/interlock.rb:41:in `permit_concurrent_loads'
lead-manager-worker-prosody-5d8fbffd47-99fq9 lead-manager 	from /usr/local/bundle/gems/activerecord-8.0.2/lib/active_record/connection_adapters/mysql2/database_statements.rb:53:in `perform_query'
lead-manager-worker-prosody-5d8fbffd47-99fq9 lead-manager 	from /usr/local/bundle/gems/activerecord-8.0.2/lib/active_record/connection_adapters/abstract/database_statements.rb:556:in `block (2 levels) in raw_execute'
lead-manager-worker-prosody-5d8fbffd47-99fq9 lead-manager 	from /usr/local/bundle/gems/activerecord-8.0.2/lib/active_record/connection_adapters/abstract_adapter.rb:1015:in `block in with_raw_connection'
lead-manager-worker-prosody-5d8fbffd47-99fq9 lead-manager 	from /usr/local/bundle/gems/activesupport-8.0.2/lib/active_support/concurrency/null_lock.rb:9:in `synchronize'
lead-manager-worker-prosody-5d8fbffd47-99fq9 lead-manager 	from /usr/local/bundle/gems/activerecord-8.0.2/lib/active_record/connection_adapters/abstract_adapter.rb:984:in `with_raw_connection'
lead-manager-worker-prosody-5d8fbffd47-99fq9 lead-manager 	from /usr/local/bundle/gems/activerecord-8.0.2/lib/active_record/connection_adapters/abstract/database_statements.rb:555:in `block in raw_execute'
lead-manager-worker-prosody-5d8fbffd47-99fq9 lead-manager 	from /usr/local/bundle/gems/activesupport-8.0.2/lib/active_support/notifications/instrumenter.rb:58:in `instrument'
lead-manager-worker-prosody-5d8fbffd47-99fq9 lead-manager 	from /usr/local/bundle/gems/activerecord-8.0.2/lib/active_record/connection_adapters/abstract_adapter.rb:1135:in `log'
lead-manager-worker-prosody-5d8fbffd47-99fq9 lead-manager 	from /usr/local/bundle/gems/activerecord-8.0.2/lib/active_record/connection_adapters/abstract/database_statements.rb:554:in `raw_execute'
lead-manager-worker-prosody-5d8fbffd47-99fq9 lead-manager 	from /usr/local/bundle/gems/activerecord-8.0.2/lib/active_record/connection_adapters/abstract/database_statements.rb:591:in `internal_execute'
lead-manager-worker-prosody-5d8fbffd47-99fq9 lead-manager 	from /usr/local/bundle/gems/activerecord-8.0.2/lib/active_record/connection_adapters/abstract/database_statements.rb:547:in `internal_exec_query'
lead-manager-worker-prosody-5d8fbffd47-99fq9 lead-manager 	from /usr/local/bundle/gems/activerecord-8.0.2/lib/active_record/connection_adapters/abstract/database_statements.rb:693:in `select'
lead-manager-worker-prosody-5d8fbffd47-99fq9 lead-manager 	from /usr/local/bundle/gems/activerecord-8.0.2/lib/active_record/connection_adapters/abstract/database_statements.rb:73:in `select_all'
lead-manager-worker-prosody-5d8fbffd47-99fq9 lead-manager 	from /usr/local/bundle/gems/activerecord-8.0.2/lib/active_record/connection_adapters/abstract/query_cache.rb:251:in `select_all'
lead-manager-worker-prosody-5d8fbffd47-99fq9 lead-manager 	from /usr/local/bundle/gems/activerecord-8.0.2/lib/active_record/connection_adapters/mysql2/database_statements.rb:12:in `select_all'
lead-manager-worker-prosody-5d8fbffd47-99fq9 lead-manager 	from /usr/local/bundle/gems/activerecord-8.0.2/lib/active_record/querying.rb:68:in `_query_by_sql'
lead-manager-worker-prosody-5d8fbffd47-99fq9 lead-manager 	from /usr/local/bundle/gems/activerecord-8.0.2/lib/active_record/querying.rb:53:in `block in find_by_sql'
lead-manager-worker-prosody-5d8fbffd47-99fq9 lead-manager 	from /usr/local/bundle/gems/activerecord-8.0.2/lib/active_record/connection_adapters/abstract/connection_pool.rb:412:in `with_connection'
lead-manager-worker-prosody-5d8fbffd47-99fq9 lead-manager 	from /usr/local/bundle/gems/activerecord-8.0.2/lib/active_record/connection_handling.rb:310:in `with_connection'
lead-manager-worker-prosody-5d8fbffd47-99fq9 lead-manager 	from /usr/local/bundle/gems/activerecord-8.0.2/lib/active_record/querying.rb:52:in `find_by_sql'
lead-manager-worker-prosody-5d8fbffd47-99fq9 lead-manager 	from /usr/local/bundle/gems/activerecord-8.0.2/lib/active_record/statement_cache.rb:152:in `execute'
lead-manager-worker-prosody-5d8fbffd47-99fq9 lead-manager 	from /usr/local/bundle/gems/activerecord-8.0.2/lib/active_record/core.rb:454:in `block in cached_find_by'
lead-manager-worker-prosody-5d8fbffd47-99fq9 lead-manager 	from /usr/local/bundle/gems/activerecord-8.0.2/lib/active_record/connection_adapters/abstract/connection_pool.rb:412:in `with_connection'
lead-manager-worker-prosody-5d8fbffd47-99fq9 lead-manager 	from /usr/local/bundle/gems/activerecord-8.0.2/lib/active_record/connection_handling.rb:310:in `with_connection'
lead-manager-worker-prosody-5d8fbffd47-99fq9 lead-manager 	from /usr/local/bundle/gems/activerecord-8.0.2/lib/active_record/core.rb:442:in `cached_find_by'
lead-manager-worker-prosody-5d8fbffd47-99fq9 lead-manager 	from /usr/local/bundle/gems/activerecord-8.0.2/lib/active_record/core.rb:327:in `find_by'
lead-manager-worker-prosody-5d8fbffd47-99fq9 lead-manager 	from /usr/src/app/services/prosody_handlers/crm_agent_asserted.rb:5:in `perform'
lead-manager-worker-prosody-5d8fbffd47-99fq9 lead-manager 	from /usr/src/app/services/prosody_handler.rb:9:in `on_message'
lead-manager-worker-prosody-5d8fbffd47-99fq9 lead-manager 	from /usr/local/bundle/gems/prosody-1.1.1-x86_64-linux/lib/prosody/processor.rb:281:in `block (2 levels) in start_worker'
lead-manager-worker-prosody-5d8fbffd47-99fq9 lead-manager 	from /usr/local/bundle/gems/opentelemetry-api-1.7.0/lib/opentelemetry/trace.rb:70:in `block in with_span'
lead-manager-worker-prosody-5d8fbffd47-99fq9 lead-manager 	from /usr/local/bundle/gems/opentelemetry-api-1.7.0/lib/opentelemetry/context.rb:88:in `with_value'
lead-manager-worker-prosody-5d8fbffd47-99fq9 lead-manager 	from /usr/local/bundle/gems/opentelemetry-api-1.7.0/lib/opentelemetry/trace.rb:70:in `with_span'
lead-manager-worker-prosody-5d8fbffd47-99fq9 lead-manager 	from /usr/local/bundle/gems/prosody-1.1.1-x86_64-linux/lib/prosody/processor.rb:279:in `block in start_worker'
lead-manager-worker-prosody-5d8fbffd47-99fq9 lead-manager 	from /usr/local/bundle/gems/async-2.32.0/lib/async/task.rb:207:in `block in run'
lead-manager-worker-prosody-5d8fbffd47-99fq9 lead-manager 	from /usr/local/bundle/gems/async-2.32.0/lib/async/task.rb:452:in `block in schedule'
lead-manager-worker-prosody-5d8fbffd47-99fq9 lead-manager ; retrying after 8ms module=prosody::consumer::failure::retry line=342 partition=0 key=realgeeks:77981 offset=196 attempt=1 topic=witco.agent-events
lead-manager-worker-prosody-5d8fbffd47-99fq9 lead-manager D, [2025-09-23T18:54:39.713485 #1] DEBUG -- : Executing task witco.agent-events/0:196
lead-manager-worker-prosody-5d8fbffd47-99fq9 lead-manager E, [2025-09-23T18:54:39.721709 #1] ERROR -- : Error executing task witco.agent-events/0:216: Mysql2::Error: This connection is in use by: #<Fiber:0x00007f6123288f08 /usr/local/bundle/gems/async-2.32.0/lib/async/task.rb:450 (suspended)>
lead-manager-worker-prosody-5d8fbffd47-99fq9 lead-manager E, [2025-09-23T18:54:39.731821 #1] ERROR -- : failed to handle message: handler error: transient error: /usr/local/bundle/gems/mysql2-0.5.5/lib/mysql2/client.rb:151:in `_query': Mysql2::Error: This connection is in use by: #<Fiber:0x00007f6123288f08 /usr/local/bundle/gems/async-2.32.0/lib/async/task.rb:450 (suspended)> (ActiveRecord::StatementInvalid)
lead-manager-worker-prosody-5d8fbffd47-99fq9 lead-manager 	from /usr/local/bundle/gems/mysql2-0.5.5/lib/mysql2/client.rb:151:in `block in query'
lead-manager-worker-prosody-5d8fbffd47-99fq9 lead-manager 	from /usr/local/bundle/gems/mysql2-0.5.5/lib/mysql2/client.rb:150:in `handle_interrupt'
lead-manager-worker-prosody-5d8fbffd47-99fq9 lead-manager 	from /usr/local/bundle/gems/mysql2-0.5.5/lib/mysql2/client.rb:150:in `query'
lead-manager-worker-prosody-5d8fbffd47-99fq9 lead-manager 	from /usr/local/bundle/gems/prometheus_exporter-2.1.0/lib/prometheus_exporter/instrumentation/method_profiler.rb:80:in `query'
lead-manager-worker-prosody-5d8fbffd47-99fq9 lead-manager 	from /usr/local/bundle/gems/activerecord-8.0.2/lib/active_record/connection_adapters/mysql2/database_statements.rb:54:in `block in perform_query'
lead-manager-worker-prosody-5d8fbffd47-99fq9 lead-manager 	from /usr/local/bundle/gems/activesupport-8.0.2/lib/active_support/concurrency/share_lock.rb:186:in `yield_shares'
lead-manager-worker-prosody-5d8fbffd47-99fq9 lead-manager 	from /usr/local/bundle/gems/activesupport-8.0.2/lib/active_support/dependencies/interlock.rb:41:in `permit_concurrent_loads'
lead-manager-worker-prosody-5d8fbffd47-99fq9 lead-manager 	from /usr/local/bundle/gems/activerecord-8.0.2/lib/active_record/connection_adapters/mysql2/database_statements.rb:53:in `perform_query'
lead-manager-worker-prosody-5d8fbffd47-99fq9 lead-manager 	from /usr/local/bundle/gems/activerecord-8.0.2/lib/active_record/connection_adapters/abstract/database_statements.rb:556:in `block (2 levels) in raw_execute'
lead-manager-worker-prosody-5d8fbffd47-99fq9 lead-manager 	from /usr/local/bundle/gems/activerecord-8.0.2/lib/active_record/connection_adapters/abstract_adapter.rb:1015:in `block in with_raw_connection'
lead-manager-worker-prosody-5d8fbffd47-99fq9 lead-manager 	from /usr/local/bundle/gems/activesupport-8.0.2/lib/active_support/concurrency/null_lock.rb:9:in `synchronize'
lead-manager-worker-prosody-5d8fbffd47-99fq9 lead-manager 	from /usr/local/bundle/gems/activerecord-8.0.2/lib/active_record/connection_adapters/abstract_adapter.rb:984:in `with_raw_connection'
lead-manager-worker-prosody-5d8fbffd47-99fq9 lead-manager 	from /usr/local/bundle/gems/activerecord-8.0.2/lib/active_record/connection_adapters/abstract/database_statements.rb:555:in `block in raw_execute'
lead-manager-worker-prosody-5d8fbffd47-99fq9 lead-manager 	from /usr/local/bundle/gems/activesupport-8.0.2/lib/active_support/notifications/instrumenter.rb:58:in `instrument'
lead-manager-worker-prosody-5d8fbffd47-99fq9 lead-manager 	from /usr/local/bundle/gems/activerecord-8.0.2/lib/active_record/connection_adapters/abstract_adapter.rb:1135:in `log'
lead-manager-worker-prosody-5d8fbffd47-99fq9 lead-manager 	from /usr/local/bundle/gems/activerecord-8.0.2/lib/active_record/connection_adapters/abstract/database_statements.rb:554:in `raw_execute'
lead-manager-worker-prosody-5d8fbffd47-99fq9 lead-manager 	from /usr/local/bundle/gems/activerecord-8.0.2/lib/active_record/connection_adapters/abstract/database_statements.rb:591:in `internal_execute'
lead-manager-worker-prosody-5d8fbffd47-99fq9 lead-manager 	from /usr/local/bundle/gems/activerecord-8.0.2/lib/active_record/connection_adapters/abstract/database_statements.rb:547:in `internal_exec_query'
lead-manager-worker-prosody-5d8fbffd47-99fq9 lead-manager 	from /usr/local/bundle/gems/activerecord-8.0.2/lib/active_record/connection_adapters/abstract/database_statements.rb:693:in `select'
lead-manager-worker-prosody-5d8fbffd47-99fq9 lead-manager 	from /usr/local/bundle/gems/activerecord-8.0.2/lib/active_record/connection_adapters/abstract/database_statements.rb:73:in `select_all'
lead-manager-worker-prosody-5d8fbffd47-99fq9 lead-manager 	from /usr/local/bundle/gems/activerecord-8.0.2/lib/active_record/connection_adapters/abstract/query_cache.rb:251:in `select_all'
lead-manager-worker-prosody-5d8fbffd47-99fq9 lead-manager 	from /usr/local/bundle/gems/activerecord-8.0.2/lib/active_record/connection_adapters/mysql2/database_statements.rb:12:in `select_all'
lead-manager-worker-prosody-5d8fbffd47-99fq9 lead-manager 	from /usr/local/bundle/gems/activerecord-8.0.2/lib/active_record/querying.rb:68:in `_query_by_sql'
lead-manager-worker-prosody-5d8fbffd47-99fq9 lead-manager 	from /usr/local/bundle/gems/activerecord-8.0.2/lib/active_record/querying.rb:53:in `block in find_by_sql'
lead-manager-worker-prosody-5d8fbffd47-99fq9 lead-manager 	from /usr/local/bundle/gems/activerecord-8.0.2/lib/active_record/connection_adapters/abstract/connection_pool.rb:412:in `with_connection'
lead-manager-worker-prosody-5d8fbffd47-99fq9 lead-manager 	from /usr/local/bundle/gems/activerecord-8.0.2/lib/active_record/connection_handling.rb:310:in `with_connection'
lead-manager-worker-prosody-5d8fbffd47-99fq9 lead-manager 	from /usr/local/bundle/gems/activerecord-8.0.2/lib/active_record/querying.rb:52:in `find_by_sql'
lead-manager-worker-prosody-5d8fbffd47-99fq9 lead-manager 	from /usr/local/bundle/gems/activerecord-8.0.2/lib/active_record/statement_cache.rb:152:in `execute'
lead-manager-worker-prosody-5d8fbffd47-99fq9 lead-manager 	from /usr/local/bundle/gems/activerecord-8.0.2/lib/active_record/core.rb:454:in `block in cached_find_by'
lead-manager-worker-prosody-5d8fbffd47-99fq9 lead-manager 	from /usr/local/bundle/gems/activerecord-8.0.2/lib/active_record/connection_adapters/abstract/connection_pool.rb:412:in `with_connection'
lead-manager-worker-prosody-5d8fbffd47-99fq9 lead-manager 	from /usr/local/bundle/gems/activerecord-8.0.2/lib/active_record/connection_handling.rb:310:in `with_connection'
lead-manager-worker-prosody-5d8fbffd47-99fq9 lead-manager 	from /usr/local/bundle/gems/activerecord-8.0.2/lib/active_record/core.rb:442:in `cached_find_by'
lead-manager-worker-prosody-5d8fbffd47-99fq9 lead-manager 	from /usr/local/bundle/gems/activerecord-8.0.2/lib/active_record/core.rb:327:in `find_by'
lead-manager-worker-prosody-5d8fbffd47-99fq9 lead-manager 	from /usr/src/app/services/prosody_handlers/crm_agent_asserted.rb:5:in `perform'
lead-manager-worker-prosody-5d8fbffd47-99fq9 lead-manager 	from /usr/src/app/services/prosody_handler.rb:9:in `on_message'
lead-manager-worker-prosody-5d8fbffd47-99fq9 lead-manager 	from /usr/local/bundle/gems/prosody-1.1.1-x86_64-linux/lib/prosody/processor.rb:281:in `block (2 levels) in start_worker'
lead-manager-worker-prosody-5d8fbffd47-99fq9 lead-manager 	from /usr/local/bundle/gems/opentelemetry-api-1.7.0/lib/opentelemetry/trace.rb:70:in `block in with_span'
lead-manager-worker-prosody-5d8fbffd47-99fq9 lead-manager 	from /usr/local/bundle/gems/opentelemetry-api-1.7.0/lib/opentelemetry/context.rb:88:in `with_value'
lead-manager-worker-prosody-5d8fbffd47-99fq9 lead-manager 	from /usr/local/bundle/gems/opentelemetry-api-1.7.0/lib/opentelemetry/trace.rb:70:in `with_span'
lead-manager-worker-prosody-5d8fbffd47-99fq9 lead-manager 	from /usr/local/bundle/gems/prosody-1.1.1-x86_64-linux/lib/prosody/processor.rb:279:in `block in start_worker'
lead-manager-worker-prosody-5d8fbffd47-99fq9 lead-manager 	from /usr/local/bundle/gems/async-2.32.0/lib/async/task.rb:207:in `block in run'
lead-manager-worker-prosody-5d8fbffd47-99fq9 lead-manager 	from /usr/local/bundle/gems/async-2.32.0/lib/async/task.rb:452:in `block in schedule'
lead-manager-worker-prosody-5d8fbffd47-99fq9 lead-manager /usr/local/bundle/gems/mysql2-0.5.5/lib/mysql2/client.rb:151:in `_query': This connection is in use by: #<Fiber:0x00007f6123288f08 /usr/local/bundle/gems/async-2.32.0/lib/async/task.rb:450 (suspended)> (Mysql2::Error)
lead-manager-worker-prosody-5d8fbffd47-99fq9 lead-manager 	from /usr/local/bundle/gems/mysql2-0.5.5/lib/mysql2/client.rb:151:in `block in query'
lead-manager-worker-prosody-5d8fbffd47-99fq9 lead-manager 	from /usr/local/bundle/gems/mysql2-0.5.5/lib/mysql2/client.rb:150:in `handle_interrupt'
lead-manager-worker-prosody-5d8fbffd47-99fq9 lead-manager 	from /usr/local/bundle/gems/mysql2-0.5.5/lib/mysql2/client.rb:150:in `query'
lead-manager-worker-prosody-5d8fbffd47-99fq9 lead-manager 	from /usr/local/bundle/gems/prometheus_exporter-2.1.0/lib/prometheus_exporter/instrumentation/method_profiler.rb:80:in `query'
lead-manager-worker-prosody-5d8fbffd47-99fq9 lead-manager 	from /usr/local/bundle/gems/activerecord-8.0.2/lib/active_record/connection_adapters/mysql2/database_statements.rb:54:in `block in perform_query'
lead-manager-worker-prosody-5d8fbffd47-99fq9 lead-manager 	from /usr/local/bundle/gems/activesupport-8.0.2/lib/active_support/concurrency/share_lock.rb:186:in `yield_shares'
lead-manager-worker-prosody-5d8fbffd47-99fq9 lead-manager 	from /usr/local/bundle/gems/activesupport-8.0.2/lib/active_support/dependencies/interlock.rb:41:in `permit_concurrent_loads'
lead-manager-worker-prosody-5d8fbffd47-99fq9 lead-manager 	from /usr/local/bundle/gems/activerecord-8.0.2/lib/active_record/connection_adapters/mysql2/database_statements.rb:53:in `perform_query'
lead-manager-worker-prosody-5d8fbffd47-99fq9 lead-manager 	from /usr/local/bundle/gems/activerecord-8.0.2/lib/active_record/connection_adapters/abstract/database_statements.rb:556:in `block (2 levels) in raw_execute'
lead-manager-worker-prosody-5d8fbffd47-99fq9 lead-manager 	from /usr/local/bundle/gems/activerecord-8.0.2/lib/active_record/connection_adapters/abstract_adapter.rb:1015:in `block in with_raw_connection'
lead-manager-worker-prosody-5d8fbffd47-99fq9 lead-manager 	from /usr/local/bundle/gems/activesupport-8.0.2/lib/active_support/concurrency/null_lock.rb:9:in `synchronize'
lead-manager-worker-prosody-5d8fbffd47-99fq9 lead-manager 	from /usr/local/bundle/gems/activerecord-8.0.2/lib/active_record/connection_adapters/abstract_adapter.rb:984:in `with_raw_connection'
lead-manager-worker-prosody-5d8fbffd47-99fq9 lead-manager 	from /usr/local/bundle/gems/activerecord-8.0.2/lib/active_record/connection_adapters/abstract/database_statements.rb:555:in `block in raw_execute'
lead-manager-worker-prosody-5d8fbffd47-99fq9 lead-manager 	from /usr/local/bundle/gems/activesupport-8.0.2/lib/active_support/notifications/instrumenter.rb:58:in `instrument'
lead-manager-worker-prosody-5d8fbffd47-99fq9 lead-manager 	from /usr/local/bundle/gems/activerecord-8.0.2/lib/active_record/connection_adapters/abstract_adapter.rb:1135:in `log'
lead-manager-worker-prosody-5d8fbffd47-99fq9 lead-manager 	from /usr/local/bundle/gems/activerecord-8.0.2/lib/active_record/connection_adapters/abstract/database_statements.rb:554:in `raw_execute'
lead-manager-worker-prosody-5d8fbffd47-99fq9 lead-manager 	from /usr/local/bundle/gems/activerecord-8.0.2/lib/active_record/connection_adapters/abstract/database_statements.rb:591:in `internal_execute'
lead-manager-worker-prosody-5d8fbffd47-99fq9 lead-manager 	from /usr/local/bundle/gems/activerecord-8.0.2/lib/active_record/connection_adapters/abstract/database_statements.rb:547:in `internal_exec_query'
lead-manager-worker-prosody-5d8fbffd47-99fq9 lead-manager 	from /usr/local/bundle/gems/activerecord-8.0.2/lib/active_record/connection_adapters/abstract/database_statements.rb:693:in `select'
lead-manager-worker-prosody-5d8fbffd47-99fq9 lead-manager 	from /usr/local/bundle/gems/activerecord-8.0.2/lib/active_record/connection_adapters/abstract/database_statements.rb:73:in `select_all'
lead-manager-worker-prosody-5d8fbffd47-99fq9 lead-manager 	from /usr/local/bundle/gems/activerecord-8.0.2/lib/active_record/connection_adapters/abstract/query_cache.rb:251:in `select_all'
lead-manager-worker-prosody-5d8fbffd47-99fq9 lead-manager 	from /usr/local/bundle/gems/activerecord-8.0.2/lib/active_record/connection_adapters/mysql2/database_statements.rb:12:in `select_all'
lead-manager-worker-prosody-5d8fbffd47-99fq9 lead-manager 	from /usr/local/bundle/gems/activerecord-8.0.2/lib/active_record/querying.rb:68:in `_query_by_sql'
lead-manager-worker-prosody-5d8fbffd47-99fq9 lead-manager 	from /usr/local/bundle/gems/activerecord-8.0.2/lib/active_record/querying.rb:53:in `block in find_by_sql'
lead-manager-worker-prosody-5d8fbffd47-99fq9 lead-manager 	from /usr/local/bundle/gems/activerecord-8.0.2/lib/active_record/connection_adapters/abstract/connection_pool.rb:412:in `with_connection'
lead-manager-worker-prosody-5d8fbffd47-99fq9 lead-manager 	from /usr/local/bundle/gems/activerecord-8.0.2/lib/active_record/connection_handling.rb:310:in `with_connection'
lead-manager-worker-prosody-5d8fbffd47-99fq9 lead-manager 	from /usr/local/bundle/gems/activerecord-8.0.2/lib/active_record/querying.rb:52:in `find_by_sql'
lead-manager-worker-prosody-5d8fbffd47-99fq9 lead-manager 	from /usr/local/bundle/gems/activerecord-8.0.2/lib/active_record/statement_cache.rb:152:in `execute'
lead-manager-worker-prosody-5d8fbffd47-99fq9 lead-manager 	from /usr/local/bundle/gems/activerecord-8.0.2/lib/active_record/core.rb:454:in `block in cached_find_by'
lead-manager-worker-prosody-5d8fbffd47-99fq9 lead-manager 	from /usr/local/bundle/gems/activerecord-8.0.2/lib/active_record/connection_adapters/abstract/connection_pool.rb:412:in `with_connection'
lead-manager-worker-prosody-5d8fbffd47-99fq9 lead-manager 	from /usr/local/bundle/gems/activerecord-8.0.2/lib/active_record/connection_handling.rb:310:in `with_connection'
lead-manager-worker-prosody-5d8fbffd47-99fq9 lead-manager 	from /usr/local/bundle/gems/activerecord-8.0.2/lib/active_record/core.rb:442:in `cached_find_by'
lead-manager-worker-prosody-5d8fbffd47-99fq9 lead-manager 	from /usr/local/bundle/gems/activerecord-8.0.2/lib/active_record/core.rb:327:in `find_by'
lead-manager-worker-prosody-5d8fbffd47-99fq9 lead-manager 	from /usr/src/app/services/prosody_handlers/crm_agent_asserted.rb:5:in `perform'
lead-manager-worker-prosody-5d8fbffd47-99fq9 lead-manager 	from /usr/src/app/services/prosody_handler.rb:9:in `on_message'
lead-manager-worker-prosody-5d8fbffd47-99fq9 lead-manager 	from /usr/local/bundle/gems/prosody-1.1.1-x86_64-linux/lib/prosody/processor.rb:281:in `block (2 levels) in start_worker'
lead-manager-worker-prosody-5d8fbffd47-99fq9 lead-manager 	from /usr/local/bundle/gems/opentelemetry-api-1.7.0/lib/opentelemetry/trace.rb:70:in `block in with_span'
lead-manager-worker-prosody-5d8fbffd47-99fq9 lead-manager 	from /usr/local/bundle/gems/opentelemetry-api-1.7.0/lib/opentelemetry/context.rb:88:in `with_value'
lead-manager-worker-prosody-5d8fbffd47-99fq9 lead-manager 	from /usr/local/bundle/gems/opentelemetry-api-1.7.0/lib/opentelemetry/trace.rb:70:in `with_span'
lead-manager-worker-prosody-5d8fbffd47-99fq9 lead-manager 	from /usr/local/bundle/gems/prosody-1.1.1-x86_64-linux/lib/prosody/processor.rb:279:in `block in start_worker'
lead-manager-worker-prosody-5d8fbffd47-99fq9 lead-manager 	from /usr/local/bundle/gems/async-2.32.0/lib/async/task.rb:207:in `block in run'
lead-manager-worker-prosody-5d8fbffd47-99fq9 lead-manager 	from /usr/local/bundle/gems/async-2.32.0/lib/async/task.rb:452:in `block in schedule'
lead-manager-worker-prosody-5d8fbffd47-99fq9 lead-manager ; retrying after 85ms module=prosody::consumer::failure::retry line=342 partition=0 key=realgeeks:81727 offset=216 attempt=3 topic=witco.agent-events
lead-manager-worker-prosody-5d8fbffd47-99fq9 lead-manager E, [2025-09-23T18:54:39.767080 #1] ERROR -- : Error executing task witco.agent-events/0:196: Mysql2::Error: This connection is in use by: #<Fiber:0x00007f6123288f08 /usr/local/bundle/gems/async-2.32.0/lib/async/task.rb:450 (suspended)>
lead-manager-worker-prosody-5d8fbffd47-99fq9 lead-manager E, [2025-09-23T18:54:39.793758 #1] ERROR -- : failed to handle message: handler error: transient error: /usr/local/bundle/gems/mysql2-0.5.5/lib/mysql2/client.rb:151:in `_query': Mysql2::Error: This connection is in use by: #<Fiber:0x00007f6123288f08 /usr/local/bundle/gems/async-2.32.0/lib/async/task.rb:450 (suspended)> (ActiveRecord::StatementInvalid)
lead-manager-worker-prosody-5d8fbffd47-99fq9 lead-manager 	from /usr/local/bundle/gems/mysql2-0.5.5/lib/mysql2/client.rb:151:in `block in query'
lead-manager-worker-prosody-5d8fbffd47-99fq9 lead-manager 	from /usr/local/bundle/gems/mysql2-0.5.5/lib/mysql2/client.rb:150:in `handle_interrupt'
lead-manager-worker-prosody-5d8fbffd47-99fq9 lead-manager 	from /usr/local/bundle/gems/mysql2-0.5.5/lib/mysql2/client.rb:150:in `query'
lead-manager-worker-prosody-5d8fbffd47-99fq9 lead-manager 	from /usr/local/bundle/gems/prometheus_exporter-2.1.0/lib/prometheus_exporter/instrumentation/method_profiler.rb:80:in `query'
lead-manager-worker-prosody-5d8fbffd47-99fq9 lead-manager 	from /usr/local/bundle/gems/activerecord-8.0.2/lib/active_record/connection_adapters/mysql2/database_statements.rb:54:in `block in perform_query'
lead-manager-worker-prosody-5d8fbffd47-99fq9 lead-manager 	from /usr/local/bundle/gems/activesupport-8.0.2/lib/active_support/concurrency/share_lock.rb:186:in `yield_shares'
lead-manager-worker-prosody-5d8fbffd47-99fq9 lead-manager 	from /usr/local/bundle/gems/activesupport-8.0.2/lib/active_support/dependencies/interlock.rb:41:in `permit_concurrent_loads'
lead-manager-worker-prosody-5d8fbffd47-99fq9 lead-manager 	from /usr/local/bundle/gems/activerecord-8.0.2/lib/active_record/connection_adapters/mysql2/database_statements.rb:53:in `perform_query'
lead-manager-worker-prosody-5d8fbffd47-99fq9 lead-manager 	from /usr/local/bundle/gems/activerecord-8.0.2/lib/active_record/connection_adapters/abstract/database_statements.rb:556:in `block (2 levels) in raw_execute'
lead-manager-worker-prosody-5d8fbffd47-99fq9 lead-manager 	from /usr/local/bundle/gems/activerecord-8.0.2/lib/active_record/connection_adapters/abstract_adapter.rb:1015:in `block in with_raw_connection'
lead-manager-worker-prosody-5d8fbffd47-99fq9 lead-manager 	from /usr/local/bundle/gems/activesupport-8.0.2/lib/active_support/concurrency/null_lock.rb:9:in `synchronize'
lead-manager-worker-prosody-5d8fbffd47-99fq9 lead-manager 	from /usr/local/bundle/gems/activerecord-8.0.2/lib/active_record/connection_adapters/abstract_adapter.rb:984:in `with_raw_connection'
lead-manager-worker-prosody-5d8fbffd47-99fq9 lead-manager 	from /usr/local/bundle/gems/activerecord-8.0.2/lib/active_record/connection_adapters/abstract/database_statements.rb:555:in `block in raw_execute'
lead-manager-worker-prosody-5d8fbffd47-99fq9 lead-manager 	from /usr/local/bundle/gems/activesupport-8.0.2/lib/active_support/notifications/instrumenter.rb:58:in `instrument'
lead-manager-worker-prosody-5d8fbffd47-99fq9 lead-manager 	from /usr/local/bundle/gems/activerecord-8.0.2/lib/active_record/connection_adapters/abstract_adapter.rb:1135:in `log'
lead-manager-worker-prosody-5d8fbffd47-99fq9 lead-manager 	from /usr/local/bundle/gems/activerecord-8.0.2/lib/active_record/connection_adapters/abstract/database_statements.rb:554:in `raw_execute'
lead-manager-worker-prosody-5d8fbffd47-99fq9 lead-manager 	from /usr/local/bundle/gems/activerecord-8.0.2/lib/active_record/connection_adapters/abstract/database_statements.rb:591:in `internal_execute'
lead-manager-worker-prosody-5d8fbffd47-99fq9 lead-manager 	from /usr/local/bundle/gems/activerecord-8.0.2/lib/active_record/connection_adapters/abstract/database_statements.rb:547:in `internal_exec_query'
lead-manager-worker-prosody-5d8fbffd47-99fq9 lead-manager 	from /usr/local/bundle/gems/activerecord-8.0.2/lib/active_record/connection_adapters/abstract/database_statements.rb:693:in `select'
lead-manager-worker-prosody-5d8fbffd47-99fq9 lead-manager 	from /usr/local/bundle/gems/activerecord-8.0.2/lib/active_record/connection_adapters/abstract/database_statements.rb:73:in `select_all'
lead-manager-worker-prosody-5d8fbffd47-99fq9 lead-manager 	from /usr/local/bundle/gems/activerecord-8.0.2/lib/active_record/connection_adapters/abstract/query_cache.rb:251:in `select_all'
lead-manager-worker-prosody-5d8fbffd47-99fq9 lead-manager 	from /usr/local/bundle/gems/activerecord-8.0.2/lib/active_record/connection_adapters/mysql2/database_statements.rb:12:in `select_all'
lead-manager-worker-prosody-5d8fbffd47-99fq9 lead-manager 	from /usr/local/bundle/gems/activerecord-8.0.2/lib/active_record/querying.rb:68:in `_query_by_sql'
lead-manager-worker-prosody-5d8fbffd47-99fq9 lead-manager 	from /usr/local/bundle/gems/activerecord-8.0.2/lib/active_record/querying.rb:53:in `block in find_by_sql'
lead-manager-worker-prosody-5d8fbffd47-99fq9 lead-manager 	from /usr/local/bundle/gems/activerecord-8.0.2/lib/active_record/connection_adapters/abstract/connection_pool.rb:412:in `with_connection'
lead-manager-worker-prosody-5d8fbffd47-99fq9 lead-manager 	from /usr/local/bundle/gems/activerecord-8.0.2/lib/active_record/connection_handling.rb:310:in `with_connection'
lead-manager-worker-prosody-5d8fbffd47-99fq9 lead-manager 	from /usr/local/bundle/gems/activerecord-8.0.2/lib/active_record/querying.rb:52:in `find_by_sql'
lead-manager-worker-prosody-5d8fbffd47-99fq9 lead-manager 	from /usr/local/bundle/gems/activerecord-8.0.2/lib/active_record/statement_cache.rb:152:in `execute'
lead-manager-worker-prosody-5d8fbffd47-99fq9 lead-manager 	from /usr/local/bundle/gems/activerecord-8.0.2/lib/active_record/core.rb:454:in `block in cached_find_by'
lead-manager-worker-prosody-5d8fbffd47-99fq9 lead-manager 	from /usr/local/bundle/gems/activerecord-8.0.2/lib/active_record/connection_adapters/abstract/connection_pool.rb:412:in `with_connection'
lead-manager-worker-prosody-5d8fbffd47-99fq9 lead-manager 	from /usr/local/bundle/gems/activerecord-8.0.2/lib/active_record/connection_handling.rb:310:in `with_connection'
lead-manager-worker-prosody-5d8fbffd47-99fq9 lead-manager 	from /usr/local/bundle/gems/activerecord-8.0.2/lib/active_record/core.rb:442:in `cached_find_by'
lead-manager-worker-prosody-5d8fbffd47-99fq9 lead-manager 	from /usr/local/bundle/gems/activerecord-8.0.2/lib/active_record/core.rb:327:in `find_by'
lead-manager-worker-prosody-5d8fbffd47-99fq9 lead-manager 	from /usr/src/app/services/prosody_handlers/crm_agent_asserted.rb:5:in `perform'
lead-manager-worker-prosody-5d8fbffd47-99fq9 lead-manager 	from /usr/src/app/services/prosody_handler.rb:9:in `on_message'
lead-manager-worker-prosody-5d8fbffd47-99fq9 lead-manager 	from /usr/local/bundle/gems/prosody-1.1.1-x86_64-linux/lib/prosody/processor.rb:281:in `block (2 levels) in start_worker'
lead-manager-worker-prosody-5d8fbffd47-99fq9 lead-manager 	from /usr/local/bundle/gems/opentelemetry-api-1.7.0/lib/opentelemetry/trace.rb:70:in `block in with_span'
lead-manager-worker-prosody-5d8fbffd47-99fq9 lead-manager 	from /usr/local/bundle/gems/opentelemetry-api-1.7.0/lib/opentelemetry/context.rb:88:in `with_value'
lead-manager-worker-prosody-5d8fbffd47-99fq9 lead-manager 	from /usr/local/bundle/gems/opentelemetry-api-1.7.0/lib/opentelemetry/trace.rb:70:in `with_span'
lead-manager-worker-prosody-5d8fbffd47-99fq9 lead-manager 	from /usr/local/bundle/gems/prosody-1.1.1-x86_64-linux/lib/prosody/processor.rb:279:in `block in start_worker'
lead-manager-worker-prosody-5d8fbffd47-99fq9 lead-manager 	from /usr/local/bundle/gems/async-2.32.0/lib/async/task.rb:207:in `block in run'
lead-manager-worker-prosody-5d8fbffd47-99fq9 lead-manager 	from /usr/local/bundle/gems/async-2.32.0/lib/async/task.rb:452:in `block in schedule'
lead-manager-worker-prosody-5d8fbffd47-99fq9 lead-manager /usr/local/bundle/gems/mysql2-0.5.5/lib/mysql2/client.rb:151:in `_query': This connection is in use by: #<Fiber:0x00007f6123288f08 /usr/local/bundle/gems/async-2.32.0/lib/async/task.rb:450 (suspended)> (Mysql2::Error)
lead-manager-worker-prosody-5d8fbffd47-99fq9 lead-manager 	from /usr/local/bundle/gems/mysql2-0.5.5/lib/mysql2/client.rb:151:in `block in query'
lead-manager-worker-prosody-5d8fbffd47-99fq9 lead-manager 	from /usr/local/bundle/gems/mysql2-0.5.5/lib/mysql2/client.rb:150:in `handle_interrupt'
lead-manager-worker-prosody-5d8fbffd47-99fq9 lead-manager 	from /usr/local/bundle/gems/mysql2-0.5.5/lib/mysql2/client.rb:150:in `query'
lead-manager-worker-prosody-5d8fbffd47-99fq9 lead-manager 	from /usr/local/bundle/gems/prometheus_exporter-2.1.0/lib/prometheus_exporter/instrumentation/method_profiler.rb:80:in `query'
lead-manager-worker-prosody-5d8fbffd47-99fq9 lead-manager 	from /usr/local/bundle/gems/activerecord-8.0.2/lib/active_record/connection_adapters/mysql2/database_statements.rb:54:in `block in perform_query'
lead-manager-worker-prosody-5d8fbffd47-99fq9 lead-manager 	from /usr/local/bundle/gems/activesupport-8.0.2/lib/active_support/concurrency/share_lock.rb:186:in `yield_shares'
lead-manager-worker-prosody-5d8fbffd47-99fq9 lead-manager 	from /usr/local/bundle/gems/activesupport-8.0.2/lib/active_support/dependencies/interlock.rb:41:in `permit_concurrent_loads'
lead-manager-worker-prosody-5d8fbffd47-99fq9 lead-manager 	from /usr/local/bundle/gems/activerecord-8.0.2/lib/active_record/connection_adapters/mysql2/database_statements.rb:53:in `perform_query'
lead-manager-worker-prosody-5d8fbffd47-99fq9 lead-manager 	from /usr/local/bundle/gems/activerecord-8.0.2/lib/active_record/connection_adapters/abstract/database_statements.rb:556:in `block (2 levels) in raw_execute'
lead-manager-worker-prosody-5d8fbffd47-99fq9 lead-manager 	from /usr/local/bundle/gems/activerecord-8.0.2/lib/active_record/connection_adapters/abstract_adapter.rb:1015:in `block in with_raw_connection'
lead-manager-worker-prosody-5d8fbffd47-99fq9 lead-manager 	from /usr/local/bundle/gems/activesupport-8.0.2/lib/active_support/concurrency/null_lock.rb:9:in `synchronize'
lead-manager-worker-prosody-5d8fbffd47-99fq9 lead-manager 	from /usr/local/bundle/gems/activerecord-8.0.2/lib/active_record/connection_adapters/abstract_adapter.rb:984:in `with_raw_connection'
lead-manager-worker-prosody-5d8fbffd47-99fq9 lead-manager 	from /usr/local/bundle/gems/activerecord-8.0.2/lib/active_record/connection_adapters/abstract/database_statements.rb:555:in `block in raw_execute'
lead-manager-worker-prosody-5d8fbffd47-99fq9 lead-manager 	from /usr/local/bundle/gems/activesupport-8.0.2/lib/active_support/notifications/instrumenter.rb:58:in `instrument'
lead-manager-worker-prosody-5d8fbffd47-99fq9 lead-manager 	from /usr/local/bundle/gems/activerecord-8.0.2/lib/active_record/connection_adapters/abstract_adapter.rb:1135:in `log'
lead-manager-worker-prosody-5d8fbffd47-99fq9 lead-manager 	from /usr/local/bundle/gems/activerecord-8.0.2/lib/active_record/connection_adapters/abstract/database_statements.rb:554:in `raw_execute'
lead-manager-worker-prosody-5d8fbffd47-99fq9 lead-manager 	from /usr/local/bundle/gems/activerecord-8.0.2/lib/active_record/connection_adapters/abstract/database_statements.rb:591:in `internal_execute'
lead-manager-worker-prosody-5d8fbffd47-99fq9 lead-manager 	from /usr/local/bundle/gems/activerecord-8.0.2/lib/active_record/connection_adapters/abstract/database_statements.rb:547:in `internal_exec_query'
lead-manager-worker-prosody-5d8fbffd47-99fq9 lead-manager 	from /usr/local/bundle/gems/activerecord-8.0.2/lib/active_record/connection_adapters/abstract/database_statements.rb:693:in `select'
lead-manager-worker-prosody-5d8fbffd47-99fq9 lead-manager 	from /usr/local/bundle/gems/activerecord-8.0.2/lib/active_record/connection_adapters/abstract/database_statements.rb:73:in `select_all'
lead-manager-worker-prosody-5d8fbffd47-99fq9 lead-manager 	from /usr/local/bundle/gems/activerecord-8.0.2/lib/active_record/connection_adapters/abstract/query_cache.rb:251:in `select_all'
lead-manager-worker-prosody-5d8fbffd47-99fq9 lead-manager 	from /usr/local/bundle/gems/activerecord-8.0.2/lib/active_record/connection_adapters/mysql2/database_statements.rb:12:in `select_all'
lead-manager-worker-prosody-5d8fbffd47-99fq9 lead-manager 	from /usr/local/bundle/gems/activerecord-8.0.2/lib/active_record/querying.rb:68:in `_query_by_sql'
lead-manager-worker-prosody-5d8fbffd47-99fq9 lead-manager 	from /usr/local/bundle/gems/activerecord-8.0.2/lib/active_record/querying.rb:53:in `block in find_by_sql'
lead-manager-worker-prosody-5d8fbffd47-99fq9 lead-manager 	from /usr/local/bundle/gems/activerecord-8.0.2/lib/active_record/connection_adapters/abstract/connection_pool.rb:412:in `with_connection'
lead-manager-worker-prosody-5d8fbffd47-99fq9 lead-manager 	from /usr/local/bundle/gems/activerecord-8.0.2/lib/active_record/connection_handling.rb:310:in `with_connection'
lead-manager-worker-prosody-5d8fbffd47-99fq9 lead-manager 	from /usr/local/bundle/gems/activerecord-8.0.2/lib/active_record/querying.rb:52:in `find_by_sql'
lead-manager-worker-prosody-5d8fbffd47-99fq9 lead-manager 	from /usr/local/bundle/gems/activerecord-8.0.2/lib/active_record/statement_cache.rb:152:in `execute'
lead-manager-worker-prosody-5d8fbffd47-99fq9 lead-manager 	from /usr/local/bundle/gems/activerecord-8.0.2/lib/active_record/core.rb:454:in `block in cached_find_by'
lead-manager-worker-prosody-5d8fbffd47-99fq9 lead-manager 	from /usr/local/bundle/gems/activerecord-8.0.2/lib/active_record/connection_adapters/abstract/connection_pool.rb:412:in `with_connection'
lead-manager-worker-prosody-5d8fbffd47-99fq9 lead-manager 	from /usr/local/bundle/gems/activerecord-8.0.2/lib/active_record/connection_handling.rb:310:in `with_connection'
lead-manager-worker-prosody-5d8fbffd47-99fq9 lead-manager 	from /usr/local/bundle/gems/activerecord-8.0.2/lib/active_record/core.rb:442:in `cached_find_by'
lead-manager-worker-prosody-5d8fbffd47-99fq9 lead-manager 	from /usr/local/bundle/gems/activerecord-8.0.2/lib/active_record/core.rb:327:in `find_by'
lead-manager-worker-prosody-5d8fbffd47-99fq9 lead-manager 	from /usr/src/app/services/prosody_handlers/crm_agent_asserted.rb:5:in `perform'
lead-manager-worker-prosody-5d8fbffd47-99fq9 lead-manager 	from /usr/src/app/services/prosody_handler.rb:9:in `on_message'
lead-manager-worker-prosody-5d8fbffd47-99fq9 lead-manager 	from /usr/local/bundle/gems/prosody-1.1.1-x86_64-linux/lib/prosody/processor.rb:281:in `block (2 levels) in start_worker'
lead-manager-worker-prosody-5d8fbffd47-99fq9 lead-manager 	from /usr/local/bundle/gems/opentelemetry-api-1.7.0/lib/opentelemetry/trace.rb:70:in `block in with_span'
lead-manager-worker-prosody-5d8fbffd47-99fq9 lead-manager 	from /usr/local/bundle/gems/opentelemetry-api-1.7.0/lib/opentelemetry/context.rb:88:in `with_value'
lead-manager-worker-prosody-5d8fbffd47-99fq9 lead-manager 	from /usr/local/bundle/gems/opentelemetry-api-1.7.0/lib/opentelemetry/trace.rb:70:in `with_span'
lead-manager-worker-prosody-5d8fbffd47-99fq9 lead-manager 	from /usr/local/bundle/gems/prosody-1.1.1-x86_64-linux/lib/prosody/processor.rb:279:in `block in start_worker'
lead-manager-worker-prosody-5d8fbffd47-99fq9 lead-manager 	from /usr/local/bundle/gems/async-2.32.0/lib/async/task.rb:207:in `block in run'
lead-manager-worker-prosody-5d8fbffd47-99fq9 lead-manager 	from /usr/local/bundle/gems/async-2.32.0/lib/async/task.rb:452:in `block in schedule'
lead-manager-worker-prosody-5d8fbffd47-99fq9 lead-manager ; retrying after 72ms module=prosody::consumer::failure::retry line=342 partition=0 key=realgeeks:77981 offset=196 attempt=2 topic=witco.agent-events
lead-manager-worker-prosody-5d8fbffd47-99fq9 lead-manager D, [2025-09-23T18:54:39.835642 #1] DEBUG -- : Executing task witco.agent-events/0:216
lead-manager-worker-prosody-5d8fbffd47-99fq9 lead-manager D, [2025-09-23T18:54:39.843920 #1] DEBUG -- : Executing task witco.agent-events/0:196
lead-manager-worker-prosody-5d8fbffd47-99fq9 lead-manager E, [2025-09-23T18:54:39.902624 #1] ERROR -- : Error executing task witco.agent-events/0:196: Mysql2::Error: This connection is in use by: #<Fiber:0x00007f61232eb298 /usr/local/bundle/gems/async-2.32.0/lib/async/task.rb:450 (suspended)>
lead-manager-worker-prosody-5d8fbffd47-99fq9 lead-manager D, [2025-09-23T18:54:39.903531 #1] DEBUG -- : Task witco.agent-events/0:213 completed successfully
lead-manager-worker-prosody-5d8fbffd47-99fq9 lead-manager E, [2025-09-23T18:54:39.906687 #1] ERROR -- : failed to handle message: handler error: transient error: /usr/local/bundle/gems/mysql2-0.5.5/lib/mysql2/client.rb:151:in `_query': Mysql2::Error: This connection is in use by: #<Fiber:0x00007f61232eb298 /usr/local/bundle/gems/async-2.32.0/lib/async/task.rb:450 (suspended)> (ActiveRecord::StatementInvalid)
lead-manager-worker-prosody-5d8fbffd47-99fq9 lead-manager 	from /usr/local/bundle/gems/mysql2-0.5.5/lib/mysql2/client.rb:151:in `block in query'
lead-manager-worker-prosody-5d8fbffd47-99fq9 lead-manager 	from /usr/local/bundle/gems/mysql2-0.5.5/lib/mysql2/client.rb:150:in `handle_interrupt'
lead-manager-worker-prosody-5d8fbffd47-99fq9 lead-manager 	from /usr/local/bundle/gems/mysql2-0.5.5/lib/mysql2/client.rb:150:in `query'
lead-manager-worker-prosody-5d8fbffd47-99fq9 lead-manager 	from /usr/local/bundle/gems/prometheus_exporter-2.1.0/lib/prometheus_exporter/instrumentation/method_profiler.rb:80:in `query'
lead-manager-worker-prosody-5d8fbffd47-99fq9 lead-manager 	from /usr/local/bundle/gems/activerecord-8.0.2/lib/active_record/connection_adapters/mysql2/database_statements.rb:54:in `block in perform_query'
lead-manager-worker-prosody-5d8fbffd47-99fq9 lead-manager 	from /usr/local/bundle/gems/activesupport-8.0.2/lib/active_support/concurrency/share_lock.rb:186:in `yield_shares'
lead-manager-worker-prosody-5d8fbffd47-99fq9 lead-manager 	from /usr/local/bundle/gems/activesupport-8.0.2/lib/active_support/dependencies/interlock.rb:41:in `permit_concurrent_loads'
lead-manager-worker-prosody-5d8fbffd47-99fq9 lead-manager 	from /usr/local/bundle/gems/activerecord-8.0.2/lib/active_record/connection_adapters/mysql2/database_statements.rb:53:in `perform_query'
lead-manager-worker-prosody-5d8fbffd47-99fq9 lead-manager 	from /usr/local/bundle/gems/activerecord-8.0.2/lib/active_record/connection_adapters/abstract/database_statements.rb:556:in `block (2 levels) in raw_execute'
lead-manager-worker-prosody-5d8fbffd47-99fq9 lead-manager 	from /usr/local/bundle/gems/activerecord-8.0.2/lib/active_record/connection_adapters/abstract_adapter.rb:1015:in `block in with_raw_connection'
lead-manager-worker-prosody-5d8fbffd47-99fq9 lead-manager 	from /usr/local/bundle/gems/activesupport-8.0.2/lib/active_support/concurrency/null_lock.rb:9:in `synchronize'
lead-manager-worker-prosody-5d8fbffd47-99fq9 lead-manager 	from /usr/local/bundle/gems/activerecord-8.0.2/lib/active_record/connection_adapters/abstract_adapter.rb:984:in `with_raw_connection'
lead-manager-worker-prosody-5d8fbffd47-99fq9 lead-manager 	from /usr/local/bundle/gems/activerecord-8.0.2/lib/active_record/connection_adapters/abstract/database_statements.rb:555:in `block in raw_execute'
lead-manager-worker-prosody-5d8fbffd47-99fq9 lead-manager 	from /usr/local/bundle/gems/activesupport-8.0.2/lib/active_support/notifications/instrumenter.rb:58:in `instrument'
lead-manager-worker-prosody-5d8fbffd47-99fq9 lead-manager 	from /usr/local/bundle/gems/activerecord-8.0.2/lib/active_record/connection_adapters/abstract_adapter.rb:1135:in `log'
lead-manager-worker-prosody-5d8fbffd47-99fq9 lead-manager 	from /usr/local/bundle/gems/activerecord-8.0.2/lib/active_record/connection_adapters/abstract/database_statements.rb:554:in `raw_execute'
lead-manager-worker-prosody-5d8fbffd47-99fq9 lead-manager 	from /usr/local/bundle/gems/activerecord-8.0.2/lib/active_record/connection_adapters/abstract/database_statements.rb:591:in `internal_execute'
lead-manager-worker-prosody-5d8fbffd47-99fq9 lead-manager 	from /usr/local/bundle/gems/activerecord-8.0.2/lib/active_record/connection_adapters/abstract/database_statements.rb:547:in `internal_exec_query'
lead-manager-worker-prosody-5d8fbffd47-99fq9 lead-manager 	from /usr/local/bundle/gems/activerecord-8.0.2/lib/active_record/connection_adapters/abstract/database_statements.rb:693:in `select'
lead-manager-worker-prosody-5d8fbffd47-99fq9 lead-manager 	from /usr/local/bundle/gems/activerecord-8.0.2/lib/active_record/connection_adapters/abstract/database_statements.rb:73:in `select_all'
lead-manager-worker-prosody-5d8fbffd47-99fq9 lead-manager 	from /usr/local/bundle/gems/activerecord-8.0.2/lib/active_record/connection_adapters/abstract/query_cache.rb:251:in `select_all'
lead-manager-worker-prosody-5d8fbffd47-99fq9 lead-manager 	from /usr/local/bundle/gems/activerecord-8.0.2/lib/active_record/connection_adapters/mysql2/database_statements.rb:12:in `select_all'
lead-manager-worker-prosody-5d8fbffd47-99fq9 lead-manager 	from /usr/local/bundle/gems/activerecord-8.0.2/lib/active_record/querying.rb:68:in `_query_by_sql'
lead-manager-worker-prosody-5d8fbffd47-99fq9 lead-manager 	from /usr/local/bundle/gems/activerecord-8.0.2/lib/active_record/querying.rb:53:in `block in find_by_sql'
lead-manager-worker-prosody-5d8fbffd47-99fq9 lead-manager 	from /usr/local/bundle/gems/activerecord-8.0.2/lib/active_record/connection_adapters/abstract/connection_pool.rb:412:in `with_connection'
lead-manager-worker-prosody-5d8fbffd47-99fq9 lead-manager 	from /usr/local/bundle/gems/activerecord-8.0.2/lib/active_record/connection_handling.rb:310:in `with_connection'
lead-manager-worker-prosody-5d8fbffd47-99fq9 lead-manager 	from /usr/local/bundle/gems/activerecord-8.0.2/lib/active_record/querying.rb:52:in `find_by_sql'
lead-manager-worker-prosody-5d8fbffd47-99fq9 lead-manager 	from /usr/local/bundle/gems/activerecord-8.0.2/lib/active_record/statement_cache.rb:152:in `execute'
lead-manager-worker-prosody-5d8fbffd47-99fq9 lead-manager 	from /usr/local/bundle/gems/activerecord-8.0.2/lib/active_record/core.rb:454:in `block in cached_find_by'
lead-manager-worker-prosody-5d8fbffd47-99fq9 lead-manager 	from /usr/local/bundle/gems/activerecord-8.0.2/lib/active_record/connection_adapters/abstract/connection_pool.rb:412:in `with_connection'
lead-manager-worker-prosody-5d8fbffd47-99fq9 lead-manager 	from /usr/local/bundle/gems/activerecord-8.0.2/lib/active_record/connection_handling.rb:310:in `with_connection'
lead-manager-worker-prosody-5d8fbffd47-99fq9 lead-manager 	from /usr/local/bundle/gems/activerecord-8.0.2/lib/active_record/core.rb:442:in `cached_find_by'
lead-manager-worker-prosody-5d8fbffd47-99fq9 lead-manager 	from /usr/local/bundle/gems/activerecord-8.0.2/lib/active_record/core.rb:327:in `find_by'
lead-manager-worker-prosody-5d8fbffd47-99fq9 lead-manager 	from /usr/src/app/services/prosody_handlers/crm_agent_asserted.rb:5:in `perform'
lead-manager-worker-prosody-5d8fbffd47-99fq9 lead-manager 	from /usr/src/app/services/prosody_handler.rb:9:in `on_message'
lead-manager-worker-prosody-5d8fbffd47-99fq9 lead-manager 	from /usr/local/bundle/gems/prosody-1.1.1-x86_64-linux/lib/prosody/processor.rb:281:in `block (2 levels) in start_worker'
lead-manager-worker-prosody-5d8fbffd47-99fq9 lead-manager 	from /usr/local/bundle/gems/opentelemetry-api-1.7.0/lib/opentelemetry/trace.rb:70:in `block in with_span'
lead-manager-worker-prosody-5d8fbffd47-99fq9 lead-manager 	from /usr/local/bundle/gems/opentelemetry-api-1.7.0/lib/opentelemetry/context.rb:88:in `with_value'
lead-manager-worker-prosody-5d8fbffd47-99fq9 lead-manager 	from /usr/local/bundle/gems/opentelemetry-api-1.7.0/lib/opentelemetry/trace.rb:70:in `with_span'
lead-manager-worker-prosody-5d8fbffd47-99fq9 lead-manager 	from /usr/local/bundle/gems/prosody-1.1.1-x86_64-linux/lib/prosody/processor.rb:279:in `block in start_worker'
lead-manager-worker-prosody-5d8fbffd47-99fq9 lead-manager 	from /usr/local/bundle/gems/async-2.32.0/lib/async/task.rb:207:in `block in run'
lead-manager-worker-prosody-5d8fbffd47-99fq9 lead-manager 	from /usr/local/bundle/gems/async-2.32.0/lib/async/task.rb:452:in `block in schedule'
lead-manager-worker-prosody-5d8fbffd47-99fq9 lead-manager /usr/local/bundle/gems/mysql2-0.5.5/lib/mysql2/client.rb:151:in `_query': This connection is in use by: #<Fiber:0x00007f61232eb298 /usr/local/bundle/gems/async-2.32.0/lib/async/task.rb:450 (suspended)> (Mysql2::Error)
lead-manager-worker-prosody-5d8fbffd47-99fq9 lead-manager 	from /usr/local/bundle/gems/mysql2-0.5.5/lib/mysql2/client.rb:151:in `block in query'
lead-manager-worker-prosody-5d8fbffd47-99fq9 lead-manager 	from /usr/local/bundle/gems/mysql2-0.5.5/lib/mysql2/client.rb:150:in `handle_interrupt'
lead-manager-worker-prosody-5d8fbffd47-99fq9 lead-manager 	from /usr/local/bundle/gems/mysql2-0.5.5/lib/mysql2/client.rb:150:in `query'
lead-manager-worker-prosody-5d8fbffd47-99fq9 lead-manager 	from /usr/local/bundle/gems/prometheus_exporter-2.1.0/lib/prometheus_exporter/instrumentation/method_profiler.rb:80:in `query'
lead-manager-worker-prosody-5d8fbffd47-99fq9 lead-manager 	from /usr/local/bundle/gems/activerecord-8.0.2/lib/active_record/connection_adapters/mysql2/database_statements.rb:54:in `block in perform_query'
lead-manager-worker-prosody-5d8fbffd47-99fq9 lead-manager 	from /usr/local/bundle/gems/activesupport-8.0.2/lib/active_support/concurrency/share_lock.rb:186:in `yield_shares'
lead-manager-worker-prosody-5d8fbffd47-99fq9 lead-manager 	from /usr/local/bundle/gems/activesupport-8.0.2/lib/active_support/dependencies/interlock.rb:41:in `permit_concurrent_loads'
lead-manager-worker-prosody-5d8fbffd47-99fq9 lead-manager 	from /usr/local/bundle/gems/activerecord-8.0.2/lib/active_record/connection_adapters/mysql2/database_statements.rb:53:in `perform_query'
lead-manager-worker-prosody-5d8fbffd47-99fq9 lead-manager 	from /usr/local/bundle/gems/activerecord-8.0.2/lib/active_record/connection_adapters/abstract/database_statements.rb:556:in `block (2 levels) in raw_execute'
lead-manager-worker-prosody-5d8fbffd47-99fq9 lead-manager 	from /usr/local/bundle/gems/activerecord-8.0.2/lib/active_record/connection_adapters/abstract_adapter.rb:1015:in `block in with_raw_connection'
lead-manager-worker-prosody-5d8fbffd47-99fq9 lead-manager 	from /usr/local/bundle/gems/activesupport-8.0.2/lib/active_support/concurrency/null_lock.rb:9:in `synchronize'
lead-manager-worker-prosody-5d8fbffd47-99fq9 lead-manager 	from /usr/local/bundle/gems/activerecord-8.0.2/lib/active_record/connection_adapters/abstract_adapter.rb:984:in `with_raw_connection'
lead-manager-worker-prosody-5d8fbffd47-99fq9 lead-manager 	from /usr/local/bundle/gems/activerecord-8.0.2/lib/active_record/connection_adapters/abstract/database_statements.rb:555:in `block in raw_execute'
lead-manager-worker-prosody-5d8fbffd47-99fq9 lead-manager 	from /usr/local/bundle/gems/activesupport-8.0.2/lib/active_support/notifications/instrumenter.rb:58:in `instrument'
lead-manager-worker-prosody-5d8fbffd47-99fq9 lead-manager 	from /usr/local/bundle/gems/activerecord-8.0.2/lib/active_record/connection_adapters/abstract_adapter.rb:1135:in `log'
lead-manager-worker-prosody-5d8fbffd47-99fq9 lead-manager 	from /usr/local/bundle/gems/activerecord-8.0.2/lib/active_record/connection_adapters/abstract/database_statements.rb:554:in `raw_execute'
lead-manager-worker-prosody-5d8fbffd47-99fq9 lead-manager 	from /usr/local/bundle/gems/activerecord-8.0.2/lib/active_record/connection_adapters/abstract/database_statements.rb:591:in `internal_execute'
lead-manager-worker-prosody-5d8fbffd47-99fq9 lead-manager 	from /usr/local/bundle/gems/activerecord-8.0.2/lib/active_record/connection_adapters/abstract/database_statements.rb:547:in `internal_exec_query'
lead-manager-worker-prosody-5d8fbffd47-99fq9 lead-manager 	from /usr/local/bundle/gems/activerecord-8.0.2/lib/active_record/connection_adapters/abstract/database_statements.rb:693:in `select'
lead-manager-worker-prosody-5d8fbffd47-99fq9 lead-manager 	from /usr/local/bundle/gems/activerecord-8.0.2/lib/active_record/connection_adapters/abstract/database_statements.rb:73:in `select_all'
lead-manager-worker-prosody-5d8fbffd47-99fq9 lead-manager 	from /usr/local/bundle/gems/activerecord-8.0.2/lib/active_record/connection_adapters/abstract/query_cache.rb:251:in `select_all'
lead-manager-worker-prosody-5d8fbffd47-99fq9 lead-manager 	from /usr/local/bundle/gems/activerecord-8.0.2/lib/active_record/connection_adapters/mysql2/database_statements.rb:12:in `select_all'
lead-manager-worker-prosody-5d8fbffd47-99fq9 lead-manager 	from /usr/local/bundle/gems/activerecord-8.0.2/lib/active_record/querying.rb:68:in `_query_by_sql'
lead-manager-worker-prosody-5d8fbffd47-99fq9 lead-manager 	from /usr/local/bundle/gems/activerecord-8.0.2/lib/active_record/querying.rb:53:in `block in find_by_sql'
lead-manager-worker-prosody-5d8fbffd47-99fq9 lead-manager 	from /usr/local/bundle/gems/activerecord-8.0.2/lib/active_record/connection_adapters/abstract/connection_pool.rb:412:in `with_connection'
lead-manager-worker-prosody-5d8fbffd47-99fq9 lead-manager 	from /usr/local/bundle/gems/activerecord-8.0.2/lib/active_record/connection_handling.rb:310:in `with_connection'
lead-manager-worker-prosody-5d8fbffd47-99fq9 lead-manager 	from /usr/local/bundle/gems/activerecord-8.0.2/lib/active_record/querying.rb:52:in `find_by_sql'
lead-manager-worker-prosody-5d8fbffd47-99fq9 lead-manager 	from /usr/local/bundle/gems/activerecord-8.0.2/lib/active_record/statement_cache.rb:152:in `execute'
lead-manager-worker-prosody-5d8fbffd47-99fq9 lead-manager 	from /usr/local/bundle/gems/activerecord-8.0.2/lib/active_record/core.rb:454:in `block in cached_find_by'
lead-manager-worker-prosody-5d8fbffd47-99fq9 lead-manager 	from /usr/local/bundle/gems/activerecord-8.0.2/lib/active_record/connection_adapters/abstract/connection_pool.rb:412:in `with_connection'
lead-manager-worker-prosody-5d8fbffd47-99fq9 lead-manager 	from /usr/local/bundle/gems/activerecord-8.0.2/lib/active_record/connection_handling.rb:310:in `with_connection'
lead-manager-worker-prosody-5d8fbffd47-99fq9 lead-manager 	from /usr/local/bundle/gems/activerecord-8.0.2/lib/active_record/core.rb:442:in `cached_find_by'
lead-manager-worker-prosody-5d8fbffd47-99fq9 lead-manager 	from /usr/local/bundle/gems/activerecord-8.0.2/lib/active_record/core.rb:327:in `find_by'
lead-manager-worker-prosody-5d8fbffd47-99fq9 lead-manager 	from /usr/src/app/services/prosody_handlers/crm_agent_asserted.rb:5:in `perform'
lead-manager-worker-prosody-5d8fbffd47-99fq9 lead-manager 	from /usr/src/app/services/prosody_handler.rb:9:in `on_message'
lead-manager-worker-prosody-5d8fbffd47-99fq9 lead-manager 	from /usr/local/bundle/gems/prosody-1.1.1-x86_64-linux/lib/prosody/processor.rb:281:in `block (2 levels) in start_worker'
lead-manager-worker-prosody-5d8fbffd47-99fq9 lead-manager 	from /usr/local/bundle/gems/opentelemetry-api-1.7.0/lib/opentelemetry/trace.rb:70:in `block in with_span'
lead-manager-worker-prosody-5d8fbffd47-99fq9 lead-manager 	from /usr/local/bundle/gems/opentelemetry-api-1.7.0/lib/opentelemetry/context.rb:88:in `with_value'
lead-manager-worker-prosody-5d8fbffd47-99fq9 lead-manager 	from /usr/local/bundle/gems/opentelemetry-api-1.7.0/lib/opentelemetry/trace.rb:70:in `with_span'
lead-manager-worker-prosody-5d8fbffd47-99fq9 lead-manager 	from /usr/local/bundle/gems/prosody-1.1.1-x86_64-linux/lib/prosody/processor.rb:279:in `block in start_worker'
lead-manager-worker-prosody-5d8fbffd47-99fq9 lead-manager 	from /usr/local/bundle/gems/async-2.32.0/lib/async/task.rb:207:in `block in run'
lead-manager-worker-prosody-5d8fbffd47-99fq9 lead-manager 	from /usr/local/bundle/gems/async-2.32.0/lib/async/task.rb:452:in `block in schedule'
lead-manager-worker-prosody-5d8fbffd47-99fq9 lead-manager ; retrying after 58ms module=prosody::consumer::failure::retry line=342 partition=0 key=realgeeks:77981 offset=196 attempt=3 topic=witco.agent-events
lead-manager-worker-prosody-5d8fbffd47-99fq9 lead-manager D, [2025-09-23T18:54:40.047286 #1] DEBUG -- : Executing task witco.agent-events/0:214
lead-manager-worker-prosody-5d8fbffd47-99fq9 lead-manager D, [2025-09-23T18:54:40.071958 #1] DEBUG -- : Executing task witco.agent-events/0:196
lead-manager-worker-prosody-5d8fbffd47-99fq9 lead-manager E, [2025-09-23T18:54:40.105061 #1] ERROR -- : Error executing task witco.agent-events/0:214: Mysql2::Error: This connection is in use by: #<Fiber:0x00007f61232eb298 /usr/local/bundle/gems/async-2.32.0/lib/async/task.rb:450 (suspended)>
lead-manager-worker-prosody-5d8fbffd47-99fq9 lead-manager E, [2025-09-23T18:54:40.105742 #1] ERROR -- : failed to handle message: handler error: transient error: /usr/local/bundle/gems/mysql2-0.5.5/lib/mysql2/client.rb:151:in `_query': Mysql2::Error: This connection is in use by: #<Fiber:0x00007f61232eb298 /usr/local/bundle/gems/async-2.32.0/lib/async/task.rb:450 (suspended)> (ActiveRecord::StatementInvalid)
lead-manager-worker-prosody-5d8fbffd47-99fq9 lead-manager 	from /usr/local/bundle/gems/mysql2-0.5.5/lib/mysql2/client.rb:151:in `block in query'
lead-manager-worker-prosody-5d8fbffd47-99fq9 lead-manager 	from /usr/local/bundle/gems/mysql2-0.5.5/lib/mysql2/client.rb:150:in `handle_interrupt'
lead-manager-worker-prosody-5d8fbffd47-99fq9 lead-manager 	from /usr/local/bundle/gems/mysql2-0.5.5/lib/mysql2/client.rb:150:in `query'
lead-manager-worker-prosody-5d8fbffd47-99fq9 lead-manager 	from /usr/local/bundle/gems/prometheus_exporter-2.1.0/lib/prometheus_exporter/instrumentation/method_profiler.rb:80:in `query'
lead-manager-worker-prosody-5d8fbffd47-99fq9 lead-manager 	from /usr/local/bundle/gems/activerecord-8.0.2/lib/active_record/connection_adapters/mysql2/database_statements.rb:54:in `block in perform_query'
lead-manager-worker-prosody-5d8fbffd47-99fq9 lead-manager 	from /usr/local/bundle/gems/activesupport-8.0.2/lib/active_support/concurrency/share_lock.rb:186:in `yield_shares'
lead-manager-worker-prosody-5d8fbffd47-99fq9 lead-manager 	from /usr/local/bundle/gems/activesupport-8.0.2/lib/active_support/dependencies/interlock.rb:41:in `permit_concurrent_loads'
lead-manager-worker-prosody-5d8fbffd47-99fq9 lead-manager 	from /usr/local/bundle/gems/activerecord-8.0.2/lib/active_record/connection_adapters/mysql2/database_statements.rb:53:in `perform_query'
lead-manager-worker-prosody-5d8fbffd47-99fq9 lead-manager 	from /usr/local/bundle/gems/activerecord-8.0.2/lib/active_record/connection_adapters/abstract/database_statements.rb:556:in `block (2 levels) in raw_execute'
lead-manager-worker-prosody-5d8fbffd47-99fq9 lead-manager 	from /usr/local/bundle/gems/activerecord-8.0.2/lib/active_record/connection_adapters/abstract_adapter.rb:1015:in `block in with_raw_connection'
lead-manager-worker-prosody-5d8fbffd47-99fq9 lead-manager 	from /usr/local/bundle/gems/activesupport-8.0.2/lib/active_support/concurrency/null_lock.rb:9:in `synchronize'
lead-manager-worker-prosody-5d8fbffd47-99fq9 lead-manager 	from /usr/local/bundle/gems/activerecord-8.0.2/lib/active_record/connection_adapters/abstract_adapter.rb:984:in `with_raw_connection'
lead-manager-worker-prosody-5d8fbffd47-99fq9 lead-manager 	from /usr/local/bundle/gems/activerecord-8.0.2/lib/active_record/connection_adapters/abstract/database_statements.rb:555:in `block in raw_execute'
lead-manager-worker-prosody-5d8fbffd47-99fq9 lead-manager 	from /usr/local/bundle/gems/activesupport-8.0.2/lib/active_support/notifications/instrumenter.rb:58:in `instrument'
lead-manager-worker-prosody-5d8fbffd47-99fq9 lead-manager 	from /usr/local/bundle/gems/activerecord-8.0.2/lib/active_record/connection_adapters/abstract_adapter.rb:1135:in `log'
lead-manager-worker-prosody-5d8fbffd47-99fq9 lead-manager 	from /usr/local/bundle/gems/activerecord-8.0.2/lib/active_record/connection_adapters/abstract/database_statements.rb:554:in `raw_execute'
lead-manager-worker-prosody-5d8fbffd47-99fq9 lead-manager 	from /usr/local/bundle/gems/activerecord-8.0.2/lib/active_record/connection_adapters/abstract/database_statements.rb:591:in `internal_execute'
lead-manager-worker-prosody-5d8fbffd47-99fq9 lead-manager 	from /usr/local/bundle/gems/activerecord-8.0.2/lib/active_record/connection_adapters/abstract/database_statements.rb:547:in `internal_exec_query'
lead-manager-worker-prosody-5d8fbffd47-99fq9 lead-manager 	from /usr/local/bundle/gems/activerecord-8.0.2/lib/active_record/connection_adapters/abstract/database_statements.rb:693:in `select'
lead-manager-worker-prosody-5d8fbffd47-99fq9 lead-manager 	from /usr/local/bundle/gems/activerecord-8.0.2/lib/active_record/connection_adapters/abstract/database_statements.rb:73:in `select_all'
lead-manager-worker-prosody-5d8fbffd47-99fq9 lead-manager 	from /usr/local/bundle/gems/activerecord-8.0.2/lib/active_record/connection_adapters/abstract/query_cache.rb:251:in `select_all'
lead-manager-worker-prosody-5d8fbffd47-99fq9 lead-manager 	from /usr/local/bundle/gems/activerecord-8.0.2/lib/active_record/connection_adapters/mysql2/database_statements.rb:12:in `select_all'
lead-manager-worker-prosody-5d8fbffd47-99fq9 lead-manager 	from /usr/local/bundle/gems/activerecord-8.0.2/lib/active_record/querying.rb:68:in `_query_by_sql'
lead-manager-worker-prosody-5d8fbffd47-99fq9 lead-manager 	from /usr/local/bundle/gems/activerecord-8.0.2/lib/active_record/querying.rb:53:in `block in find_by_sql'
lead-manager-worker-prosody-5d8fbffd47-99fq9 lead-manager 	from /usr/local/bundle/gems/activerecord-8.0.2/lib/active_record/connection_adapters/abstract/connection_pool.rb:412:in `with_connection'
lead-manager-worker-prosody-5d8fbffd47-99fq9 lead-manager 	from /usr/local/bundle/gems/activerecord-8.0.2/lib/active_record/connection_handling.rb:310:in `with_connection'
lead-manager-worker-prosody-5d8fbffd47-99fq9 lead-manager 	from /usr/local/bundle/gems/activerecord-8.0.2/lib/active_record/querying.rb:52:in `find_by_sql'
lead-manager-worker-prosody-5d8fbffd47-99fq9 lead-manager 	from /usr/local/bundle/gems/activerecord-8.0.2/lib/active_record/statement_cache.rb:152:in `execute'
lead-manager-worker-prosody-5d8fbffd47-99fq9 lead-manager 	from /usr/local/bundle/gems/activerecord-8.0.2/lib/active_record/core.rb:454:in `block in cached_find_by'
lead-manager-worker-prosody-5d8fbffd47-99fq9 lead-manager 	from /usr/local/bundle/gems/activerecord-8.0.2/lib/active_record/connection_adapters/abstract/connection_pool.rb:412:in `with_connection'
lead-manager-worker-prosody-5d8fbffd47-99fq9 lead-manager 	from /usr/local/bundle/gems/activerecord-8.0.2/lib/active_record/connection_handling.rb:310:in `with_connection'
lead-manager-worker-prosody-5d8fbffd47-99fq9 lead-manager 	from /usr/local/bundle/gems/activerecord-8.0.2/lib/active_record/core.rb:442:in `cached_find_by'
lead-manager-worker-prosody-5d8fbffd47-99fq9 lead-manager 	from /usr/local/bundle/gems/activerecord-8.0.2/lib/active_record/core.rb:327:in `find_by'
lead-manager-worker-prosody-5d8fbffd47-99fq9 lead-manager 	from /usr/src/app/services/prosody_handlers/crm_agent_asserted.rb:5:in `perform'
lead-manager-worker-prosody-5d8fbffd47-99fq9 lead-manager 	from /usr/src/app/services/prosody_handler.rb:9:in `on_message'
lead-manager-worker-prosody-5d8fbffd47-99fq9 lead-manager 	from /usr/local/bundle/gems/prosody-1.1.1-x86_64-linux/lib/prosody/processor.rb:281:in `block (2 levels) in start_worker'
lead-manager-worker-prosody-5d8fbffd47-99fq9 lead-manager 	from /usr/local/bundle/gems/opentelemetry-api-1.7.0/lib/opentelemetry/trace.rb:70:in `block in with_span'
lead-manager-worker-prosody-5d8fbffd47-99fq9 lead-manager 	from /usr/local/bundle/gems/opentelemetry-api-1.7.0/lib/opentelemetry/context.rb:88:in `with_value'
lead-manager-worker-prosody-5d8fbffd47-99fq9 lead-manager 	from /usr/local/bundle/gems/opentelemetry-api-1.7.0/lib/opentelemetry/trace.rb:70:in `with_span'
lead-manager-worker-prosody-5d8fbffd47-99fq9 lead-manager 	from /usr/local/bundle/gems/prosody-1.1.1-x86_64-linux/lib/prosody/processor.rb:279:in `block in start_worker'
lead-manager-worker-prosody-5d8fbffd47-99fq9 lead-manager 	from /usr/local/bundle/gems/async-2.32.0/lib/async/task.rb:207:in `block in run'
lead-manager-worker-prosody-5d8fbffd47-99fq9 lead-manager 	from /usr/local/bundle/gems/async-2.32.0/lib/async/task.rb:452:in `block in schedule'
lead-manager-worker-prosody-5d8fbffd47-99fq9 lead-manager /usr/local/bundle/gems/mysql2-0.5.5/lib/mysql2/client.rb:151:in `_query': This connection is in use by: #<Fiber:0x00007f61232eb298 /usr/local/bundle/gems/async-2.32.0/lib/async/task.rb:450 (suspended)> (Mysql2::Error)
lead-manager-worker-prosody-5d8fbffd47-99fq9 lead-manager 	from /usr/local/bundle/gems/mysql2-0.5.5/lib/mysql2/client.rb:151:in `block in query'
lead-manager-worker-prosody-5d8fbffd47-99fq9 lead-manager 	from /usr/local/bundle/gems/mysql2-0.5.5/lib/mysql2/client.rb:150:in `handle_interrupt'
lead-manager-worker-prosody-5d8fbffd47-99fq9 lead-manager 	from /usr/local/bundle/gems/mysql2-0.5.5/lib/mysql2/client.rb:150:in `query'
lead-manager-worker-prosody-5d8fbffd47-99fq9 lead-manager 	from /usr/local/bundle/gems/prometheus_exporter-2.1.0/lib/prometheus_exporter/instrumentation/method_profiler.rb:80:in `query'
lead-manager-worker-prosody-5d8fbffd47-99fq9 lead-manager 	from /usr/local/bundle/gems/activerecord-8.0.2/lib/active_record/connection_adapters/mysql2/database_statements.rb:54:in `block in perform_query'
lead-manager-worker-prosody-5d8fbffd47-99fq9 lead-manager 	from /usr/local/bundle/gems/activesupport-8.0.2/lib/active_support/concurrency/share_lock.rb:186:in `yield_shares'
lead-manager-worker-prosody-5d8fbffd47-99fq9 lead-manager 	from /usr/local/bundle/gems/activesupport-8.0.2/lib/active_support/dependencies/interlock.rb:41:in `permit_concurrent_loads'
lead-manager-worker-prosody-5d8fbffd47-99fq9 lead-manager 	from /usr/local/bundle/gems/activerecord-8.0.2/lib/active_record/connection_adapters/mysql2/database_statements.rb:53:in `perform_query'
lead-manager-worker-prosody-5d8fbffd47-99fq9 lead-manager 	from /usr/local/bundle/gems/activerecord-8.0.2/lib/active_record/connection_adapters/abstract/database_statements.rb:556:in `block (2 levels) in raw_execute'
lead-manager-worker-prosody-5d8fbffd47-99fq9 lead-manager 	from /usr/local/bundle/gems/activerecord-8.0.2/lib/active_record/connection_adapters/abstract_adapter.rb:1015:in `block in with_raw_connection'
lead-manager-worker-prosody-5d8fbffd47-99fq9 lead-manager 	from /usr/local/bundle/gems/activesupport-8.0.2/lib/active_support/concurrency/null_lock.rb:9:in `synchronize'
lead-manager-worker-prosody-5d8fbffd47-99fq9 lead-manager 	from /usr/local/bundle/gems/activerecord-8.0.2/lib/active_record/connection_adapters/abstract_adapter.rb:984:in `with_raw_connection'
lead-manager-worker-prosody-5d8fbffd47-99fq9 lead-manager 	from /usr/local/bundle/gems/activerecord-8.0.2/lib/active_record/connection_adapters/abstract/database_statements.rb:555:in `block in raw_execute'
lead-manager-worker-prosody-5d8fbffd47-99fq9 lead-manager 	from /usr/local/bundle/gems/activesupport-8.0.2/lib/active_support/notifications/instrumenter.rb:58:in `instrument'
lead-manager-worker-prosody-5d8fbffd47-99fq9 lead-manager 	from /usr/local/bundle/gems/activerecord-8.0.2/lib/active_record/connection_adapters/abstract_adapter.rb:1135:in `log'
lead-manager-worker-prosody-5d8fbffd47-99fq9 lead-manager 	from /usr/local/bundle/gems/activerecord-8.0.2/lib/active_record/connection_adapters/abstract/database_statements.rb:554:in `raw_execute'
lead-manager-worker-prosody-5d8fbffd47-99fq9 lead-manager 	from /usr/local/bundle/gems/activerecord-8.0.2/lib/active_record/connection_adapters/abstract/database_statements.rb:591:in `internal_execute'
lead-manager-worker-prosody-5d8fbffd47-99fq9 lead-manager 	from /usr/local/bundle/gems/activerecord-8.0.2/lib/active_record/connection_adapters/abstract/database_statements.rb:547:in `internal_exec_query'
lead-manager-worker-prosody-5d8fbffd47-99fq9 lead-manager 	from /usr/local/bundle/gems/activerecord-8.0.2/lib/active_record/connection_adapters/abstract/database_statements.rb:693:in `select'
lead-manager-worker-prosody-5d8fbffd47-99fq9 lead-manager 	from /usr/local/bundle/gems/activerecord-8.0.2/lib/active_record/connection_adapters/abstract/database_statements.rb:73:in `select_all'
lead-manager-worker-prosody-5d8fbffd47-99fq9 lead-manager 	from /usr/local/bundle/gems/activerecord-8.0.2/lib/active_record/connection_adapters/abstract/query_cache.rb:251:in `select_all'
lead-manager-worker-prosody-5d8fbffd47-99fq9 lead-manager 	from /usr/local/bundle/gems/activerecord-8.0.2/lib/active_record/connection_adapters/mysql2/database_statements.rb:12:in `select_all'
lead-manager-worker-prosody-5d8fbffd47-99fq9 lead-manager 	from /usr/local/bundle/gems/activerecord-8.0.2/lib/active_record/querying.rb:68:in `_query_by_sql'
lead-manager-worker-prosody-5d8fbffd47-99fq9 lead-manager 	from /usr/local/bundle/gems/activerecord-8.0.2/lib/active_record/querying.rb:53:in `block in find_by_sql'
lead-manager-worker-prosody-5d8fbffd47-99fq9 lead-manager 	from /usr/local/bundle/gems/activerecord-8.0.2/lib/active_record/connection_adapters/abstract/connection_pool.rb:412:in `with_connection'
lead-manager-worker-prosody-5d8fbffd47-99fq9 lead-manager 	from /usr/local/bundle/gems/activerecord-8.0.2/lib/active_record/connection_handling.rb:310:in `with_connection'
lead-manager-worker-prosody-5d8fbffd47-99fq9 lead-manager 	from /usr/local/bundle/gems/activerecord-8.0.2/lib/active_record/querying.rb:52:in `find_by_sql'
lead-manager-worker-prosody-5d8fbffd47-99fq9 lead-manager 	from /usr/local/bundle/gems/activerecord-8.0.2/lib/active_record/statement_cache.rb:152:in `execute'
lead-manager-worker-prosody-5d8fbffd47-99fq9 lead-manager 	from /usr/local/bundle/gems/activerecord-8.0.2/lib/active_record/core.rb:454:in `block in cached_find_by'
lead-manager-worker-prosody-5d8fbffd47-99fq9 lead-manager 	from /usr/local/bundle/gems/activerecord-8.0.2/lib/active_record/connection_adapters/abstract/connection_pool.rb:412:in `with_connection'
lead-manager-worker-prosody-5d8fbffd47-99fq9 lead-manager 	from /usr/local/bundle/gems/activerecord-8.0.2/lib/active_record/connection_handling.rb:310:in `with_connection'
lead-manager-worker-prosody-5d8fbffd47-99fq9 lead-manager 	from /usr/local/bundle/gems/activerecord-8.0.2/lib/active_record/core.rb:442:in `cached_find_by'
lead-manager-worker-prosody-5d8fbffd47-99fq9 lead-manager 	from /usr/local/bundle/gems/activerecord-8.0.2/lib/active_record/core.rb:327:in `find_by'
lead-manager-worker-prosody-5d8fbffd47-99fq9 lead-manager 	from /usr/src/app/services/prosody_handlers/crm_agent_asserted.rb:5:in `perform'
lead-manager-worker-prosody-5d8fbffd47-99fq9 lead-manager 	from /usr/src/app/services/prosody_handler.rb:9:in `on_message'
lead-manager-worker-prosody-5d8fbffd47-99fq9 lead-manager 	from /usr/local/bundle/gems/prosody-1.1.1-x86_64-linux/lib/prosody/processor.rb:281:in `block (2 levels) in start_worker'
lead-manager-worker-prosody-5d8fbffd47-99fq9 lead-manager 	from /usr/local/bundle/gems/opentelemetry-api-1.7.0/lib/opentelemetry/trace.rb:70:in `block in with_span'
lead-manager-worker-prosody-5d8fbffd47-99fq9 lead-manager 	from /usr/local/bundle/gems/opentelemetry-api-1.7.0/lib/opentelemetry/context.rb:88:in `with_value'
lead-manager-worker-prosody-5d8fbffd47-99fq9 lead-manager 	from /usr/local/bundle/gems/opentelemetry-api-1.7.0/lib/opentelemetry/trace.rb:70:in `with_span'
lead-manager-worker-prosody-5d8fbffd47-99fq9 lead-manager 	from /usr/local/bundle/gems/prosody-1.1.1-x86_64-linux/lib/prosody/processor.rb:279:in `block in start_worker'
lead-manager-worker-prosody-5d8fbffd47-99fq9 lead-manager 	from /usr/local/bundle/gems/async-2.32.0/lib/async/task.rb:207:in `block in run'
lead-manager-worker-prosody-5d8fbffd47-99fq9 lead-manager 	from /usr/local/bundle/gems/async-2.32.0/lib/async/task.rb:452:in `block in schedule'
lead-manager-worker-prosody-5d8fbffd47-99fq9 lead-manager ; retrying after 17ms module=prosody::consumer::failure::retry line=342 partition=0 key=realgeeks:81660 offset=214 attempt=1 topic=witco.agent-events
lead-manager-worker-prosody-5d8fbffd47-99fq9 lead-manager D, [2025-09-23T18:54:40.149846 #1] DEBUG -- : Executing task witco.agent-events/0:214
lead-manager-worker-prosody-5d8fbffd47-99fq9 lead-manager E, [2025-09-23T18:54:40.228966 #1] ERROR -- : Error executing task witco.agent-events/0:214: Mysql2::Error: This connection is in use by: #<Fiber:0x00007f61233026c8 /usr/local/bundle/gems/async-2.32.0/lib/async/task.rb:450 (suspended)>
lead-manager-worker-prosody-5d8fbffd47-99fq9 lead-manager D, [2025-09-23T18:54:40.229567 #1] DEBUG -- : Task witco.agent-events/0:216 completed successfully
lead-manager-worker-prosody-5d8fbffd47-99fq9 lead-manager E, [2025-09-23T18:54:40.240209 #1] ERROR -- : failed to handle message: handler error: transient error: /usr/local/bundle/gems/mysql2-0.5.5/lib/mysql2/client.rb:151:in `_query': Mysql2::Error: This connection is in use by: #<Fiber:0x00007f61233026c8 /usr/local/bundle/gems/async-2.32.0/lib/async/task.rb:450 (suspended)> (ActiveRecord::StatementInvalid)
lead-manager-worker-prosody-5d8fbffd47-99fq9 lead-manager 	from /usr/local/bundle/gems/mysql2-0.5.5/lib/mysql2/client.rb:151:in `block in query'
lead-manager-worker-prosody-5d8fbffd47-99fq9 lead-manager 	from /usr/local/bundle/gems/mysql2-0.5.5/lib/mysql2/client.rb:150:in `handle_interrupt'
lead-manager-worker-prosody-5d8fbffd47-99fq9 lead-manager 	from /usr/local/bundle/gems/mysql2-0.5.5/lib/mysql2/client.rb:150:in `query'
lead-manager-worker-prosody-5d8fbffd47-99fq9 lead-manager 	from /usr/local/bundle/gems/prometheus_exporter-2.1.0/lib/prometheus_exporter/instrumentation/method_profiler.rb:80:in `query'
lead-manager-worker-prosody-5d8fbffd47-99fq9 lead-manager 	from /usr/local/bundle/gems/activerecord-8.0.2/lib/active_record/connection_adapters/mysql2/database_statements.rb:54:in `block in perform_query'
lead-manager-worker-prosody-5d8fbffd47-99fq9 lead-manager 	from /usr/local/bundle/gems/activesupport-8.0.2/lib/active_support/concurrency/share_lock.rb:186:in `yield_shares'
lead-manager-worker-prosody-5d8fbffd47-99fq9 lead-manager 	from /usr/local/bundle/gems/activesupport-8.0.2/lib/active_support/dependencies/interlock.rb:41:in `permit_concurrent_loads'
lead-manager-worker-prosody-5d8fbffd47-99fq9 lead-manager 	from /usr/local/bundle/gems/activerecord-8.0.2/lib/active_record/connection_adapters/mysql2/database_statements.rb:53:in `perform_query'
lead-manager-worker-prosody-5d8fbffd47-99fq9 lead-manager 	from /usr/local/bundle/gems/activerecord-8.0.2/lib/active_record/connection_adapters/abstract/database_statements.rb:556:in `block (2 levels) in raw_execute'
lead-manager-worker-prosody-5d8fbffd47-99fq9 lead-manager 	from /usr/local/bundle/gems/activerecord-8.0.2/lib/active_record/connection_adapters/abstract_adapter.rb:1015:in `block in with_raw_connection'
lead-manager-worker-prosody-5d8fbffd47-99fq9 lead-manager 	from /usr/local/bundle/gems/activesupport-8.0.2/lib/active_support/concurrency/null_lock.rb:9:in `synchronize'
lead-manager-worker-prosody-5d8fbffd47-99fq9 lead-manager 	from /usr/local/bundle/gems/activerecord-8.0.2/lib/active_record/connection_adapters/abstract_adapter.rb:984:in `with_raw_connection'
lead-manager-worker-prosody-5d8fbffd47-99fq9 lead-manager 	from /usr/local/bundle/gems/activerecord-8.0.2/lib/active_record/connection_adapters/abstract/database_statements.rb:555:in `block in raw_execute'
lead-manager-worker-prosody-5d8fbffd47-99fq9 lead-manager 	from /usr/local/bundle/gems/activesupport-8.0.2/lib/active_support/notifications/instrumenter.rb:58:in `instrument'
lead-manager-worker-prosody-5d8fbffd47-99fq9 lead-manager 	from /usr/local/bundle/gems/activerecord-8.0.2/lib/active_record/connection_adapters/abstract_adapter.rb:1135:in `log'
lead-manager-worker-prosody-5d8fbffd47-99fq9 lead-manager 	from /usr/local/bundle/gems/activerecord-8.0.2/lib/active_record/connection_adapters/abstract/database_statements.rb:554:in `raw_execute'
lead-manager-worker-prosody-5d8fbffd47-99fq9 lead-manager 	from /usr/local/bundle/gems/activerecord-8.0.2/lib/active_record/connection_adapters/abstract/database_statements.rb:591:in `internal_execute'
lead-manager-worker-prosody-5d8fbffd47-99fq9 lead-manager 	from /usr/local/bundle/gems/activerecord-8.0.2/lib/active_record/connection_adapters/abstract/database_statements.rb:547:in `internal_exec_query'
lead-manager-worker-prosody-5d8fbffd47-99fq9 lead-manager 	from /usr/local/bundle/gems/activerecord-8.0.2/lib/active_record/connection_adapters/abstract/database_statements.rb:693:in `select'
lead-manager-worker-prosody-5d8fbffd47-99fq9 lead-manager 	from /usr/local/bundle/gems/activerecord-8.0.2/lib/active_record/connection_adapters/abstract/database_statements.rb:73:in `select_all'
lead-manager-worker-prosody-5d8fbffd47-99fq9 lead-manager 	from /usr/local/bundle/gems/activerecord-8.0.2/lib/active_record/connection_adapters/abstract/query_cache.rb:251:in `select_all'
lead-manager-worker-prosody-5d8fbffd47-99fq9 lead-manager 	from /usr/local/bundle/gems/activerecord-8.0.2/lib/active_record/connection_adapters/mysql2/database_statements.rb:12:in `select_all'
lead-manager-worker-prosody-5d8fbffd47-99fq9 lead-manager 	from /usr/local/bundle/gems/activerecord-8.0.2/lib/active_record/querying.rb:68:in `_query_by_sql'
lead-manager-worker-prosody-5d8fbffd47-99fq9 lead-manager 	from /usr/local/bundle/gems/activerecord-8.0.2/lib/active_record/querying.rb:53:in `block in find_by_sql'
lead-manager-worker-prosody-5d8fbffd47-99fq9 lead-manager 	from /usr/local/bundle/gems/activerecord-8.0.2/lib/active_record/connection_adapters/abstract/connection_pool.rb:412:in `with_connection'
lead-manager-worker-prosody-5d8fbffd47-99fq9 lead-manager 	from /usr/local/bundle/gems/activerecord-8.0.2/lib/active_record/connection_handling.rb:310:in `with_connection'
lead-manager-worker-prosody-5d8fbffd47-99fq9 lead-manager 	from /usr/local/bundle/gems/activerecord-8.0.2/lib/active_record/querying.rb:52:in `find_by_sql'
lead-manager-worker-prosody-5d8fbffd47-99fq9 lead-manager 	from /usr/local/bundle/gems/activerecord-8.0.2/lib/active_record/statement_cache.rb:152:in `execute'
lead-manager-worker-prosody-5d8fbffd47-99fq9 lead-manager 	from /usr/local/bundle/gems/activerecord-8.0.2/lib/active_record/core.rb:454:in `block in cached_find_by'
lead-manager-worker-prosody-5d8fbffd47-99fq9 lead-manager 	from /usr/local/bundle/gems/activerecord-8.0.2/lib/active_record/connection_adapters/abstract/connection_pool.rb:412:in `with_connection'
lead-manager-worker-prosody-5d8fbffd47-99fq9 lead-manager 	from /usr/local/bundle/gems/activerecord-8.0.2/lib/active_record/connection_handling.rb:310:in `with_connection'
lead-manager-worker-prosody-5d8fbffd47-99fq9 lead-manager 	from /usr/local/bundle/gems/activerecord-8.0.2/lib/active_record/core.rb:442:in `cached_find_by'
lead-manager-worker-prosody-5d8fbffd47-99fq9 lead-manager 	from /usr/local/bundle/gems/activerecord-8.0.2/lib/active_record/core.rb:327:in `find_by'
lead-manager-worker-prosody-5d8fbffd47-99fq9 lead-manager 	from /usr/src/app/services/prosody_handlers/crm_agent_asserted.rb:5:in `perform'
lead-manager-worker-prosody-5d8fbffd47-99fq9 lead-manager 	from /usr/src/app/services/prosody_handler.rb:9:in `on_message'
lead-manager-worker-prosody-5d8fbffd47-99fq9 lead-manager 	from /usr/local/bundle/gems/prosody-1.1.1-x86_64-linux/lib/prosody/processor.rb:281:in `block (2 levels) in start_worker'
lead-manager-worker-prosody-5d8fbffd47-99fq9 lead-manager 	from /usr/local/bundle/gems/opentelemetry-api-1.7.0/lib/opentelemetry/trace.rb:70:in `block in with_span'
lead-manager-worker-prosody-5d8fbffd47-99fq9 lead-manager 	from /usr/local/bundle/gems/opentelemetry-api-1.7.0/lib/opentelemetry/context.rb:88:in `with_value'
lead-manager-worker-prosody-5d8fbffd47-99fq9 lead-manager 	from /usr/local/bundle/gems/opentelemetry-api-1.7.0/lib/opentelemetry/trace.rb:70:in `with_span'
lead-manager-worker-prosody-5d8fbffd47-99fq9 lead-manager 	from /usr/local/bundle/gems/prosody-1.1.1-x86_64-linux/lib/prosody/processor.rb:279:in `block in start_worker'
lead-manager-worker-prosody-5d8fbffd47-99fq9 lead-manager 	from /usr/local/bundle/gems/async-2.32.0/lib/async/task.rb:207:in `block in run'
lead-manager-worker-prosody-5d8fbffd47-99fq9 lead-manager 	from /usr/local/bundle/gems/async-2.32.0/lib/async/task.rb:452:in `block in schedule'
lead-manager-worker-prosody-5d8fbffd47-99fq9 lead-manager /usr/local/bundle/gems/mysql2-0.5.5/lib/mysql2/client.rb:151:in `_query': This connection is in use by: #<Fiber:0x00007f61233026c8 /usr/local/bundle/gems/async-2.32.0/lib/async/task.rb:450 (suspended)> (Mysql2::Error)
lead-manager-worker-prosody-5d8fbffd47-99fq9 lead-manager 	from /usr/local/bundle/gems/mysql2-0.5.5/lib/mysql2/client.rb:151:in `block in query'
lead-manager-worker-prosody-5d8fbffd47-99fq9 lead-manager 	from /usr/local/bundle/gems/mysql2-0.5.5/lib/mysql2/client.rb:150:in `handle_interrupt'
lead-manager-worker-prosody-5d8fbffd47-99fq9 lead-manager 	from /usr/local/bundle/gems/mysql2-0.5.5/lib/mysql2/client.rb:150:in `query'
lead-manager-worker-prosody-5d8fbffd47-99fq9 lead-manager 	from /usr/local/bundle/gems/prometheus_exporter-2.1.0/lib/prometheus_exporter/instrumentation/method_profiler.rb:80:in `query'
lead-manager-worker-prosody-5d8fbffd47-99fq9 lead-manager 	from /usr/local/bundle/gems/activerecord-8.0.2/lib/active_record/connection_adapters/mysql2/database_statements.rb:54:in `block in perform_query'
lead-manager-worker-prosody-5d8fbffd47-99fq9 lead-manager 	from /usr/local/bundle/gems/activesupport-8.0.2/lib/active_support/concurrency/share_lock.rb:186:in `yield_shares'
lead-manager-worker-prosody-5d8fbffd47-99fq9 lead-manager 	from /usr/local/bundle/gems/activesupport-8.0.2/lib/active_support/dependencies/interlock.rb:41:in `permit_concurrent_loads'
lead-manager-worker-prosody-5d8fbffd47-99fq9 lead-manager 	from /usr/local/bundle/gems/activerecord-8.0.2/lib/active_record/connection_adapters/mysql2/database_statements.rb:53:in `perform_query'
lead-manager-worker-prosody-5d8fbffd47-99fq9 lead-manager 	from /usr/local/bundle/gems/activerecord-8.0.2/lib/active_record/connection_adapters/abstract/database_statements.rb:556:in `block (2 levels) in raw_execute'
lead-manager-worker-prosody-5d8fbffd47-99fq9 lead-manager 	from /usr/local/bundle/gems/activerecord-8.0.2/lib/active_record/connection_adapters/abstract_adapter.rb:1015:in `block in with_raw_connection'
lead-manager-worker-prosody-5d8fbffd47-99fq9 lead-manager 	from /usr/local/bundle/gems/activesupport-8.0.2/lib/active_support/concurrency/null_lock.rb:9:in `synchronize'
lead-manager-worker-prosody-5d8fbffd47-99fq9 lead-manager 	from /usr/local/bundle/gems/activerecord-8.0.2/lib/active_record/connection_adapters/abstract_adapter.rb:984:in `with_raw_connection'
lead-manager-worker-prosody-5d8fbffd47-99fq9 lead-manager 	from /usr/local/bundle/gems/activerecord-8.0.2/lib/active_record/connection_adapters/abstract/database_statements.rb:555:in `block in raw_execute'
lead-manager-worker-prosody-5d8fbffd47-99fq9 lead-manager 	from /usr/local/bundle/gems/activesupport-8.0.2/lib/active_support/notifications/instrumenter.rb:58:in `instrument'
lead-manager-worker-prosody-5d8fbffd47-99fq9 lead-manager 	from /usr/local/bundle/gems/activerecord-8.0.2/lib/active_record/connection_adapters/abstract_adapter.rb:1135:in `log'
lead-manager-worker-prosody-5d8fbffd47-99fq9 lead-manager 	from /usr/local/bundle/gems/activerecord-8.0.2/lib/active_record/connection_adapters/abstract/database_statements.rb:554:in `raw_execute'
lead-manager-worker-prosody-5d8fbffd47-99fq9 lead-manager 	from /usr/local/bundle/gems/activerecord-8.0.2/lib/active_record/connection_adapters/abstract/database_statements.rb:591:in `internal_execute'
lead-manager-worker-prosody-5d8fbffd47-99fq9 lead-manager 	from /usr/local/bundle/gems/activerecord-8.0.2/lib/active_record/connection_adapters/abstract/database_statements.rb:547:in `internal_exec_query'
lead-manager-worker-prosody-5d8fbffd47-99fq9 lead-manager 	from /usr/local/bundle/gems/activerecord-8.0.2/lib/active_record/connection_adapters/abstract/database_statements.rb:693:in `select'
lead-manager-worker-prosody-5d8fbffd47-99fq9 lead-manager 	from /usr/local/bundle/gems/activerecord-8.0.2/lib/active_record/connection_adapters/abstract/database_statements.rb:73:in `select_all'
lead-manager-worker-prosody-5d8fbffd47-99fq9 lead-manager 	from /usr/local/bundle/gems/activerecord-8.0.2/lib/active_record/connection_adapters/abstract/query_cache.rb:251:in `select_all'
lead-manager-worker-prosody-5d8fbffd47-99fq9 lead-manager 	from /usr/local/bundle/gems/activerecord-8.0.2/lib/active_record/connection_adapters/mysql2/database_statements.rb:12:in `select_all'
lead-manager-worker-prosody-5d8fbffd47-99fq9 lead-manager 	from /usr/local/bundle/gems/activerecord-8.0.2/lib/active_record/querying.rb:68:in `_query_by_sql'
lead-manager-worker-prosody-5d8fbffd47-99fq9 lead-manager 	from /usr/local/bundle/gems/activerecord-8.0.2/lib/active_record/querying.rb:53:in `block in find_by_sql'
lead-manager-worker-prosody-5d8fbffd47-99fq9 lead-manager 	from /usr/local/bundle/gems/activerecord-8.0.2/lib/active_record/connection_adapters/abstract/connection_pool.rb:412:in `with_connection'
lead-manager-worker-prosody-5d8fbffd47-99fq9 lead-manager 	from /usr/local/bundle/gems/activerecord-8.0.2/lib/active_record/connection_handling.rb:310:in `with_connection'
lead-manager-worker-prosody-5d8fbffd47-99fq9 lead-manager 	from /usr/local/bundle/gems/activerecord-8.0.2/lib/active_record/querying.rb:52:in `find_by_sql'
lead-manager-worker-prosody-5d8fbffd47-99fq9 lead-manager 	from /usr/local/bundle/gems/activerecord-8.0.2/lib/active_record/statement_cache.rb:152:in `execute'
lead-manager-worker-prosody-5d8fbffd47-99fq9 lead-manager 	from /usr/local/bundle/gems/activerecord-8.0.2/lib/active_record/core.rb:454:in `block in cached_find_by'
lead-manager-worker-prosody-5d8fbffd47-99fq9 lead-manager 	from /usr/local/bundle/gems/activerecord-8.0.2/lib/active_record/connection_adapters/abstract/connection_pool.rb:412:in `with_connection'
lead-manager-worker-prosody-5d8fbffd47-99fq9 lead-manager 	from /usr/local/bundle/gems/activerecord-8.0.2/lib/active_record/connection_handling.rb:310:in `with_connection'
lead-manager-worker-prosody-5d8fbffd47-99fq9 lead-manager 	from /usr/local/bundle/gems/activerecord-8.0.2/lib/active_record/core.rb:442:in `cached_find_by'
lead-manager-worker-prosody-5d8fbffd47-99fq9 lead-manager 	from /usr/local/bundle/gems/activerecord-8.0.2/lib/active_record/core.rb:327:in `find_by'
lead-manager-worker-prosody-5d8fbffd47-99fq9 lead-manager 	from /usr/src/app/services/prosody_handlers/crm_agent_asserted.rb:5:in `perform'
lead-manager-worker-prosody-5d8fbffd47-99fq9 lead-manager 	from /usr/src/app/services/prosody_handler.rb:9:in `on_message'
lead-manager-worker-prosody-5d8fbffd47-99fq9 lead-manager 	from /usr/local/bundle/gems/prosody-1.1.1-x86_64-linux/lib/prosody/processor.rb:281:in `block (2 levels) in start_worker'
lead-manager-worker-prosody-5d8fbffd47-99fq9 lead-manager 	from /usr/local/bundle/gems/opentelemetry-api-1.7.0/lib/opentelemetry/trace.rb:70:in `block in with_span'
lead-manager-worker-prosody-5d8fbffd47-99fq9 lead-manager 	from /usr/local/bundle/gems/opentelemetry-api-1.7.0/lib/opentelemetry/context.rb:88:in `with_value'
lead-manager-worker-prosody-5d8fbffd47-99fq9 lead-manager 	from /usr/local/bundle/gems/opentelemetry-api-1.7.0/lib/opentelemetry/trace.rb:70:in `with_span'
lead-manager-worker-prosody-5d8fbffd47-99fq9 lead-manager 	from /usr/local/bundle/gems/prosody-1.1.1-x86_64-linux/lib/prosody/processor.rb:279:in `block in start_worker'
lead-manager-worker-prosody-5d8fbffd47-99fq9 lead-manager 	from /usr/local/bundle/gems/async-2.32.0/lib/async/task.rb:207:in `block in run'
lead-manager-worker-prosody-5d8fbffd47-99fq9 lead-manager 	from /usr/local/bundle/gems/async-2.32.0/lib/async/task.rb:452:in `block in schedule'
lead-manager-worker-prosody-5d8fbffd47-99fq9 lead-manager ; retrying after 59ms module=prosody::consumer::failure::retry line=342 partition=0 key=realgeeks:81660 offset=214 attempt=2 topic=witco.agent-events
lead-manager-worker-prosody-5d8fbffd47-99fq9 lead-manager D, [2025-09-23T18:54:40.289481 #1] DEBUG -- : Executing task witco.agent-events/0:214
lead-manager-worker-prosody-5d8fbffd47-99fq9 lead-manager D, [2025-09-23T18:54:40.310856 #1] DEBUG -- : Task witco.agent-events/0:196 completed successfully
lead-manager-worker-prosody-5d8fbffd47-99fq9 lead-manager D, [2025-09-23T18:54:40.348037 #1] DEBUG -- : Executing task witco.agent-events/0:198
lead-manager-worker-prosody-5d8fbffd47-99fq9 lead-manager E, [2025-09-23T18:54:40.364713 #1] ERROR -- : Error executing task witco.agent-events/0:198: Mysql2::Error: This connection is in use by: #<Fiber:0x00007f612337eea8 /usr/local/bundle/gems/async-2.32.0/lib/async/task.rb:450 (suspended)>
lead-manager-worker-prosody-5d8fbffd47-99fq9 lead-manager E, [2025-09-23T18:54:40.367276 #1] ERROR -- : failed to handle message: handler error: transient error: /usr/local/bundle/gems/mysql2-0.5.5/lib/mysql2/client.rb:151:in `_query': Mysql2::Error: This connection is in use by: #<Fiber:0x00007f612337eea8 /usr/local/bundle/gems/async-2.32.0/lib/async/task.rb:450 (suspended)> (ActiveRecord::StatementInvalid)
lead-manager-worker-prosody-5d8fbffd47-99fq9 lead-manager 	from /usr/local/bundle/gems/mysql2-0.5.5/lib/mysql2/client.rb:151:in `block in query'
lead-manager-worker-prosody-5d8fbffd47-99fq9 lead-manager 	from /usr/local/bundle/gems/mysql2-0.5.5/lib/mysql2/client.rb:150:in `handle_interrupt'
lead-manager-worker-prosody-5d8fbffd47-99fq9 lead-manager 	from /usr/local/bundle/gems/mysql2-0.5.5/lib/mysql2/client.rb:150:in `query'
lead-manager-worker-prosody-5d8fbffd47-99fq9 lead-manager 	from /usr/local/bundle/gems/prometheus_exporter-2.1.0/lib/prometheus_exporter/instrumentation/method_profiler.rb:80:in `query'
lead-manager-worker-prosody-5d8fbffd47-99fq9 lead-manager 	from /usr/local/bundle/gems/activerecord-8.0.2/lib/active_record/connection_adapters/mysql2/database_statements.rb:54:in `block in perform_query'
lead-manager-worker-prosody-5d8fbffd47-99fq9 lead-manager 	from /usr/local/bundle/gems/activesupport-8.0.2/lib/active_support/concurrency/share_lock.rb:186:in `yield_shares'
lead-manager-worker-prosody-5d8fbffd47-99fq9 lead-manager 	from /usr/local/bundle/gems/activesupport-8.0.2/lib/active_support/dependencies/interlock.rb:41:in `permit_concurrent_loads'
lead-manager-worker-prosody-5d8fbffd47-99fq9 lead-manager 	from /usr/local/bundle/gems/activerecord-8.0.2/lib/active_record/connection_adapters/mysql2/database_statements.rb:53:in `perform_query'
lead-manager-worker-prosody-5d8fbffd47-99fq9 lead-manager 	from /usr/local/bundle/gems/activerecord-8.0.2/lib/active_record/connection_adapters/abstract/database_statements.rb:556:in `block (2 levels) in raw_execute'
lead-manager-worker-prosody-5d8fbffd47-99fq9 lead-manager 	from /usr/local/bundle/gems/activerecord-8.0.2/lib/active_record/connection_adapters/abstract_adapter.rb:1015:in `block in with_raw_connection'
lead-manager-worker-prosody-5d8fbffd47-99fq9 lead-manager 	from /usr/local/bundle/gems/activesupport-8.0.2/lib/active_support/concurrency/null_lock.rb:9:in `synchronize'
lead-manager-worker-prosody-5d8fbffd47-99fq9 lead-manager 	from /usr/local/bundle/gems/activerecord-8.0.2/lib/active_record/connection_adapters/abstract_adapter.rb:984:in `with_raw_connection'
lead-manager-worker-prosody-5d8fbffd47-99fq9 lead-manager 	from /usr/local/bundle/gems/activerecord-8.0.2/lib/active_record/connection_adapters/abstract/database_statements.rb:555:in `block in raw_execute'
lead-manager-worker-prosody-5d8fbffd47-99fq9 lead-manager 	from /usr/local/bundle/gems/activesupport-8.0.2/lib/active_support/notifications/instrumenter.rb:58:in `instrument'
lead-manager-worker-prosody-5d8fbffd47-99fq9 lead-manager 	from /usr/local/bundle/gems/activerecord-8.0.2/lib/active_record/connection_adapters/abstract_adapter.rb:1135:in `log'
lead-manager-worker-prosody-5d8fbffd47-99fq9 lead-manager 	from /usr/local/bundle/gems/activerecord-8.0.2/lib/active_record/connection_adapters/abstract/database_statements.rb:554:in `raw_execute'
lead-manager-worker-prosody-5d8fbffd47-99fq9 lead-manager 	from /usr/local/bundle/gems/activerecord-8.0.2/lib/active_record/connection_adapters/abstract/database_statements.rb:591:in `internal_execute'
lead-manager-worker-prosody-5d8fbffd47-99fq9 lead-manager 	from /usr/local/bundle/gems/activerecord-8.0.2/lib/active_record/connection_adapters/abstract/database_statements.rb:547:in `internal_exec_query'
lead-manager-worker-prosody-5d8fbffd47-99fq9 lead-manager 	from /usr/local/bundle/gems/activerecord-8.0.2/lib/active_record/connection_adapters/abstract/database_statements.rb:693:in `select'
lead-manager-worker-prosody-5d8fbffd47-99fq9 lead-manager 	from /usr/local/bundle/gems/activerecord-8.0.2/lib/active_record/connection_adapters/abstract/database_statements.rb:73:in `select_all'
lead-manager-worker-prosody-5d8fbffd47-99fq9 lead-manager 	from /usr/local/bundle/gems/activerecord-8.0.2/lib/active_record/connection_adapters/abstract/query_cache.rb:251:in `select_all'
lead-manager-worker-prosody-5d8fbffd47-99fq9 lead-manager 	from /usr/local/bundle/gems/activerecord-8.0.2/lib/active_record/connection_adapters/mysql2/database_statements.rb:12:in `select_all'
lead-manager-worker-prosody-5d8fbffd47-99fq9 lead-manager 	from /usr/local/bundle/gems/activerecord-8.0.2/lib/active_record/querying.rb:68:in `_query_by_sql'
lead-manager-worker-prosody-5d8fbffd47-99fq9 lead-manager 	from /usr/local/bundle/gems/activerecord-8.0.2/lib/active_record/querying.rb:53:in `block in find_by_sql'
lead-manager-worker-prosody-5d8fbffd47-99fq9 lead-manager 	from /usr/local/bundle/gems/activerecord-8.0.2/lib/active_record/connection_adapters/abstract/connection_pool.rb:412:in `with_connection'
lead-manager-worker-prosody-5d8fbffd47-99fq9 lead-manager 	from /usr/local/bundle/gems/activerecord-8.0.2/lib/active_record/connection_handling.rb:310:in `with_connection'
lead-manager-worker-prosody-5d8fbffd47-99fq9 lead-manager 	from /usr/local/bundle/gems/activerecord-8.0.2/lib/active_record/querying.rb:52:in `find_by_sql'
lead-manager-worker-prosody-5d8fbffd47-99fq9 lead-manager 	from /usr/local/bundle/gems/activerecord-8.0.2/lib/active_record/statement_cache.rb:152:in `execute'
lead-manager-worker-prosody-5d8fbffd47-99fq9 lead-manager 	from /usr/local/bundle/gems/activerecord-8.0.2/lib/active_record/core.rb:454:in `block in cached_find_by'
lead-manager-worker-prosody-5d8fbffd47-99fq9 lead-manager 	from /usr/local/bundle/gems/activerecord-8.0.2/lib/active_record/connection_adapters/abstract/connection_pool.rb:412:in `with_connection'
lead-manager-worker-prosody-5d8fbffd47-99fq9 lead-manager 	from /usr/local/bundle/gems/activerecord-8.0.2/lib/active_record/connection_handling.rb:310:in `with_connection'
lead-manager-worker-prosody-5d8fbffd47-99fq9 lead-manager 	from /usr/local/bundle/gems/activerecord-8.0.2/lib/active_record/core.rb:442:in `cached_find_by'
lead-manager-worker-prosody-5d8fbffd47-99fq9 lead-manager 	from /usr/local/bundle/gems/activerecord-8.0.2/lib/active_record/core.rb:327:in `find_by'
lead-manager-worker-prosody-5d8fbffd47-99fq9 lead-manager 	from /usr/src/app/services/prosody_handlers/crm_agent_asserted.rb:5:in `perform'
lead-manager-worker-prosody-5d8fbffd47-99fq9 lead-manager 	from /usr/src/app/services/prosody_handler.rb:9:in `on_message'
lead-manager-worker-prosody-5d8fbffd47-99fq9 lead-manager 	from /usr/local/bundle/gems/prosody-1.1.1-x86_64-linux/lib/prosody/processor.rb:281:in `block (2 levels) in start_worker'
lead-manager-worker-prosody-5d8fbffd47-99fq9 lead-manager 	from /usr/local/bundle/gems/opentelemetry-api-1.7.0/lib/opentelemetry/trace.rb:70:in `block in with_span'
lead-manager-worker-prosody-5d8fbffd47-99fq9 lead-manager 	from /usr/local/bundle/gems/opentelemetry-api-1.7.0/lib/opentelemetry/context.rb:88:in `with_value'
lead-manager-worker-prosody-5d8fbffd47-99fq9 lead-manager 	from /usr/local/bundle/gems/opentelemetry-api-1.7.0/lib/opentelemetry/trace.rb:70:in `with_span'
lead-manager-worker-prosody-5d8fbffd47-99fq9 lead-manager 	from /usr/local/bundle/gems/prosody-1.1.1-x86_64-linux/lib/prosody/processor.rb:279:in `block in start_worker'
lead-manager-worker-prosody-5d8fbffd47-99fq9 lead-manager 	from /usr/local/bundle/gems/async-2.32.0/lib/async/task.rb:207:in `block in run'
lead-manager-worker-prosody-5d8fbffd47-99fq9 lead-manager 	from /usr/local/bundle/gems/async-2.32.0/lib/async/task.rb:452:in `block in schedule'
lead-manager-worker-prosody-5d8fbffd47-99fq9 lead-manager /usr/local/bundle/gems/mysql2-0.5.5/lib/mysql2/client.rb:151:in `_query': This connection is in use by: #<Fiber:0x00007f612337eea8 /usr/local/bundle/gems/async-2.32.0/lib/async/task.rb:450 (suspended)> (Mysql2::Error)
lead-manager-worker-prosody-5d8fbffd47-99fq9 lead-manager 	from /usr/local/bundle/gems/mysql2-0.5.5/lib/mysql2/client.rb:151:in `block in query'
lead-manager-worker-prosody-5d8fbffd47-99fq9 lead-manager 	from /usr/local/bundle/gems/mysql2-0.5.5/lib/mysql2/client.rb:150:in `handle_interrupt'
lead-manager-worker-prosody-5d8fbffd47-99fq9 lead-manager 	from /usr/local/bundle/gems/mysql2-0.5.5/lib/mysql2/client.rb:150:in `query'
lead-manager-worker-prosody-5d8fbffd47-99fq9 lead-manager 	from /usr/local/bundle/gems/prometheus_exporter-2.1.0/lib/prometheus_exporter/instrumentation/method_profiler.rb:80:in `query'
lead-manager-worker-prosody-5d8fbffd47-99fq9 lead-manager 	from /usr/local/bundle/gems/activerecord-8.0.2/lib/active_record/connection_adapters/mysql2/database_statements.rb:54:in `block in perform_query'
lead-manager-worker-prosody-5d8fbffd47-99fq9 lead-manager 	from /usr/local/bundle/gems/activesupport-8.0.2/lib/active_support/concurrency/share_lock.rb:186:in `yield_shares'
lead-manager-worker-prosody-5d8fbffd47-99fq9 lead-manager 	from /usr/local/bundle/gems/activesupport-8.0.2/lib/active_support/dependencies/interlock.rb:41:in `permit_concurrent_loads'
lead-manager-worker-prosody-5d8fbffd47-99fq9 lead-manager 	from /usr/local/bundle/gems/activerecord-8.0.2/lib/active_record/connection_adapters/mysql2/database_statements.rb:53:in `perform_query'
lead-manager-worker-prosody-5d8fbffd47-99fq9 lead-manager 	from /usr/local/bundle/gems/activerecord-8.0.2/lib/active_record/connection_adapters/abstract/database_statements.rb:556:in `block (2 levels) in raw_execute'
lead-manager-worker-prosody-5d8fbffd47-99fq9 lead-manager 	from /usr/local/bundle/gems/activerecord-8.0.2/lib/active_record/connection_adapters/abstract_adapter.rb:1015:in `block in with_raw_connection'
lead-manager-worker-prosody-5d8fbffd47-99fq9 lead-manager 	from /usr/local/bundle/gems/activesupport-8.0.2/lib/active_support/concurrency/null_lock.rb:9:in `synchronize'
lead-manager-worker-prosody-5d8fbffd47-99fq9 lead-manager 	from /usr/local/bundle/gems/activerecord-8.0.2/lib/active_record/connection_adapters/abstract_adapter.rb:984:in `with_raw_connection'
lead-manager-worker-prosody-5d8fbffd47-99fq9 lead-manager 	from /usr/local/bundle/gems/activerecord-8.0.2/lib/active_record/connection_adapters/abstract/database_statements.rb:555:in `block in raw_execute'
lead-manager-worker-prosody-5d8fbffd47-99fq9 lead-manager 	from /usr/local/bundle/gems/activesupport-8.0.2/lib/active_support/notifications/instrumenter.rb:58:in `instrument'
lead-manager-worker-prosody-5d8fbffd47-99fq9 lead-manager 	from /usr/local/bundle/gems/activerecord-8.0.2/lib/active_record/connection_adapters/abstract_adapter.rb:1135:in `log'
lead-manager-worker-prosody-5d8fbffd47-99fq9 lead-manager 	from /usr/local/bundle/gems/activerecord-8.0.2/lib/active_record/connection_adapters/abstract/database_statements.rb:554:in `raw_execute'
lead-manager-worker-prosody-5d8fbffd47-99fq9 lead-manager 	from /usr/local/bundle/gems/activerecord-8.0.2/lib/active_record/connection_adapters/abstract/database_statements.rb:591:in `internal_execute'
lead-manager-worker-prosody-5d8fbffd47-99fq9 lead-manager 	from /usr/local/bundle/gems/activerecord-8.0.2/lib/active_record/connection_adapters/abstract/database_statements.rb:547:in `internal_exec_query'
lead-manager-worker-prosody-5d8fbffd47-99fq9 lead-manager 	from /usr/local/bundle/gems/activerecord-8.0.2/lib/active_record/connection_adapters/abstract/database_statements.rb:693:in `select'
lead-manager-worker-prosody-5d8fbffd47-99fq9 lead-manager 	from /usr/local/bundle/gems/activerecord-8.0.2/lib/active_record/connection_adapters/abstract/database_statements.rb:73:in `select_all'
lead-manager-worker-prosody-5d8fbffd47-99fq9 lead-manager 	from /usr/local/bundle/gems/activerecord-8.0.2/lib/active_record/connection_adapters/abstract/query_cache.rb:251:in `select_all'
lead-manager-worker-prosody-5d8fbffd47-99fq9 lead-manager 	from /usr/local/bundle/gems/activerecord-8.0.2/lib/active_record/connection_adapters/mysql2/database_statements.rb:12:in `select_all'
lead-manager-worker-prosody-5d8fbffd47-99fq9 lead-manager 	from /usr/local/bundle/gems/activerecord-8.0.2/lib/active_record/querying.rb:68:in `_query_by_sql'
lead-manager-worker-prosody-5d8fbffd47-99fq9 lead-manager 	from /usr/local/bundle/gems/activerecord-8.0.2/lib/active_record/querying.rb:53:in `block in find_by_sql'
lead-manager-worker-prosody-5d8fbffd47-99fq9 lead-manager 	from /usr/local/bundle/gems/activerecord-8.0.2/lib/active_record/connection_adapters/abstract/connection_pool.rb:412:in `with_connection'
lead-manager-worker-prosody-5d8fbffd47-99fq9 lead-manager 	from /usr/local/bundle/gems/activerecord-8.0.2/lib/active_record/connection_handling.rb:310:in `with_connection'
lead-manager-worker-prosody-5d8fbffd47-99fq9 lead-manager 	from /usr/local/bundle/gems/activerecord-8.0.2/lib/active_record/querying.rb:52:in `find_by_sql'
lead-manager-worker-prosody-5d8fbffd47-99fq9 lead-manager 	from /usr/local/bundle/gems/activerecord-8.0.2/lib/active_record/statement_cache.rb:152:in `execute'
lead-manager-worker-prosody-5d8fbffd47-99fq9 lead-manager 	from /usr/local/bundle/gems/activerecord-8.0.2/lib/active_record/core.rb:454:in `block in cached_find_by'
lead-manager-worker-prosody-5d8fbffd47-99fq9 lead-manager 	from /usr/local/bundle/gems/activerecord-8.0.2/lib/active_record/connection_adapters/abstract/connection_pool.rb:412:in `with_connection'
lead-manager-worker-prosody-5d8fbffd47-99fq9 lead-manager 	from /usr/local/bundle/gems/activerecord-8.0.2/lib/active_record/connection_handling.rb:310:in `with_connection'
lead-manager-worker-prosody-5d8fbffd47-99fq9 lead-manager 	from /usr/local/bundle/gems/activerecord-8.0.2/lib/active_record/core.rb:442:in `cached_find_by'
lead-manager-worker-prosody-5d8fbffd47-99fq9 lead-manager 	from /usr/local/bundle/gems/activerecord-8.0.2/lib/active_record/core.rb:327:in `find_by'
lead-manager-worker-prosody-5d8fbffd47-99fq9 lead-manager 	from /usr/src/app/services/prosody_handlers/crm_agent_asserted.rb:5:in `perform'
lead-manager-worker-prosody-5d8fbffd47-99fq9 lead-manager 	from /usr/src/app/services/prosody_handler.rb:9:in `on_message'
lead-manager-worker-prosody-5d8fbffd47-99fq9 lead-manager 	from /usr/local/bundle/gems/prosody-1.1.1-x86_64-linux/lib/prosody/processor.rb:281:in `block (2 levels) in start_worker'
lead-manager-worker-prosody-5d8fbffd47-99fq9 lead-manager 	from /usr/local/bundle/gems/opentelemetry-api-1.7.0/lib/opentelemetry/trace.rb:70:in `block in with_span'
lead-manager-worker-prosody-5d8fbffd47-99fq9 lead-manager 	from /usr/local/bundle/gems/opentelemetry-api-1.7.0/lib/opentelemetry/context.rb:88:in `with_value'
lead-manager-worker-prosody-5d8fbffd47-99fq9 lead-manager 	from /usr/local/bundle/gems/opentelemetry-api-1.7.0/lib/opentelemetry/trace.rb:70:in `with_span'
lead-manager-worker-prosody-5d8fbffd47-99fq9 lead-manager 	from /usr/local/bundle/gems/prosody-1.1.1-x86_64-linux/lib/prosody/processor.rb:279:in `block in start_worker'
lead-manager-worker-prosody-5d8fbffd47-99fq9 lead-manager 	from /usr/local/bundle/gems/async-2.32.0/lib/async/task.rb:207:in `block in run'
lead-manager-worker-prosody-5d8fbffd47-99fq9 lead-manager 	from /usr/local/bundle/gems/async-2.32.0/lib/async/task.rb:452:in `block in schedule'
lead-manager-worker-prosody-5d8fbffd47-99fq9 lead-manager ; retrying after 15ms module=prosody::consumer::failure::retry line=342 partition=0 key=realgeeks:77981 offset=198 attempt=1 topic=witco.agent-events
^C